yarn run v1.22.22
$ rimraf dist
$ nest build
[96mnode_modules/@types/babel__traverse/index.d.ts[0m:[93m3[0m:[93m43[0m - [91merror[0m[90m TS2339: [0mProperty 'RemovePropertiesOptions' does not exist on type 'typeof import("/Users/hariomshah/projects/personal/ikai-saas-crm-api/node_modules/@babel/types/lib/index-legacy")'.

[7m3[0m export import RemovePropertiesOptions = t.RemovePropertiesOptions;
[7m [0m [91m                                          ~~~~~~~~~~~~~~~~~~~~~~~[0m
[96mnode_modules/@types/babel__traverse/index.d.ts[0m:[93m3[0m:[93m43[0m - [91merror[0m[90m TS2694: [0mNamespace '"/Users/hariomshah/projects/personal/ikai-saas-crm-api/node_modules/@babel/types/lib/index-legacy"' has no exported member 'RemovePropertiesOptions'.

[7m3[0m export import RemovePropertiesOptions = t.RemovePropertiesOptions;
[7m [0m [91m                                          ~~~~~~~~~~~~~~~~~~~~~~~[0m
[96mnode_modules/@types/babel__traverse/index.d.ts[0m:[93m47[0m:[93m34[0m - [91merror[0m[90m TS2694: [0mNamespace '"/Users/hariomshah/projects/personal/ikai-saas-crm-api/node_modules/@babel/types/lib/index-legacy"' has no exported member 'DeprecatedAliases'.

[7m47[0m         [Type in Exclude<Node, t.DeprecatedAliases>["type"]]?: VisitNodeObject<S, Extract<Node, { type: Type }>>;
[7m  [0m [91m                                 ~~~~~~~~~~~~~~~~~[0m
[96mnode_modules/@types/babel__traverse/index.d.ts[0m:[93m302[0m:[93m15[0m - [91merror[0m[90m TS2322: [0mType 'Node' is not assignable to type 'string | number | symbol'.
  Type 'ClassAccessorProperty' is not assignable to type 'string | number | symbol'.
    Type 'ClassAccessorProperty' is not assignable to type 'symbol'.

[7m302[0m         [N in Node as N["type"]]?: VisitNode<S, N extends { type: N["type"] } ? N : never>;
[7m   [0m [91m              ~~~~[0m
[96mnode_modules/@types/babel__traverse/index.d.ts[0m:[93m302[0m:[93m20[0m - [91merror[0m[90m TS1005: [0m']' expected.

[7m302[0m         [N in Node as N["type"]]?: VisitNode<S, N extends { type: N["type"] } ? N : never>;
[7m   [0m [91m                   ~~[0m
[96mnode_modules/@types/babel__traverse/index.d.ts[0m:[93m302[0m:[93m20[0m - [91merror[0m[90m TS2304: [0mCannot find name 'as'.

[7m302[0m         [N in Node as N["type"]]?: VisitNode<S, N extends { type: N["type"] } ? N : never>;
[7m   [0m [91m                   ~~[0m
[96mnode_modules/@types/babel__traverse/index.d.ts[0m:[93m302[0m:[93m23[0m - [91merror[0m[90m TS1005: [0m';' expected.

[7m302[0m         [N in Node as N["type"]]?: VisitNode<S, N extends { type: N["type"] } ? N : never>;
[7m   [0m [91m                      ~[0m
[96mnode_modules/@types/babel__traverse/index.d.ts[0m:[93m302[0m:[93m23[0m - [91merror[0m[90m TS2304: [0mCannot find name 'N'.

[7m302[0m         [N in Node as N["type"]]?: VisitNode<S, N extends { type: N["type"] } ? N : never>;
[7m   [0m [91m                      ~[0m
[96mnode_modules/@types/babel__traverse/index.d.ts[0m:[93m302[0m:[93m32[0m - [91merror[0m[90m TS1005: [0m';' expected.

[7m302[0m         [N in Node as N["type"]]?: VisitNode<S, N extends { type: N["type"] } ? N : never>;
[7m   [0m [91m                               ~[0m
[96mnode_modules/@types/babel__traverse/index.d.ts[0m:[93m302[0m:[93m33[0m - [91merror[0m[90m TS1128: [0mDeclaration or statement expected.

[7m302[0m         [N in Node as N["type"]]?: VisitNode<S, N extends { type: N["type"] } ? N : never>;
[7m   [0m [91m                                ~[0m
[96mnode_modules/@types/babel__traverse/index.d.ts[0m:[93m302[0m:[93m34[0m - [91merror[0m[90m TS1128: [0mDeclaration or statement expected.

[7m302[0m         [N in Node as N["type"]]?: VisitNode<S, N extends { type: N["type"] } ? N : never>;
[7m   [0m [91m                                 ~[0m
[96mnode_modules/@types/babel__traverse/index.d.ts[0m:[93m302[0m:[93m36[0m - [91merror[0m[90m TS2693: [0m'VisitNode' only refers to a type, but is being used as a value here.

[7m302[0m         [N in Node as N["type"]]?: VisitNode<S, N extends { type: N["type"] } ? N : never>;
[7m   [0m [91m                                   ~~~~~~~~~[0m
[96mnode_modules/@types/babel__traverse/index.d.ts[0m:[93m302[0m:[93m46[0m - [91merror[0m[90m TS2304: [0mCannot find name 'S'.

[7m302[0m         [N in Node as N["type"]]?: VisitNode<S, N extends { type: N["type"] } ? N : never>;
[7m   [0m [91m                                             ~[0m
[96mnode_modules/@types/babel__traverse/index.d.ts[0m:[93m302[0m:[93m49[0m - [91merror[0m[90m TS2304: [0mCannot find name 'N'.

[7m302[0m         [N in Node as N["type"]]?: VisitNode<S, N extends { type: N["type"] } ? N : never>;
[7m   [0m [91m                                                ~[0m
[96mnode_modules/@types/babel__traverse/index.d.ts[0m:[93m302[0m:[93m67[0m - [91merror[0m[90m TS2304: [0mCannot find name 'N'.

[7m302[0m         [N in Node as N["type"]]?: VisitNode<S, N extends { type: N["type"] } ? N : never>;
[7m   [0m [91m                                                                  ~[0m
[96mnode_modules/@types/babel__traverse/index.d.ts[0m:[93m302[0m:[93m81[0m - [91merror[0m[90m TS2304: [0mCannot find name 'N'.

[7m302[0m         [N in Node as N["type"]]?: VisitNode<S, N extends { type: N["type"] } ? N : never>;
[7m   [0m [91m                                                                                ~[0m
[96mnode_modules/@types/babel__traverse/index.d.ts[0m:[93m302[0m:[93m91[0m - [91merror[0m[90m TS1005: [0m'(' expected.

[7m302[0m         [N in Node as N["type"]]?: VisitNode<S, N extends { type: N["type"] } ? N : never>;
[7m   [0m [91m                                                                                          ~[0m
[96mnode_modules/@types/babel__traverse/index.d.ts[0m:[93m303[0m:[93m5[0m - [91merror[0m[90m TS1128: [0mDeclaration or statement expected.

[7m303[0m     }
[7m   [0m [91m    ~[0m
[96mnode_modules/@types/babel__traverse/index.d.ts[0m:[93m304[0m:[93m5[0m - [91merror[0m[90m TS1109: [0mExpression expected.

[7m304[0m     & {
[7m   [0m [91m    ~[0m
[96mnode_modules/@types/babel__traverse/index.d.ts[0m:[93m304[0m:[93m7[0m - [91merror[0m[90m TS2363: [0mThe right-hand side of an arithmetic operation must be of type 'any', 'number', 'bigint' or an enum type.

[7m304[0m     & {
[7m   [0m [91m      ~[0m
[7m305[0m         [K in keyof t.Aliases]?: VisitNode<S, t.Aliases[K]>;
[7m   [0m [91m~~~~~~~~~~~~~~~~~~~~~~~~~~~~~~~~~~~~~~~~~~~~~~~~~~~~~~~~~~~~[0m
[7m306[0m     }
[7m   [0m [91m~~~~~[0m
[96mnode_modules/@types/babel__traverse/index.d.ts[0m:[93m305[0m:[93m9[0m - [91merror[0m[90m TS2464: [0mA computed property name must be of type 'string', 'number', 'symbol', or 'any'.

[7m305[0m         [K in keyof t.Aliases]?: VisitNode<S, t.Aliases[K]>;
[7m   [0m [91m        ~~~~~~~~~~~[0m
[96mnode_modules/@types/babel__traverse/index.d.ts[0m:[93m305[0m:[93m10[0m - [91merror[0m[90m TS2304: [0mCannot find name 'K'.

[7m305[0m         [K in keyof t.Aliases]?: VisitNode<S, t.Aliases[K]>;
[7m   [0m [91m         ~[0m
[96mnode_modules/@types/babel__traverse/index.d.ts[0m:[93m305[0m:[93m15[0m - [91merror[0m[90m TS2304: [0mCannot find name 'keyof'.

[7m305[0m         [K in keyof t.Aliases]?: VisitNode<S, t.Aliases[K]>;
[7m   [0m [91m              ~~~~~[0m
[96mnode_modules/@types/babel__traverse/index.d.ts[0m:[93m305[0m:[93m21[0m - [91merror[0m[90m TS1005: [0m']' expected.

[7m305[0m         [K in keyof t.Aliases]?: VisitNode<S, t.Aliases[K]>;
[7m   [0m [91m                    ~[0m
[96mnode_modules/@types/babel__traverse/index.d.ts[0m:[93m305[0m:[93m23[0m - [91merror[0m[90m TS2339: [0mProperty 'Aliases' does not exist on type 'typeof import("/Users/hariomshah/projects/personal/ikai-saas-crm-api/node_modules/@babel/types/lib/index-legacy")'.

[7m305[0m         [K in keyof t.Aliases]?: VisitNode<S, t.Aliases[K]>;
[7m   [0m [91m                      ~~~~~~~[0m
[96mnode_modules/@types/babel__traverse/index.d.ts[0m:[93m305[0m:[93m30[0m - [91merror[0m[90m TS1005: [0m',' expected.

[7m305[0m         [K in keyof t.Aliases]?: VisitNode<S, t.Aliases[K]>;
[7m   [0m [91m                             ~[0m
[96mnode_modules/@types/babel__traverse/index.d.ts[0m:[93m305[0m:[93m31[0m - [91merror[0m[90m TS1136: [0mProperty assignment expected.

[7m305[0m         [K in keyof t.Aliases]?: VisitNode<S, t.Aliases[K]>;
[7m   [0m [91m                              ~[0m
[96mnode_modules/@types/babel__traverse/index.d.ts[0m:[93m305[0m:[93m32[0m - [91merror[0m[90m TS1136: [0mProperty assignment expected.

[7m305[0m         [K in keyof t.Aliases]?: VisitNode<S, t.Aliases[K]>;
[7m   [0m [91m                               ~[0m
[96mnode_modules/@types/babel__traverse/index.d.ts[0m:[93m305[0m:[93m48[0m - [91merror[0m[90m TS1005: [0m',' expected.

[7m305[0m         [K in keyof t.Aliases]?: VisitNode<S, t.Aliases[K]>;
[7m   [0m [91m                                               ~[0m
[96mnode_modules/@types/babel__traverse/index.d.ts[0m:[93m305[0m:[93m57[0m - [91merror[0m[90m TS2304: [0mCannot find name 'K'.

[7m305[0m         [K in keyof t.Aliases]?: VisitNode<S, t.Aliases[K]>;
[7m   [0m [91m                                                        ~[0m
[96mnode_modules/@types/babel__traverse/index.d.ts[0m:[93m305[0m:[93m60[0m - [91merror[0m[90m TS1109: [0mExpression expected.

[7m305[0m         [K in keyof t.Aliases]?: VisitNode<S, t.Aliases[K]>;
[7m   [0m [91m                                                           ~[0m
[96mnode_modules/@types/babel__traverse/index.d.ts[0m:[93m307[0m:[93m7[0m - [91merror[0m[90m TS2363: [0mThe right-hand side of an arithmetic operation must be of type 'any', 'number', 'bigint' or an enum type.

[7m307[0m     & {
[7m   [0m [91m      ~[0m
[7m308[0m         [K in keyof VirtualTypeAliases]?: VisitNode<S, VirtualTypeAliases[K]>;
[7m   [0m [91m~~~~~~~~~~~~~~~~~~~~~~~~~~~~~~~~~~~~~~~~~~~~~~~~~~~~~~~~~~~~~~~~~~~~~~~~~~~~~~[0m
[7m309[0m     }
[7m   [0m [91m~~~~~[0m
[96mnode_modules/@types/babel__traverse/index.d.ts[0m:[93m308[0m:[93m9[0m - [91merror[0m[90m TS2464: [0mA computed property name must be of type 'string', 'number', 'symbol', or 'any'.

[7m308[0m         [K in keyof VirtualTypeAliases]?: VisitNode<S, VirtualTypeAliases[K]>;
[7m   [0m [91m        ~~~~~~~~~~~[0m
[96mnode_modules/@types/babel__traverse/index.d.ts[0m:[93m308[0m:[93m10[0m - [91merror[0m[90m TS2304: [0mCannot find name 'K'.

[7m308[0m         [K in keyof VirtualTypeAliases]?: VisitNode<S, VirtualTypeAliases[K]>;
[7m   [0m [91m         ~[0m
[96mnode_modules/@types/babel__traverse/index.d.ts[0m:[93m308[0m:[93m15[0m - [91merror[0m[90m TS2304: [0mCannot find name 'keyof'.

[7m308[0m         [K in keyof VirtualTypeAliases]?: VisitNode<S, VirtualTypeAliases[K]>;
[7m   [0m [91m              ~~~~~[0m
[96mnode_modules/@types/babel__traverse/index.d.ts[0m:[93m308[0m:[93m21[0m - [91merror[0m[90m TS1005: [0m']' expected.

[7m308[0m         [K in keyof VirtualTypeAliases]?: VisitNode<S, VirtualTypeAliases[K]>;
[7m   [0m [91m                    ~~~~~~~~~~~~~~~~~~[0m
[96mnode_modules/@types/babel__traverse/index.d.ts[0m:[93m308[0m:[93m21[0m - [91merror[0m[90m TS2304: [0mCannot find name 'VirtualTypeAliases'.

[7m308[0m         [K in keyof VirtualTypeAliases]?: VisitNode<S, VirtualTypeAliases[K]>;
[7m   [0m [91m                    ~~~~~~~~~~~~~~~~~~[0m
[96mnode_modules/@types/babel__traverse/index.d.ts[0m:[93m308[0m:[93m39[0m - [91merror[0m[90m TS1005: [0m',' expected.

[7m308[0m         [K in keyof VirtualTypeAliases]?: VisitNode<S, VirtualTypeAliases[K]>;
[7m   [0m [91m                                      ~[0m
[96mnode_modules/@types/babel__traverse/index.d.ts[0m:[93m308[0m:[93m40[0m - [91merror[0m[90m TS1136: [0mProperty assignment expected.

[7m308[0m         [K in keyof VirtualTypeAliases]?: VisitNode<S, VirtualTypeAliases[K]>;
[7m   [0m [91m                                       ~[0m
[96mnode_modules/@types/babel__traverse/index.d.ts[0m:[93m308[0m:[93m41[0m - [91merror[0m[90m TS1136: [0mProperty assignment expected.

[7m308[0m         [K in keyof VirtualTypeAliases]?: VisitNode<S, VirtualTypeAliases[K]>;
[7m   [0m [91m                                        ~[0m
[96mnode_modules/@types/babel__traverse/index.d.ts[0m:[93m308[0m:[93m74[0m - [91merror[0m[90m TS1005: [0m',' expected.

[7m308[0m         [K in keyof VirtualTypeAliases]?: VisitNode<S, VirtualTypeAliases[K]>;
[7m   [0m [91m                                                                         ~[0m
[96mnode_modules/@types/babel__traverse/index.d.ts[0m:[93m308[0m:[93m75[0m - [91merror[0m[90m TS2304: [0mCannot find name 'K'.

[7m308[0m         [K in keyof VirtualTypeAliases]?: VisitNode<S, VirtualTypeAliases[K]>;
[7m   [0m [91m                                                                          ~[0m
[96mnode_modules/@types/babel__traverse/index.d.ts[0m:[93m308[0m:[93m77[0m - [91merror[0m[90m TS1005: [0m':' expected.

[7m308[0m         [K in keyof VirtualTypeAliases]?: VisitNode<S, VirtualTypeAliases[K]>;
[7m   [0m [91m                                                                            ~[0m
[96mnode_modules/@types/babel__traverse/index.d.ts[0m:[93m308[0m:[93m78[0m - [91merror[0m[90m TS1109: [0mExpression expected.

[7m308[0m         [K in keyof VirtualTypeAliases]?: VisitNode<S, VirtualTypeAliases[K]>;
[7m   [0m [91m                                                                             ~[0m
[96mnode_modules/@types/babel__traverse/index.d.ts[0m:[93m310[0m:[93m7[0m - [91merror[0m[90m TS2363: [0mThe right-hand side of an arithmetic operation must be of type 'any', 'number', 'bigint' or an enum type.

[7m310[0m     & {
[7m   [0m [91m      ~[0m
[7m311[0m         // Babel supports `NodeTypesWithoutComment | NodeTypesWithoutComment | ... ` but it is
[7m   [0m [91m~~~~~~~~~~~~~~~~~~~~~~~~~~~~~~~~~~~~~~~~~~~~~~~~~~~~~~~~~~~~~~~~~~~~~~~~~~~~~~~~~~~~~~~~~~~~~~[0m
[7m...[0m 
[7m314[0m         [k: `${string}|${string}`]: VisitNode<S, Node>;
[7m   [0m [91m~~~~~~~~~~~~~~~~~~~~~~~~~~~~~~~~~~~~~~~~~~~~~~~~~~~~~~~[0m
[7m315[0m     };
[7m   [0m [91m~~~~~[0m
[96mnode_modules/@types/babel__traverse/index.d.ts[0m:[93m314[0m:[93m10[0m - [91merror[0m[90m TS2304: [0mCannot find name 'k'.

[7m314[0m         [k: `${string}|${string}`]: VisitNode<S, Node>;
[7m   [0m [91m         ~[0m
[96mnode_modules/@types/babel__traverse/index.d.ts[0m:[93m314[0m:[93m11[0m - [91merror[0m[90m TS1005: [0m']' expected.

[7m314[0m         [k: `${string}|${string}`]: VisitNode<S, Node>;
[7m   [0m [91m          ~[0m
[96mnode_modules/@types/babel__traverse/index.d.ts[0m:[93m314[0m:[93m16[0m - [91merror[0m[90m TS2693: [0m'string' only refers to a type, but is being used as a value here.

[7m314[0m         [k: `${string}|${string}`]: VisitNode<S, Node>;
[7m   [0m [91m               ~~~~~~[0m
[96mnode_modules/@types/babel__traverse/index.d.ts[0m:[93m314[0m:[93m26[0m - [91merror[0m[90m TS2693: [0m'string' only refers to a type, but is being used as a value here.

[7m314[0m         [k: `${string}|${string}`]: VisitNode<S, Node>;
[7m   [0m [91m                         ~~~~~~[0m
[96mnode_modules/@types/babel__traverse/index.d.ts[0m:[93m314[0m:[93m34[0m - [91merror[0m[90m TS1005: [0m',' expected.

[7m314[0m         [k: `${string}|${string}`]: VisitNode<S, Node>;
[7m   [0m [91m                                 ~[0m
[96mnode_modules/@types/babel__traverse/index.d.ts[0m:[93m314[0m:[93m35[0m - [91merror[0m[90m TS1136: [0mProperty assignment expected.

[7m314[0m         [k: `${string}|${string}`]: VisitNode<S, Node>;
[7m   [0m [91m                                  ~[0m
[96mnode_modules/@types/babel__traverse/index.d.ts[0m:[93m314[0m:[93m55[0m - [91merror[0m[90m TS1005: [0m'(' expected.

[7m314[0m         [k: `${string}|${string}`]: VisitNode<S, Node>;
[7m   [0m [91m                                                      ~[0m
[96mnode_modules/@types/babel__traverse/index.d.ts[0m:[93m748[0m:[93m75[0m - [91merror[0m[90m TS2304: [0mCannot find name 'NodePathResult'.

[7m748[0m     get<K extends keyof T>(key: K, context?: boolean | TraversalContext): NodePathResult<T[K]>;
[7m   [0m [91m                                                                          ~~~~~~~~~~~~~~[0m
[96mnode_modules/@types/babel__traverse/index.d.ts[0m:[93m749[0m:[93m75[0m - [91merror[0m[90m TS2304: [0mCannot find name 'NodePathResult'.

[7m749[0m     get<P extends string>(path: P, context?: boolean | TraversalContext): NodePathResult<ImplGetRecursive<T, P>>;
[7m   [0m [91m                                                                          ~~~~~~~~~~~~~~[0m
[96mnode_modules/@types/babel__traverse/index.d.ts[0m:[93m749[0m:[93m90[0m - [91merror[0m[90m TS2304: [0mCannot find name 'ImplGetRecursive'.

[7m749[0m     get<P extends string>(path: P, context?: boolean | TraversalContext): NodePathResult<ImplGetRecursive<T, P>>;
[7m   [0m [91m                                                                                         ~~~~~~~~~~~~~~~~[0m
[96mnode_modules/@types/babel__traverse/index.d.ts[0m:[93m1097[0m:[93m58[0m - [91merror[0m[90m TS2304: [0mCannot find name 'VirtualTypeAliases'.

[7m1097[0m     isBindingIdentifier(opts?: object): this is NodePath<VirtualTypeAliases["BindingIdentifier"]>;
[7m    [0m [91m                                                         ~~~~~~~~~~~~~~~~~~[0m
[96mnode_modules/@types/babel__traverse/index.d.ts[0m:[93m1101[0m:[93m61[0m - [91merror[0m[90m TS2304: [0mCannot find name 'VirtualTypeAliases'.

[7m1101[0m     isExistentialTypeParam(opts?: object): this is NodePath<VirtualTypeAliases["ExistentialTypeParam"]>;
[7m    [0m [91m                                                            ~~~~~~~~~~~~~~~~~~[0m
[96mnode_modules/@types/babel__traverse/index.d.ts[0m:[93m1102[0m:[93m58[0m - [91merror[0m[90m TS2304: [0mCannot find name 'VirtualTypeAliases'.

[7m1102[0m     isForAwaitStatement(opts?: object): this is NodePath<VirtualTypeAliases["ForAwaitStatement"]>;
[7m    [0m [91m                                                         ~~~~~~~~~~~~~~~~~~[0m
[96mnode_modules/@types/babel__traverse/index.d.ts[0m:[93m1109[0m:[93m61[0m - [91merror[0m[90m TS2304: [0mCannot find name 'VirtualTypeAliases'.

[7m1109[0m     isReferencedIdentifier(opts?: object): this is NodePath<VirtualTypeAliases["ReferencedIdentifier"]>;
[7m    [0m [91m                                                            ~~~~~~~~~~~~~~~~~~[0m
[96mnode_modules/@types/babel__traverse/index.d.ts[0m:[93m1110[0m:[93m67[0m - [91merror[0m[90m TS2304: [0mCannot find name 'VirtualTypeAliases'.

[7m1110[0m     isReferencedMemberExpression(opts?: object): this is NodePath<VirtualTypeAliases["ReferencedMemberExpression"]>;
[7m    [0m [91m                                                                  ~~~~~~~~~~~~~~~~~~[0m
[96mnode_modules/@types/babel__traverse/index.d.ts[0m:[93m1111[0m:[93m46[0m - [91merror[0m[90m TS2304: [0mCannot find name 'VirtualTypeAliases'.

[7m1111[0m     isScope(opts?: object): this is NodePath<VirtualTypeAliases["Scope"]>;
[7m    [0m [91m                                             ~~~~~~~~~~~~~~~~~~[0m
[96mnode_modules/@types/babel__traverse/index.d.ts[0m:[93m1113[0m:[93m44[0m - [91merror[0m[90m TS2304: [0mCannot find name 'VirtualTypeAliases'.

[7m1113[0m     isVar(opts?: object): this is NodePath<VirtualTypeAliases["Var"]>;
[7m    [0m [91m                                           ~~~~~~~~~~~~~~~~~~[0m
[96mnode_modules/@types/babel__traverse/index.d.ts[0m:[93m1455[0m:[93m15[0m - [91merror[0m[90m TS1110: [0mType expected.

[7m1455[0m     K extends `${infer N extends number}` ? T[N]
[7m    [0m [91m              ~~~[0m
[96mnode_modules/@types/babel__traverse/index.d.ts[0m:[93m1455[0m:[93m18[0m - [91merror[0m[90m TS2304: [0mCannot find name 'infer'.

[7m1455[0m     K extends `${infer N extends number}` ? T[N]
[7m    [0m [91m                 ~~~~~[0m
[96mnode_modules/@types/babel__traverse/index.d.ts[0m:[93m1455[0m:[93m24[0m - [91merror[0m[90m TS1005: [0m'}' expected.

[7m1455[0m     K extends `${infer N extends number}` ? T[N]
[7m    [0m [91m                       ~[0m
[96mnode_modules/@types/babel__traverse/index.d.ts[0m:[93m1455[0m:[93m24[0m - [91merror[0m[90m TS2304: [0mCannot find name 'N'.

[7m1455[0m     K extends `${infer N extends number}` ? T[N]
[7m    [0m [91m                       ~[0m
[96mnode_modules/@types/babel__traverse/index.d.ts[0m:[93m1455[0m:[93m26[0m - [91merror[0m[90m TS1005: [0m';' expected.

[7m1455[0m     K extends `${infer N extends number}` ? T[N]
[7m    [0m [91m                         ~~~~~~~[0m
[96mnode_modules/@types/babel__traverse/index.d.ts[0m:[93m1455[0m:[93m34[0m - [91merror[0m[90m TS2693: [0m'number' only refers to a type, but is being used as a value here.

[7m1455[0m     K extends `${infer N extends number}` ? T[N]
[7m    [0m [91m                                 ~~~~~~[0m
[96mnode_modules/@types/babel__traverse/index.d.ts[0m:[93m1455[0m:[93m40[0m - [91merror[0m[90m TS1128: [0mDeclaration or statement expected.

[7m1455[0m     K extends `${infer N extends number}` ? T[N]
[7m    [0m [91m                                       ~[0m
[96mnode_modules/@types/babel__traverse/index.d.ts[0m:[93m1463[0m:[93m18[0m - [91merror[0m[90m TS1005: [0m';' expected.

[7m1463[0m     : K extends `${infer N extends number}`
[7m    [0m [91m                 ~[0m
[96mnode_modules/@types/babel__traverse/index.d.ts[0m:[93m1463[0m:[93m18[0m - [91merror[0m[90m TS2581: [0mCannot find name '$'. Do you need to install type definitions for jQuery? Try `npm i @types/jquery`.

[7m1463[0m     : K extends `${infer N extends number}`
[7m    [0m [91m                 ~[0m
[96mnode_modules/@types/babel__traverse/index.d.ts[0m:[93m1463[0m:[93m19[0m - [91merror[0m[90m TS1005: [0m';' expected.

[7m1463[0m     : K extends `${infer N extends number}`
[7m    [0m [91m                  ~[0m
[96mnode_modules/@types/babel__traverse/index.d.ts[0m:[93m1463[0m:[93m20[0m - [91merror[0m[90m TS2304: [0mCannot find name 'infer'.

[7m1463[0m     : K extends `${infer N extends number}`
[7m    [0m [91m                   ~~~~~[0m
[96mnode_modules/@types/babel__traverse/index.d.ts[0m:[93m1463[0m:[93m26[0m - [91merror[0m[90m TS1005: [0m';' expected.

[7m1463[0m     : K extends `${infer N extends number}`
[7m    [0m [91m                         ~[0m
[96mnode_modules/@types/babel__traverse/index.d.ts[0m:[93m1463[0m:[93m26[0m - [91merror[0m[90m TS2304: [0mCannot find name 'N'.

[7m1463[0m     : K extends `${infer N extends number}`
[7m    [0m [91m                         ~[0m
[96mnode_modules/@types/babel__traverse/index.d.ts[0m:[93m1463[0m:[93m28[0m - [91merror[0m[90m TS1005: [0m';' expected.

[7m1463[0m     : K extends `${infer N extends number}`
[7m    [0m [91m                           ~~~~~~~[0m
[96mnode_modules/@types/babel__traverse/index.d.ts[0m:[93m1463[0m:[93m36[0m - [91merror[0m[90m TS2693: [0m'number' only refers to a type, but is being used as a value here.

[7m1463[0m     : K extends `${infer N extends number}`
[7m    [0m [91m                                   ~~~~~~[0m
[96mnode_modules/@types/babel__traverse/index.d.ts[0m:[93m1469[0m:[93m18[0m - [91merror[0m[90m TS1005: [0m';' expected.

[7m1469[0m     = K extends `${infer L}.${infer R}`
[7m    [0m [91m                 ~[0m
[96mnode_modules/@types/babel__traverse/index.d.ts[0m:[93m1469[0m:[93m18[0m - [91merror[0m[90m TS2581: [0mCannot find name '$'. Do you need to install type definitions for jQuery? Try `npm i @types/jquery`.

[7m1469[0m     = K extends `${infer L}.${infer R}`
[7m    [0m [91m                 ~[0m
[96mnode_modules/@types/babel__traverse/index.d.ts[0m:[93m1469[0m:[93m19[0m - [91merror[0m[90m TS1005: [0m';' expected.

[7m1469[0m     = K extends `${infer L}.${infer R}`
[7m    [0m [91m                  ~[0m
[96mnode_modules/@types/babel__traverse/index.d.ts[0m:[93m1469[0m:[93m20[0m - [91merror[0m[90m TS2304: [0mCannot find name 'infer'.

[7m1469[0m     = K extends `${infer L}.${infer R}`
[7m    [0m [91m                   ~~~~~[0m
[96mnode_modules/@types/babel__traverse/index.d.ts[0m:[93m1469[0m:[93m26[0m - [91merror[0m[90m TS1005: [0m';' expected.

[7m1469[0m     = K extends `${infer L}.${infer R}`
[7m    [0m [91m                         ~[0m
[96mnode_modules/@types/babel__traverse/index.d.ts[0m:[93m1469[0m:[93m26[0m - [91merror[0m[90m TS2304: [0mCannot find name 'L'.

[7m1469[0m     = K extends `${infer L}.${infer R}`
[7m    [0m [91m                         ~[0m
[96mnode_modules/@types/babel__traverse/index.d.ts[0m:[93m1469[0m:[93m28[0m - [91merror[0m[90m TS1128: [0mDeclaration or statement expected.

[7m1469[0m     = K extends `${infer L}.${infer R}`
[7m    [0m [91m                           ~[0m
[96mnode_modules/@types/babel__traverse/index.d.ts[0m:[93m1469[0m:[93m29[0m - [91merror[0m[90m TS2581: [0mCannot find name '$'. Do you need to install type definitions for jQuery? Try `npm i @types/jquery`.

[7m1469[0m     = K extends `${infer L}.${infer R}`
[7m    [0m [91m                            ~[0m
[96mnode_modules/@types/babel__traverse/index.d.ts[0m:[93m1469[0m:[93m30[0m - [91merror[0m[90m TS1005: [0m';' expected.

[7m1469[0m     = K extends `${infer L}.${infer R}`
[7m    [0m [91m                             ~[0m
[96mnode_modules/@types/babel__traverse/index.d.ts[0m:[93m1469[0m:[93m31[0m - [91merror[0m[90m TS2304: [0mCannot find name 'infer'.

[7m1469[0m     = K extends `${infer L}.${infer R}`
[7m    [0m [91m                              ~~~~~[0m
[96mnode_modules/@types/babel__traverse/index.d.ts[0m:[93m1469[0m:[93m37[0m - [91merror[0m[90m TS1005: [0m';' expected.

[7m1469[0m     = K extends `${infer L}.${infer R}`
[7m    [0m [91m                                    ~[0m
[96mnode_modules/@types/babel__traverse/index.d.ts[0m:[93m1469[0m:[93m37[0m - [91merror[0m[90m TS2304: [0mCannot find name 'R'.

[7m1469[0m     = K extends `${infer L}.${infer R}`
[7m    [0m [91m                                    ~[0m
[96mnode_modules/@types/babel__traverse/index.d.ts[0m:[93m1495[0m:[93m1[0m - [91merror[0m[90m TS1160: [0mUnterminated template literal.

[7m1495[0m 
[7m    [0m [91m[0m
[96mnode_modules/@types/connect/index.d.ts[0m:[93m11[0m:[93m49[0m - [91merror[0m[90m TS2314: [0mGeneric type 'Server<Request, Response>' requires 2 type argument(s).

[7m11[0m     export type ServerHandle = HandleFunction | http.Server;
[7m  [0m [91m                                                ~~~~~~~~~~~[0m
[96mnode_modules/@types/connect/index.d.ts[0m:[93m84[0m:[93m89[0m - [91merror[0m[90m TS2314: [0mGeneric type 'Server<Request, Response>' requires 2 type argument(s).

[7m84[0m         listen(port: number, hostname?: string, backlog?: number, callback?: Function): http.Server;
[7m  [0m [91m                                                                                        ~~~~~~~~~~~[0m
[96mnode_modules/@types/connect/index.d.ts[0m:[93m85[0m:[93m71[0m - [91merror[0m[90m TS2314: [0mGeneric type 'Server<Request, Response>' requires 2 type argument(s).

[7m85[0m         listen(port: number, hostname?: string, callback?: Function): http.Server;
[7m  [0m [91m                                                                      ~~~~~~~~~~~[0m
[96mnode_modules/@types/connect/index.d.ts[0m:[93m86[0m:[93m52[0m - [91merror[0m[90m TS2314: [0mGeneric type 'Server<Request, Response>' requires 2 type argument(s).

[7m86[0m         listen(path: string, callback?: Function): http.Server;
[7m  [0m [91m                                                   ~~~~~~~~~~~[0m
[96mnode_modules/@types/connect/index.d.ts[0m:[93m87[0m:[93m60[0m - [91merror[0m[90m TS2314: [0mGeneric type 'Server<Request, Response>' requires 2 type argument(s).

[7m87[0m         listen(handle: any, listeningListener?: Function): http.Server;
[7m  [0m [91m                                                           ~~~~~~~~~~~[0m
[96mnode_modules/@types/engine.io/index.d.ts[0m:[93m139[0m:[93m31[0m - [91merror[0m[90m TS2314: [0mGeneric type 'Server<Request, Response>' requires 2 type argument(s).

[7m139[0m         readonly httpServer?: http.Server | undefined;
[7m   [0m [91m                              ~~~~~~~~~~~[0m
[96mnode_modules/@types/engine.io/index.d.ts[0m:[93m152[0m:[93m22[0m - [91merror[0m[90m TS2314: [0mGeneric type 'Server<Request, Response>' requires 2 type argument(s).

[7m152[0m         attach(http: http.Server, opts?: AttachOptions): this;
[7m   [0m [91m                     ~~~~~~~~~~~[0m
[96mnode_modules/@types/eslint/index.d.ts[0m:[93m900[0m:[93m81[0m - [91merror[0m[90m TS2574: [0mA rest element type must be an array type.

[7m900[0m     type RuleSeverityAndOptions<Options extends any[] = any[]> = [RuleSeverity, ...Partial<Options>];
[7m   [0m [91m                                                                                ~~~~~~~~~~~~~~~~~~~[0m
[96mnode_modules/@types/express-serve-static-core/index.d.ts[0m:[93m61[0m:[93m14[0m - [91merror[0m[90m TS2315: [0mType 'Request' is not generic.

[7m61[0m         req: Request<P, ResBody, ReqBody, ReqQuery, LocalsObj>,
[7m  [0m [91m             ~~~~~~~~~~~~~~~~~~~~~~~~~~~~~~~~~~~~~~~~~~~~~~~~~[0m
[96mnode_modules/@types/express-serve-static-core/index.d.ts[0m:[93m62[0m:[93m14[0m - [91merror[0m[90m TS2315: [0mType 'Response' is not generic.

[7m62[0m         res: Response<ResBody, LocalsObj>,
[7m  [0m [91m             ~~~~~~~~~~~~~~~~~~~~~~~~~~~~[0m
[96mnode_modules/@types/express-serve-static-core/index.d.ts[0m:[93m75[0m:[93m10[0m - [91merror[0m[90m TS2315: [0mType 'Request' is not generic.

[7m75[0m     req: Request<P, ResBody, ReqBody, ReqQuery, LocalsObj>,
[7m  [0m [91m         ~~~~~~~~~~~~~~~~~~~~~~~~~~~~~~~~~~~~~~~~~~~~~~~~~[0m
[96mnode_modules/@types/express-serve-static-core/index.d.ts[0m:[93m76[0m:[93m10[0m - [91merror[0m[90m TS2315: [0mType 'Response' is not generic.

[7m76[0m     res: Response<ResBody, LocalsObj>,
[7m  [0m [91m         ~~~~~~~~~~~~~~~~~~~~~~~~~~~~[0m
[96mnode_modules/@types/express-serve-static-core/index.d.ts[0m:[93m93[0m:[93m68[0m - [91merror[0m[90m TS1110: [0mType expected.

[7m93[0m type RemoveTail<S extends string, Tail extends string> = S extends `${infer P}${Tail}` ? P : S;
[7m  [0m [91m                                                                   ~~~[0m
[96mnode_modules/@types/express-serve-static-core/index.d.ts[0m:[93m93[0m:[93m71[0m - [91merror[0m[90m TS2304: [0mCannot find name 'infer'.

[7m93[0m type RemoveTail<S extends string, Tail extends string> = S extends `${infer P}${Tail}` ? P : S;
[7m  [0m [91m                                                                      ~~~~~[0m
[96mnode_modules/@types/express-serve-static-core/index.d.ts[0m:[93m93[0m:[93m77[0m - [91merror[0m[90m TS1005: [0m'}' expected.

[7m93[0m type RemoveTail<S extends string, Tail extends string> = S extends `${infer P}${Tail}` ? P : S;
[7m  [0m [91m                                                                            ~[0m
[96mnode_modules/@types/express-serve-static-core/index.d.ts[0m:[93m93[0m:[93m77[0m - [91merror[0m[90m TS2304: [0mCannot find name 'P'.

[7m93[0m type RemoveTail<S extends string, Tail extends string> = S extends `${infer P}${Tail}` ? P : S;
[7m  [0m [91m                                                                            ~[0m
[96mnode_modules/@types/express-serve-static-core/index.d.ts[0m:[93m93[0m:[93m78[0m - [91merror[0m[90m TS1128: [0mDeclaration or statement expected.

[7m93[0m type RemoveTail<S extends string, Tail extends string> = S extends `${infer P}${Tail}` ? P : S;
[7m  [0m [91m                                                                             ~[0m
[96mnode_modules/@types/express-serve-static-core/index.d.ts[0m:[93m93[0m:[93m79[0m - [91merror[0m[90m TS2581: [0mCannot find name '$'. Do you need to install type definitions for jQuery? Try `npm i @types/jquery`.

[7m93[0m type RemoveTail<S extends string, Tail extends string> = S extends `${infer P}${Tail}` ? P : S;
[7m  [0m [91m                                                                              ~[0m
[96mnode_modules/@types/express-serve-static-core/index.d.ts[0m:[93m93[0m:[93m80[0m - [91merror[0m[90m TS1005: [0m';' expected.

[7m93[0m type RemoveTail<S extends string, Tail extends string> = S extends `${infer P}${Tail}` ? P : S;
[7m  [0m [91m                                                                               ~[0m
[96mnode_modules/@types/express-serve-static-core/index.d.ts[0m:[93m93[0m:[93m81[0m - [91merror[0m[90m TS2304: [0mCannot find name 'Tail'.

[7m93[0m type RemoveTail<S extends string, Tail extends string> = S extends `${infer P}${Tail}` ? P : S;
[7m  [0m [91m                                                                                ~~~~[0m
[96mnode_modules/@types/express-serve-static-core/index.d.ts[0m:[93m93[0m:[93m86[0m - [91merror[0m[90m TS2362: [0mThe left-hand side of an arithmetic operation must be of type 'any', 'number', 'bigint' or an enum type.

[7m93[0m type RemoveTail<S extends string, Tail extends string> = S extends `${infer P}${Tail}` ? P : S;
[7m  [0m [91m                                                                                     ~~~~~~~~~~[0m
[7m94[0m type GetRouteParameter<S extends string> = RemoveTail<
[7m  [0m [91m~~~~~~~~~~~~~~~~~~~~~~~~~~~~~~~~~~~~~~~~~~~~~~~~~~~~~~[0m
[7m95[0m     RemoveTail<RemoveTail<S, `/${string}`>, `-${string}`>,
[7m  [0m [91m~~~~~~~~~~~~~~~~~~~~~~~~~~~~~~[0m
[96mnode_modules/@types/express-serve-static-core/index.d.ts[0m:[93m95[0m:[93m32[0m - [91merror[0m[90m TS2581: [0mCannot find name '$'. Do you need to install type definitions for jQuery? Try `npm i @types/jquery`.

[7m95[0m     RemoveTail<RemoveTail<S, `/${string}`>, `-${string}`>,
[7m  [0m [91m                               ~[0m
[96mnode_modules/@types/express-serve-static-core/index.d.ts[0m:[93m95[0m:[93m33[0m - [91merror[0m[90m TS1005: [0m';' expected.

[7m95[0m     RemoveTail<RemoveTail<S, `/${string}`>, `-${string}`>,
[7m  [0m [91m                                ~[0m
[96mnode_modules/@types/express-serve-static-core/index.d.ts[0m:[93m95[0m:[93m34[0m - [91merror[0m[90m TS2693: [0m'string' only refers to a type, but is being used as a value here.

[7m95[0m     RemoveTail<RemoveTail<S, `/${string}`>, `-${string}`>,
[7m  [0m [91m                                 ~~~~~~[0m
[96mnode_modules/@types/express-serve-static-core/index.d.ts[0m:[93m95[0m:[93m41[0m - [91merror[0m[90m TS2362: [0mThe left-hand side of an arithmetic operation must be of type 'any', 'number', 'bigint' or an enum type.

[7m95[0m     RemoveTail<RemoveTail<S, `/${string}`>, `-${string}`>,
[7m  [0m [91m                                        ~~~~~[0m
[96mnode_modules/@types/express-serve-static-core/index.d.ts[0m:[93m95[0m:[93m47[0m - [91merror[0m[90m TS2581: [0mCannot find name '$'. Do you need to install type definitions for jQuery? Try `npm i @types/jquery`.

[7m95[0m     RemoveTail<RemoveTail<S, `/${string}`>, `-${string}`>,
[7m  [0m [91m                                              ~[0m
[96mnode_modules/@types/express-serve-static-core/index.d.ts[0m:[93m95[0m:[93m48[0m - [91merror[0m[90m TS1005: [0m';' expected.

[7m95[0m     RemoveTail<RemoveTail<S, `/${string}`>, `-${string}`>,
[7m  [0m [91m                                               ~[0m
[96mnode_modules/@types/express-serve-static-core/index.d.ts[0m:[93m95[0m:[93m49[0m - [91merror[0m[90m TS2693: [0m'string' only refers to a type, but is being used as a value here.

[7m95[0m     RemoveTail<RemoveTail<S, `/${string}`>, `-${string}`>,
[7m  [0m [91m                                                ~~~~~~[0m
[96mnode_modules/@types/express-serve-static-core/index.d.ts[0m:[93m96[0m:[93m7[0m - [91merror[0m[90m TS2339: [0mProperty '$' does not exist on type '">,\n    "'.

[7m96[0m     `.${string}`
[7m  [0m [91m      ~[0m
[96mnode_modules/@types/express-serve-static-core/index.d.ts[0m:[93m96[0m:[93m8[0m - [91merror[0m[90m TS1005: [0m';' expected.

[7m96[0m     `.${string}`
[7m  [0m [91m       ~[0m
[96mnode_modules/@types/express-serve-static-core/index.d.ts[0m:[93m96[0m:[93m9[0m - [91merror[0m[90m TS2693: [0m'string' only refers to a type, but is being used as a value here.

[7m96[0m     `.${string}`
[7m  [0m [91m        ~~~~~~[0m
[96mnode_modules/@types/express-serve-static-core/index.d.ts[0m:[93m101[0m:[93m22[0m - [91merror[0m[90m TS1005: [0m';' expected.

[7m101[0m     : Route extends `${string}(${string}` ? ParamsDictionary // TODO: handling for regex parameters
[7m   [0m [91m                     ~[0m
[96mnode_modules/@types/express-serve-static-core/index.d.ts[0m:[93m101[0m:[93m22[0m - [91merror[0m[90m TS2581: [0mCannot find name '$'. Do you need to install type definitions for jQuery? Try `npm i @types/jquery`.

[7m101[0m     : Route extends `${string}(${string}` ? ParamsDictionary // TODO: handling for regex parameters
[7m   [0m [91m                     ~[0m
[96mnode_modules/@types/express-serve-static-core/index.d.ts[0m:[93m101[0m:[93m23[0m - [91merror[0m[90m TS1005: [0m';' expected.

[7m101[0m     : Route extends `${string}(${string}` ? ParamsDictionary // TODO: handling for regex parameters
[7m   [0m [91m                      ~[0m
[96mnode_modules/@types/express-serve-static-core/index.d.ts[0m:[93m101[0m:[93m24[0m - [91merror[0m[90m TS2693: [0m'string' only refers to a type, but is being used as a value here.

[7m101[0m     : Route extends `${string}(${string}` ? ParamsDictionary // TODO: handling for regex parameters
[7m   [0m [91m                       ~~~~~~[0m
[96mnode_modules/@types/express-serve-static-core/index.d.ts[0m:[93m101[0m:[93m32[0m - [91merror[0m[90m TS2581: [0mCannot find name '$'. Do you need to install type definitions for jQuery? Try `npm i @types/jquery`.

[7m101[0m     : Route extends `${string}(${string}` ? ParamsDictionary // TODO: handling for regex parameters
[7m   [0m [91m                               ~[0m
[96mnode_modules/@types/express-serve-static-core/index.d.ts[0m:[93m101[0m:[93m33[0m - [91merror[0m[90m TS1005: [0m')' expected.

[7m101[0m     : Route extends `${string}(${string}` ? ParamsDictionary // TODO: handling for regex parameters
[7m   [0m [91m                                ~[0m
[96mnode_modules/@types/express-serve-static-core/index.d.ts[0m:[93m101[0m:[93m34[0m - [91merror[0m[90m TS2693: [0m'string' only refers to a type, but is being used as a value here.

[7m101[0m     : Route extends `${string}(${string}` ? ParamsDictionary // TODO: handling for regex parameters
[7m   [0m [91m                                 ~~~~~~[0m
[96mnode_modules/@types/express-serve-static-core/index.d.ts[0m:[93m102[0m:[93m22[0m - [91merror[0m[90m TS1005: [0m';' expected.

[7m102[0m     : Route extends `${string}:${infer Rest}` ?
[7m   [0m [91m                     ~[0m
[96mnode_modules/@types/express-serve-static-core/index.d.ts[0m:[93m102[0m:[93m22[0m - [91merror[0m[90m TS2581: [0mCannot find name '$'. Do you need to install type definitions for jQuery? Try `npm i @types/jquery`.

[7m102[0m     : Route extends `${string}:${infer Rest}` ?
[7m   [0m [91m                     ~[0m
[96mnode_modules/@types/express-serve-static-core/index.d.ts[0m:[93m102[0m:[93m23[0m - [91merror[0m[90m TS1005: [0m';' expected.

[7m102[0m     : Route extends `${string}:${infer Rest}` ?
[7m   [0m [91m                      ~[0m
[96mnode_modules/@types/express-serve-static-core/index.d.ts[0m:[93m102[0m:[93m24[0m - [91merror[0m[90m TS2693: [0m'string' only refers to a type, but is being used as a value here.

[7m102[0m     : Route extends `${string}:${infer Rest}` ?
[7m   [0m [91m                       ~~~~~~[0m
[96mnode_modules/@types/express-serve-static-core/index.d.ts[0m:[93m102[0m:[93m31[0m - [91merror[0m[90m TS1128: [0mDeclaration or statement expected.

[7m102[0m     : Route extends `${string}:${infer Rest}` ?
[7m   [0m [91m                              ~[0m
[96mnode_modules/@types/express-serve-static-core/index.d.ts[0m:[93m102[0m:[93m32[0m - [91merror[0m[90m TS2581: [0mCannot find name '$'. Do you need to install type definitions for jQuery? Try `npm i @types/jquery`.

[7m102[0m     : Route extends `${string}:${infer Rest}` ?
[7m   [0m [91m                               ~[0m
[96mnode_modules/@types/express-serve-static-core/index.d.ts[0m:[93m102[0m:[93m33[0m - [91merror[0m[90m TS1005: [0m';' expected.

[7m102[0m     : Route extends `${string}:${infer Rest}` ?
[7m   [0m [91m                                ~[0m
[96mnode_modules/@types/express-serve-static-core/index.d.ts[0m:[93m102[0m:[93m34[0m - [91merror[0m[90m TS2304: [0mCannot find name 'infer'.

[7m102[0m     : Route extends `${string}:${infer Rest}` ?
[7m   [0m [91m                                 ~~~~~[0m
[96mnode_modules/@types/express-serve-static-core/index.d.ts[0m:[93m102[0m:[93m40[0m - [91merror[0m[90m TS1005: [0m';' expected.

[7m102[0m     : Route extends `${string}:${infer Rest}` ?
[7m   [0m [91m                                       ~~~~[0m
[96mnode_modules/@types/express-serve-static-core/index.d.ts[0m:[93m102[0m:[93m40[0m - [91merror[0m[90m TS2304: [0mCannot find name 'Rest'.

[7m102[0m     : Route extends `${string}:${infer Rest}` ?
[7m   [0m [91m                                       ~~~~[0m
[96mnode_modules/@types/express-serve-static-core/index.d.ts[0m:[93m105[0m:[93m56[0m - [91merror[0m[90m TS1005: [0m';' expected.

[7m105[0m                     : GetRouteParameter<Rest> extends `${infer ParamName}?` ? { [P in ParamName]?: string }
[7m   [0m [91m                                                       ~[0m
[96mnode_modules/@types/express-serve-static-core/index.d.ts[0m:[93m105[0m:[93m56[0m - [91merror[0m[90m TS2581: [0mCannot find name '$'. Do you need to install type definitions for jQuery? Try `npm i @types/jquery`.

[7m105[0m                     : GetRouteParameter<Rest> extends `${infer ParamName}?` ? { [P in ParamName]?: string }
[7m   [0m [91m                                                       ~[0m
[96mnode_modules/@types/express-serve-static-core/index.d.ts[0m:[93m105[0m:[93m57[0m - [91merror[0m[90m TS1005: [0m';' expected.

[7m105[0m                     : GetRouteParameter<Rest> extends `${infer ParamName}?` ? { [P in ParamName]?: string }
[7m   [0m [91m                                                        ~[0m
[96mnode_modules/@types/express-serve-static-core/index.d.ts[0m:[93m105[0m:[93m58[0m - [91merror[0m[90m TS2304: [0mCannot find name 'infer'.

[7m105[0m                     : GetRouteParameter<Rest> extends `${infer ParamName}?` ? { [P in ParamName]?: string }
[7m   [0m [91m                                                         ~~~~~[0m
[96mnode_modules/@types/express-serve-static-core/index.d.ts[0m:[93m105[0m:[93m64[0m - [91merror[0m[90m TS1005: [0m';' expected.

[7m105[0m                     : GetRouteParameter<Rest> extends `${infer ParamName}?` ? { [P in ParamName]?: string }
[7m   [0m [91m                                                               ~~~~~~~~~[0m
[96mnode_modules/@types/express-serve-static-core/index.d.ts[0m:[93m105[0m:[93m64[0m - [91merror[0m[90m TS2304: [0mCannot find name 'ParamName'.

[7m105[0m                     : GetRouteParameter<Rest> extends `${infer ParamName}?` ? { [P in ParamName]?: string }
[7m   [0m [91m                                                               ~~~~~~~~~[0m
[96mnode_modules/@types/express-serve-static-core/index.d.ts[0m:[93m105[0m:[93m74[0m - [91merror[0m[90m TS1128: [0mDeclaration or statement expected.

[7m105[0m                     : GetRouteParameter<Rest> extends `${infer ParamName}?` ? { [P in ParamName]?: string }
[7m   [0m [91m                                                                         ~[0m
[96mnode_modules/@types/express-serve-static-core/index.d.ts[0m:[93m108[0m:[93m30[0m - [91merror[0m[90m TS1005: [0m';' expected.

[7m108[0m             & (Rest extends `${GetRouteParameter<Rest>}${infer Next}` ? RouteParameters<Next> : unknown)
[7m   [0m [91m                             ~[0m
[96mnode_modules/@types/express-serve-static-core/index.d.ts[0m:[93m108[0m:[93m30[0m - [91merror[0m[90m TS2581: [0mCannot find name '$'. Do you need to install type definitions for jQuery? Try `npm i @types/jquery`.

[7m108[0m             & (Rest extends `${GetRouteParameter<Rest>}${infer Next}` ? RouteParameters<Next> : unknown)
[7m   [0m [91m                             ~[0m
[96mnode_modules/@types/express-serve-static-core/index.d.ts[0m:[93m108[0m:[93m31[0m - [91merror[0m[90m TS1005: [0m';' expected.

[7m108[0m             & (Rest extends `${GetRouteParameter<Rest>}${infer Next}` ? RouteParameters<Next> : unknown)
[7m   [0m [91m                              ~[0m
[96mnode_modules/@types/express-serve-static-core/index.d.ts[0m:[93m108[0m:[93m32[0m - [91merror[0m[90m TS2304: [0mCannot find name 'GetRouteParameter'.

[7m108[0m             & (Rest extends `${GetRouteParameter<Rest>}${infer Next}` ? RouteParameters<Next> : unknown)
[7m   [0m [91m                               ~~~~~~~~~~~~~~~~~[0m
[96mnode_modules/@types/express-serve-static-core/index.d.ts[0m:[93m108[0m:[93m50[0m - [91merror[0m[90m TS2304: [0mCannot find name 'Rest'.

[7m108[0m             & (Rest extends `${GetRouteParameter<Rest>}${infer Next}` ? RouteParameters<Next> : unknown)
[7m   [0m [91m                                                 ~~~~[0m
[96mnode_modules/@types/express-serve-static-core/index.d.ts[0m:[93m108[0m:[93m55[0m - [91merror[0m[90m TS1005: [0m'(' expected.

[7m108[0m             & (Rest extends `${GetRouteParameter<Rest>}${infer Next}` ? RouteParameters<Next> : unknown)
[7m   [0m [91m                                                      ~[0m
[96mnode_modules/@types/express-serve-static-core/index.d.ts[0m:[93m108[0m:[93m56[0m - [91merror[0m[90m TS2581: [0mCannot find name '$'. Do you need to install type definitions for jQuery? Try `npm i @types/jquery`.

[7m108[0m             & (Rest extends `${GetRouteParameter<Rest>}${infer Next}` ? RouteParameters<Next> : unknown)
[7m   [0m [91m                                                       ~[0m
[96mnode_modules/@types/express-serve-static-core/index.d.ts[0m:[93m108[0m:[93m57[0m - [91merror[0m[90m TS1005: [0m';' expected.

[7m108[0m             & (Rest extends `${GetRouteParameter<Rest>}${infer Next}` ? RouteParameters<Next> : unknown)
[7m   [0m [91m                                                        ~[0m
[96mnode_modules/@types/express-serve-static-core/index.d.ts[0m:[93m108[0m:[93m58[0m - [91merror[0m[90m TS2304: [0mCannot find name 'infer'.

[7m108[0m             & (Rest extends `${GetRouteParameter<Rest>}${infer Next}` ? RouteParameters<Next> : unknown)
[7m   [0m [91m                                                         ~~~~~[0m
[96mnode_modules/@types/express-serve-static-core/index.d.ts[0m:[93m108[0m:[93m64[0m - [91merror[0m[90m TS1005: [0m';' expected.

[7m108[0m             & (Rest extends `${GetRouteParameter<Rest>}${infer Next}` ? RouteParameters<Next> : unknown)
[7m   [0m [91m                                                               ~~~~[0m
[96mnode_modules/@types/express-serve-static-core/index.d.ts[0m:[93m108[0m:[93m64[0m - [91merror[0m[90m TS2304: [0mCannot find name 'Next'.

[7m108[0m             & (Rest extends `${GetRouteParameter<Rest>}${infer Next}` ? RouteParameters<Next> : unknown)
[7m   [0m [91m                                                               ~~~~[0m
[96mnode_modules/@types/express-serve-static-core/index.d.ts[0m:[93m219[0m:[93m41[0m - [91merror[0m[90m TS1005: [0m';' expected.

[7m219[0m      * Map the given param placeholder `name`(s) to the given callback(s).
[7m   [0m [91m                                        ~~~~[0m
[96mnode_modules/@types/express-serve-static-core/index.d.ts[0m:[93m219[0m:[93m41[0m - [91merror[0m[90m TS2349: [0mThis expression is not callable.
  Type 'never' has no call signatures.

[7m219[0m      * Map the given param placeholder `name`(s) to the given callback(s).
[7m   [0m [91m                                        ~~~~[0m
[96mnode_modules/@types/express-serve-static-core/index.d.ts[0m:[93m228[0m:[93m31[0m - [91merror[0m[90m TS1005: [0m';' expected.

[7m228[0m      * of the user. Once the `next()` function is invoked, just like middleware
[7m   [0m [91m                              ~~~~[0m
[96mnode_modules/@types/express-serve-static-core/index.d.ts[0m:[93m228[0m:[93m31[0m - [91merror[0m[90m TS2304: [0mCannot find name 'next'.

[7m228[0m      * of the user. Once the `next()` function is invoked, just like middleware
[7m   [0m [91m                              ~~~~[0m
[96mnode_modules/@types/express-serve-static-core/index.d.ts[0m:[93m254[0m:[93m62[0m - [91merror[0m[90m TS1005: [0m';' expected.

[7m254[0m      * Special-cased "all" method, applying the given route `path`,
[7m   [0m [91m                                                             ~~~~[0m
[96mnode_modules/@types/express-serve-static-core/index.d.ts[0m:[93m254[0m:[93m62[0m - [91merror[0m[90m TS2304: [0mCannot find name 'path'.

[7m254[0m      * Special-cased "all" method, applying the given route `path`,
[7m   [0m [91m                                                             ~~~~[0m
[96mnode_modules/@types/express-serve-static-core/index.d.ts[0m:[93m342[0m:[93m30[0m - [91merror[0m[90m TS1005: [0m';' expected.

[7m342[0m  * Options passed down into `res.cookie`
[7m   [0m [91m                             ~~~[0m
[96mnode_modules/@types/express-serve-static-core/index.d.ts[0m:[93m342[0m:[93m30[0m - [91merror[0m[90m TS2304: [0mCannot find name 'res'.

[7m342[0m  * Options passed down into `res.cookie`
[7m   [0m [91m                             ~~~[0m
[96mnode_modules/@types/express-serve-static-core/index.d.ts[0m:[93m386[0m:[93m49[0m - [91merror[0m[90m TS1005: [0m';' expected.

[7m386[0m  * @param P  For most requests, this should be `ParamsDictionary`, but if you're
[7m   [0m [91m                                                ~~~~~~~~~~~~~~~~[0m
[96mnode_modules/@types/express-serve-static-core/index.d.ts[0m:[93m386[0m:[93m49[0m - [91merror[0m[90m TS2693: [0m'ParamsDictionary' only refers to a type, but is being used as a value here.

[7m386[0m  * @param P  For most requests, this should be `ParamsDictionary`, but if you're
[7m   [0m [91m                                                ~~~~~~~~~~~~~~~~[0m
[96mnode_modules/@types/express-serve-static-core/index.d.ts[0m:[93m387[0m:[93m59[0m - [91merror[0m[90m TS1005: [0m';' expected.

[7m387[0m  * using this in a route handler for a route that uses a `RegExp` or a wildcard
[7m   [0m [91m                                                          ~~~~~~[0m
[96mnode_modules/@types/express-serve-static-core/index.d.ts[0m:[93m387[0m:[93m65[0m - [91merror[0m[90m TS2769: [0mNo overload matches this call.
  Overload 1 of 3, '(pattern: string | RegExp, flags?: string): RegExp', gave the following error.
    Argument of type 'TemplateStringsArray' is not assignable to parameter of type 'string | RegExp'.
      Type 'TemplateStringsArray' is not assignable to type 'string'.
  Overload 2 of 3, '(pattern: string | RegExp): RegExp', gave the following error.
    Argument of type 'TemplateStringsArray' is not assignable to parameter of type 'string | RegExp'.
      Type 'TemplateStringsArray' is not assignable to type 'string'.
  Overload 3 of 3, '(pattern: string, flags?: string): RegExp', gave the following error.
    Argument of type 'TemplateStringsArray' is not assignable to parameter of type 'string'.

[7m387[0m  * using this in a route handler for a route that uses a `RegExp` or a wildcard
[7m   [0m [91m                                                                ~~~~~~~~~~~~~~~[0m
[7m388[0m  * `string` path (e.g. `'/user/*'`), then `req.params` will be an array, in
[7m   [0m [91m~~~~[0m

[96mnode_modules/@types/express-serve-static-core/index.d.ts[0m:[93m388[0m:[93m5[0m - [91merror[0m[90m TS1005: [0m';' expected.

[7m388[0m  * `string` path (e.g. `'/user/*'`), then `req.params` will be an array, in
[7m   [0m [91m    ~~~~~~[0m
[96mnode_modules/@types/express-serve-static-core/index.d.ts[0m:[93m388[0m:[93m5[0m - [91merror[0m[90m TS2693: [0m'string' only refers to a type, but is being used as a value here.

[7m388[0m  * `string` path (e.g. `'/user/*'`), then `req.params` will be an array, in
[7m   [0m [91m    ~~~~~~[0m
[96mnode_modules/@types/express-serve-static-core/index.d.ts[0m:[93m388[0m:[93m25[0m - [91merror[0m[90m TS1005: [0m';' expected.

[7m388[0m  * `string` path (e.g. `'/user/*'`), then `req.params` will be an array, in
[7m   [0m [91m                        ~~~~~~~~~[0m
[96mnode_modules/@types/express-serve-static-core/index.d.ts[0m:[93m388[0m:[93m25[0m - [91merror[0m[90m TS2349: [0mThis expression is not callable.
  Type 'String' has no call signatures.

[7m388[0m  * `string` path (e.g. `'/user/*'`), then `req.params` will be an array, in
[7m   [0m [91m                        ~~~~~~~~~[0m
[96mnode_modules/@types/express-serve-static-core/index.d.ts[0m:[93m388[0m:[93m44[0m - [91merror[0m[90m TS1005: [0m';' expected.

[7m388[0m  * `string` path (e.g. `'/user/*'`), then `req.params` will be an array, in
[7m   [0m [91m                                           ~~~[0m
[96mnode_modules/@types/express-serve-static-core/index.d.ts[0m:[93m388[0m:[93m44[0m - [91merror[0m[90m TS2304: [0mCannot find name 'req'.

[7m388[0m  * `string` path (e.g. `'/user/*'`), then `req.params` will be an array, in
[7m   [0m [91m                                           ~~~[0m
[96mnode_modules/@types/express-serve-static-core/index.d.ts[0m:[93m389[0m:[93m31[0m - [91merror[0m[90m TS1005: [0m';' expected.

[7m389[0m  * which case you should use `ParamsArray` instead.
[7m   [0m [91m                              ~~~~~~~~~~~[0m
[96mnode_modules/@types/express-serve-static-core/index.d.ts[0m:[93m389[0m:[93m31[0m - [91merror[0m[90m TS2693: [0m'ParamsArray' only refers to a type, but is being used as a value here.

[7m389[0m  * which case you should use `ParamsArray` instead.
[7m   [0m [91m                              ~~~~~~~~~~~[0m
[96mnode_modules/@types/express-serve-static-core/index.d.ts[0m:[93m394[0m:[93m84[0m - [91merror[0m[90m TS1005: [0m';' expected.

[7m394[0m  *     app.get('/user/:id', (req, res) => res.send(req.params.id)); // implicitly `ParamsDictionary`
[7m   [0m [91m                                                                                   ~~~~~~~~~~~~~~~~[0m
[96mnode_modules/@types/express-serve-static-core/index.d.ts[0m:[93m394[0m:[93m84[0m - [91merror[0m[90m TS2693: [0m'ParamsDictionary' only refers to a type, but is being used as a value here.

[7m394[0m  *     app.get('/user/:id', (req, res) => res.send(req.params.id)); // implicitly `ParamsDictionary`
[7m   [0m [91m                                                                                   ~~~~~~~~~~~~~~~~[0m
[96mnode_modules/@types/express-serve-static-core/index.d.ts[0m:[93m408[0m:[93m13[0m - [91merror[0m[90m TS1005: [0m';' expected.

[7m408[0m      * The `Referrer` header field is special-cased,
[7m   [0m [91m            ~~~~~~~~[0m
[96mnode_modules/@types/express-serve-static-core/index.d.ts[0m:[93m408[0m:[93m13[0m - [91merror[0m[90m TS2304: [0mCannot find name 'Referrer'.

[7m408[0m      * The `Referrer` header field is special-cased,
[7m   [0m [91m            ~~~~~~~~[0m
[96mnode_modules/@types/express-serve-static-core/index.d.ts[0m:[93m409[0m:[93m14[0m - [91merror[0m[90m TS1005: [0m';' expected.

[7m409[0m      * both `Referrer` and `Referer` are interchangeable.
[7m   [0m [91m             ~~~~~~~~[0m
[96mnode_modules/@types/express-serve-static-core/index.d.ts[0m:[93m409[0m:[93m14[0m - [91merror[0m[90m TS2304: [0mCannot find name 'Referrer'.

[7m409[0m      * both `Referrer` and `Referer` are interchangeable.
[7m   [0m [91m             ~~~~~~~~[0m
[96mnode_modules/@types/express-serve-static-core/index.d.ts[0m:[93m409[0m:[93m29[0m - [91merror[0m[90m TS1005: [0m';' expected.

[7m409[0m      * both `Referrer` and `Referer` are interchangeable.
[7m   [0m [91m                            ~~~~~~~[0m
[96mnode_modules/@types/express-serve-static-core/index.d.ts[0m:[93m409[0m:[93m29[0m - [91merror[0m[90m TS2304: [0mCannot find name 'Referer'.

[7m409[0m      * both `Referrer` and `Referer` are interchangeable.
[7m   [0m [91m                            ~~~~~~~[0m
[96mnode_modules/@types/express-serve-static-core/index.d.ts[0m:[93m422[0m:[93m20[0m - [91merror[0m[90m TS1005: [0m';' expected.

[7m422[0m      * Aliased as `req.header()`.
[7m   [0m [91m                   ~~~[0m
[96mnode_modules/@types/express-serve-static-core/index.d.ts[0m:[93m422[0m:[93m20[0m - [91merror[0m[90m TS2304: [0mCannot find name 'req'.

[7m422[0m      * Aliased as `req.header()`.
[7m   [0m [91m                   ~~~[0m
[96mnode_modules/@types/express-serve-static-core/index.d.ts[0m:[93m431[0m:[93m28[0m - [91merror[0m[90m TS1005: [0m';' expected.

[7m431[0m      * Check if the given `type(s)` is acceptable, returning
[7m   [0m [91m                           ~~~~[0m
[96mnode_modules/@types/express-serve-static-core/index.d.ts[0m:[93m431[0m:[93m28[0m - [91merror[0m[90m TS2304: [0mCannot find name 'type'.

[7m431[0m      * Check if the given `type(s)` is acceptable, returning
[7m   [0m [91m                           ~~~~[0m
[96mnode_modules/@types/express-serve-static-core/index.d.ts[0m:[93m431[0m:[93m33[0m - [91merror[0m[90m TS2304: [0mCannot find name 's'.

[7m431[0m      * Check if the given `type(s)` is acceptable, returning
[7m   [0m [91m                                ~[0m
[96mnode_modules/@types/express-serve-static-core/index.d.ts[0m:[93m432[0m:[93m45[0m - [91merror[0m[90m TS1005: [0m';' expected.

[7m432[0m      * the best match when true, otherwise `undefined`, in which
[7m   [0m [91m                                            ~~~~~~~~~[0m
[96mnode_modules/@types/express-serve-static-core/index.d.ts[0m:[93m435[0m:[93m13[0m - [91merror[0m[90m TS1005: [0m';' expected.

[7m435[0m      * The `type` value may be a single mime type string
[7m   [0m [91m            ~~~~[0m
[96mnode_modules/@types/express-serve-static-core/index.d.ts[0m:[93m435[0m:[93m13[0m - [91merror[0m[90m TS2304: [0mCannot find name 'type'.

[7m435[0m      * The `type` value may be a single mime type string
[7m   [0m [91m            ~~~~[0m
[96mnode_modules/@types/express-serve-static-core/index.d.ts[0m:[93m438[0m:[93m22[0m - [91merror[0m[90m TS2695: [0mLeft side of comma operator is unused and has no side effects.

[7m438[0m      * or an array `["json", "html", "text/plain"]`. When a list
[7m   [0m [91m                     ~~~~~~[0m
[96mnode_modules/@types/express-serve-static-core/index.d.ts[0m:[93m438[0m:[93m22[0m - [91merror[0m[90m TS2695: [0mLeft side of comma operator is unused and has no side effects.

[7m438[0m      * or an array `["json", "html", "text/plain"]`. When a list
[7m   [0m [91m                     ~~~~~~~~~~~~~~[0m
[96mnode_modules/@types/express-serve-static-core/index.d.ts[0m:[93m509[0m:[93m56[0m - [91merror[0m[90m TS1005: [0m';' expected.

[7m509[0m      * Parse Range header field, capping to the given `size`.
[7m   [0m [91m                                                       ~~~~[0m
[96mnode_modules/@types/express-serve-static-core/index.d.ts[0m:[93m509[0m:[93m56[0m - [91merror[0m[90m TS2304: [0mCannot find name 'size'.

[7m509[0m      * Parse Range header field, capping to the given `size`.
[7m   [0m [91m                                                       ~~~~[0m
[96mnode_modules/@types/express-serve-static-core/index.d.ts[0m:[93m513[0m:[93m48[0m - [91merror[0m[90m TS1005: [0m';' expected.

[7m513[0m      * If the Range header field is not given `undefined` is returned.
[7m   [0m [91m                                               ~~~~~~~~~[0m
[96mnode_modules/@types/express-serve-static-core/index.d.ts[0m:[93m531[0m:[93m35[0m - [91merror[0m[90m TS1005: [0m';' expected.

[7m531[0m      * Return the value of param `name` when present or `defaultValue`.
[7m   [0m [91m                                  ~~~~[0m
[96mnode_modules/@types/express-serve-static-core/index.d.ts[0m:[93m531[0m:[93m35[0m - [91merror[0m[90m TS2349: [0mThis expression is not callable.
  Type 'never' has no call signatures.

[7m531[0m      * Return the value of param `name` when present or `defaultValue`.
[7m   [0m [91m                                  ~~~~[0m
[96mnode_modules/@types/express-serve-static-core/index.d.ts[0m:[93m531[0m:[93m58[0m - [91merror[0m[90m TS1005: [0m';' expected.

[7m531[0m      * Return the value of param `name` when present or `defaultValue`.
[7m   [0m [91m                                                         ~~~~~~~~~~~~[0m
[96mnode_modules/@types/express-serve-static-core/index.d.ts[0m:[93m531[0m:[93m58[0m - [91merror[0m[90m TS2304: [0mCannot find name 'defaultValue'.

[7m531[0m      * Return the value of param `name` when present or `defaultValue`.
[7m   [0m [91m                                                         ~~~~~~~~~~~~[0m
[96mnode_modules/@types/express-serve-static-core/index.d.ts[0m:[93m537[0m:[93m36[0m - [91merror[0m[90m TS1005: [0m';' expected.

[7m537[0m      * To utilize request bodies, `req.body`
[7m   [0m [91m                                   ~~~[0m
[96mnode_modules/@types/express-serve-static-core/index.d.ts[0m:[93m537[0m:[93m36[0m - [91merror[0m[90m TS2304: [0mCannot find name 'req'.

[7m537[0m      * To utilize request bodies, `req.body`
[7m   [0m [91m                                   ~~~[0m
[96mnode_modules/@types/express-serve-static-core/index.d.ts[0m:[93m539[0m:[93m13[0m - [91merror[0m[90m TS1005: [0m';' expected.

[7m539[0m      * the `connect.bodyParser()` middleware.
[7m   [0m [91m            ~~~~~~~[0m
[96mnode_modules/@types/express-serve-static-core/index.d.ts[0m:[93m539[0m:[93m13[0m - [91merror[0m[90m TS2304: [0mCannot find name 'connect'.

[7m539[0m      * the `connect.bodyParser()` middleware.
[7m   [0m [91m            ~~~~~~~[0m
[96mnode_modules/@types/express-serve-static-core/index.d.ts[0m:[93m545[0m:[93m53[0m - [91merror[0m[90m TS1005: [0m';' expected.

[7m545[0m      * header field, and it contains the give mime `type`.
[7m   [0m [91m                                                    ~~~~[0m
[96mnode_modules/@types/express-serve-static-core/index.d.ts[0m:[93m545[0m:[93m53[0m - [91merror[0m[90m TS2304: [0mCannot find name 'type'.

[7m545[0m      * header field, and it contains the give mime `type`.
[7m   [0m [91m                                                    ~~~~[0m
[96mnode_modules/@types/express-serve-static-core/index.d.ts[0m:[93m585[0m:[93m26[0m - [91merror[0m[90m TS1005: [0m';' expected.

[7m585[0m      * "trust proxy" is `true` return
[7m   [0m [91m                         ~~~~[0m
[96mnode_modules/@types/express-serve-static-core/index.d.ts[0m:[93m585[0m:[93m26[0m - [91merror[0m[90m TS2349: [0mThis expression is not callable.
  Type 'Boolean' has no call signatures.

[7m585[0m      * "trust proxy" is `true` return
[7m   [0m [91m                         ~~~~[0m
[96mnode_modules/@types/express-serve-static-core/index.d.ts[0m:[93m588[0m:[93m39[0m - [91merror[0m[90m TS1005: [0m';' expected.

[7m588[0m      * Value may be undefined if the `req.socket` is destroyed
[7m   [0m [91m                                      ~~~[0m
[96mnode_modules/@types/express-serve-static-core/index.d.ts[0m:[93m588[0m:[93m39[0m - [91merror[0m[90m TS2304: [0mCannot find name 'req'.

[7m588[0m      * Value may be undefined if the `req.socket` is destroyed
[7m   [0m [91m                                      ~~~[0m
[96mnode_modules/@types/express-serve-static-core/index.d.ts[0m:[93m594[0m:[93m31[0m - [91merror[0m[90m TS1005: [0m';' expected.

[7m594[0m      * When "trust proxy" is `true`, parse
[7m   [0m [91m                              ~~~~[0m
[96mnode_modules/@types/express-serve-static-core/index.d.ts[0m:[93m594[0m:[93m31[0m - [91merror[0m[90m TS2349: [0mThis expression is not callable.
  Type 'Boolean' has no call signatures.

[7m594[0m      * When "trust proxy" is `true`, parse
[7m   [0m [91m                              ~~~~[0m
[96mnode_modules/@types/express-serve-static-core/index.d.ts[0m:[93m598[0m:[93m38[0m - [91merror[0m[90m TS2695: [0mLeft side of comma operator is unused and has no side effects.

[7m598[0m      * you would receive the array `["client", "proxy1", "proxy2"]`
[7m   [0m [91m                                     ~~~~~~~~[0m
[96mnode_modules/@types/express-serve-static-core/index.d.ts[0m:[93m598[0m:[93m38[0m - [91merror[0m[90m TS2695: [0mLeft side of comma operator is unused and has no side effects.

[7m598[0m      * you would receive the array `["client", "proxy1", "proxy2"]`
[7m   [0m [91m                                     ~~~~~~~~~~~~~~~~~~[0m
[96mnode_modules/@types/express-serve-static-core/index.d.ts[0m:[93m611[0m:[93m62[0m - [91merror[0m[90m TS2695: [0mLeft side of comma operator is unused and has no side effects.

[7m611[0m      * If "subdomain offset" is not set, req.subdomains is `["ferrets", "tobi"]`.
[7m   [0m [91m                                                             ~~~~~~~~~[0m
[96mnode_modules/@types/express-serve-static-core/index.d.ts[0m:[93m617[0m:[93m24[0m - [91merror[0m[90m TS1005: [0m';' expected.

[7m617[0m      * Short-hand for `url.parse(req.url).pathname`.
[7m   [0m [91m                       ~~~[0m
[96mnode_modules/@types/express-serve-static-core/index.d.ts[0m:[93m617[0m:[93m24[0m - [91merror[0m[90m TS2304: [0mCannot find name 'url'.

[7m617[0m      * Short-hand for `url.parse(req.url).pathname`.
[7m   [0m [91m                       ~~~[0m
[96mnode_modules/@types/express-serve-static-core/index.d.ts[0m:[93m617[0m:[93m34[0m - [91merror[0m[90m TS2304: [0mCannot find name 'req'.

[7m617[0m      * Short-hand for `url.parse(req.url).pathname`.
[7m   [0m [91m                                 ~~~[0m
[96mnode_modules/@types/express-serve-static-core/index.d.ts[0m:[93m697[0m:[93m76[0m - [91merror[0m[90m TS1005: [0m';' expected.

[7m697[0m     /** Object containing HTTP headers to serve with the file. The header `Content-Disposition` will be overridden by the filename argument. */
[7m   [0m [91m                                                                           ~~~~~~~[0m
[96mnode_modules/@types/express-serve-static-core/index.d.ts[0m:[93m697[0m:[93m76[0m - [91merror[0m[90m TS2304: [0mCannot find name 'Content'.

[7m697[0m     /** Object containing HTTP headers to serve with the file. The header `Content-Disposition` will be overridden by the filename argument. */
[7m   [0m [91m                                                                           ~~~~~~~[0m
[96mnode_modules/@types/express-serve-static-core/index.d.ts[0m:[93m697[0m:[93m84[0m - [91merror[0m[90m TS2304: [0mCannot find name 'Disposition'.

[7m697[0m     /** Object containing HTTP headers to serve with the file. The header `Content-Disposition` will be overridden by the filename argument. */
[7m   [0m [91m                                                                                   ~~~~~~~~~~~[0m
[96mnode_modules/@types/express-serve-static-core/index.d.ts[0m:[93m707[0m:[93m20[0m - [91merror[0m[90m TS1005: [0m';' expected.

[7m707[0m      * Set status `code`.
[7m   [0m [91m                   ~~~~[0m
[96mnode_modules/@types/express-serve-static-core/index.d.ts[0m:[93m707[0m:[93m20[0m - [91merror[0m[90m TS2304: [0mCannot find name 'code'.

[7m707[0m      * Set status `code`.
[7m   [0m [91m                   ~~~~[0m
[96mnode_modules/@types/express-serve-static-core/index.d.ts[0m:[93m712[0m:[93m46[0m - [91merror[0m[90m TS1005: [0m';' expected.

[7m712[0m      * Set the response HTTP status code to `statusCode` and send its string representation as the response body.
[7m   [0m [91m                                             ~~~~~~~~~~[0m
[96mnode_modules/@types/express-serve-static-core/index.d.ts[0m:[93m712[0m:[93m46[0m - [91merror[0m[90m TS2304: [0mCannot find name 'statusCode'.

[7m712[0m      * Set the response HTTP status code to `statusCode` and send its string representation as the response body.
[7m   [0m [91m                                             ~~~~~~~~~~[0m
[96mnode_modules/@types/express-serve-static-core/index.d.ts[0m:[93m725[0m:[93m46[0m - [91merror[0m[90m TS1005: [0m';' expected.

[7m725[0m      * Set Link header field with the given `links`.
[7m   [0m [91m                                             ~~~~~[0m
[96mnode_modules/@types/express-serve-static-core/index.d.ts[0m:[93m725[0m:[93m46[0m - [91merror[0m[90m TS2304: [0mCannot find name 'links'.

[7m725[0m      * Set Link header field with the given `links`.
[7m   [0m [91m                                             ~~~~~[0m
[96mnode_modules/@types/express-serve-static-core/index.d.ts[0m:[93m773[0m:[93m40[0m - [91merror[0m[90m TS1005: [0m';' expected.

[7m773[0m      * Transfer the file at the given `path`.
[7m   [0m [91m                                       ~~~~[0m
[96mnode_modules/@types/express-serve-static-core/index.d.ts[0m:[93m773[0m:[93m40[0m - [91merror[0m[90m TS2304: [0mCannot find name 'path'.

[7m773[0m      * Transfer the file at the given `path`.
[7m   [0m [91m                                       ~~~~[0m
[96mnode_modules/@types/express-serve-static-core/index.d.ts[0m:[93m776[0m:[93m22[0m - [91merror[0m[90m TS1005: [0m';' expected.

[7m776[0m      * The callback `fn(err)` is invoked when the transfer is complete
[7m   [0m [91m                     ~~[0m
[96mnode_modules/@types/express-serve-static-core/index.d.ts[0m:[93m776[0m:[93m22[0m - [91merror[0m[90m TS2304: [0mCannot find name 'fn'.

[7m776[0m      * The callback `fn(err)` is invoked when the transfer is complete
[7m   [0m [91m                     ~~[0m
[96mnode_modules/@types/express-serve-static-core/index.d.ts[0m:[93m776[0m:[93m25[0m - [91merror[0m[90m TS2304: [0mCannot find name 'err'.

[7m776[0m      * The callback `fn(err)` is invoked when the transfer is complete
[7m   [0m [91m                        ~~~[0m
[96mnode_modules/@types/express-serve-static-core/index.d.ts[0m:[93m777[0m:[93m51[0m - [91merror[0m[90m TS1005: [0m';' expected.

[7m777[0m      * or when an error occurs. Be sure to check `res.headersSent`
[7m   [0m [91m                                                  ~~~[0m
[96mnode_modules/@types/express-serve-static-core/index.d.ts[0m:[93m777[0m:[93m51[0m - [91merror[0m[90m TS2304: [0mCannot find name 'res'.

[7m777[0m      * or when an error occurs. Be sure to check `res.headersSent`
[7m   [0m [91m                                                  ~~~[0m
[96mnode_modules/@types/express-serve-static-core/index.d.ts[0m:[93m783[0m:[93m13[0m - [91merror[0m[90m TS1005: [0m';' expected.

[7m783[0m      *   - `maxAge`   defaulting to 0 (can be string converted by `ms`)
[7m   [0m [91m            ~~~~~~[0m
[96mnode_modules/@types/express-serve-static-core/index.d.ts[0m:[93m783[0m:[93m13[0m - [91merror[0m[90m TS2304: [0mCannot find name 'maxAge'.

[7m783[0m      *   - `maxAge`   defaulting to 0 (can be string converted by `ms`)
[7m   [0m [91m            ~~~~~~[0m
[96mnode_modules/@types/express-serve-static-core/index.d.ts[0m:[93m783[0m:[93m68[0m - [91merror[0m[90m TS1005: [0m';' expected.

[7m783[0m      *   - `maxAge`   defaulting to 0 (can be string converted by `ms`)
[7m   [0m [91m                                                                   ~~[0m
[96mnode_modules/@types/express-serve-static-core/index.d.ts[0m:[93m783[0m:[93m68[0m - [91merror[0m[90m TS2304: [0mCannot find name 'ms'.

[7m783[0m      *   - `maxAge`   defaulting to 0 (can be string converted by `ms`)
[7m   [0m [91m                                                                   ~~[0m
[96mnode_modules/@types/express-serve-static-core/index.d.ts[0m:[93m784[0m:[93m13[0m - [91merror[0m[90m TS1005: [0m';' expected.

[7m784[0m      *   - `root`     root directory for relative filenames
[7m   [0m [91m            ~~~~[0m
[96mnode_modules/@types/express-serve-static-core/index.d.ts[0m:[93m784[0m:[93m13[0m - [91merror[0m[90m TS2304: [0mCannot find name 'root'.

[7m784[0m      *   - `root`     root directory for relative filenames
[7m   [0m [91m            ~~~~[0m
[96mnode_modules/@types/express-serve-static-core/index.d.ts[0m:[93m785[0m:[93m13[0m - [91merror[0m[90m TS1005: [0m';' expected.

[7m785[0m      *   - `headers`  object of headers to serve with file
[7m   [0m [91m            ~~~~~~~[0m
[96mnode_modules/@types/express-serve-static-core/index.d.ts[0m:[93m785[0m:[93m13[0m - [91merror[0m[90m TS2304: [0mCannot find name 'headers'.

[7m785[0m      *   - `headers`  object of headers to serve with file
[7m   [0m [91m            ~~~~~~~[0m
[96mnode_modules/@types/express-serve-static-core/index.d.ts[0m:[93m786[0m:[93m13[0m - [91merror[0m[90m TS1005: [0m';' expected.

[7m786[0m      *   - `dotfiles` serve dotfiles, defaulting to false; can be `"allow"` to send them
[7m   [0m [91m            ~~~~~~~~[0m
[96mnode_modules/@types/express-serve-static-core/index.d.ts[0m:[93m786[0m:[93m13[0m - [91merror[0m[90m TS2304: [0mCannot find name 'dotfiles'.

[7m786[0m      *   - `dotfiles` serve dotfiles, defaulting to false; can be `"allow"` to send them
[7m   [0m [91m            ~~~~~~~~[0m
[96mnode_modules/@types/express-serve-static-core/index.d.ts[0m:[93m786[0m:[93m68[0m - [91merror[0m[90m TS1005: [0m';' expected.

[7m786[0m      *   - `dotfiles` serve dotfiles, defaulting to false; can be `"allow"` to send them
[7m   [0m [91m                                                                   ~~~~~~~[0m
[96mnode_modules/@types/express-serve-static-core/index.d.ts[0m:[93m786[0m:[93m68[0m - [91merror[0m[90m TS2349: [0mThis expression is not callable.
  Type 'String' has no call signatures.

[7m786[0m      *   - `dotfiles` serve dotfiles, defaulting to false; can be `"allow"` to send them
[7m   [0m [91m                                                                   ~~~~~~~[0m
[96mnode_modules/@types/express-serve-static-core/index.d.ts[0m:[93m788[0m:[93m43[0m - [91merror[0m[90m TS1005: [0m';' expected.

[7m788[0m      * Other options are passed along to `send`.
[7m   [0m [91m                                          ~~~~[0m
[96mnode_modules/@types/express-serve-static-core/index.d.ts[0m:[93m788[0m:[93m43[0m - [91merror[0m[90m TS2304: [0mCannot find name 'send'.

[7m788[0m      * Other options are passed along to `send`.
[7m   [0m [91m                                          ~~~~[0m
[96mnode_modules/@types/express-serve-static-core/index.d.ts[0m:[93m792[0m:[93m48[0m - [91merror[0m[90m TS1005: [0m';' expected.

[7m792[0m      *  The following example illustrates how `res.sendFile()` may
[7m   [0m [91m                                               ~~~[0m
[96mnode_modules/@types/express-serve-static-core/index.d.ts[0m:[93m792[0m:[93m48[0m - [91merror[0m[90m TS2304: [0mCannot find name 'res'.

[7m792[0m      *  The following example illustrates how `res.sendFile()` may
[7m   [0m [91m                                               ~~~[0m
[96mnode_modules/@types/express-serve-static-core/index.d.ts[0m:[93m793[0m:[93m44[0m - [91merror[0m[90m TS1005: [0m';' expected.

[7m793[0m      *  be used as an alternative for the `static()` middleware for
[7m   [0m [91m                                           ~~~~~~[0m
[96mnode_modules/@types/express-serve-static-core/index.d.ts[0m:[93m793[0m:[93m44[0m - [91merror[0m[90m TS2304: [0mCannot find name 'static'.

[7m793[0m      *  be used as an alternative for the `static()` middleware for
[7m   [0m [91m                                           ~~~~~~[0m
[96mnode_modules/@types/express-serve-static-core/index.d.ts[0m:[93m794[0m:[93m47[0m - [91merror[0m[90m TS1005: [0m';' expected.

[7m794[0m      *  dynamic situations. The code backing `res.sendFile()` is actually
[7m   [0m [91m                                              ~~~[0m
[96mnode_modules/@types/express-serve-static-core/index.d.ts[0m:[93m794[0m:[93m47[0m - [91merror[0m[90m TS2304: [0mCannot find name 'res'.

[7m794[0m      *  dynamic situations. The code backing `res.sendFile()` is actually
[7m   [0m [91m                                              ~~~[0m
[96mnode_modules/@types/express-serve-static-core/index.d.ts[0m:[93m833[0m:[93m40[0m - [91merror[0m[90m TS1005: [0m';' expected.

[7m833[0m      * Transfer the file at the given `path` as an attachment.
[7m   [0m [91m                                       ~~~~[0m
[96mnode_modules/@types/express-serve-static-core/index.d.ts[0m:[93m833[0m:[93m40[0m - [91merror[0m[90m TS2304: [0mCannot find name 'path'.

[7m833[0m      * Transfer the file at the given `path` as an attachment.
[7m   [0m [91m                                       ~~~~[0m
[96mnode_modules/@types/express-serve-static-core/index.d.ts[0m:[93m835[0m:[93m54[0m - [91merror[0m[90m TS1005: [0m';' expected.

[7m835[0m      * Optionally providing an alternate attachment `filename`,
[7m   [0m [91m                                                     ~~~~~~~~[0m
[96mnode_modules/@types/express-serve-static-core/index.d.ts[0m:[93m835[0m:[93m54[0m - [91merror[0m[90m TS2304: [0mCannot find name 'filename'.

[7m835[0m      * Optionally providing an alternate attachment `filename`,
[7m   [0m [91m                                                     ~~~~~~~~[0m
[96mnode_modules/@types/express-serve-static-core/index.d.ts[0m:[93m836[0m:[93m31[0m - [91merror[0m[90m TS1005: [0m';' expected.

[7m836[0m      * and optional callback `fn(err)`. The callback is invoked
[7m   [0m [91m                              ~~[0m
[96mnode_modules/@types/express-serve-static-core/index.d.ts[0m:[93m836[0m:[93m31[0m - [91merror[0m[90m TS2304: [0mCannot find name 'fn'.

[7m836[0m      * and optional callback `fn(err)`. The callback is invoked
[7m   [0m [91m                              ~~[0m
[96mnode_modules/@types/express-serve-static-core/index.d.ts[0m:[93m836[0m:[93m34[0m - [91merror[0m[90m TS2304: [0mCannot find name 'err'.

[7m836[0m      * and optional callback `fn(err)`. The callback is invoked
[7m   [0m [91m                                 ~~~[0m
[96mnode_modules/@types/express-serve-static-core/index.d.ts[0m:[93m838[0m:[93m35[0m - [91merror[0m[90m TS1005: [0m';' expected.

[7m838[0m      * ocurred. Be sure to check `res.headersSent` if you plan to respond.
[7m   [0m [91m                                  ~~~[0m
[96mnode_modules/@types/express-serve-static-core/index.d.ts[0m:[93m838[0m:[93m35[0m - [91merror[0m[90m TS2304: [0mCannot find name 'res'.

[7m838[0m      * ocurred. Be sure to check `res.headersSent` if you plan to respond.
[7m   [0m [91m                                  ~~~[0m
[96mnode_modules/@types/express-serve-static-core/index.d.ts[0m:[93m843[0m:[93m26[0m - [91merror[0m[90m TS1005: [0m';' expected.

[7m843[0m      * This method uses `res.sendfile()`.
[7m   [0m [91m                         ~~~[0m
[96mnode_modules/@types/express-serve-static-core/index.d.ts[0m:[93m843[0m:[93m26[0m - [91merror[0m[90m TS2304: [0mCannot find name 'res'.

[7m843[0m      * This method uses `res.sendfile()`.
[7m   [0m [91m                         ~~~[0m
[96mnode_modules/@types/express-serve-static-core/index.d.ts[0m:[93m850[0m:[93m49[0m - [91merror[0m[90m TS1005: [0m';' expected.

[7m850[0m      * Set _Content-Type_ response header with `type` through `mime.lookup()`
[7m   [0m [91m                                                ~~~~[0m
[96mnode_modules/@types/express-serve-static-core/index.d.ts[0m:[93m850[0m:[93m49[0m - [91merror[0m[90m TS2304: [0mCannot find name 'type'.

[7m850[0m      * Set _Content-Type_ response header with `type` through `mime.lookup()`
[7m   [0m [91m                                                ~~~~[0m
[96mnode_modules/@types/express-serve-static-core/index.d.ts[0m:[93m850[0m:[93m64[0m - [91merror[0m[90m TS1005: [0m';' expected.

[7m850[0m      * Set _Content-Type_ response header with `type` through `mime.lookup()`
[7m   [0m [91m                                                               ~~~~[0m
[96mnode_modules/@types/express-serve-static-core/index.d.ts[0m:[93m850[0m:[93m64[0m - [91merror[0m[90m TS2686: [0m'mime' refers to a UMD global, but the current file is a module. Consider adding an import instead.

[7m850[0m      * Set _Content-Type_ response header with `type` through `mime.lookup()`
[7m   [0m [91m                                                               ~~~~[0m
[96mnode_modules/@types/express-serve-static-core/index.d.ts[0m:[93m850[0m:[93m64[0m - [91merror[0m[90m TS2349: [0mThis expression is not callable.
  Type 'String' has no call signatures.

[7m850[0m      * Set _Content-Type_ response header with `type` through `mime.lookup()`
[7m   [0m [91m                                                               ~~~~~~~~~~~~~[0m
[96mnode_modules/@types/express-serve-static-core/index.d.ts[0m:[93m850[0m:[93m69[0m - [91merror[0m[90m TS2554: [0mExpected 1-2 arguments, but got 0.

[7m850[0m      * Set _Content-Type_ response header with `type` through `mime.lookup()`
[7m   [0m [91m                                                                    ~~~~~~~~[0m

  [96mnode_modules/@types/mime/index.d.ts[0m:[93m15[0m:[93m24[0m
    [7m15[0m export function lookup(path: string, fallback?: string): string;
    [7m  [0m [96m                       ~~~~~~~~~~~~[0m
    An argument for 'path' was not provided.
[96mnode_modules/@types/express-serve-static-core/index.d.ts[0m:[93m851[0m:[93m66[0m - [91merror[0m[90m TS1005: [0m';' expected.

[7m851[0m      * when it does not contain "/", or set the Content-Type to `type` otherwise.
[7m   [0m [91m                                                                 ~~~~[0m
[96mnode_modules/@types/express-serve-static-core/index.d.ts[0m:[93m851[0m:[93m66[0m - [91merror[0m[90m TS2304: [0mCannot find name 'type'.

[7m851[0m      * when it does not contain "/", or set the Content-Type to `type` otherwise.
[7m   [0m [91m                                                                 ~~~~[0m
[96mnode_modules/@types/express-serve-static-core/index.d.ts[0m:[93m864[0m:[93m49[0m - [91merror[0m[90m TS1005: [0m';' expected.

[7m864[0m      * Set _Content-Type_ response header with `type` through `mime.lookup()`
[7m   [0m [91m                                                ~~~~[0m
[96mnode_modules/@types/express-serve-static-core/index.d.ts[0m:[93m864[0m:[93m49[0m - [91merror[0m[90m TS2304: [0mCannot find name 'type'.

[7m864[0m      * Set _Content-Type_ response header with `type` through `mime.lookup()`
[7m   [0m [91m                                                ~~~~[0m
[96mnode_modules/@types/express-serve-static-core/index.d.ts[0m:[93m864[0m:[93m64[0m - [91merror[0m[90m TS1005: [0m';' expected.

[7m864[0m      * Set _Content-Type_ response header with `type` through `mime.lookup()`
[7m   [0m [91m                                                               ~~~~[0m
[96mnode_modules/@types/express-serve-static-core/index.d.ts[0m:[93m864[0m:[93m64[0m - [91merror[0m[90m TS2686: [0m'mime' refers to a UMD global, but the current file is a module. Consider adding an import instead.

[7m864[0m      * Set _Content-Type_ response header with `type` through `mime.lookup()`
[7m   [0m [91m                                                               ~~~~[0m
[96mnode_modules/@types/express-serve-static-core/index.d.ts[0m:[93m864[0m:[93m64[0m - [91merror[0m[90m TS2349: [0mThis expression is not callable.
  Type 'String' has no call signatures.

[7m864[0m      * Set _Content-Type_ response header with `type` through `mime.lookup()`
[7m   [0m [91m                                                               ~~~~~~~~~~~~~[0m
[96mnode_modules/@types/express-serve-static-core/index.d.ts[0m:[93m864[0m:[93m69[0m - [91merror[0m[90m TS2554: [0mExpected 1-2 arguments, but got 0.

[7m864[0m      * Set _Content-Type_ response header with `type` through `mime.lookup()`
[7m   [0m [91m                                                                    ~~~~~~~~[0m

  [96mnode_modules/@types/mime/index.d.ts[0m:[93m15[0m:[93m24[0m
    [7m15[0m export function lookup(path: string, fallback?: string): string;
    [7m  [0m [96m                       ~~~~~~~~~~~~[0m
    An argument for 'path' was not provided.
[96mnode_modules/@types/express-serve-static-core/index.d.ts[0m:[93m865[0m:[93m66[0m - [91merror[0m[90m TS1005: [0m';' expected.

[7m865[0m      * when it does not contain "/", or set the Content-Type to `type` otherwise.
[7m   [0m [91m                                                                 ~~~~[0m
[96mnode_modules/@types/express-serve-static-core/index.d.ts[0m:[93m865[0m:[93m66[0m - [91merror[0m[90m TS2304: [0mCannot find name 'type'.

[7m865[0m      * when it does not contain "/", or set the Content-Type to `type` otherwise.
[7m   [0m [91m                                                                 ~~~~[0m
[96mnode_modules/@types/express-serve-static-core/index.d.ts[0m:[93m878[0m:[93m52[0m - [91merror[0m[90m TS1005: [0m';' expected.

[7m878[0m      * Respond to the Acceptable formats using an `obj`
[7m   [0m [91m                                                   ~~~[0m
[96mnode_modules/@types/express-serve-static-core/index.d.ts[0m:[93m878[0m:[93m52[0m - [91merror[0m[90m TS2304: [0mCannot find name 'obj'.

[7m878[0m      * Respond to the Acceptable formats using an `obj`
[7m   [0m [91m                                                   ~~~[0m
[96mnode_modules/@types/express-serve-static-core/index.d.ts[0m:[93m881[0m:[93m26[0m - [91merror[0m[90m TS1005: [0m';' expected.

[7m881[0m      * This method uses `req.accepted`, an array of
[7m   [0m [91m                         ~~~[0m
[96mnode_modules/@types/express-serve-static-core/index.d.ts[0m:[93m881[0m:[93m26[0m - [91merror[0m[90m TS2304: [0mCannot find name 'req'.

[7m881[0m      * This method uses `req.accepted`, an array of
[7m   [0m [91m                         ~~~[0m
[96mnode_modules/@types/express-serve-static-core/index.d.ts[0m:[93m889[0m:[93m54[0m - [91merror[0m[90m TS1005: [0m';' expected.

[7m889[0m      * you may alter this within the callback using `res.type()`
[7m   [0m [91m                                                     ~~~[0m
[96mnode_modules/@types/express-serve-static-core/index.d.ts[0m:[93m889[0m:[93m54[0m - [91merror[0m[90m TS2304: [0mCannot find name 'res'.

[7m889[0m      * you may alter this within the callback using `res.type()`
[7m   [0m [91m                                                     ~~~[0m
[96mnode_modules/@types/express-serve-static-core/index.d.ts[0m:[93m890[0m:[93m12[0m - [91merror[0m[90m TS1005: [0m';' expected.

[7m890[0m      * or `res.set('Content-Type', ...)`.
[7m   [0m [91m           ~~~[0m
[96mnode_modules/@types/express-serve-static-core/index.d.ts[0m:[93m890[0m:[93m12[0m - [91merror[0m[90m TS2304: [0mCannot find name 'res'.

[7m890[0m      * or `res.set('Content-Type', ...)`.
[7m   [0m [91m           ~~~[0m
[96mnode_modules/@types/express-serve-static-core/index.d.ts[0m:[93m890[0m:[93m39[0m - [91merror[0m[90m TS1109: [0mExpression expected.

[7m890[0m      * or `res.set('Content-Type', ...)`.
[7m   [0m [91m                                      ~[0m
[96mnode_modules/@types/express-serve-static-core/index.d.ts[0m:[93m923[0m:[93m38[0m - [91merror[0m[90m TS1005: [0m';' expected.

[7m923[0m      * By default Express passes an `Error`
[7m   [0m [91m                                     ~~~~~[0m
[96mnode_modules/@types/express-serve-static-core/index.d.ts[0m:[93m923[0m:[93m43[0m - [91merror[0m[90m TS2345: [0mArgument of type 'TemplateStringsArray' is not assignable to parameter of type 'string'.

[7m923[0m      * By default Express passes an `Error`
[7m   [0m [91m                                          ~[0m
[7m924[0m      * with a `.status` of 406 to `next(err)`
[7m   [0m [91m~~~~~~~~~~~~~~~[0m
[96mnode_modules/@types/express-serve-static-core/index.d.ts[0m:[93m924[0m:[93m17[0m - [91merror[0m[90m TS2339: [0mProperty 'status' does not exist on type 'Error'.

[7m924[0m      * with a `.status` of 406 to `next(err)`
[7m   [0m [91m                ~~~~~~[0m
[96mnode_modules/@types/express-serve-static-core/index.d.ts[0m:[93m924[0m:[93m36[0m - [91merror[0m[90m TS1005: [0m';' expected.

[7m924[0m      * with a `.status` of 406 to `next(err)`
[7m   [0m [91m                                   ~~~~[0m
[96mnode_modules/@types/express-serve-static-core/index.d.ts[0m:[93m924[0m:[93m36[0m - [91merror[0m[90m TS2304: [0mCannot find name 'next'.

[7m924[0m      * with a `.status` of 406 to `next(err)`
[7m   [0m [91m                                   ~~~~[0m
[96mnode_modules/@types/express-serve-static-core/index.d.ts[0m:[93m924[0m:[93m41[0m - [91merror[0m[90m TS2304: [0mCannot find name 'err'.

[7m924[0m      * with a `.status` of 406 to `next(err)`
[7m   [0m [91m                                        ~~~[0m
[96mnode_modules/@types/express-serve-static-core/index.d.ts[0m:[93m932[0m:[93m72[0m - [91merror[0m[90m TS1005: [0m';' expected.

[7m932[0m      * Set _Content-Disposition_ header to _attachment_ with optional `filename`.
[7m   [0m [91m                                                                       ~~~~~~~~[0m
[96mnode_modules/@types/express-serve-static-core/index.d.ts[0m:[93m932[0m:[93m72[0m - [91merror[0m[90m TS2304: [0mCannot find name 'filename'.

[7m932[0m      * Set _Content-Disposition_ header to _attachment_ with optional `filename`.
[7m   [0m [91m                                                                       ~~~~~~~~[0m
[96mnode_modules/@types/express-serve-static-core/index.d.ts[0m:[93m937[0m:[93m20[0m - [91merror[0m[90m TS1005: [0m';' expected.

[7m937[0m      * Set header `field` to `val`, or pass
[7m   [0m [91m                   ~~~~~[0m
[96mnode_modules/@types/express-serve-static-core/index.d.ts[0m:[93m937[0m:[93m20[0m - [91merror[0m[90m TS2304: [0mCannot find name 'field'.

[7m937[0m      * Set header `field` to `val`, or pass
[7m   [0m [91m                   ~~~~~[0m
[96mnode_modules/@types/express-serve-static-core/index.d.ts[0m:[93m937[0m:[93m31[0m - [91merror[0m[90m TS1005: [0m';' expected.

[7m937[0m      * Set header `field` to `val`, or pass
[7m   [0m [91m                              ~~~[0m
[96mnode_modules/@types/express-serve-static-core/index.d.ts[0m:[93m937[0m:[93m31[0m - [91merror[0m[90m TS2304: [0mCannot find name 'val'.

[7m937[0m      * Set header `field` to `val`, or pass
[7m   [0m [91m                              ~~~[0m
[96mnode_modules/@types/express-serve-static-core/index.d.ts[0m:[93m946[0m:[93m20[0m - [91merror[0m[90m TS1005: [0m';' expected.

[7m946[0m      * Aliased as `res.header()`.
[7m   [0m [91m                   ~~~[0m
[96mnode_modules/@types/express-serve-static-core/index.d.ts[0m:[93m946[0m:[93m20[0m - [91merror[0m[90m TS2304: [0mCannot find name 'res'.

[7m946[0m      * Aliased as `res.header()`.
[7m   [0m [91m                   ~~~[0m
[96mnode_modules/@types/express-serve-static-core/index.d.ts[0m:[93m957[0m:[93m31[0m - [91merror[0m[90m TS1005: [0m';' expected.

[7m957[0m     /** Get value for header `field`. */
[7m   [0m [91m                              ~~~~~[0m
[96mnode_modules/@types/express-serve-static-core/index.d.ts[0m:[93m957[0m:[93m31[0m - [91merror[0m[90m TS2304: [0mCannot find name 'field'.

[7m957[0m     /** Get value for header `field`. */
[7m   [0m [91m                              ~~~~~[0m
[96mnode_modules/@types/express-serve-static-core/index.d.ts[0m:[93m960[0m:[93m23[0m - [91merror[0m[90m TS1005: [0m';' expected.

[7m960[0m     /** Clear cookie `name`. */
[7m   [0m [91m                      ~~~~[0m
[96mnode_modules/@types/express-serve-static-core/index.d.ts[0m:[93m960[0m:[93m23[0m - [91merror[0m[90m TS2349: [0mThis expression is not callable.
  Type 'never' has no call signatures.

[7m960[0m     /** Clear cookie `name`. */
[7m   [0m [91m                      ~~~~[0m
[96mnode_modules/@types/express-serve-static-core/index.d.ts[0m:[93m964[0m:[93m20[0m - [91merror[0m[90m TS1005: [0m';' expected.

[7m964[0m      * Set cookie `name` to `val`, with the given `options`.
[7m   [0m [91m                   ~~~~[0m
[96mnode_modules/@types/express-serve-static-core/index.d.ts[0m:[93m964[0m:[93m20[0m - [91merror[0m[90m TS2349: [0mThis expression is not callable.
  Type 'never' has no call signatures.

[7m964[0m      * Set cookie `name` to `val`, with the given `options`.
[7m   [0m [91m                   ~~~~[0m
[96mnode_modules/@types/express-serve-static-core/index.d.ts[0m:[93m964[0m:[93m30[0m - [91merror[0m[90m TS1005: [0m';' expected.

[7m964[0m      * Set cookie `name` to `val`, with the given `options`.
[7m   [0m [91m                             ~~~[0m
[96mnode_modules/@types/express-serve-static-core/index.d.ts[0m:[93m964[0m:[93m30[0m - [91merror[0m[90m TS2304: [0mCannot find name 'val'.

[7m964[0m      * Set cookie `name` to `val`, with the given `options`.
[7m   [0m [91m                             ~~~[0m
[96mnode_modules/@types/express-serve-static-core/index.d.ts[0m:[93m964[0m:[93m52[0m - [91merror[0m[90m TS1005: [0m';' expected.

[7m964[0m      * Set cookie `name` to `val`, with the given `options`.
[7m   [0m [91m                                                   ~~~~~~~[0m
[96mnode_modules/@types/express-serve-static-core/index.d.ts[0m:[93m964[0m:[93m52[0m - [91merror[0m[90m TS2304: [0mCannot find name 'options'.

[7m964[0m      * Set cookie `name` to `val`, with the given `options`.
[7m   [0m [91m                                                   ~~~~~~~[0m
[96mnode_modules/@types/express-serve-static-core/index.d.ts[0m:[93m968[0m:[93m14[0m - [91merror[0m[90m TS1005: [0m';' expected.

[7m968[0m      *    - `maxAge`   max-age in milliseconds, converted to `expires`
[7m   [0m [91m             ~~~~~~[0m
[96mnode_modules/@types/express-serve-static-core/index.d.ts[0m:[93m968[0m:[93m14[0m - [91merror[0m[90m TS2304: [0mCannot find name 'maxAge'.

[7m968[0m      *    - `maxAge`   max-age in milliseconds, converted to `expires`
[7m   [0m [91m             ~~~~~~[0m
[96mnode_modules/@types/express-serve-static-core/index.d.ts[0m:[93m968[0m:[93m63[0m - [91merror[0m[90m TS1005: [0m';' expected.

[7m968[0m      *    - `maxAge`   max-age in milliseconds, converted to `expires`
[7m   [0m [91m                                                              ~~~~~~~[0m
[96mnode_modules/@types/express-serve-static-core/index.d.ts[0m:[93m968[0m:[93m63[0m - [91merror[0m[90m TS2304: [0mCannot find name 'expires'.

[7m968[0m      *    - `maxAge`   max-age in milliseconds, converted to `expires`
[7m   [0m [91m                                                              ~~~~~~~[0m
[96mnode_modules/@types/express-serve-static-core/index.d.ts[0m:[93m969[0m:[93m14[0m - [91merror[0m[90m TS1005: [0m';' expected.

[7m969[0m      *    - `signed`   sign the cookie
[7m   [0m [91m             ~~~~~~[0m
[96mnode_modules/@types/express-serve-static-core/index.d.ts[0m:[93m969[0m:[93m14[0m - [91merror[0m[90m TS2304: [0mCannot find name 'signed'.

[7m969[0m      *    - `signed`   sign the cookie
[7m   [0m [91m             ~~~~~~[0m
[96mnode_modules/@types/express-serve-static-core/index.d.ts[0m:[93m970[0m:[93m14[0m - [91merror[0m[90m TS1005: [0m';' expected.

[7m970[0m      *    - `path`     defaults to "/"
[7m   [0m [91m             ~~~~[0m
[96mnode_modules/@types/express-serve-static-core/index.d.ts[0m:[93m970[0m:[93m14[0m - [91merror[0m[90m TS2304: [0mCannot find name 'path'.

[7m970[0m      *    - `path`     defaults to "/"
[7m   [0m [91m             ~~~~[0m
[96mnode_modules/@types/express-serve-static-core/index.d.ts[0m:[93m985[0m:[93m36[0m - [91merror[0m[90m TS1005: [0m';' expected.

[7m985[0m      * Set the location header to `url`.
[7m   [0m [91m                                   ~~~[0m
[96mnode_modules/@types/express-serve-static-core/index.d.ts[0m:[93m985[0m:[93m36[0m - [91merror[0m[90m TS2304: [0mCannot find name 'url'.

[7m985[0m      * Set the location header to `url`.
[7m   [0m [91m                                   ~~~[0m
[96mnode_modules/@types/express-serve-static-core/index.d.ts[0m:[93m987[0m:[93m19[0m - [91merror[0m[90m TS1005: [0m';' expected.

[7m987[0m      * The given `url` can also be the name of a mapped url, for
[7m   [0m [91m                  ~~~[0m
[96mnode_modules/@types/express-serve-static-core/index.d.ts[0m:[93m987[0m:[93m19[0m - [91merror[0m[90m TS2304: [0mCannot find name 'url'.

[7m987[0m      * The given `url` can also be the name of a mapped url, for
[7m   [0m [91m                  ~~~[0m
[96mnode_modules/@types/express-serve-static-core/index.d.ts[0m:[93m999[0m:[93m46[0m - [91merror[0m[90m TS1005: [0m';' expected.

[7m999[0m      *   When an application is mounted and `res.location()`
[7m   [0m [91m                                             ~~~[0m
[96mnode_modules/@types/express-serve-static-core/index.d.ts[0m:[93m999[0m:[93m46[0m - [91merror[0m[90m TS2304: [0mCannot find name 'res'.

[7m999[0m      *   When an application is mounted and `res.location()`
[7m   [0m [91m                                             ~~~[0m
[96mnode_modules/@types/express-serve-static-core/index.d.ts[0m:[93m1013[0m:[93m31[0m - [91merror[0m[90m TS1005: [0m';' expected.

[7m1013[0m      * Redirect to the given `url` with optional response `status`
[7m    [0m [91m                              ~~~[0m
[96mnode_modules/@types/express-serve-static-core/index.d.ts[0m:[93m1013[0m:[93m31[0m - [91merror[0m[90m TS2304: [0mCannot find name 'url'.

[7m1013[0m      * Redirect to the given `url` with optional response `status`
[7m    [0m [91m                              ~~~[0m
[96mnode_modules/@types/express-serve-static-core/index.d.ts[0m:[93m1013[0m:[93m60[0m - [91merror[0m[90m TS1005: [0m';' expected.

[7m1013[0m      * Redirect to the given `url` with optional response `status`
[7m    [0m [91m                                                           ~~~~~~[0m
[96mnode_modules/@types/express-serve-static-core/index.d.ts[0m:[93m1013[0m:[93m60[0m - [91merror[0m[90m TS2349: [0mThis expression is not callable.
  Type 'String' has no call signatures.

[7m1013[0m      * Redirect to the given `url` with optional response `status`
[7m    [0m [91m                                                           ~~~~~~[0m
[96mnode_modules/@types/express-serve-static-core/index.d.ts[0m:[93m1016[0m:[93m23[0m - [91merror[0m[90m TS1005: [0m';' expected.

[7m1016[0m      * The resulting `url` is determined by `res.location()`, so
[7m    [0m [91m                      ~~~[0m
[96mnode_modules/@types/express-serve-static-core/index.d.ts[0m:[93m1016[0m:[93m23[0m - [91merror[0m[90m TS2304: [0mCannot find name 'url'.

[7m1016[0m      * The resulting `url` is determined by `res.location()`, so
[7m    [0m [91m                      ~~~[0m
[96mnode_modules/@types/express-serve-static-core/index.d.ts[0m:[93m1016[0m:[93m46[0m - [91merror[0m[90m TS1005: [0m';' expected.

[7m1016[0m      * The resulting `url` is determined by `res.location()`, so
[7m    [0m [91m                                             ~~~[0m
[96mnode_modules/@types/express-serve-static-core/index.d.ts[0m:[93m1016[0m:[93m46[0m - [91merror[0m[90m TS2304: [0mCannot find name 'res'.

[7m1016[0m      * The resulting `url` is determined by `res.location()`, so
[7m    [0m [91m                                             ~~~[0m
[96mnode_modules/@types/express-serve-static-core/index.d.ts[0m:[93m1018[0m:[93m9[0m - [91merror[0m[90m TS1005: [0m';' expected.

[7m1018[0m      * `"back"` etc.
[7m    [0m [91m        ~~~~~~[0m
[96mnode_modules/@types/express-serve-static-core/index.d.ts[0m:[93m1018[0m:[93m9[0m - [91merror[0m[90m TS2349: [0mThis expression is not callable.
  Type 'String' has no call signatures.

[7m1018[0m      * `"back"` etc.
[7m    [0m [91m        ~~~~~~[0m
[96mnode_modules/@types/express-serve-static-core/index.d.ts[0m:[93m1035[0m:[93m16[0m - [91merror[0m[90m TS1005: [0m';' expected.

[7m1035[0m      * Render `view` with the given `options` and optional callback `fn`.
[7m    [0m [91m               ~~~~[0m
[96mnode_modules/@types/express-serve-static-core/index.d.ts[0m:[93m1035[0m:[93m16[0m - [91merror[0m[90m TS2304: [0mCannot find name 'view'.

[7m1035[0m      * Render `view` with the given `options` and optional callback `fn`.
[7m    [0m [91m               ~~~~[0m
[96mnode_modules/@types/express-serve-static-core/index.d.ts[0m:[93m1035[0m:[93m38[0m - [91merror[0m[90m TS1005: [0m';' expected.

[7m1035[0m      * Render `view` with the given `options` and optional callback `fn`.
[7m    [0m [91m                                     ~~~~~~~[0m
[96mnode_modules/@types/express-serve-static-core/index.d.ts[0m:[93m1035[0m:[93m38[0m - [91merror[0m[90m TS2304: [0mCannot find name 'options'.

[7m1035[0m      * Render `view` with the given `options` and optional callback `fn`.
[7m    [0m [91m                                     ~~~~~~~[0m
[96mnode_modules/@types/express-serve-static-core/index.d.ts[0m:[93m1035[0m:[93m70[0m - [91merror[0m[90m TS1005: [0m';' expected.

[7m1035[0m      * Render `view` with the given `options` and optional callback `fn`.
[7m    [0m [91m                                                                     ~~[0m
[96mnode_modules/@types/express-serve-static-core/index.d.ts[0m:[93m1035[0m:[93m70[0m - [91merror[0m[90m TS2304: [0mCannot find name 'fn'.

[7m1035[0m      * Render `view` with the given `options` and optional callback `fn`.
[7m    [0m [91m                                                                     ~~[0m
[96mnode_modules/@types/express-serve-static-core/index.d.ts[0m:[93m1041[0m:[93m12[0m - [91merror[0m[90m TS1005: [0m';' expected.

[7m1041[0m      *  - `cache`     boolean hinting to the engine it should cache
[7m    [0m [91m           ~~~~~[0m
[96mnode_modules/@types/express-serve-static-core/index.d.ts[0m:[93m1041[0m:[93m12[0m - [91merror[0m[90m TS2304: [0mCannot find name 'cache'.

[7m1041[0m      *  - `cache`     boolean hinting to the engine it should cache
[7m    [0m [91m           ~~~~~[0m
[96mnode_modules/@types/express-serve-static-core/index.d.ts[0m:[93m1042[0m:[93m12[0m - [91merror[0m[90m TS1005: [0m';' expected.

[7m1042[0m      *  - `filename`  filename of the view being rendered
[7m    [0m [91m           ~~~~~~~~[0m
[96mnode_modules/@types/express-serve-static-core/index.d.ts[0m:[93m1042[0m:[93m12[0m - [91merror[0m[90m TS2304: [0mCannot find name 'filename'.

[7m1042[0m      *  - `filename`  filename of the view being rendered
[7m    [0m [91m           ~~~~~~~~[0m
[96mnode_modules/@types/express-serve-static-core/index.d.ts[0m:[93m1112[0m:[93m53[0m - [91merror[0m[90m TS1005: [0m';' expected.

[7m1112[0m      * Register the given template engine callback `fn`
[7m    [0m [91m                                                    ~~[0m
[96mnode_modules/@types/express-serve-static-core/index.d.ts[0m:[93m1112[0m:[93m53[0m - [91merror[0m[90m TS2304: [0mCannot find name 'fn'.

[7m1112[0m      * Register the given template engine callback `fn`
[7m    [0m [91m                                                    ~~[0m
[96mnode_modules/@types/express-serve-static-core/index.d.ts[0m:[93m1113[0m:[93m12[0m - [91merror[0m[90m TS1005: [0m';' expected.

[7m1113[0m      * as `ext`.
[7m    [0m [91m           ~~~[0m
[96mnode_modules/@types/express-serve-static-core/index.d.ts[0m:[93m1113[0m:[93m12[0m - [91merror[0m[90m TS2304: [0mCannot find name 'ext'.

[7m1113[0m      * as `ext`.
[7m    [0m [91m           ~~~[0m
[96mnode_modules/@types/express-serve-static-core/index.d.ts[0m:[93m1115[0m:[93m25[0m - [91merror[0m[90m TS1005: [0m';' expected.

[7m1115[0m      * By default will `require()` the engine based on the
[7m    [0m [91m                        ~~~~~~~[0m
[96mnode_modules/@types/express-serve-static-core/index.d.ts[0m:[93m1115[0m:[93m25[0m - [91merror[0m[90m TS2554: [0mExpected 1 arguments, but got 0.

[7m1115[0m      * By default will `require()` the engine based on the
[7m    [0m [91m                        ~~~~~~~~~[0m

  [96mnode_modules/@types/node/globals.d.ts[0m:[93m205[0m:[93m10[0m
    [7m205[0m         (id: string): any;
    [7m   [0m [96m         ~~~~~~~~~~[0m
    An argument for 'id' was not provided.
[96mnode_modules/@types/express-serve-static-core/index.d.ts[0m:[93m1129[0m:[93m51[0m - [91merror[0m[90m TS2304: [0mCannot find name 'path'.

[7m1129[0m      * the same signature that Express expects: `(path, options, callback)`,
[7m    [0m [91m                                                  ~~~~[0m
[96mnode_modules/@types/express-serve-static-core/index.d.ts[0m:[93m1129[0m:[93m57[0m - [91merror[0m[90m TS2304: [0mCannot find name 'options'.

[7m1129[0m      * the same signature that Express expects: `(path, options, callback)`,
[7m    [0m [91m                                                        ~~~~~~~[0m
[96mnode_modules/@types/express-serve-static-core/index.d.ts[0m:[93m1129[0m:[93m66[0m - [91merror[0m[90m TS2304: [0mCannot find name 'callback'.

[7m1129[0m      * the same signature that Express expects: `(path, options, callback)`,
[7m    [0m [91m                                                                 ~~~~~~~~[0m
[96mnode_modules/@types/express-serve-static-core/index.d.ts[0m:[93m1130[0m:[93m52[0m - [91merror[0m[90m TS1005: [0m';' expected.

[7m1130[0m      * though note that it aliases this method as `ejs.__express` internally
[7m    [0m [91m                                                   ~~~[0m
[96mnode_modules/@types/express-serve-static-core/index.d.ts[0m:[93m1130[0m:[93m52[0m - [91merror[0m[90m TS2686: [0m'ejs' refers to a UMD global, but the current file is a module. Consider adding an import instead.

[7m1130[0m      * though note that it aliases this method as `ejs.__express` internally
[7m    [0m [91m                                                   ~~~[0m
[96mnode_modules/@types/express-serve-static-core/index.d.ts[0m:[93m1130[0m:[93m56[0m - [91merror[0m[90m TS2339: [0mProperty '__express' does not exist on type 'typeof import("/Users/hariomshah/projects/personal/ikai-saas-crm-api/node_modules/@types/ejs/index")'.

[7m1130[0m      * though note that it aliases this method as `ejs.__express` internally
[7m    [0m [91m                                                       ~~~~~~~~~[0m
[96mnode_modules/@types/express-serve-static-core/index.d.ts[0m:[93m1145[0m:[93m16[0m - [91merror[0m[90m TS1005: [0m';' expected.

[7m1145[0m      * Assign `setting` to `val`, or return `setting`'s value.
[7m    [0m [91m               ~~~~~~~[0m
[96mnode_modules/@types/express-serve-static-core/index.d.ts[0m:[93m1145[0m:[93m16[0m - [91merror[0m[90m TS2304: [0mCannot find name 'setting'.

[7m1145[0m      * Assign `setting` to `val`, or return `setting`'s value.
[7m    [0m [91m               ~~~~~~~[0m
[96mnode_modules/@types/express-serve-static-core/index.d.ts[0m:[93m1145[0m:[93m29[0m - [91merror[0m[90m TS1005: [0m';' expected.

[7m1145[0m      * Assign `setting` to `val`, or return `setting`'s value.
[7m    [0m [91m                            ~~~[0m
[96mnode_modules/@types/express-serve-static-core/index.d.ts[0m:[93m1145[0m:[93m29[0m - [91merror[0m[90m TS2304: [0mCannot find name 'val'.

[7m1145[0m      * Assign `setting` to `val`, or return `setting`'s value.
[7m    [0m [91m                            ~~~[0m
[96mnode_modules/@types/express-serve-static-core/index.d.ts[0m:[93m1145[0m:[93m46[0m - [91merror[0m[90m TS1005: [0m';' expected.

[7m1145[0m      * Assign `setting` to `val`, or return `setting`'s value.
[7m    [0m [91m                                             ~~~~~~~[0m
[96mnode_modules/@types/express-serve-static-core/index.d.ts[0m:[93m1145[0m:[93m46[0m - [91merror[0m[90m TS2304: [0mCannot find name 'setting'.

[7m1145[0m      * Assign `setting` to `val`, or return `setting`'s value.
[7m    [0m [91m                                             ~~~~~~~[0m
[96mnode_modules/@types/express-serve-static-core/index.d.ts[0m:[93m1181[0m:[93m18[0m - [91merror[0m[90m TS1005: [0m';' expected.

[7m1181[0m      * Check if `setting` is enabled (truthy).
[7m    [0m [91m                 ~~~~~~~[0m
[96mnode_modules/@types/express-serve-static-core/index.d.ts[0m:[93m1181[0m:[93m18[0m - [91merror[0m[90m TS2304: [0mCannot find name 'setting'.

[7m1181[0m      * Check if `setting` is enabled (truthy).
[7m    [0m [91m                 ~~~~~~~[0m
[96mnode_modules/@types/express-serve-static-core/index.d.ts[0m:[93m1193[0m:[93m18[0m - [91merror[0m[90m TS1005: [0m';' expected.

[7m1193[0m      * Check if `setting` is disabled.
[7m    [0m [91m                 ~~~~~~~[0m
[96mnode_modules/@types/express-serve-static-core/index.d.ts[0m:[93m1193[0m:[93m18[0m - [91merror[0m[90m TS2304: [0mCannot find name 'setting'.

[7m1193[0m      * Check if `setting` is disabled.
[7m    [0m [91m                 ~~~~~~~[0m
[96mnode_modules/@types/express-serve-static-core/index.d.ts[0m:[93m1204[0m:[93m17[0m - [91merror[0m[90m TS1005: [0m';' expected.

[7m1204[0m     /** Enable `setting`. */
[7m    [0m [91m                ~~~~~~~[0m
[96mnode_modules/@types/express-serve-static-core/index.d.ts[0m:[93m1204[0m:[93m17[0m - [91merror[0m[90m TS2304: [0mCannot find name 'setting'.

[7m1204[0m     /** Enable `setting`. */
[7m    [0m [91m                ~~~~~~~[0m
[96mnode_modules/@types/express-serve-static-core/index.d.ts[0m:[93m1207[0m:[93m18[0m - [91merror[0m[90m TS1005: [0m';' expected.

[7m1207[0m     /** Disable `setting`. */
[7m    [0m [91m                 ~~~~~~~[0m
[96mnode_modules/@types/express-serve-static-core/index.d.ts[0m:[93m1207[0m:[93m18[0m - [91merror[0m[90m TS2304: [0mCannot find name 'setting'.

[7m1207[0m     /** Disable `setting`. */
[7m    [0m [91m                 ~~~~~~~[0m
[96mnode_modules/@types/express-serve-static-core/index.d.ts[0m:[93m1211[0m:[93m31[0m - [91merror[0m[90m TS1005: [0m';' expected.

[7m1211[0m      * Render the given view `name` name with `options`
[7m    [0m [91m                              ~~~~[0m
[96mnode_modules/@types/express-serve-static-core/index.d.ts[0m:[93m1211[0m:[93m31[0m - [91merror[0m[90m TS2349: [0mThis expression is not callable.
  Type 'never' has no call signatures.

[7m1211[0m      * Render the given view `name` name with `options`
[7m    [0m [91m                              ~~~~[0m
[96mnode_modules/@types/express-serve-static-core/index.d.ts[0m:[93m1211[0m:[93m48[0m - [91merror[0m[90m TS1005: [0m';' expected.

[7m1211[0m      * Render the given view `name` name with `options`
[7m    [0m [91m                                               ~~~~~~~[0m
[96mnode_modules/@types/express-serve-static-core/index.d.ts[0m:[93m1211[0m:[93m48[0m - [91merror[0m[90m TS2304: [0mCannot find name 'options'.

[7m1211[0m      * Render the given view `name` name with `options`
[7m    [0m [91m                                               ~~~~~~~[0m
[96mnode_modules/@types/express-serve-static-core/index.d.ts[0m:[93m1227[0m:[93m16[0m - [91merror[0m[90m TS1005: [0m';' expected.

[7m1227[0m      * A node `http.Server` is returned, with this
[7m    [0m [91m               ~~~~[0m
[96mnode_modules/@types/express-serve-static-core/index.d.ts[0m:[93m1227[0m:[93m16[0m - [91merror[0m[90m TS2349: [0mThis expression is not callable.
  Type 'typeof Server' has no call signatures.

[7m1227[0m      * A node `http.Server` is returned, with this
[7m    [0m [91m               ~~~~~~~~~~~[0m
[96mnode_modules/@types/express-serve-static-core/index.d.ts[0m:[93m1228[0m:[93m33[0m - [91merror[0m[90m TS1005: [0m';' expected.

[7m1228[0m      * application (which is a `Function`) as its
[7m    [0m [91m                                ~~~~~~~~[0m
[96mnode_modules/@types/express-serve-static-core/index.d.ts[0m:[93m1228[0m:[93m41[0m - [91merror[0m[90m TS2345: [0mArgument of type 'TemplateStringsArray' is not assignable to parameter of type 'string'.

[7m1228[0m      * application (which is a `Function`) as its
[7m    [0m [91m                                        ~~~~~~~~~[0m
[7m1229[0m      * callback. If you wish to create both an HTTP
[7m    [0m [91m~~~~~~~~~~~~~~~~~~~~~~~~~~~~~~~~~~~~~~~~~~~~~~~~~~~[0m
[7m ...[0m 
[7m1295[0m }
[7m    [0m [91m~[0m
[7m1296[0m 
[7m    [0m [91m[0m
[96mnode_modules/@types/express-serve-static-core/index.d.ts[0m:[93m1296[0m:[93m1[0m - [91merror[0m[90m TS1160: [0mUnterminated template literal.

[7m1296[0m 
[7m    [0m [91m[0m
[96mnode_modules/@types/express/index.d.ts[0m:[93m19[0m:[93m28[0m - [91merror[0m[90m TS2694: [0mNamespace '"/Users/hariomshah/projects/personal/ikai-saas-crm-api/node_modules/@types/express-serve-static-core/index"' has no exported member 'Express'.

[7m19[0m declare function e(): core.Express;
[7m  [0m [91m                           ~~~~~~~[0m
[96mnode_modules/@types/express/index.d.ts[0m:[93m50[0m:[93m55[0m - [91merror[0m[90m TS2344: [0mType 'Response<any, Record<string, any>>' does not satisfy the constraint 'ServerResponse<IncomingMessage>'.
  Type 'Response<any, Record<string, any>>' is missing the following properties from type 'ServerResponse<IncomingMessage>': statusCode, statusMessage, assignSocket, detachSocket, and 54 more.

[7m50[0m     var static: serveStatic.RequestHandlerConstructor<Response>;
[7m  [0m [91m                                                      ~~~~~~~~[0m
[96mnode_modules/@types/express/index.d.ts[0m:[93m63[0m:[93m59[0m - [91merror[0m[90m TS2694: [0mNamespace '"/Users/hariomshah/projects/personal/ikai-saas-crm-api/node_modules/@types/express-serve-static-core/index"' has no exported member 'Router'.

[7m63[0m     export function Router(options?: RouterOptions): core.Router;
[7m  [0m [91m                                                          ~~~~~~[0m
[96mnode_modules/@types/express/index.d.ts[0m:[93m86[0m:[93m40[0m - [91merror[0m[90m TS2694: [0mNamespace '"/Users/hariomshah/projects/personal/ikai-saas-crm-api/node_modules/@types/express-serve-static-core/index"' has no exported member 'Application'.

[7m86[0m     interface Application extends core.Application {}
[7m  [0m [91m                                       ~~~~~~~~~~~[0m
[96mnode_modules/@types/express/index.d.ts[0m:[93m87[0m:[93m42[0m - [91merror[0m[90m TS2694: [0mNamespace '"/Users/hariomshah/projects/personal/ikai-saas-crm-api/node_modules/@types/express-serve-static-core/index"' has no exported member 'CookieOptions'.

[7m87[0m     interface CookieOptions extends core.CookieOptions {}
[7m  [0m [91m                                         ~~~~~~~~~~~~~[0m
[96mnode_modules/@types/express/index.d.ts[0m:[93m88[0m:[93m36[0m - [91merror[0m[90m TS2694: [0mNamespace '"/Users/hariomshah/projects/personal/ikai-saas-crm-api/node_modules/@types/express-serve-static-core/index"' has no exported member 'Errback'.

[7m88[0m     interface Errback extends core.Errback {}
[7m  [0m [91m                                   ~~~~~~~[0m
[96mnode_modules/@types/express/index.d.ts[0m:[93m96[0m:[93m36[0m - [91merror[0m[90m TS2694: [0mNamespace '"/Users/hariomshah/projects/personal/ikai-saas-crm-api/node_modules/@types/express-serve-static-core/index"' has no exported member 'Express'.

[7m96[0m     interface Express extends core.Express {}
[7m  [0m [91m                                   ~~~~~~~[0m
[96mnode_modules/@types/express/index.d.ts[0m:[93m97[0m:[93m36[0m - [91merror[0m[90m TS2694: [0mNamespace '"/Users/hariomshah/projects/personal/ikai-saas-crm-api/node_modules/@types/express-serve-static-core/index"' has no exported member 'Handler'.

[7m97[0m     interface Handler extends core.Handler {}
[7m  [0m [91m                                   ~~~~~~~[0m
[96mnode_modules/@types/express/index.d.ts[0m:[93m98[0m:[93m35[0m - [91merror[0m[90m TS2694: [0mNamespace '"/Users/hariomshah/projects/personal/ikai-saas-crm-api/node_modules/@types/express-serve-static-core/index"' has no exported member 'IRoute'.

[7m98[0m     interface IRoute extends core.IRoute {}
[7m  [0m [91m                                  ~~~~~~[0m
[96mnode_modules/@types/express/index.d.ts[0m:[93m99[0m:[93m36[0m - [91merror[0m[90m TS2694: [0mNamespace '"/Users/hariomshah/projects/personal/ikai-saas-crm-api/node_modules/@types/express-serve-static-core/index"' has no exported member 'IRouter'.

[7m99[0m     interface IRouter extends core.IRouter {}
[7m  [0m [91m                                   ~~~~~~~[0m
[96mnode_modules/@types/express/index.d.ts[0m:[93m100[0m:[93m46[0m - [91merror[0m[90m TS2694: [0mNamespace '"/Users/hariomshah/projects/personal/ikai-saas-crm-api/node_modules/@types/express-serve-static-core/index"' has no exported member 'IRouterHandler'.

[7m100[0m     interface IRouterHandler<T> extends core.IRouterHandler<T> {}
[7m   [0m [91m                                             ~~~~~~~~~~~~~~[0m
[96mnode_modules/@types/express/index.d.ts[0m:[93m101[0m:[93m46[0m - [91merror[0m[90m TS2694: [0mNamespace '"/Users/hariomshah/projects/personal/ikai-saas-crm-api/node_modules/@types/express-serve-static-core/index"' has no exported member 'IRouterMatcher'.

[7m101[0m     interface IRouterMatcher<T> extends core.IRouterMatcher<T> {}
[7m   [0m [91m                                             ~~~~~~~~~~~~~~[0m
[96mnode_modules/@types/express/index.d.ts[0m:[93m102[0m:[93m38[0m - [91merror[0m[90m TS2694: [0mNamespace '"/Users/hariomshah/projects/personal/ikai-saas-crm-api/node_modules/@types/express-serve-static-core/index"' has no exported member 'MediaType'.

[7m102[0m     interface MediaType extends core.MediaType {}
[7m   [0m [91m                                     ~~~~~~~~~[0m
[96mnode_modules/@types/express/index.d.ts[0m:[93m111[0m:[93m20[0m - [91merror[0m[90m TS2694: [0mNamespace '"/Users/hariomshah/projects/personal/ikai-saas-crm-api/node_modules/@types/express-serve-static-core/index"' has no exported member 'Request'.

[7m111[0m     > extends core.Request<P, ResBody, ReqBody, ReqQuery, Locals> {}
[7m   [0m [91m                   ~~~~~~~[0m
[96mnode_modules/@types/express/index.d.ts[0m:[93m119[0m:[93m48[0m - [91merror[0m[90m TS2694: [0mNamespace '"/Users/hariomshah/projects/personal/ikai-saas-crm-api/node_modules/@types/express-serve-static-core/index"' has no exported member 'RequestParamHandler'.

[7m119[0m     interface RequestParamHandler extends core.RequestParamHandler {}
[7m   [0m [91m                                               ~~~~~~~~~~~~~~~~~~~[0m
[96mnode_modules/@types/express/index.d.ts[0m:[93m123[0m:[93m20[0m - [91merror[0m[90m TS2694: [0mNamespace '"/Users/hariomshah/projects/personal/ikai-saas-crm-api/node_modules/@types/express-serve-static-core/index"' has no exported member 'Response'.

[7m123[0m     > extends core.Response<ResBody, Locals> {}
[7m   [0m [91m                   ~~~~~~~~[0m
[96mnode_modules/@types/express/index.d.ts[0m:[93m124[0m:[93m35[0m - [91merror[0m[90m TS2694: [0mNamespace '"/Users/hariomshah/projects/personal/ikai-saas-crm-api/node_modules/@types/express-serve-static-core/index"' has no exported member 'Router'.

[7m124[0m     interface Router extends core.Router {}
[7m   [0m [91m                                  ~~~~~~[0m
[96mnode_modules/@types/express/index.d.ts[0m:[93m125[0m:[93m33[0m - [91merror[0m[90m TS2694: [0mNamespace '"/Users/hariomshah/projects/personal/ikai-saas-crm-api/node_modules/@types/express-serve-static-core/index"' has no exported member 'Send'.

[7m125[0m     interface Send extends core.Send {}
[7m   [0m [91m                                ~~~~[0m
[96mnode_modules/@types/lodash/common/array.d.ts[0m:[93m12[0m:[93m25[0m - [91merror[0m[90m TS2304: [0mCannot find name 'List'.

[7m12[0m         chunk<T>(array: List<T> | null | undefined, size?: number): T[][];
[7m  [0m [91m                        ~~~~[0m
[96mnode_modules/@types/lodash/common/array.d.ts[0m:[93m34[0m:[93m27[0m - [91merror[0m[90m TS2304: [0mCannot find name 'List'.

[7m34[0m         compact<T>(array: List<T | Falsey> | null | undefined): T[];
[7m  [0m [91m                          ~~~~[0m
[96mnode_modules/@types/lodash/common/array.d.ts[0m:[93m70[0m:[93m37[0m - [91merror[0m[90m TS2304: [0mCannot find name 'Many'.

[7m70[0m          concat<T>(...values: Array<Many<T>>): T[];
[7m  [0m [91m                                    ~~~~[0m
[96mnode_modules/@types/lodash/common/array.d.ts[0m:[93m76[0m:[93m33[0m - [91merror[0m[90m TS2304: [0mCannot find name 'Many'.

[7m76[0m         concat(...values: Array<Many<T>>): Collection<T>;
[7m  [0m [91m                                ~~~~[0m
[96mnode_modules/@types/lodash/common/array.d.ts[0m:[93m82[0m:[93m33[0m - [91merror[0m[90m TS2304: [0mCannot find name 'Many'.

[7m82[0m         concat(...values: Array<Many<T>>): Collection<T>;
[7m  [0m [91m                                ~~~~[0m
[96mnode_modules/@types/lodash/common/array.d.ts[0m:[93m88[0m:[93m33[0m - [91merror[0m[90m TS2304: [0mCannot find name 'Many'.

[7m88[0m         concat(...values: Array<Many<T>>): Collection<T>;
[7m  [0m [91m                                ~~~~[0m
[96mnode_modules/@types/lodash/common/array.d.ts[0m:[93m94[0m:[93m33[0m - [91merror[0m[90m TS2304: [0mCannot find name 'Many'.

[7m94[0m         concat(...values: Array<Many<T>>): CollectionChain<T>;
[7m  [0m [91m                                ~~~~[0m
[96mnode_modules/@types/lodash/common/array.d.ts[0m:[93m100[0m:[93m33[0m - [91merror[0m[90m TS2304: [0mCannot find name 'Many'.

[7m100[0m         concat(...values: Array<Many<T>>): CollectionChain<T>;
[7m   [0m [91m                                ~~~~[0m
[96mnode_modules/@types/lodash/common/array.d.ts[0m:[93m106[0m:[93m33[0m - [91merror[0m[90m TS2304: [0mCannot find name 'Many'.

[7m106[0m         concat(...values: Array<Many<T>>): CollectionChain<T>;
[7m   [0m [91m                                ~~~~[0m
[96mnode_modules/@types/lodash/common/array.d.ts[0m:[93m117[0m:[93m30[0m - [91merror[0m[90m TS2304: [0mCannot find name 'List'.

[7m117[0m         difference<T>(array: List<T> | null | undefined, ...values: Array<List<T>>): T[];
[7m   [0m [91m                             ~~~~[0m
[96mnode_modules/@types/lodash/common/array.d.ts[0m:[93m117[0m:[93m75[0m - [91merror[0m[90m TS2304: [0mCannot find name 'List'.

[7m117[0m         difference<T>(array: List<T> | null | undefined, ...values: Array<List<T>>): T[];
[7m   [0m [91m                                                                          ~~~~[0m
[96mnode_modules/@types/lodash/common/array.d.ts[0m:[93m123[0m:[93m37[0m - [91merror[0m[90m TS2304: [0mCannot find name 'List'.

[7m123[0m         difference(...values: Array<List<T>>): Collection<T>;
[7m   [0m [91m                                    ~~~~[0m
[96mnode_modules/@types/lodash/common/array.d.ts[0m:[93m129[0m:[93m37[0m - [91merror[0m[90m TS2304: [0mCannot find name 'List'.

[7m129[0m         difference(...values: Array<List<T>>): CollectionChain<T>;
[7m   [0m [91m                                    ~~~~[0m
[96mnode_modules/@types/lodash/common/array.d.ts[0m:[93m142[0m:[93m37[0m - [91merror[0m[90m TS2304: [0mCannot find name 'List'.

[7m142[0m         differenceBy<T1, T2>(array: List<T1> | null | undefined, values: List<T2>, iteratee: ValueIteratee<T1 | T2>): T1[];
[7m   [0m [91m                                    ~~~~[0m
[96mnode_modules/@types/lodash/common/array.d.ts[0m:[93m142[0m:[93m74[0m - [91merror[0m[90m TS2304: [0mCannot find name 'List'.

[7m142[0m         differenceBy<T1, T2>(array: List<T1> | null | undefined, values: List<T2>, iteratee: ValueIteratee<T1 | T2>): T1[];
[7m   [0m [91m                                                                         ~~~~[0m
[96mnode_modules/@types/lodash/common/array.d.ts[0m:[93m142[0m:[93m94[0m - [91merror[0m[90m TS2304: [0mCannot find name 'ValueIteratee'.

[7m142[0m         differenceBy<T1, T2>(array: List<T1> | null | undefined, values: List<T2>, iteratee: ValueIteratee<T1 | T2>): T1[];
[7m   [0m [91m                                                                                             ~~~~~~~~~~~~~[0m
[96mnode_modules/@types/lodash/common/array.d.ts[0m:[93m146[0m:[93m41[0m - [91merror[0m[90m TS2304: [0mCannot find name 'List'.

[7m146[0m         differenceBy<T1, T2, T3>(array: List<T1> | null | undefined, values1: List<T2>, values2: List<T3>, iteratee: ValueIteratee<T1 | T2 | T3>): T1[];
[7m   [0m [91m                                        ~~~~[0m
[96mnode_modules/@types/lodash/common/array.d.ts[0m:[93m146[0m:[93m79[0m - [91merror[0m[90m TS2304: [0mCannot find name 'List'.

[7m146[0m         differenceBy<T1, T2, T3>(array: List<T1> | null | undefined, values1: List<T2>, values2: List<T3>, iteratee: ValueIteratee<T1 | T2 | T3>): T1[];
[7m   [0m [91m                                                                              ~~~~[0m
[96mnode_modules/@types/lodash/common/array.d.ts[0m:[93m146[0m:[93m98[0m - [91merror[0m[90m TS2304: [0mCannot find name 'List'.

[7m146[0m         differenceBy<T1, T2, T3>(array: List<T1> | null | undefined, values1: List<T2>, values2: List<T3>, iteratee: ValueIteratee<T1 | T2 | T3>): T1[];
[7m   [0m [91m                                                                                                 ~~~~[0m
[96mnode_modules/@types/lodash/common/array.d.ts[0m:[93m146[0m:[93m118[0m - [91merror[0m[90m TS2304: [0mCannot find name 'ValueIteratee'.

[7m146[0m         differenceBy<T1, T2, T3>(array: List<T1> | null | undefined, values1: List<T2>, values2: List<T3>, iteratee: ValueIteratee<T1 | T2 | T3>): T1[];
[7m   [0m [91m                                                                                                                     ~~~~~~~~~~~~~[0m
[96mnode_modules/@types/lodash/common/array.d.ts[0m:[93m150[0m:[93m45[0m - [91merror[0m[90m TS2304: [0mCannot find name 'List'.

[7m150[0m         differenceBy<T1, T2, T3, T4>(array: List<T1> | null | undefined, values1: List<T2>, values2: List<T3>, values3: List<T4>, iteratee: ValueIteratee<T1 | T2 | T3 | T4>): T1[];
[7m   [0m [91m                                            ~~~~[0m
[96mnode_modules/@types/lodash/common/array.d.ts[0m:[93m150[0m:[93m83[0m - [91merror[0m[90m TS2304: [0mCannot find name 'List'.

[7m150[0m         differenceBy<T1, T2, T3, T4>(array: List<T1> | null | undefined, values1: List<T2>, values2: List<T3>, values3: List<T4>, iteratee: ValueIteratee<T1 | T2 | T3 | T4>): T1[];
[7m   [0m [91m                                                                                  ~~~~[0m
[96mnode_modules/@types/lodash/common/array.d.ts[0m:[93m150[0m:[93m102[0m - [91merror[0m[90m TS2304: [0mCannot find name 'List'.

[7m150[0m         differenceBy<T1, T2, T3, T4>(array: List<T1> | null | undefined, values1: List<T2>, values2: List<T3>, values3: List<T4>, iteratee: ValueIteratee<T1 | T2 | T3 | T4>): T1[];
[7m   [0m [91m                                                                                                     ~~~~[0m
[96mnode_modules/@types/lodash/common/array.d.ts[0m:[93m150[0m:[93m121[0m - [91merror[0m[90m TS2304: [0mCannot find name 'List'.

[7m150[0m         differenceBy<T1, T2, T3, T4>(array: List<T1> | null | undefined, values1: List<T2>, values2: List<T3>, values3: List<T4>, iteratee: ValueIteratee<T1 | T2 | T3 | T4>): T1[];
[7m   [0m [91m                                                                                                                        ~~~~[0m
[96mnode_modules/@types/lodash/common/array.d.ts[0m:[93m150[0m:[93m141[0m - [91merror[0m[90m TS2304: [0mCannot find name 'ValueIteratee'.

[7m150[0m         differenceBy<T1, T2, T3, T4>(array: List<T1> | null | undefined, values1: List<T2>, values2: List<T3>, values3: List<T4>, iteratee: ValueIteratee<T1 | T2 | T3 | T4>): T1[];
[7m   [0m [91m                                                                                                                                            ~~~~~~~~~~~~~[0m
[96mnode_modules/@types/lodash/common/array.d.ts[0m:[93m154[0m:[93m49[0m - [91merror[0m[90m TS2304: [0mCannot find name 'List'.

[7m154[0m         differenceBy<T1, T2, T3, T4, T5>(array: List<T1> | null | undefined, values1: List<T2>, values2: List<T3>, values3: List<T4>, values4: List<T5>, iteratee: ValueIteratee<T1 | T2 | T3 | T4 | T5>): T1[];
[7m   [0m [91m                                                ~~~~[0m
[96mnode_modules/@types/lodash/common/array.d.ts[0m:[93m154[0m:[93m87[0m - [91merror[0m[90m TS2304: [0mCannot find name 'List'.

[7m154[0m         differenceBy<T1, T2, T3, T4, T5>(array: List<T1> | null | undefined, values1: List<T2>, values2: List<T3>, values3: List<T4>, values4: List<T5>, iteratee: ValueIteratee<T1 | T2 | T3 | T4 | T5>): T1[];
[7m   [0m [91m                                                                                      ~~~~[0m
[96mnode_modules/@types/lodash/common/array.d.ts[0m:[93m154[0m:[93m106[0m - [91merror[0m[90m TS2304: [0mCannot find name 'List'.

[7m154[0m         differenceBy<T1, T2, T3, T4, T5>(array: List<T1> | null | undefined, values1: List<T2>, values2: List<T3>, values3: List<T4>, values4: List<T5>, iteratee: ValueIteratee<T1 | T2 | T3 | T4 | T5>): T1[];
[7m   [0m [91m                                                                                                         ~~~~[0m
[96mnode_modules/@types/lodash/common/array.d.ts[0m:[93m154[0m:[93m125[0m - [91merror[0m[90m TS2304: [0mCannot find name 'List'.

[7m154[0m         differenceBy<T1, T2, T3, T4, T5>(array: List<T1> | null | undefined, values1: List<T2>, values2: List<T3>, values3: List<T4>, values4: List<T5>, iteratee: ValueIteratee<T1 | T2 | T3 | T4 | T5>): T1[];
[7m   [0m [91m                                                                                                                            ~~~~[0m
[96mnode_modules/@types/lodash/common/array.d.ts[0m:[93m154[0m:[93m144[0m - [91merror[0m[90m TS2304: [0mCannot find name 'List'.

[7m154[0m         differenceBy<T1, T2, T3, T4, T5>(array: List<T1> | null | undefined, values1: List<T2>, values2: List<T3>, values3: List<T4>, values4: List<T5>, iteratee: ValueIteratee<T1 | T2 | T3 | T4 | T5>): T1[];
[7m   [0m [91m                                                                                                                                               ~~~~[0m
[96mnode_modules/@types/lodash/common/array.d.ts[0m:[93m154[0m:[93m164[0m - [91merror[0m[90m TS2304: [0mCannot find name 'ValueIteratee'.

[7m154[0m         differenceBy<T1, T2, T3, T4, T5>(array: List<T1> | null | undefined, values1: List<T2>, values2: List<T3>, values3: List<T4>, values4: List<T5>, iteratee: ValueIteratee<T1 | T2 | T3 | T4 | T5>): T1[];
[7m   [0m [91m                                                                                                                                                                   ~~~~~~~~~~~~~[0m
[96mnode_modules/@types/lodash/common/array.d.ts[0m:[93m158[0m:[93m53[0m - [91merror[0m[90m TS2304: [0mCannot find name 'List'.

[7m158[0m         differenceBy<T1, T2, T3, T4, T5, T6>(array: List<T1> | null | undefined, values1: List<T2>, values2: List<T3>, values3: List<T4>, values4: List<T5>, values5: List<T6>, iteratee: ValueIteratee<T1 | T2 | T3 | T4 | T5 | T6>): T1[];
[7m   [0m [91m                                                    ~~~~[0m
[96mnode_modules/@types/lodash/common/array.d.ts[0m:[93m158[0m:[93m91[0m - [91merror[0m[90m TS2304: [0mCannot find name 'List'.

[7m158[0m         differenceBy<T1, T2, T3, T4, T5, T6>(array: List<T1> | null | undefined, values1: List<T2>, values2: List<T3>, values3: List<T4>, values4: List<T5>, values5: List<T6>, iteratee: ValueIteratee<T1 | T2 | T3 | T4 | T5 | T6>): T1[];
[7m   [0m [91m                                                                                          ~~~~[0m
[96mnode_modules/@types/lodash/common/array.d.ts[0m:[93m158[0m:[93m110[0m - [91merror[0m[90m TS2304: [0mCannot find name 'List'.

[7m158[0m         differenceBy<T1, T2, T3, T4, T5, T6>(array: List<T1> | null | undefined, values1: List<T2>, values2: List<T3>, values3: List<T4>, values4: List<T5>, values5: List<T6>, iteratee: ValueIteratee<T1 | T2 | T3 | T4 | T5 | T6>): T1[];
[7m   [0m [91m                                                                                                             ~~~~[0m
[96mnode_modules/@types/lodash/common/array.d.ts[0m:[93m158[0m:[93m129[0m - [91merror[0m[90m TS2304: [0mCannot find name 'List'.

[7m158[0m         differenceBy<T1, T2, T3, T4, T5, T6>(array: List<T1> | null | undefined, values1: List<T2>, values2: List<T3>, values3: List<T4>, values4: List<T5>, values5: List<T6>, iteratee: ValueIteratee<T1 | T2 | T3 | T4 | T5 | T6>): T1[];
[7m   [0m [91m                                                                                                                                ~~~~[0m
[96mnode_modules/@types/lodash/common/array.d.ts[0m:[93m158[0m:[93m148[0m - [91merror[0m[90m TS2304: [0mCannot find name 'List'.

[7m158[0m         differenceBy<T1, T2, T3, T4, T5, T6>(array: List<T1> | null | undefined, values1: List<T2>, values2: List<T3>, values3: List<T4>, values4: List<T5>, values5: List<T6>, iteratee: ValueIteratee<T1 | T2 | T3 | T4 | T5 | T6>): T1[];
[7m   [0m [91m                                                                                                                                                   ~~~~[0m
[96mnode_modules/@types/lodash/common/array.d.ts[0m:[93m158[0m:[93m167[0m - [91merror[0m[90m TS2304: [0mCannot find name 'List'.

[7m158[0m         differenceBy<T1, T2, T3, T4, T5, T6>(array: List<T1> | null | undefined, values1: List<T2>, values2: List<T3>, values3: List<T4>, values4: List<T5>, values5: List<T6>, iteratee: ValueIteratee<T1 | T2 | T3 | T4 | T5 | T6>): T1[];
[7m   [0m [91m                                                                                                                                                                      ~~~~[0m
[96mnode_modules/@types/lodash/common/array.d.ts[0m:[93m158[0m:[93m187[0m - [91merror[0m[90m TS2304: [0mCannot find name 'ValueIteratee'.

[7m158[0m         differenceBy<T1, T2, T3, T4, T5, T6>(array: List<T1> | null | undefined, values1: List<T2>, values2: List<T3>, values3: List<T4>, values4: List<T5>, values5: List<T6>, iteratee: ValueIteratee<T1 | T2 | T3 | T4 | T5 | T6>): T1[];
[7m   [0m [91m                                                                                                                                                                                          ~~~~~~~~~~~~~[0m
[96mnode_modules/@types/lodash/common/array.d.ts[0m:[93m162[0m:[93m57[0m - [91merror[0m[90m TS2304: [0mCannot find name 'List'.

[7m162[0m         differenceBy<T1, T2, T3, T4, T5, T6, T7>(array: List<T1> | null | undefined, values1: List<T2>, values2: List<T3>, values3: List<T4>, values4: List<T5>, values5: List<T6>, ...values: Array<List<T7> | ValueIteratee<T1 | T2 | T3 | T4 | T5 | T6 | T7>>): T1[];
[7m   [0m [91m                                                        ~~~~[0m
[96mnode_modules/@types/lodash/common/array.d.ts[0m:[93m162[0m:[93m95[0m - [91merror[0m[90m TS2304: [0mCannot find name 'List'.

[7m162[0m         differenceBy<T1, T2, T3, T4, T5, T6, T7>(array: List<T1> | null | undefined, values1: List<T2>, values2: List<T3>, values3: List<T4>, values4: List<T5>, values5: List<T6>, ...values: Array<List<T7> | ValueIteratee<T1 | T2 | T3 | T4 | T5 | T6 | T7>>): T1[];
[7m   [0m [91m                                                                                              ~~~~[0m
[96mnode_modules/@types/lodash/common/array.d.ts[0m:[93m162[0m:[93m114[0m - [91merror[0m[90m TS2304: [0mCannot find name 'List'.

[7m162[0m         differenceBy<T1, T2, T3, T4, T5, T6, T7>(array: List<T1> | null | undefined, values1: List<T2>, values2: List<T3>, values3: List<T4>, values4: List<T5>, values5: List<T6>, ...values: Array<List<T7> | ValueIteratee<T1 | T2 | T3 | T4 | T5 | T6 | T7>>): T1[];
[7m   [0m [91m                                                                                                                 ~~~~[0m
[96mnode_modules/@types/lodash/common/array.d.ts[0m:[93m162[0m:[93m133[0m - [91merror[0m[90m TS2304: [0mCannot find name 'List'.

[7m162[0m         differenceBy<T1, T2, T3, T4, T5, T6, T7>(array: List<T1> | null | undefined, values1: List<T2>, values2: List<T3>, values3: List<T4>, values4: List<T5>, values5: List<T6>, ...values: Array<List<T7> | ValueIteratee<T1 | T2 | T3 | T4 | T5 | T6 | T7>>): T1[];
[7m   [0m [91m                                                                                                                                    ~~~~[0m
[96mnode_modules/@types/lodash/common/array.d.ts[0m:[93m162[0m:[93m152[0m - [91merror[0m[90m TS2304: [0mCannot find name 'List'.

[7m162[0m         differenceBy<T1, T2, T3, T4, T5, T6, T7>(array: List<T1> | null | undefined, values1: List<T2>, values2: List<T3>, values3: List<T4>, values4: List<T5>, values5: List<T6>, ...values: Array<List<T7> | ValueIteratee<T1 | T2 | T3 | T4 | T5 | T6 | T7>>): T1[];
[7m   [0m [91m                                                                                                                                                       ~~~~[0m
[96mnode_modules/@types/lodash/common/array.d.ts[0m:[93m162[0m:[93m171[0m - [91merror[0m[90m TS2304: [0mCannot find name 'List'.

[7m162[0m         differenceBy<T1, T2, T3, T4, T5, T6, T7>(array: List<T1> | null | undefined, values1: List<T2>, values2: List<T3>, values3: List<T4>, values4: List<T5>, values5: List<T6>, ...values: Array<List<T7> | ValueIteratee<T1 | T2 | T3 | T4 | T5 | T6 | T7>>): T1[];
[7m   [0m [91m                                                                                                                                                                          ~~~~[0m
[96mnode_modules/@types/lodash/common/array.d.ts[0m:[93m162[0m:[93m198[0m - [91merror[0m[90m TS2304: [0mCannot find name 'List'.

[7m162[0m         differenceBy<T1, T2, T3, T4, T5, T6, T7>(array: List<T1> | null | undefined, values1: List<T2>, values2: List<T3>, values3: List<T4>, values4: List<T5>, values5: List<T6>, ...values: Array<List<T7> | ValueIteratee<T1 | T2 | T3 | T4 | T5 | T6 | T7>>): T1[];
[7m   [0m [91m                                                                                                                                                                                                     ~~~~[0m
[96mnode_modules/@types/lodash/common/array.d.ts[0m:[93m162[0m:[93m209[0m - [91merror[0m[90m TS2304: [0mCannot find name 'ValueIteratee'.

[7m162[0m         differenceBy<T1, T2, T3, T4, T5, T6, T7>(array: List<T1> | null | undefined, values1: List<T2>, values2: List<T3>, values3: List<T4>, values4: List<T5>, values5: List<T6>, ...values: Array<List<T7> | ValueIteratee<T1 | T2 | T3 | T4 | T5 | T6 | T7>>): T1[];
[7m   [0m [91m                                                                                                                                                                                                                ~~~~~~~~~~~~~[0m
[96mnode_modules/@types/lodash/common/array.d.ts[0m:[93m166[0m:[93m32[0m - [91merror[0m[90m TS2304: [0mCannot find name 'List'.

[7m166[0m         differenceBy<T>(array: List<T> | null | undefined, ...values: Array<List<T>>): T[];
[7m   [0m [91m                               ~~~~[0m
[96mnode_modules/@types/lodash/common/array.d.ts[0m:[93m166[0m:[93m77[0m - [91merror[0m[90m TS2304: [0mCannot find name 'List'.

[7m166[0m         differenceBy<T>(array: List<T> | null | undefined, ...values: Array<List<T>>): T[];
[7m   [0m [91m                                                                            ~~~~[0m
[96mnode_modules/@types/lodash/common/array.d.ts[0m:[93m172[0m:[93m35[0m - [91merror[0m[90m TS2304: [0mCannot find name 'List'.

[7m172[0m         differenceBy<T2>(values1: List<T2>, iteratee?: ValueIteratee<T | T2>): Collection<T>;
[7m   [0m [91m                                  ~~~~[0m
[96mnode_modules/@types/lodash/common/array.d.ts[0m:[93m172[0m:[93m56[0m - [91merror[0m[90m TS2304: [0mCannot find name 'ValueIteratee'.

[7m172[0m         differenceBy<T2>(values1: List<T2>, iteratee?: ValueIteratee<T | T2>): Collection<T>;
[7m   [0m [91m                                                       ~~~~~~~~~~~~~[0m
[96mnode_modules/@types/lodash/common/array.d.ts[0m:[93m176[0m:[93m39[0m - [91merror[0m[90m TS2304: [0mCannot find name 'List'.

[7m176[0m         differenceBy(...values: Array<List<unknown> | ValueIteratee<T>>): Collection<T>;
[7m   [0m [91m                                      ~~~~[0m
[96mnode_modules/@types/lodash/common/array.d.ts[0m:[93m176[0m:[93m55[0m - [91merror[0m[90m TS2304: [0mCannot find name 'ValueIteratee'.

[7m176[0m         differenceBy(...values: Array<List<unknown> | ValueIteratee<T>>): Collection<T>;
[7m   [0m [91m                                                      ~~~~~~~~~~~~~[0m
[96mnode_modules/@types/lodash/common/array.d.ts[0m:[93m182[0m:[93m35[0m - [91merror[0m[90m TS2304: [0mCannot find name 'List'.

[7m182[0m         differenceBy<T2>(values1: List<T2>, iteratee?: ValueIteratee<T | T2>): CollectionChain<T>;
[7m   [0m [91m                                  ~~~~[0m
[96mnode_modules/@types/lodash/common/array.d.ts[0m:[93m182[0m:[93m56[0m - [91merror[0m[90m TS2304: [0mCannot find name 'ValueIteratee'.

[7m182[0m         differenceBy<T2>(values1: List<T2>, iteratee?: ValueIteratee<T | T2>): CollectionChain<T>;
[7m   [0m [91m                                                       ~~~~~~~~~~~~~[0m
[96mnode_modules/@types/lodash/common/array.d.ts[0m:[93m186[0m:[93m39[0m - [91merror[0m[90m TS2304: [0mCannot find name 'List'.

[7m186[0m         differenceBy(...values: Array<List<unknown> | ValueIteratee<T>>): CollectionChain<T>;
[7m   [0m [91m                                      ~~~~[0m
[96mnode_modules/@types/lodash/common/array.d.ts[0m:[93m186[0m:[93m55[0m - [91merror[0m[90m TS2304: [0mCannot find name 'ValueIteratee'.

[7m186[0m         differenceBy(...values: Array<List<unknown> | ValueIteratee<T>>): CollectionChain<T>;
[7m   [0m [91m                                                      ~~~~~~~~~~~~~[0m
[96mnode_modules/@types/lodash/common/array.d.ts[0m:[93m205[0m:[93m39[0m - [91merror[0m[90m TS2304: [0mCannot find name 'List'.

[7m205[0m         differenceWith<T1, T2>(array: List<T1> | null | undefined, values: List<T2>, comparator: Comparator2<T1, T2>): T1[];
[7m   [0m [91m                                      ~~~~[0m
[96mnode_modules/@types/lodash/common/array.d.ts[0m:[93m205[0m:[93m76[0m - [91merror[0m[90m TS2304: [0mCannot find name 'List'.

[7m205[0m         differenceWith<T1, T2>(array: List<T1> | null | undefined, values: List<T2>, comparator: Comparator2<T1, T2>): T1[];
[7m   [0m [91m                                                                           ~~~~[0m
[96mnode_modules/@types/lodash/common/array.d.ts[0m:[93m205[0m:[93m98[0m - [91merror[0m[90m TS2304: [0mCannot find name 'Comparator2'.

[7m205[0m         differenceWith<T1, T2>(array: List<T1> | null | undefined, values: List<T2>, comparator: Comparator2<T1, T2>): T1[];
[7m   [0m [91m                                                                                                 ~~~~~~~~~~~[0m
[96mnode_modules/@types/lodash/common/array.d.ts[0m:[93m209[0m:[93m43[0m - [91merror[0m[90m TS2304: [0mCannot find name 'List'.

[7m209[0m         differenceWith<T1, T2, T3>(array: List<T1> | null | undefined, values1: List<T2>, values2: List<T3>, comparator: Comparator2<T1, T2 | T3>): T1[];
[7m   [0m [91m                                          ~~~~[0m
[96mnode_modules/@types/lodash/common/array.d.ts[0m:[93m209[0m:[93m81[0m - [91merror[0m[90m TS2304: [0mCannot find name 'List'.

[7m209[0m         differenceWith<T1, T2, T3>(array: List<T1> | null | undefined, values1: List<T2>, values2: List<T3>, comparator: Comparator2<T1, T2 | T3>): T1[];
[7m   [0m [91m                                                                                ~~~~[0m
[96mnode_modules/@types/lodash/common/array.d.ts[0m:[93m209[0m:[93m100[0m - [91merror[0m[90m TS2304: [0mCannot find name 'List'.

[7m209[0m         differenceWith<T1, T2, T3>(array: List<T1> | null | undefined, values1: List<T2>, values2: List<T3>, comparator: Comparator2<T1, T2 | T3>): T1[];
[7m   [0m [91m                                                                                                   ~~~~[0m
[96mnode_modules/@types/lodash/common/array.d.ts[0m:[93m209[0m:[93m122[0m - [91merror[0m[90m TS2304: [0mCannot find name 'Comparator2'.

[7m209[0m         differenceWith<T1, T2, T3>(array: List<T1> | null | undefined, values1: List<T2>, values2: List<T3>, comparator: Comparator2<T1, T2 | T3>): T1[];
[7m   [0m [91m                                                                                                                         ~~~~~~~~~~~[0m
[96mnode_modules/@types/lodash/common/array.d.ts[0m:[93m213[0m:[93m47[0m - [91merror[0m[90m TS2304: [0mCannot find name 'List'.

[7m213[0m         differenceWith<T1, T2, T3, T4>(array: List<T1> | null | undefined, values1: List<T2>, values2: List<T3>, ...values: Array<List<T4> | Comparator2<T1, T2 | T3 | T4>>): T1[];
[7m   [0m [91m                                              ~~~~[0m
[96mnode_modules/@types/lodash/common/array.d.ts[0m:[93m213[0m:[93m85[0m - [91merror[0m[90m TS2304: [0mCannot find name 'List'.

[7m213[0m         differenceWith<T1, T2, T3, T4>(array: List<T1> | null | undefined, values1: List<T2>, values2: List<T3>, ...values: Array<List<T4> | Comparator2<T1, T2 | T3 | T4>>): T1[];
[7m   [0m [91m                                                                                    ~~~~[0m
[96mnode_modules/@types/lodash/common/array.d.ts[0m:[93m213[0m:[93m104[0m - [91merror[0m[90m TS2304: [0mCannot find name 'List'.

[7m213[0m         differenceWith<T1, T2, T3, T4>(array: List<T1> | null | undefined, values1: List<T2>, values2: List<T3>, ...values: Array<List<T4> | Comparator2<T1, T2 | T3 | T4>>): T1[];
[7m   [0m [91m                                                                                                       ~~~~[0m
[96mnode_modules/@types/lodash/common/array.d.ts[0m:[93m213[0m:[93m131[0m - [91merror[0m[90m TS2304: [0mCannot find name 'List'.

[7m213[0m         differenceWith<T1, T2, T3, T4>(array: List<T1> | null | undefined, values1: List<T2>, values2: List<T3>, ...values: Array<List<T4> | Comparator2<T1, T2 | T3 | T4>>): T1[];
[7m   [0m [91m                                                                                                                                  ~~~~[0m
[96mnode_modules/@types/lodash/common/array.d.ts[0m:[93m213[0m:[93m142[0m - [91merror[0m[90m TS2304: [0mCannot find name 'Comparator2'.

[7m213[0m         differenceWith<T1, T2, T3, T4>(array: List<T1> | null | undefined, values1: List<T2>, values2: List<T3>, ...values: Array<List<T4> | Comparator2<T1, T2 | T3 | T4>>): T1[];
[7m   [0m [91m                                                                                                                                             ~~~~~~~~~~~[0m
[96mnode_modules/@types/lodash/common/array.d.ts[0m:[93m217[0m:[93m34[0m - [91merror[0m[90m TS2304: [0mCannot find name 'List'.

[7m217[0m         differenceWith<T>(array: List<T> | null | undefined, ...values: Array<List<T>>): T[];
[7m   [0m [91m                                 ~~~~[0m
[96mnode_modules/@types/lodash/common/array.d.ts[0m:[93m217[0m:[93m79[0m - [91merror[0m[90m TS2304: [0mCannot find name 'List'.

[7m217[0m         differenceWith<T>(array: List<T> | null | undefined, ...values: Array<List<T>>): T[];
[7m   [0m [91m                                                                              ~~~~[0m
[96mnode_modules/@types/lodash/common/array.d.ts[0m:[93m223[0m:[93m36[0m - [91merror[0m[90m TS2304: [0mCannot find name 'List'.

[7m223[0m         differenceWith<T2>(values: List<T2>, comparator: Comparator2<T, T2>): Collection<T>;
[7m   [0m [91m                                   ~~~~[0m
[96mnode_modules/@types/lodash/common/array.d.ts[0m:[93m223[0m:[93m58[0m - [91merror[0m[90m TS2304: [0mCannot find name 'Comparator2'.

[7m223[0m         differenceWith<T2>(values: List<T2>, comparator: Comparator2<T, T2>): Collection<T>;
[7m   [0m [91m                                                         ~~~~~~~~~~~[0m
[96mnode_modules/@types/lodash/common/array.d.ts[0m:[93m227[0m:[93m53[0m - [91merror[0m[90m TS2304: [0mCannot find name 'List'.

[7m227[0m         differenceWith<T2, T3, T4>(...values: Array<List<unknown> | Comparator2<T, never>>): Collection<T>;
[7m   [0m [91m                                                    ~~~~[0m
[96mnode_modules/@types/lodash/common/array.d.ts[0m:[93m227[0m:[93m69[0m - [91merror[0m[90m TS2304: [0mCannot find name 'Comparator2'.

[7m227[0m         differenceWith<T2, T3, T4>(...values: Array<List<unknown> | Comparator2<T, never>>): Collection<T>;
[7m   [0m [91m                                                                    ~~~~~~~~~~~[0m
[96mnode_modules/@types/lodash/common/array.d.ts[0m:[93m233[0m:[93m37[0m - [91merror[0m[90m TS2304: [0mCannot find name 'List'.

[7m233[0m         differenceWith< T2>(values: List<T2>, comparator: Comparator2<T, T2>): CollectionChain<T>;
[7m   [0m [91m                                    ~~~~[0m
[96mnode_modules/@types/lodash/common/array.d.ts[0m:[93m233[0m:[93m59[0m - [91merror[0m[90m TS2304: [0mCannot find name 'Comparator2'.

[7m233[0m         differenceWith< T2>(values: List<T2>, comparator: Comparator2<T, T2>): CollectionChain<T>;
[7m   [0m [91m                                                          ~~~~~~~~~~~[0m
[96mnode_modules/@types/lodash/common/array.d.ts[0m:[93m237[0m:[93m54[0m - [91merror[0m[90m TS2304: [0mCannot find name 'List'.

[7m237[0m         differenceWith< T2, T3, T4>(...values: Array<List<unknown> | Comparator2<T, never>>): CollectionChain<T>;
[7m   [0m [91m                                                     ~~~~[0m
[96mnode_modules/@types/lodash/common/array.d.ts[0m:[93m237[0m:[93m70[0m - [91merror[0m[90m TS2304: [0mCannot find name 'Comparator2'.

[7m237[0m         differenceWith< T2, T3, T4>(...values: Array<List<unknown> | Comparator2<T, never>>): CollectionChain<T>;
[7m   [0m [91m                                                                     ~~~~~~~~~~~[0m
[96mnode_modules/@types/lodash/common/array.d.ts[0m:[93m247[0m:[93m24[0m - [91merror[0m[90m TS2304: [0mCannot find name 'List'.

[7m247[0m         drop<T>(array: List<T> | null | undefined, n?: number): T[];
[7m   [0m [91m                       ~~~~[0m
[96mnode_modules/@types/lodash/common/array.d.ts[0m:[93m269[0m:[93m29[0m - [91merror[0m[90m TS2304: [0mCannot find name 'List'.

[7m269[0m         dropRight<T>(array: List<T> | null | undefined, n?: number): T[];
[7m   [0m [91m                            ~~~~[0m
[96mnode_modules/@types/lodash/common/array.d.ts[0m:[93m292[0m:[93m34[0m - [91merror[0m[90m TS2304: [0mCannot find name 'List'.

[7m292[0m         dropRightWhile<T>(array: List<T> | null | undefined, predicate?: ListIteratee<T>): T[];
[7m   [0m [91m                                 ~~~~[0m
[96mnode_modules/@types/lodash/common/array.d.ts[0m:[93m292[0m:[93m74[0m - [91merror[0m[90m TS2304: [0mCannot find name 'ListIteratee'.

[7m292[0m         dropRightWhile<T>(array: List<T> | null | undefined, predicate?: ListIteratee<T>): T[];
[7m   [0m [91m                                                                         ~~~~~~~~~~~~[0m
[96mnode_modules/@types/lodash/common/array.d.ts[0m:[93m298[0m:[93m36[0m - [91merror[0m[90m TS2304: [0mCannot find name 'ListIteratee'.

[7m298[0m         dropRightWhile(predicate?: ListIteratee<T>): Collection<T>;
[7m   [0m [91m                                   ~~~~~~~~~~~~[0m
[96mnode_modules/@types/lodash/common/array.d.ts[0m:[93m304[0m:[93m36[0m - [91merror[0m[90m TS2304: [0mCannot find name 'ListIteratee'.

[7m304[0m         dropRightWhile(predicate?: ListIteratee<T>): CollectionChain<T>;
[7m   [0m [91m                                   ~~~~~~~~~~~~[0m
[96mnode_modules/@types/lodash/common/array.d.ts[0m:[93m315[0m:[93m29[0m - [91merror[0m[90m TS2304: [0mCannot find name 'List'.

[7m315[0m         dropWhile<T>(array: List<T> | null | undefined, predicate?: ListIteratee<T>): T[];
[7m   [0m [91m                            ~~~~[0m
[96mnode_modules/@types/lodash/common/array.d.ts[0m:[93m315[0m:[93m69[0m - [91merror[0m[90m TS2304: [0mCannot find name 'ListIteratee'.

[7m315[0m         dropWhile<T>(array: List<T> | null | undefined, predicate?: ListIteratee<T>): T[];
[7m   [0m [91m                                                                    ~~~~~~~~~~~~[0m
[96mnode_modules/@types/lodash/common/array.d.ts[0m:[93m321[0m:[93m31[0m - [91merror[0m[90m TS2304: [0mCannot find name 'ListIteratee'.

[7m321[0m         dropWhile(predicate?: ListIteratee<T>): Collection<T>;
[7m   [0m [91m                              ~~~~~~~~~~~~[0m
[96mnode_modules/@types/lodash/common/array.d.ts[0m:[93m327[0m:[93m31[0m - [91merror[0m[90m TS2304: [0mCannot find name 'ListIteratee'.

[7m327[0m         dropWhile(predicate?: ListIteratee<T>): CollectionChain<T>;
[7m   [0m [91m                              ~~~~~~~~~~~~[0m
[96mnode_modules/@types/lodash/common/array.d.ts[0m:[93m345[0m:[93m24[0m - [91merror[0m[90m TS2304: [0mCannot find name 'List'.

[7m345[0m         fill<T>(array: List<any> | null | undefined, value: T): List<T>;
[7m   [0m [91m                       ~~~~[0m
[96mnode_modules/@types/lodash/common/array.d.ts[0m:[93m345[0m:[93m65[0m - [91merror[0m[90m TS2304: [0mCannot find name 'List'.

[7m345[0m         fill<T>(array: List<any> | null | undefined, value: T): List<T>;
[7m   [0m [91m                                                                ~~~~[0m
[96mnode_modules/@types/lodash/common/array.d.ts[0m:[93m353[0m:[93m27[0m - [91merror[0m[90m TS2304: [0mCannot find name 'List'.

[7m353[0m         fill<T, U>(array: List<U> | null | undefined, value: T, start?: number, end?: number): List<T | U>;
[7m   [0m [91m                          ~~~~[0m
[96mnode_modules/@types/lodash/common/array.d.ts[0m:[93m353[0m:[93m96[0m - [91merror[0m[90m TS2304: [0mCannot find name 'List'.

[7m353[0m         fill<T, U>(array: List<U> | null | undefined, value: T, start?: number, end?: number): List<T | U>;
[7m   [0m [91m                                                                                               ~~~~[0m
[96mnode_modules/@types/lodash/common/array.d.ts[0m:[93m377[0m:[93m29[0m - [91merror[0m[90m TS2304: [0mCannot find name 'List'.

[7m377[0m         findIndex<T>(array: List<T> | null | undefined, predicate?: ListIterateeCustom<T, boolean>, fromIndex?: number): number;
[7m   [0m [91m                            ~~~~[0m
[96mnode_modules/@types/lodash/common/array.d.ts[0m:[93m377[0m:[93m69[0m - [91merror[0m[90m TS2304: [0mCannot find name 'ListIterateeCustom'.

[7m377[0m         findIndex<T>(array: List<T> | null | undefined, predicate?: ListIterateeCustom<T, boolean>, fromIndex?: number): number;
[7m   [0m [91m                                                                    ~~~~~~~~~~~~~~~~~~[0m
[96mnode_modules/@types/lodash/common/array.d.ts[0m:[93m383[0m:[93m31[0m - [91merror[0m[90m TS2304: [0mCannot find name 'ListIterateeCustom'.

[7m383[0m         findIndex(predicate?: ListIterateeCustom<T, boolean>, fromIndex?: number): number;
[7m   [0m [91m                              ~~~~~~~~~~~~~~~~~~[0m
[96mnode_modules/@types/lodash/common/array.d.ts[0m:[93m389[0m:[93m31[0m - [91merror[0m[90m TS2304: [0mCannot find name 'ListIterateeCustom'.

[7m389[0m         findIndex(predicate?: ListIterateeCustom<T, boolean>, fromIndex?: number): PrimitiveChain<number>;
[7m   [0m [91m                              ~~~~~~~~~~~~~~~~~~[0m
[96mnode_modules/@types/lodash/common/array.d.ts[0m:[93m400[0m:[93m33[0m - [91merror[0m[90m TS2304: [0mCannot find name 'List'.

[7m400[0m         findLastIndex<T>(array: List<T> | null | undefined, predicate?: ListIterateeCustom<T, boolean>, fromIndex?: number): number;
[7m   [0m [91m                                ~~~~[0m
[96mnode_modules/@types/lodash/common/array.d.ts[0m:[93m400[0m:[93m73[0m - [91merror[0m[90m TS2304: [0mCannot find name 'ListIterateeCustom'.

[7m400[0m         findLastIndex<T>(array: List<T> | null | undefined, predicate?: ListIterateeCustom<T, boolean>, fromIndex?: number): number;
[7m   [0m [91m                                                                        ~~~~~~~~~~~~~~~~~~[0m
[96mnode_modules/@types/lodash/common/array.d.ts[0m:[93m406[0m:[93m35[0m - [91merror[0m[90m TS2304: [0mCannot find name 'ListIterateeCustom'.

[7m406[0m         findLastIndex(predicate?: ListIterateeCustom<T, boolean>, fromIndex?: number): number;
[7m   [0m [91m                                  ~~~~~~~~~~~~~~~~~~[0m
[96mnode_modules/@types/lodash/common/array.d.ts[0m:[93m412[0m:[93m35[0m - [91merror[0m[90m TS2304: [0mCannot find name 'ListIterateeCustom'.

[7m412[0m         findLastIndex(predicate?: ListIterateeCustom<T, boolean>, fromIndex?: number): PrimitiveChain<number>;
[7m   [0m [91m                                  ~~~~~~~~~~~~~~~~~~[0m
[96mnode_modules/@types/lodash/common/array.d.ts[0m:[93m448[0m:[93m18[0m - [91merror[0m[90m TS2304: [0mCannot find name 'ExpChain'.

[7m448[0m         first(): ExpChain<T | undefined>;
[7m   [0m [91m                 ~~~~~~~~[0m
[96mnode_modules/@types/lodash/common/array.d.ts[0m:[93m451[0m:[93m56[0m - [91merror[0m[90m TS2304: [0mCannot find name 'List'.

[7m451[0m     interface ListOfRecursiveArraysOrValues<T> extends List<T|RecursiveArray<T>> {}
[7m   [0m [91m                                                       ~~~~[0m
[96mnode_modules/@types/lodash/common/array.d.ts[0m:[93m459[0m:[93m27[0m - [91merror[0m[90m TS2304: [0mCannot find name 'List'.

[7m459[0m         flatten<T>(array: List<Many<T>> | null | undefined): T[];
[7m   [0m [91m                          ~~~~[0m
[96mnode_modules/@types/lodash/common/array.d.ts[0m:[93m459[0m:[93m32[0m - [91merror[0m[90m TS2304: [0mCannot find name 'Many'.

[7m459[0m         flatten<T>(array: List<Many<T>> | null | undefined): T[];
[7m   [0m [91m                               ~~~~[0m
[96mnode_modules/@types/lodash/common/array.d.ts[0m:[93m483[0m:[93m30[0m - [91merror[0m[90m TS2304: [0mCannot find name 'Many'.

[7m483[0m         flatten(): T extends Many<infer U> ? Collection<U> : Collection<T>;
[7m   [0m [91m                             ~~~~[0m
[96mnode_modules/@types/lodash/common/array.d.ts[0m:[93m489[0m:[93m30[0m - [91merror[0m[90m TS2304: [0mCannot find name 'Many'.

[7m489[0m         flatten(): T extends Many<infer U> ? CollectionChain<U> : CollectionChain<T>;
[7m   [0m [91m                             ~~~~[0m
[96mnode_modules/@types/lodash/common/array.d.ts[0m:[93m492[0m:[93m54[0m - [91merror[0m[90m TS2304: [0mCannot find name 'List'.

[7m492[0m     type Flat<T> = T extends string ? T : (T extends List<any> ? never : T);
[7m   [0m [91m                                                     ~~~~[0m
[96mnode_modules/@types/lodash/common/array.d.ts[0m:[93m550[0m:[93m29[0m - [91merror[0m[90m TS2304: [0mCannot find name 'List'.

[7m550[0m         fromPairs<T>(pairs: List<[PropertyName, T]> | null | undefined): Dictionary<T>;
[7m   [0m [91m                            ~~~~[0m
[96mnode_modules/@types/lodash/common/array.d.ts[0m:[93m550[0m:[93m35[0m - [91merror[0m[90m TS2304: [0mCannot find name 'PropertyName'.

[7m550[0m         fromPairs<T>(pairs: List<[PropertyName, T]> | null | undefined): Dictionary<T>;
[7m   [0m [91m                                  ~~~~~~~~~~~~[0m
[96mnode_modules/@types/lodash/common/array.d.ts[0m:[93m550[0m:[93m74[0m - [91merror[0m[90m TS2304: [0mCannot find name 'Dictionary'.

[7m550[0m         fromPairs<T>(pairs: List<[PropertyName, T]> | null | undefined): Dictionary<T>;
[7m   [0m [91m                                                                         ~~~~~~~~~~[0m
[96mnode_modules/@types/lodash/common/array.d.ts[0m:[93m554[0m:[93m26[0m - [91merror[0m[90m TS2304: [0mCannot find name 'List'.

[7m554[0m         fromPairs(pairs: List<any[]> | null | undefined): Dictionary<any>;
[7m   [0m [91m                         ~~~~[0m
[96mnode_modules/@types/lodash/common/array.d.ts[0m:[93m554[0m:[93m59[0m - [91merror[0m[90m TS2304: [0mCannot find name 'Dictionary'.

[7m554[0m         fromPairs(pairs: List<any[]> | null | undefined): Dictionary<any>;
[7m   [0m [91m                                                          ~~~~~~~~~~[0m
[96mnode_modules/@types/lodash/common/array.d.ts[0m:[93m560[0m:[93m29[0m - [91merror[0m[90m TS2304: [0mCannot find name 'Dictionary'.

[7m560[0m         fromPairs(): Object<Dictionary<T extends [PropertyName, infer U] ? U : any>>;
[7m   [0m [91m                            ~~~~~~~~~~[0m
[96mnode_modules/@types/lodash/common/array.d.ts[0m:[93m560[0m:[93m51[0m - [91merror[0m[90m TS2304: [0mCannot find name 'PropertyName'.

[7m560[0m         fromPairs(): Object<Dictionary<T extends [PropertyName, infer U] ? U : any>>;
[7m   [0m [91m                                                  ~~~~~~~~~~~~[0m
[96mnode_modules/@types/lodash/common/array.d.ts[0m:[93m566[0m:[93m34[0m - [91merror[0m[90m TS2304: [0mCannot find name 'Dictionary'.

[7m566[0m         fromPairs(): ObjectChain<Dictionary<T extends [PropertyName, infer U] ? U : any>>;
[7m   [0m [91m                                 ~~~~~~~~~~[0m
[96mnode_modules/@types/lodash/common/array.d.ts[0m:[93m566[0m:[93m56[0m - [91merror[0m[90m TS2304: [0mCannot find name 'PropertyName'.

[7m566[0m         fromPairs(): ObjectChain<Dictionary<T extends [PropertyName, infer U] ? U : any>>;
[7m   [0m [91m                                                       ~~~~~~~~~~~~[0m
[96mnode_modules/@types/lodash/common/array.d.ts[0m:[93m578[0m:[93m24[0m - [91merror[0m[90m TS2304: [0mCannot find name 'List'.

[7m578[0m         head<T>(array: List<T> | null | undefined): T | undefined;
[7m   [0m [91m                       ~~~~[0m
[96mnode_modules/@types/lodash/common/array.d.ts[0m:[93m608[0m:[93m17[0m - [91merror[0m[90m TS2304: [0mCannot find name 'ExpChain'.

[7m608[0m         head(): ExpChain<T | undefined>;
[7m   [0m [91m                ~~~~~~~~[0m
[96mnode_modules/@types/lodash/common/array.d.ts[0m:[93m631[0m:[93m27[0m - [91merror[0m[90m TS2304: [0mCannot find name 'List'.

[7m631[0m         indexOf<T>(array: List<T> | null | undefined, value: T, fromIndex?: number): number;
[7m   [0m [91m                          ~~~~[0m
[96mnode_modules/@types/lodash/common/array.d.ts[0m:[93m652[0m:[93m27[0m - [91merror[0m[90m TS2304: [0mCannot find name 'List'.

[7m652[0m         initial<T>(array: List<T> | null | undefined): T[];
[7m   [0m [91m                          ~~~~[0m
[96mnode_modules/@types/lodash/common/array.d.ts[0m:[93m674[0m:[93m42[0m - [91merror[0m[90m TS2304: [0mCannot find name 'List'.

[7m674[0m         intersection<T>(...arrays: Array<List<T> | null | undefined>): T[];
[7m   [0m [91m                                         ~~~~[0m
[96mnode_modules/@types/lodash/common/array.d.ts[0m:[93m680[0m:[93m39[0m - [91merror[0m[90m TS2304: [0mCannot find name 'List'.

[7m680[0m         intersection(...arrays: Array<List<T> | null | undefined>): Collection<T>;
[7m   [0m [91m                                      ~~~~[0m
[96mnode_modules/@types/lodash/common/array.d.ts[0m:[93m686[0m:[93m39[0m - [91merror[0m[90m TS2304: [0mCannot find name 'List'.

[7m686[0m         intersection(...arrays: Array<List<T> | null | undefined>): CollectionChain<T>;
[7m   [0m [91m                                      ~~~~[0m
[96mnode_modules/@types/lodash/common/array.d.ts[0m:[93m707[0m:[93m39[0m - [91merror[0m[90m TS2304: [0mCannot find name 'List'.

[7m707[0m         intersectionBy<T1, T2>(array: List<T1> | null, values: List<T2>, iteratee: ValueIteratee<T1 | T2>): T1[];
[7m   [0m [91m                                      ~~~~[0m
[96mnode_modules/@types/lodash/common/array.d.ts[0m:[93m707[0m:[93m64[0m - [91merror[0m[90m TS2304: [0mCannot find name 'List'.

[7m707[0m         intersectionBy<T1, T2>(array: List<T1> | null, values: List<T2>, iteratee: ValueIteratee<T1 | T2>): T1[];
[7m   [0m [91m                                                               ~~~~[0m
[96mnode_modules/@types/lodash/common/array.d.ts[0m:[93m707[0m:[93m84[0m - [91merror[0m[90m TS2304: [0mCannot find name 'ValueIteratee'.

[7m707[0m         intersectionBy<T1, T2>(array: List<T1> | null, values: List<T2>, iteratee: ValueIteratee<T1 | T2>): T1[];
[7m   [0m [91m                                                                                   ~~~~~~~~~~~~~[0m
[96mnode_modules/@types/lodash/common/array.d.ts[0m:[93m711[0m:[93m43[0m - [91merror[0m[90m TS2304: [0mCannot find name 'List'.

[7m711[0m         intersectionBy<T1, T2, T3>(array: List<T1> | null, values1: List<T2>, values2: List<T3>, iteratee: ValueIteratee<T1 | T2 | T3>): T1[];
[7m   [0m [91m                                          ~~~~[0m
[96mnode_modules/@types/lodash/common/array.d.ts[0m:[93m711[0m:[93m69[0m - [91merror[0m[90m TS2304: [0mCannot find name 'List'.

[7m711[0m         intersectionBy<T1, T2, T3>(array: List<T1> | null, values1: List<T2>, values2: List<T3>, iteratee: ValueIteratee<T1 | T2 | T3>): T1[];
[7m   [0m [91m                                                                    ~~~~[0m
[96mnode_modules/@types/lodash/common/array.d.ts[0m:[93m711[0m:[93m88[0m - [91merror[0m[90m TS2304: [0mCannot find name 'List'.

[7m711[0m         intersectionBy<T1, T2, T3>(array: List<T1> | null, values1: List<T2>, values2: List<T3>, iteratee: ValueIteratee<T1 | T2 | T3>): T1[];
[7m   [0m [91m                                                                                       ~~~~[0m
[96mnode_modules/@types/lodash/common/array.d.ts[0m:[93m711[0m:[93m108[0m - [91merror[0m[90m TS2304: [0mCannot find name 'ValueIteratee'.

[7m711[0m         intersectionBy<T1, T2, T3>(array: List<T1> | null, values1: List<T2>, values2: List<T3>, iteratee: ValueIteratee<T1 | T2 | T3>): T1[];
[7m   [0m [91m                                                                                                           ~~~~~~~~~~~~~[0m
[96mnode_modules/@types/lodash/common/array.d.ts[0m:[93m715[0m:[93m47[0m - [91merror[0m[90m TS2304: [0mCannot find name 'List'.

[7m715[0m         intersectionBy<T1, T2, T3, T4>(array: List<T1> | null | undefined, values1: List<T2>, values2: List<T3>, ...values: Array<List<T4> | ValueIteratee<T1 | T2 | T3 | T4>>): T1[];
[7m   [0m [91m                                              ~~~~[0m
[96mnode_modules/@types/lodash/common/array.d.ts[0m:[93m715[0m:[93m85[0m - [91merror[0m[90m TS2304: [0mCannot find name 'List'.

[7m715[0m         intersectionBy<T1, T2, T3, T4>(array: List<T1> | null | undefined, values1: List<T2>, values2: List<T3>, ...values: Array<List<T4> | ValueIteratee<T1 | T2 | T3 | T4>>): T1[];
[7m   [0m [91m                                                                                    ~~~~[0m
[96mnode_modules/@types/lodash/common/array.d.ts[0m:[93m715[0m:[93m104[0m - [91merror[0m[90m TS2304: [0mCannot find name 'List'.

[7m715[0m         intersectionBy<T1, T2, T3, T4>(array: List<T1> | null | undefined, values1: List<T2>, values2: List<T3>, ...values: Array<List<T4> | ValueIteratee<T1 | T2 | T3 | T4>>): T1[];
[7m   [0m [91m                                                                                                       ~~~~[0m
[96mnode_modules/@types/lodash/common/array.d.ts[0m:[93m715[0m:[93m131[0m - [91merror[0m[90m TS2304: [0mCannot find name 'List'.

[7m715[0m         intersectionBy<T1, T2, T3, T4>(array: List<T1> | null | undefined, values1: List<T2>, values2: List<T3>, ...values: Array<List<T4> | ValueIteratee<T1 | T2 | T3 | T4>>): T1[];
[7m   [0m [91m                                                                                                                                  ~~~~[0m
[96mnode_modules/@types/lodash/common/array.d.ts[0m:[93m715[0m:[93m142[0m - [91merror[0m[90m TS2304: [0mCannot find name 'ValueIteratee'.

[7m715[0m         intersectionBy<T1, T2, T3, T4>(array: List<T1> | null | undefined, values1: List<T2>, values2: List<T3>, ...values: Array<List<T4> | ValueIteratee<T1 | T2 | T3 | T4>>): T1[];
[7m   [0m [91m                                                                                                                                             ~~~~~~~~~~~~~[0m
[96mnode_modules/@types/lodash/common/array.d.ts[0m:[93m719[0m:[93m35[0m - [91merror[0m[90m TS2304: [0mCannot find name 'List'.

[7m719[0m         intersectionBy<T>(array?: List<T> | null, ...values: Array<List<T>>): T[];
[7m   [0m [91m                                  ~~~~[0m
[96mnode_modules/@types/lodash/common/array.d.ts[0m:[93m719[0m:[93m68[0m - [91merror[0m[90m TS2304: [0mCannot find name 'List'.

[7m719[0m         intersectionBy<T>(array?: List<T> | null, ...values: Array<List<T>>): T[];
[7m   [0m [91m                                                                   ~~~~[0m
[96mnode_modules/@types/lodash/common/array.d.ts[0m:[93m723[0m:[93m44[0m - [91merror[0m[90m TS2304: [0mCannot find name 'List'.

[7m723[0m         intersectionBy<T>(...values: Array<List<T> | ValueIteratee<T>>): T[];
[7m   [0m [91m                                           ~~~~[0m
[96mnode_modules/@types/lodash/common/array.d.ts[0m:[93m723[0m:[93m54[0m - [91merror[0m[90m TS2304: [0mCannot find name 'ValueIteratee'.

[7m723[0m         intersectionBy<T>(...values: Array<List<T> | ValueIteratee<T>>): T[];
[7m   [0m [91m                                                     ~~~~~~~~~~~~~[0m
[96mnode_modules/@types/lodash/common/array.d.ts[0m:[93m729[0m:[93m36[0m - [91merror[0m[90m TS2304: [0mCannot find name 'List'.

[7m729[0m         intersectionBy<T2>(values: List<T2>, iteratee: ValueIteratee<T | T2>): Collection<T>;
[7m   [0m [91m                                   ~~~~[0m
[96mnode_modules/@types/lodash/common/array.d.ts[0m:[93m729[0m:[93m56[0m - [91merror[0m[90m TS2304: [0mCannot find name 'ValueIteratee'.

[7m729[0m         intersectionBy<T2>(values: List<T2>, iteratee: ValueIteratee<T | T2>): Collection<T>;
[7m   [0m [91m                                                       ~~~~~~~~~~~~~[0m
[96mnode_modules/@types/lodash/common/array.d.ts[0m:[93m733[0m:[93m41[0m - [91merror[0m[90m TS2304: [0mCannot find name 'List'.

[7m733[0m         intersectionBy(...values: Array<List<unknown> | ValueIteratee<T>>): Collection<T>;
[7m   [0m [91m                                        ~~~~[0m
[96mnode_modules/@types/lodash/common/array.d.ts[0m:[93m733[0m:[93m57[0m - [91merror[0m[90m TS2304: [0mCannot find name 'ValueIteratee'.

[7m733[0m         intersectionBy(...values: Array<List<unknown> | ValueIteratee<T>>): Collection<T>;
[7m   [0m [91m                                                        ~~~~~~~~~~~~~[0m
[96mnode_modules/@types/lodash/common/array.d.ts[0m:[93m739[0m:[93m36[0m - [91merror[0m[90m TS2304: [0mCannot find name 'List'.

[7m739[0m         intersectionBy<T2>(values: List<T2>, iteratee: ValueIteratee<T | T2>): CollectionChain<T>;
[7m   [0m [91m                                   ~~~~[0m
[96mnode_modules/@types/lodash/common/array.d.ts[0m:[93m739[0m:[93m56[0m - [91merror[0m[90m TS2304: [0mCannot find name 'ValueIteratee'.

[7m739[0m         intersectionBy<T2>(values: List<T2>, iteratee: ValueIteratee<T | T2>): CollectionChain<T>;
[7m   [0m [91m                                                       ~~~~~~~~~~~~~[0m
[96mnode_modules/@types/lodash/common/array.d.ts[0m:[93m743[0m:[93m41[0m - [91merror[0m[90m TS2304: [0mCannot find name 'List'.

[7m743[0m         intersectionBy(...values: Array<List<unknown> | ValueIteratee<T>>): CollectionChain<T>;
[7m   [0m [91m                                        ~~~~[0m
[96mnode_modules/@types/lodash/common/array.d.ts[0m:[93m743[0m:[93m57[0m - [91merror[0m[90m TS2304: [0mCannot find name 'ValueIteratee'.

[7m743[0m         intersectionBy(...values: Array<List<unknown> | ValueIteratee<T>>): CollectionChain<T>;
[7m   [0m [91m                                                        ~~~~~~~~~~~~~[0m
[96mnode_modules/@types/lodash/common/array.d.ts[0m:[93m763[0m:[93m41[0m - [91merror[0m[90m TS2304: [0mCannot find name 'List'.

[7m763[0m         intersectionWith<T1, T2>(array: List<T1> | null | undefined, values: List<T2>, comparator: Comparator2<T1, T1 | T2>): T1[];
[7m   [0m [91m                                        ~~~~[0m
[96mnode_modules/@types/lodash/common/array.d.ts[0m:[93m763[0m:[93m78[0m - [91merror[0m[90m TS2304: [0mCannot find name 'List'.

[7m763[0m         intersectionWith<T1, T2>(array: List<T1> | null | undefined, values: List<T2>, comparator: Comparator2<T1, T1 | T2>): T1[];
[7m   [0m [91m                                                                             ~~~~[0m
[96mnode_modules/@types/lodash/common/array.d.ts[0m:[93m763[0m:[93m100[0m - [91merror[0m[90m TS2304: [0mCannot find name 'Comparator2'.

[7m763[0m         intersectionWith<T1, T2>(array: List<T1> | null | undefined, values: List<T2>, comparator: Comparator2<T1, T1 | T2>): T1[];
[7m   [0m [91m                                                                                                   ~~~~~~~~~~~[0m
[96mnode_modules/@types/lodash/common/array.d.ts[0m:[93m767[0m:[93m45[0m - [91merror[0m[90m TS2304: [0mCannot find name 'List'.

[7m767[0m         intersectionWith<T1, T2, T3>(array: List<T1> | null | undefined, values1: List<T2>, values2: List<T3>, comparator: Comparator2<T1, T1 | T2 | T3>): T1[];
[7m   [0m [91m                                            ~~~~[0m
[96mnode_modules/@types/lodash/common/array.d.ts[0m:[93m767[0m:[93m83[0m - [91merror[0m[90m TS2304: [0mCannot find name 'List'.

[7m767[0m         intersectionWith<T1, T2, T3>(array: List<T1> | null | undefined, values1: List<T2>, values2: List<T3>, comparator: Comparator2<T1, T1 | T2 | T3>): T1[];
[7m   [0m [91m                                                                                  ~~~~[0m
[96mnode_modules/@types/lodash/common/array.d.ts[0m:[93m767[0m:[93m102[0m - [91merror[0m[90m TS2304: [0mCannot find name 'List'.

[7m767[0m         intersectionWith<T1, T2, T3>(array: List<T1> | null | undefined, values1: List<T2>, values2: List<T3>, comparator: Comparator2<T1, T1 | T2 | T3>): T1[];
[7m   [0m [91m                                                                                                     ~~~~[0m
[96mnode_modules/@types/lodash/common/array.d.ts[0m:[93m767[0m:[93m124[0m - [91merror[0m[90m TS2304: [0mCannot find name 'Comparator2'.

[7m767[0m         intersectionWith<T1, T2, T3>(array: List<T1> | null | undefined, values1: List<T2>, values2: List<T3>, comparator: Comparator2<T1, T1 | T2 | T3>): T1[];
[7m   [0m [91m                                                                                                                           ~~~~~~~~~~~[0m
[96mnode_modules/@types/lodash/common/array.d.ts[0m:[93m771[0m:[93m49[0m - [91merror[0m[90m TS2304: [0mCannot find name 'List'.

[7m771[0m         intersectionWith<T1, T2, T3, T4>(array: List<T1> | null | undefined, values1: List<T2>, values2: List<T3>, ...values: Array<List<T4> | Comparator2<T1, T1 | T2 | T3 | T4>>): T1[];
[7m   [0m [91m                                                ~~~~[0m
[96mnode_modules/@types/lodash/common/array.d.ts[0m:[93m771[0m:[93m87[0m - [91merror[0m[90m TS2304: [0mCannot find name 'List'.

[7m771[0m         intersectionWith<T1, T2, T3, T4>(array: List<T1> | null | undefined, values1: List<T2>, values2: List<T3>, ...values: Array<List<T4> | Comparator2<T1, T1 | T2 | T3 | T4>>): T1[];
[7m   [0m [91m                                                                                      ~~~~[0m
[96mnode_modules/@types/lodash/common/array.d.ts[0m:[93m771[0m:[93m106[0m - [91merror[0m[90m TS2304: [0mCannot find name 'List'.

[7m771[0m         intersectionWith<T1, T2, T3, T4>(array: List<T1> | null | undefined, values1: List<T2>, values2: List<T3>, ...values: Array<List<T4> | Comparator2<T1, T1 | T2 | T3 | T4>>): T1[];
[7m   [0m [91m                                                                                                         ~~~~[0m
[96mnode_modules/@types/lodash/common/array.d.ts[0m:[93m771[0m:[93m133[0m - [91merror[0m[90m TS2304: [0mCannot find name 'List'.

[7m771[0m         intersectionWith<T1, T2, T3, T4>(array: List<T1> | null | undefined, values1: List<T2>, values2: List<T3>, ...values: Array<List<T4> | Comparator2<T1, T1 | T2 | T3 | T4>>): T1[];
[7m   [0m [91m                                                                                                                                    ~~~~[0m
[96mnode_modules/@types/lodash/common/array.d.ts[0m:[93m771[0m:[93m144[0m - [91merror[0m[90m TS2304: [0mCannot find name 'Comparator2'.

[7m771[0m         intersectionWith<T1, T2, T3, T4>(array: List<T1> | null | undefined, values1: List<T2>, values2: List<T3>, ...values: Array<List<T4> | Comparator2<T1, T1 | T2 | T3 | T4>>): T1[];
[7m   [0m [91m                                                                                                                                               ~~~~~~~~~~~[0m
[96mnode_modules/@types/lodash/common/array.d.ts[0m:[93m775[0m:[93m37[0m - [91merror[0m[90m TS2304: [0mCannot find name 'List'.

[7m775[0m         intersectionWith<T>(array?: List<T> | null, ...values: Array<List<T> | Comparator2<T, never>>): T[];
[7m   [0m [91m                                    ~~~~[0m
[96mnode_modules/@types/lodash/common/array.d.ts[0m:[93m775[0m:[93m70[0m - [91merror[0m[90m TS2304: [0mCannot find name 'List'.

[7m775[0m         intersectionWith<T>(array?: List<T> | null, ...values: Array<List<T> | Comparator2<T, never>>): T[];
[7m   [0m [91m                                                                     ~~~~[0m
[96mnode_modules/@types/lodash/common/array.d.ts[0m:[93m775[0m:[93m80[0m - [91merror[0m[90m TS2304: [0mCannot find name 'Comparator2'.

[7m775[0m         intersectionWith<T>(array?: List<T> | null, ...values: Array<List<T> | Comparator2<T, never>>): T[];
[7m   [0m [91m                                                                               ~~~~~~~~~~~[0m
[96mnode_modules/@types/lodash/common/array.d.ts[0m:[93m781[0m:[93m38[0m - [91merror[0m[90m TS2304: [0mCannot find name 'List'.

[7m781[0m         intersectionWith<T2>(values: List<T2>, comparator: Comparator2<T, T | T2>): Collection<T>;
[7m   [0m [91m                                     ~~~~[0m
[96mnode_modules/@types/lodash/common/array.d.ts[0m:[93m781[0m:[93m60[0m - [91merror[0m[90m TS2304: [0mCannot find name 'Comparator2'.

[7m781[0m         intersectionWith<T2>(values: List<T2>, comparator: Comparator2<T, T | T2>): Collection<T>;
[7m   [0m [91m                                                           ~~~~~~~~~~~[0m
[96mnode_modules/@types/lodash/common/array.d.ts[0m:[93m785[0m:[93m43[0m - [91merror[0m[90m TS2304: [0mCannot find name 'List'.

[7m785[0m         intersectionWith(...values: Array<List<unknown> | Comparator2<T,  never>>): Collection<T>;
[7m   [0m [91m                                          ~~~~[0m
[96mnode_modules/@types/lodash/common/array.d.ts[0m:[93m785[0m:[93m59[0m - [91merror[0m[90m TS2304: [0mCannot find name 'Comparator2'.

[7m785[0m         intersectionWith(...values: Array<List<unknown> | Comparator2<T,  never>>): Collection<T>;
[7m   [0m [91m                                                          ~~~~~~~~~~~[0m
[96mnode_modules/@types/lodash/common/array.d.ts[0m:[93m791[0m:[93m38[0m - [91merror[0m[90m TS2304: [0mCannot find name 'List'.

[7m791[0m         intersectionWith<T2>(values: List<T2>, comparator: Comparator2<T, T | T2>): CollectionChain<T>;
[7m   [0m [91m                                     ~~~~[0m
[96mnode_modules/@types/lodash/common/array.d.ts[0m:[93m791[0m:[93m60[0m - [91merror[0m[90m TS2304: [0mCannot find name 'Comparator2'.

[7m791[0m         intersectionWith<T2>(values: List<T2>, comparator: Comparator2<T, T | T2>): CollectionChain<T>;
[7m   [0m [91m                                                           ~~~~~~~~~~~[0m
[96mnode_modules/@types/lodash/common/array.d.ts[0m:[93m795[0m:[93m43[0m - [91merror[0m[90m TS2304: [0mCannot find name 'List'.

[7m795[0m         intersectionWith(...values: Array<List<unknown> | Comparator2<T,  never>>): CollectionChain<T>;
[7m   [0m [91m                                          ~~~~[0m
[96mnode_modules/@types/lodash/common/array.d.ts[0m:[93m795[0m:[93m59[0m - [91merror[0m[90m TS2304: [0mCannot find name 'Comparator2'.

[7m795[0m         intersectionWith(...values: Array<List<unknown> | Comparator2<T,  never>>): CollectionChain<T>;
[7m   [0m [91m                                                          ~~~~~~~~~~~[0m
[96mnode_modules/@types/lodash/common/array.d.ts[0m:[93m805[0m:[93m21[0m - [91merror[0m[90m TS2304: [0mCannot find name 'List'.

[7m805[0m         join(array: List<any> | null | undefined, separator?: string): string;
[7m   [0m [91m                    ~~~~[0m
[96mnode_modules/@types/lodash/common/array.d.ts[0m:[93m844[0m:[93m24[0m - [91merror[0m[90m TS2304: [0mCannot find name 'List'.

[7m844[0m         last<T>(array: List<T> | null | undefined): T | undefined;
[7m   [0m [91m                       ~~~~[0m
[96mnode_modules/@types/lodash/common/array.d.ts[0m:[93m856[0m:[93m17[0m - [91merror[0m[90m TS2304: [0mCannot find name 'ExpChain'.

[7m856[0m         last(): ExpChain<T | undefined>;
[7m   [0m [91m                ~~~~~~~~[0m
[96mnode_modules/@types/lodash/common/array.d.ts[0m:[93m885[0m:[93m31[0m - [91merror[0m[90m TS2304: [0mCannot find name 'List'.

[7m885[0m         lastIndexOf<T>(array: List<T> | null | undefined, value: T, fromIndex?: true|number): number;
[7m   [0m [91m                              ~~~~[0m
[96mnode_modules/@types/lodash/common/array.d.ts[0m:[93m907[0m:[93m23[0m - [91merror[0m[90m TS2304: [0mCannot find name 'List'.

[7m907[0m         nth<T>(array: List<T> | null | undefined, n?: number): T | undefined;
[7m   [0m [91m                      ~~~~[0m
[96mnode_modules/@types/lodash/common/array.d.ts[0m:[93m919[0m:[93m26[0m - [91merror[0m[90m TS2304: [0mCannot find name 'ExpChain'.

[7m919[0m         nth(n?: number): ExpChain<T | undefined>;
[7m   [0m [91m                         ~~~~~~~~[0m
[96mnode_modules/@types/lodash/common/array.d.ts[0m:[93m935[0m:[93m24[0m - [91merror[0m[90m TS2304: [0mCannot find name 'List'.

[7m935[0m         pull<T>(array: List<T>, ...values: T[]): List<T>;
[7m   [0m [91m                       ~~~~[0m
[96mnode_modules/@types/lodash/common/array.d.ts[0m:[93m935[0m:[93m50[0m - [91merror[0m[90m TS2304: [0mCannot find name 'List'.

[7m935[0m         pull<T>(array: List<T>, ...values: T[]): List<T>;
[7m   [0m [91m                                                 ~~~~[0m
[96mnode_modules/@types/lodash/common/array.d.ts[0m:[93m967[0m:[93m41[0m - [91merror[0m[90m TS2304: [0mCannot find name 'List'.

[7m967[0m         pullAll<T>(array: T[], values?: List<T>): T[];
[7m   [0m [91m                                        ~~~~[0m
[96mnode_modules/@types/lodash/common/array.d.ts[0m:[93m971[0m:[93m27[0m - [91merror[0m[90m TS2304: [0mCannot find name 'List'.

[7m971[0m         pullAll<T>(array: List<T>, values?: List<T>): List<T>;
[7m   [0m [91m                          ~~~~[0m
[96mnode_modules/@types/lodash/common/array.d.ts[0m:[93m971[0m:[93m45[0m - [91merror[0m[90m TS2304: [0mCannot find name 'List'.

[7m971[0m         pullAll<T>(array: List<T>, values?: List<T>): List<T>;
[7m   [0m [91m                                            ~~~~[0m
[96mnode_modules/@types/lodash/common/array.d.ts[0m:[93m971[0m:[93m55[0m - [91merror[0m[90m TS2304: [0mCannot find name 'List'.

[7m971[0m         pullAll<T>(array: List<T>, values?: List<T>): List<T>;
[7m   [0m [91m                                                      ~~~~[0m
[96mnode_modules/@types/lodash/common/array.d.ts[0m:[93m977[0m:[93m26[0m - [91merror[0m[90m TS2304: [0mCannot find name 'List'.

[7m977[0m         pullAll(values?: List<T>): Collection<T>;
[7m   [0m [91m                         ~~~~[0m
[96mnode_modules/@types/lodash/common/array.d.ts[0m:[93m983[0m:[93m26[0m - [91merror[0m[90m TS2304: [0mCannot find name 'List'.

[7m983[0m         pullAll(values?: List<T>): CollectionChain<T>;
[7m   [0m [91m                         ~~~~[0m
[96mnode_modules/@types/lodash/common/array.d.ts[0m:[93m1006[0m:[93m43[0m - [91merror[0m[90m TS2304: [0mCannot find name 'List'.

[7m1006[0m         pullAllBy<T>(array: T[], values?: List<T>, iteratee?: ValueIteratee<T>): T[];
[7m    [0m [91m                                          ~~~~[0m
[96mnode_modules/@types/lodash/common/array.d.ts[0m:[93m1006[0m:[93m63[0m - [91merror[0m[90m TS2304: [0mCannot find name 'ValueIteratee'.

[7m1006[0m         pullAllBy<T>(array: T[], values?: List<T>, iteratee?: ValueIteratee<T>): T[];
[7m    [0m [91m                                                              ~~~~~~~~~~~~~[0m
[96mnode_modules/@types/lodash/common/array.d.ts[0m:[93m1010[0m:[93m29[0m - [91merror[0m[90m TS2304: [0mCannot find name 'List'.

[7m1010[0m         pullAllBy<T>(array: List<T>, values?: List<T>, iteratee?: ValueIteratee<T>): List<T>;
[7m    [0m [91m                            ~~~~[0m
[96mnode_modules/@types/lodash/common/array.d.ts[0m:[93m1010[0m:[93m47[0m - [91merror[0m[90m TS2304: [0mCannot find name 'List'.

[7m1010[0m         pullAllBy<T>(array: List<T>, values?: List<T>, iteratee?: ValueIteratee<T>): List<T>;
[7m    [0m [91m                                              ~~~~[0m
[96mnode_modules/@types/lodash/common/array.d.ts[0m:[93m1010[0m:[93m67[0m - [91merror[0m[90m TS2304: [0mCannot find name 'ValueIteratee'.

[7m1010[0m         pullAllBy<T>(array: List<T>, values?: List<T>, iteratee?: ValueIteratee<T>): List<T>;
[7m    [0m [91m                                                                  ~~~~~~~~~~~~~[0m
[96mnode_modules/@types/lodash/common/array.d.ts[0m:[93m1010[0m:[93m86[0m - [91merror[0m[90m TS2304: [0mCannot find name 'List'.

[7m1010[0m         pullAllBy<T>(array: List<T>, values?: List<T>, iteratee?: ValueIteratee<T>): List<T>;
[7m    [0m [91m                                                                                     ~~~~[0m
[96mnode_modules/@types/lodash/common/array.d.ts[0m:[93m1014[0m:[93m48[0m - [91merror[0m[90m TS2304: [0mCannot find name 'List'.

[7m1014[0m         pullAllBy<T1, T2>(array: T1[], values: List<T2>, iteratee: ValueIteratee<T1 | T2>): T1[];
[7m    [0m [91m                                               ~~~~[0m
[96mnode_modules/@types/lodash/common/array.d.ts[0m:[93m1014[0m:[93m68[0m - [91merror[0m[90m TS2304: [0mCannot find name 'ValueIteratee'.

[7m1014[0m         pullAllBy<T1, T2>(array: T1[], values: List<T2>, iteratee: ValueIteratee<T1 | T2>): T1[];
[7m    [0m [91m                                                                   ~~~~~~~~~~~~~[0m
[96mnode_modules/@types/lodash/common/array.d.ts[0m:[93m1018[0m:[93m34[0m - [91merror[0m[90m TS2304: [0mCannot find name 'List'.

[7m1018[0m         pullAllBy<T1, T2>(array: List<T1>, values: List<T2>, iteratee: ValueIteratee<T1 | T2>): List<T1>;
[7m    [0m [91m                                 ~~~~[0m
[96mnode_modules/@types/lodash/common/array.d.ts[0m:[93m1018[0m:[93m52[0m - [91merror[0m[90m TS2304: [0mCannot find name 'List'.

[7m1018[0m         pullAllBy<T1, T2>(array: List<T1>, values: List<T2>, iteratee: ValueIteratee<T1 | T2>): List<T1>;
[7m    [0m [91m                                                   ~~~~[0m
[96mnode_modules/@types/lodash/common/array.d.ts[0m:[93m1018[0m:[93m72[0m - [91merror[0m[90m TS2304: [0mCannot find name 'ValueIteratee'.

[7m1018[0m         pullAllBy<T1, T2>(array: List<T1>, values: List<T2>, iteratee: ValueIteratee<T1 | T2>): List<T1>;
[7m    [0m [91m                                                                       ~~~~~~~~~~~~~[0m
[96mnode_modules/@types/lodash/common/array.d.ts[0m:[93m1018[0m:[93m97[0m - [91merror[0m[90m TS2304: [0mCannot find name 'List'.

[7m1018[0m         pullAllBy<T1, T2>(array: List<T1>, values: List<T2>, iteratee: ValueIteratee<T1 | T2>): List<T1>;
[7m    [0m [91m                                                                                                ~~~~[0m
[96mnode_modules/@types/lodash/common/array.d.ts[0m:[93m1024[0m:[93m32[0m - [91merror[0m[90m TS2304: [0mCannot find name 'List'.

[7m1024[0m         pullAllBy<T2>(values?: List<T2>, iteratee?: ValueIteratee<T | T2>): Collection<T>;
[7m    [0m [91m                               ~~~~[0m
[96mnode_modules/@types/lodash/common/array.d.ts[0m:[93m1024[0m:[93m53[0m - [91merror[0m[90m TS2304: [0mCannot find name 'ValueIteratee'.

[7m1024[0m         pullAllBy<T2>(values?: List<T2>, iteratee?: ValueIteratee<T | T2>): Collection<T>;
[7m    [0m [91m                                                    ~~~~~~~~~~~~~[0m
[96mnode_modules/@types/lodash/common/array.d.ts[0m:[93m1030[0m:[93m32[0m - [91merror[0m[90m TS2304: [0mCannot find name 'List'.

[7m1030[0m         pullAllBy<T2>(values?: List<T2>, iteratee?: ValueIteratee<T | T2>): CollectionChain<T>;
[7m    [0m [91m                               ~~~~[0m
[96mnode_modules/@types/lodash/common/array.d.ts[0m:[93m1030[0m:[93m53[0m - [91merror[0m[90m TS2304: [0mCannot find name 'ValueIteratee'.

[7m1030[0m         pullAllBy<T2>(values?: List<T2>, iteratee?: ValueIteratee<T | T2>): CollectionChain<T>;
[7m    [0m [91m                                                    ~~~~~~~~~~~~~[0m
[96mnode_modules/@types/lodash/common/array.d.ts[0m:[93m1053[0m:[93m45[0m - [91merror[0m[90m TS2304: [0mCannot find name 'List'.

[7m1053[0m         pullAllWith<T>(array: T[], values?: List<T>, comparator?: Comparator<T>): T[];
[7m    [0m [91m                                            ~~~~[0m
[96mnode_modules/@types/lodash/common/array.d.ts[0m:[93m1053[0m:[93m67[0m - [91merror[0m[90m TS2304: [0mCannot find name 'Comparator'.

[7m1053[0m         pullAllWith<T>(array: T[], values?: List<T>, comparator?: Comparator<T>): T[];
[7m    [0m [91m                                                                  ~~~~~~~~~~[0m
[96mnode_modules/@types/lodash/common/array.d.ts[0m:[93m1057[0m:[93m31[0m - [91merror[0m[90m TS2304: [0mCannot find name 'List'.

[7m1057[0m         pullAllWith<T>(array: List<T>, values?: List<T>, comparator?: Comparator<T>): List<T>;
[7m    [0m [91m                              ~~~~[0m
[96mnode_modules/@types/lodash/common/array.d.ts[0m:[93m1057[0m:[93m49[0m - [91merror[0m[90m TS2304: [0mCannot find name 'List'.

[7m1057[0m         pullAllWith<T>(array: List<T>, values?: List<T>, comparator?: Comparator<T>): List<T>;
[7m    [0m [91m                                                ~~~~[0m
[96mnode_modules/@types/lodash/common/array.d.ts[0m:[93m1057[0m:[93m71[0m - [91merror[0m[90m TS2304: [0mCannot find name 'Comparator'.

[7m1057[0m         pullAllWith<T>(array: List<T>, values?: List<T>, comparator?: Comparator<T>): List<T>;
[7m    [0m [91m                                                                      ~~~~~~~~~~[0m
[96mnode_modules/@types/lodash/common/array.d.ts[0m:[93m1057[0m:[93m87[0m - [91merror[0m[90m TS2304: [0mCannot find name 'List'.

[7m1057[0m         pullAllWith<T>(array: List<T>, values?: List<T>, comparator?: Comparator<T>): List<T>;
[7m    [0m [91m                                                                                      ~~~~[0m
[96mnode_modules/@types/lodash/common/array.d.ts[0m:[93m1061[0m:[93m50[0m - [91merror[0m[90m TS2304: [0mCannot find name 'List'.

[7m1061[0m         pullAllWith<T1, T2>(array: T1[], values: List<T2>, comparator: Comparator2<T1, T2>): T1[];
[7m    [0m [91m                                                 ~~~~[0m
[96mnode_modules/@types/lodash/common/array.d.ts[0m:[93m1061[0m:[93m72[0m - [91merror[0m[90m TS2304: [0mCannot find name 'Comparator2'.

[7m1061[0m         pullAllWith<T1, T2>(array: T1[], values: List<T2>, comparator: Comparator2<T1, T2>): T1[];
[7m    [0m [91m                                                                       ~~~~~~~~~~~[0m
[96mnode_modules/@types/lodash/common/array.d.ts[0m:[93m1065[0m:[93m36[0m - [91merror[0m[90m TS2304: [0mCannot find name 'List'.

[7m1065[0m         pullAllWith<T1, T2>(array: List<T1>, values: List<T2>, comparator: Comparator2<T1, T2>): List<T1>;
[7m    [0m [91m                                   ~~~~[0m
[96mnode_modules/@types/lodash/common/array.d.ts[0m:[93m1065[0m:[93m54[0m - [91merror[0m[90m TS2304: [0mCannot find name 'List'.

[7m1065[0m         pullAllWith<T1, T2>(array: List<T1>, values: List<T2>, comparator: Comparator2<T1, T2>): List<T1>;
[7m    [0m [91m                                                     ~~~~[0m
[96mnode_modules/@types/lodash/common/array.d.ts[0m:[93m1065[0m:[93m76[0m - [91merror[0m[90m TS2304: [0mCannot find name 'Comparator2'.

[7m1065[0m         pullAllWith<T1, T2>(array: List<T1>, values: List<T2>, comparator: Comparator2<T1, T2>): List<T1>;
[7m    [0m [91m                                                                           ~~~~~~~~~~~[0m
[96mnode_modules/@types/lodash/common/array.d.ts[0m:[93m1065[0m:[93m98[0m - [91merror[0m[90m TS2304: [0mCannot find name 'List'.

[7m1065[0m         pullAllWith<T1, T2>(array: List<T1>, values: List<T2>, comparator: Comparator2<T1, T2>): List<T1>;
[7m    [0m [91m                                                                                                 ~~~~[0m
[96mnode_modules/@types/lodash/common/array.d.ts[0m:[93m1071[0m:[93m34[0m - [91merror[0m[90m TS2304: [0mCannot find name 'List'.

[7m1071[0m         pullAllWith<T2>(values?: List<T2>, comparator?: Comparator2<T, T2>): Collection<T>;
[7m    [0m [91m                                 ~~~~[0m
[96mnode_modules/@types/lodash/common/array.d.ts[0m:[93m1071[0m:[93m57[0m - [91merror[0m[90m TS2304: [0mCannot find name 'Comparator2'.

[7m1071[0m         pullAllWith<T2>(values?: List<T2>, comparator?: Comparator2<T, T2>): Collection<T>;
[7m    [0m [91m                                                        ~~~~~~~~~~~[0m
[96mnode_modules/@types/lodash/common/array.d.ts[0m:[93m1077[0m:[93m34[0m - [91merror[0m[90m TS2304: [0mCannot find name 'List'.

[7m1077[0m         pullAllWith<T2>(values?: List<T2>, comparator?: Comparator2<T, T2>): CollectionChain<T>;
[7m    [0m [91m                                 ~~~~[0m
[96mnode_modules/@types/lodash/common/array.d.ts[0m:[93m1077[0m:[93m57[0m - [91merror[0m[90m TS2304: [0mCannot find name 'Comparator2'.

[7m1077[0m         pullAllWith<T2>(values?: List<T2>, comparator?: Comparator2<T, T2>): CollectionChain<T>;
[7m    [0m [91m                                                        ~~~~~~~~~~~[0m
[96mnode_modules/@types/lodash/common/array.d.ts[0m:[93m1090[0m:[93m49[0m - [91merror[0m[90m TS2304: [0mCannot find name 'Many'.

[7m1090[0m         pullAt<T>(array: T[], ...indexes: Array<Many<number>>): T[];
[7m    [0m [91m                                                ~~~~[0m
[96mnode_modules/@types/lodash/common/array.d.ts[0m:[93m1094[0m:[93m26[0m - [91merror[0m[90m TS2304: [0mCannot find name 'List'.

[7m1094[0m         pullAt<T>(array: List<T>, ...indexes: Array<Many<number>>): List<T>;
[7m    [0m [91m                         ~~~~[0m
[96mnode_modules/@types/lodash/common/array.d.ts[0m:[93m1094[0m:[93m53[0m - [91merror[0m[90m TS2304: [0mCannot find name 'Many'.

[7m1094[0m         pullAt<T>(array: List<T>, ...indexes: Array<Many<number>>): List<T>;
[7m    [0m [91m                                                    ~~~~[0m
[96mnode_modules/@types/lodash/common/array.d.ts[0m:[93m1094[0m:[93m69[0m - [91merror[0m[90m TS2304: [0mCannot find name 'List'.

[7m1094[0m         pullAt<T>(array: List<T>, ...indexes: Array<Many<number>>): List<T>;
[7m    [0m [91m                                                                    ~~~~[0m
[96mnode_modules/@types/lodash/common/array.d.ts[0m:[93m1100[0m:[93m34[0m - [91merror[0m[90m TS2304: [0mCannot find name 'Many'.

[7m1100[0m         pullAt(...indexes: Array<Many<number>>): Collection<T>;
[7m    [0m [91m                                 ~~~~[0m
[96mnode_modules/@types/lodash/common/array.d.ts[0m:[93m1106[0m:[93m34[0m - [91merror[0m[90m TS2304: [0mCannot find name 'Many'.

[7m1106[0m         pullAt(...indexes: Array<Many<number>>): CollectionChain<T>;
[7m    [0m [91m                                 ~~~~[0m
[96mnode_modules/@types/lodash/common/array.d.ts[0m:[93m1119[0m:[93m26[0m - [91merror[0m[90m TS2304: [0mCannot find name 'List'.

[7m1119[0m         remove<T>(array: List<T>, predicate?: ListIteratee<T>): T[];
[7m    [0m [91m                         ~~~~[0m
[96mnode_modules/@types/lodash/common/array.d.ts[0m:[93m1119[0m:[93m47[0m - [91merror[0m[90m TS2304: [0mCannot find name 'ListIteratee'.

[7m1119[0m         remove<T>(array: List<T>, predicate?: ListIteratee<T>): T[];
[7m    [0m [91m                                              ~~~~~~~~~~~~[0m
[96mnode_modules/@types/lodash/common/array.d.ts[0m:[93m1125[0m:[93m28[0m - [91merror[0m[90m TS2304: [0mCannot find name 'ListIteratee'.

[7m1125[0m         remove(predicate?: ListIteratee<T>): Collection<T>;
[7m    [0m [91m                           ~~~~~~~~~~~~[0m
[96mnode_modules/@types/lodash/common/array.d.ts[0m:[93m1131[0m:[93m28[0m - [91merror[0m[90m TS2304: [0mCannot find name 'ListIteratee'.

[7m1131[0m         remove(predicate?: ListIteratee<T>): CollectionChain<T>;
[7m    [0m [91m                           ~~~~~~~~~~~~[0m
[96mnode_modules/@types/lodash/common/array.d.ts[0m:[93m1153[0m:[93m31[0m - [91merror[0m[90m TS2304: [0mCannot find name 'List'.

[7m1153[0m         reverse<TList extends List<any>>(array: TList): TList;
[7m    [0m [91m                              ~~~~[0m
[96mnode_modules/@types/lodash/common/array.d.ts[0m:[93m1164[0m:[93m25[0m - [91merror[0m[90m TS2304: [0mCannot find name 'List'.

[7m1164[0m         slice<T>(array: List<T> | null | undefined, start?: number, end?: number): T[];
[7m    [0m [91m                        ~~~~[0m
[96mnode_modules/@types/lodash/common/array.d.ts[0m:[93m1195[0m:[93m31[0m - [91merror[0m[90m TS2304: [0mCannot find name 'List'.

[7m1195[0m         sortedIndex<T>(array: List<T> | null | undefined, value: T): number;
[7m    [0m [91m                              ~~~~[0m
[96mnode_modules/@types/lodash/common/array.d.ts[0m:[93m1226[0m:[93m31[0m - [91merror[0m[90m TS2304: [0mCannot find name 'List'.

[7m1226[0m         sortedIndex<T>(array: List<T> | null | undefined, value: T): number;
[7m    [0m [91m                              ~~~~[0m
[96mnode_modules/@types/lodash/common/array.d.ts[0m:[93m1262[0m:[93m33[0m - [91merror[0m[90m TS2304: [0mCannot find name 'List'.

[7m1262[0m         sortedIndexBy<T>(array: List<T> | null | undefined, value: T, iteratee?: ValueIteratee<T>): number;
[7m    [0m [91m                                ~~~~[0m
[96mnode_modules/@types/lodash/common/array.d.ts[0m:[93m1262[0m:[93m82[0m - [91merror[0m[90m TS2304: [0mCannot find name 'ValueIteratee'.

[7m1262[0m         sortedIndexBy<T>(array: List<T> | null | undefined, value: T, iteratee?: ValueIteratee<T>): number;
[7m    [0m [91m                                                                                 ~~~~~~~~~~~~~[0m
[96mnode_modules/@types/lodash/common/array.d.ts[0m:[93m1268[0m:[93m44[0m - [91merror[0m[90m TS2304: [0mCannot find name 'ValueIteratee'.

[7m1268[0m         sortedIndexBy(value: T, iteratee?: ValueIteratee<T>): number;
[7m    [0m [91m                                           ~~~~~~~~~~~~~[0m
[96mnode_modules/@types/lodash/common/array.d.ts[0m:[93m1274[0m:[93m44[0m - [91merror[0m[90m TS2304: [0mCannot find name 'ValueIteratee'.

[7m1274[0m         sortedIndexBy(value: T, iteratee?: ValueIteratee<T>): PrimitiveChain<number>;
[7m    [0m [91m                                           ~~~~~~~~~~~~~[0m
[96mnode_modules/@types/lodash/common/array.d.ts[0m:[93m1290[0m:[93m33[0m - [91merror[0m[90m TS2304: [0mCannot find name 'List'.

[7m1290[0m         sortedIndexOf<T>(array: List<T> | null | undefined, value: T): number;
[7m    [0m [91m                                ~~~~[0m
[96mnode_modules/@types/lodash/common/array.d.ts[0m:[93m1319[0m:[93m35[0m - [91merror[0m[90m TS2304: [0mCannot find name 'List'.

[7m1319[0m         sortedLastIndex<T>(array: List<T> | null | undefined, value: T): number;
[7m    [0m [91m                                  ~~~~[0m
[96mnode_modules/@types/lodash/common/array.d.ts[0m:[93m1350[0m:[93m37[0m - [91merror[0m[90m TS2304: [0mCannot find name 'List'.

[7m1350[0m         sortedLastIndexBy<T>(array: List<T> | null | undefined, value: T, iteratee: ValueIteratee<T>): number;
[7m    [0m [91m                                    ~~~~[0m
[96mnode_modules/@types/lodash/common/array.d.ts[0m:[93m1350[0m:[93m85[0m - [91merror[0m[90m TS2304: [0mCannot find name 'ValueIteratee'.

[7m1350[0m         sortedLastIndexBy<T>(array: List<T> | null | undefined, value: T, iteratee: ValueIteratee<T>): number;
[7m    [0m [91m                                                                                    ~~~~~~~~~~~~~[0m
[96mnode_modules/@types/lodash/common/array.d.ts[0m:[93m1356[0m:[93m47[0m - [91merror[0m[90m TS2304: [0mCannot find name 'ValueIteratee'.

[7m1356[0m         sortedLastIndexBy(value: T, iteratee: ValueIteratee<T>): number;
[7m    [0m [91m                                              ~~~~~~~~~~~~~[0m
[96mnode_modules/@types/lodash/common/array.d.ts[0m:[93m1362[0m:[93m47[0m - [91merror[0m[90m TS2304: [0mCannot find name 'ValueIteratee'.

[7m1362[0m         sortedLastIndexBy(value: T, iteratee: ValueIteratee<T>): PrimitiveChain<number>;
[7m    [0m [91m                                              ~~~~~~~~~~~~~[0m
[96mnode_modules/@types/lodash/common/array.d.ts[0m:[93m1378[0m:[93m37[0m - [91merror[0m[90m TS2304: [0mCannot find name 'List'.

[7m1378[0m         sortedLastIndexOf<T>(array: List<T> | null | undefined, value: T): number;
[7m    [0m [91m                                    ~~~~[0m
[96mnode_modules/@types/lodash/common/array.d.ts[0m:[93m1405[0m:[93m30[0m - [91merror[0m[90m TS2304: [0mCannot find name 'List'.

[7m1405[0m         sortedUniq<T>(array: List<T> | null | undefined): T[];
[7m    [0m [91m                             ~~~~[0m
[96mnode_modules/@types/lodash/common/array.d.ts[0m:[93m1433[0m:[93m32[0m - [91merror[0m[90m TS2304: [0mCannot find name 'List'.

[7m1433[0m         sortedUniqBy<T>(array: List<T> | null | undefined, iteratee: ValueIteratee<T>): T[];
[7m    [0m [91m                               ~~~~[0m
[96mnode_modules/@types/lodash/common/array.d.ts[0m:[93m1433[0m:[93m70[0m - [91merror[0m[90m TS2304: [0mCannot find name 'ValueIteratee'.

[7m1433[0m         sortedUniqBy<T>(array: List<T> | null | undefined, iteratee: ValueIteratee<T>): T[];
[7m    [0m [91m                                                                     ~~~~~~~~~~~~~[0m
[96mnode_modules/@types/lodash/common/array.d.ts[0m:[93m1439[0m:[93m32[0m - [91merror[0m[90m TS2304: [0mCannot find name 'ValueIteratee'.

[7m1439[0m         sortedUniqBy(iteratee: ValueIteratee<T>): Collection<T>;
[7m    [0m [91m                               ~~~~~~~~~~~~~[0m
[96mnode_modules/@types/lodash/common/array.d.ts[0m:[93m1445[0m:[93m32[0m - [91merror[0m[90m TS2304: [0mCannot find name 'ValueIteratee'.

[7m1445[0m         sortedUniqBy(iteratee: ValueIteratee<T>): CollectionChain<T>;
[7m    [0m [91m                               ~~~~~~~~~~~~~[0m
[96mnode_modules/@types/lodash/common/array.d.ts[0m:[93m1454[0m:[93m61[0m - [91merror[0m[90m TS2574: [0mA rest element type must be an array type.

[7m1454[0m         tail<T extends unknown[]>(array: readonly [unknown, ...T]): T;
[7m    [0m [91m                                                            ~~~~[0m
[96mnode_modules/@types/lodash/common/array.d.ts[0m:[93m1455[0m:[93m24[0m - [91merror[0m[90m TS2304: [0mCannot find name 'List'.

[7m1455[0m         tail<T>(array: List<T> | null | undefined): T[];
[7m    [0m [91m                       ~~~~[0m
[96mnode_modules/@types/lodash/common/array.d.ts[0m:[93m1477[0m:[93m24[0m - [91merror[0m[90m TS2304: [0mCannot find name 'List'.

[7m1477[0m         take<T>(array: List<T> | null | undefined, n?: number): T[];
[7m    [0m [91m                       ~~~~[0m
[96mnode_modules/@types/lodash/common/array.d.ts[0m:[93m1499[0m:[93m29[0m - [91merror[0m[90m TS2304: [0mCannot find name 'List'.

[7m1499[0m         takeRight<T>(array: List<T> | null | undefined, n?: number): T[];
[7m    [0m [91m                            ~~~~[0m
[96mnode_modules/@types/lodash/common/array.d.ts[0m:[93m1522[0m:[93m34[0m - [91merror[0m[90m TS2304: [0mCannot find name 'List'.

[7m1522[0m         takeRightWhile<T>(array: List<T> | null | undefined, predicate?: ListIteratee<T>): T[];
[7m    [0m [91m                                 ~~~~[0m
[96mnode_modules/@types/lodash/common/array.d.ts[0m:[93m1522[0m:[93m74[0m - [91merror[0m[90m TS2304: [0mCannot find name 'ListIteratee'.

[7m1522[0m         takeRightWhile<T>(array: List<T> | null | undefined, predicate?: ListIteratee<T>): T[];
[7m    [0m [91m                                                                         ~~~~~~~~~~~~[0m
[96mnode_modules/@types/lodash/common/array.d.ts[0m:[93m1528[0m:[93m36[0m - [91merror[0m[90m TS2304: [0mCannot find name 'ListIteratee'.

[7m1528[0m         takeRightWhile(predicate?: ListIteratee<T>): Collection<T>;
[7m    [0m [91m                                   ~~~~~~~~~~~~[0m
[96mnode_modules/@types/lodash/common/array.d.ts[0m:[93m1534[0m:[93m36[0m - [91merror[0m[90m TS2304: [0mCannot find name 'ListIteratee'.

[7m1534[0m         takeRightWhile(predicate?: ListIteratee<T>): CollectionChain<T>;
[7m    [0m [91m                                   ~~~~~~~~~~~~[0m
[96mnode_modules/@types/lodash/common/array.d.ts[0m:[93m1545[0m:[93m29[0m - [91merror[0m[90m TS2304: [0mCannot find name 'List'.

[7m1545[0m         takeWhile<T>(array: List<T> | null | undefined, predicate?: ListIteratee<T>): T[];
[7m    [0m [91m                            ~~~~[0m
[96mnode_modules/@types/lodash/common/array.d.ts[0m:[93m1545[0m:[93m69[0m - [91merror[0m[90m TS2304: [0mCannot find name 'ListIteratee'.

[7m1545[0m         takeWhile<T>(array: List<T> | null | undefined, predicate?: ListIteratee<T>): T[];
[7m    [0m [91m                                                                    ~~~~~~~~~~~~[0m
[96mnode_modules/@types/lodash/common/array.d.ts[0m:[93m1551[0m:[93m31[0m - [91merror[0m[90m TS2304: [0mCannot find name 'ListIteratee'.

[7m1551[0m         takeWhile(predicate?: ListIteratee<T>): Collection<T>;
[7m    [0m [91m                              ~~~~~~~~~~~~[0m
[96mnode_modules/@types/lodash/common/array.d.ts[0m:[93m1557[0m:[93m31[0m - [91merror[0m[90m TS2304: [0mCannot find name 'ListIteratee'.

[7m1557[0m         takeWhile(predicate?: ListIteratee<T>): CollectionChain<T>;
[7m    [0m [91m                              ~~~~~~~~~~~~[0m
[96mnode_modules/@types/lodash/common/array.d.ts[0m:[93m1567[0m:[93m35[0m - [91merror[0m[90m TS2304: [0mCannot find name 'List'.

[7m1567[0m         union<T>(...arrays: Array<List<T> | null | undefined>): T[];
[7m    [0m [91m                                  ~~~~[0m
[96mnode_modules/@types/lodash/common/array.d.ts[0m:[93m1573[0m:[93m32[0m - [91merror[0m[90m TS2304: [0mCannot find name 'List'.

[7m1573[0m         union(...arrays: Array<List<T> | null | undefined>): Collection<T>;
[7m    [0m [91m                               ~~~~[0m
[96mnode_modules/@types/lodash/common/array.d.ts[0m:[93m1579[0m:[93m32[0m - [91merror[0m[90m TS2304: [0mCannot find name 'List'.

[7m1579[0m         union(...arrays: Array<List<T> | null | undefined>): CollectionChain<T>;
[7m    [0m [91m                               ~~~~[0m
[96mnode_modules/@types/lodash/common/array.d.ts[0m:[93m1591[0m:[93m28[0m - [91merror[0m[90m TS2304: [0mCannot find name 'List'.

[7m1591[0m         unionBy<T>(arrays: List<T> | null | undefined, iteratee?: ValueIteratee<T>): T[];
[7m    [0m [91m                           ~~~~[0m
[96mnode_modules/@types/lodash/common/array.d.ts[0m:[93m1591[0m:[93m67[0m - [91merror[0m[90m TS2304: [0mCannot find name 'ValueIteratee'.

[7m1591[0m         unionBy<T>(arrays: List<T> | null | undefined, iteratee?: ValueIteratee<T>): T[];
[7m    [0m [91m                                                                  ~~~~~~~~~~~~~[0m
[96mnode_modules/@types/lodash/common/array.d.ts[0m:[93m1595[0m:[93m29[0m - [91merror[0m[90m TS2304: [0mCannot find name 'List'.

[7m1595[0m         unionBy<T>(arrays1: List<T> | null | undefined, arrays2: List<T> | null | undefined, iteratee?: ValueIteratee<T>): T[];
[7m    [0m [91m                            ~~~~[0m
[96mnode_modules/@types/lodash/common/array.d.ts[0m:[93m1595[0m:[93m66[0m - [91merror[0m[90m TS2304: [0mCannot find name 'List'.

[7m1595[0m         unionBy<T>(arrays1: List<T> | null | undefined, arrays2: List<T> | null | undefined, iteratee?: ValueIteratee<T>): T[];
[7m    [0m [91m                                                                 ~~~~[0m
[96mnode_modules/@types/lodash/common/array.d.ts[0m:[93m1595[0m:[93m105[0m - [91merror[0m[90m TS2304: [0mCannot find name 'ValueIteratee'.

[7m1595[0m         unionBy<T>(arrays1: List<T> | null | undefined, arrays2: List<T> | null | undefined, iteratee?: ValueIteratee<T>): T[];
[7m    [0m [91m                                                                                                        ~~~~~~~~~~~~~[0m
[96mnode_modules/@types/lodash/common/array.d.ts[0m:[93m1599[0m:[93m29[0m - [91merror[0m[90m TS2304: [0mCannot find name 'List'.

[7m1599[0m         unionBy<T>(arrays1: List<T> | null | undefined, arrays2: List<T> | null | undefined, arrays3: List<T> | null | undefined, iteratee?: ValueIteratee<T>): T[];
[7m    [0m [91m                            ~~~~[0m
[96mnode_modules/@types/lodash/common/array.d.ts[0m:[93m1599[0m:[93m66[0m - [91merror[0m[90m TS2304: [0mCannot find name 'List'.

[7m1599[0m         unionBy<T>(arrays1: List<T> | null | undefined, arrays2: List<T> | null | undefined, arrays3: List<T> | null | undefined, iteratee?: ValueIteratee<T>): T[];
[7m    [0m [91m                                                                 ~~~~[0m
[96mnode_modules/@types/lodash/common/array.d.ts[0m:[93m1599[0m:[93m103[0m - [91merror[0m[90m TS2304: [0mCannot find name 'List'.

[7m1599[0m         unionBy<T>(arrays1: List<T> | null | undefined, arrays2: List<T> | null | undefined, arrays3: List<T> | null | undefined, iteratee?: ValueIteratee<T>): T[];
[7m    [0m [91m                                                                                                      ~~~~[0m
[96mnode_modules/@types/lodash/common/array.d.ts[0m:[93m1599[0m:[93m142[0m - [91merror[0m[90m TS2304: [0mCannot find name 'ValueIteratee'.

[7m1599[0m         unionBy<T>(arrays1: List<T> | null | undefined, arrays2: List<T> | null | undefined, arrays3: List<T> | null | undefined, iteratee?: ValueIteratee<T>): T[];
[7m    [0m [91m                                                                                                                                             ~~~~~~~~~~~~~[0m
[96mnode_modules/@types/lodash/common/array.d.ts[0m:[93m1603[0m:[93m29[0m - [91merror[0m[90m TS2304: [0mCannot find name 'List'.

[7m1603[0m         unionBy<T>(arrays1: List<T> | null | undefined, arrays2: List<T> | null | undefined, arrays3: List<T> | null | undefined, arrays4: List<T> | null | undefined, iteratee?: ValueIteratee<T>): T[];
[7m    [0m [91m                            ~~~~[0m
[96mnode_modules/@types/lodash/common/array.d.ts[0m:[93m1603[0m:[93m66[0m - [91merror[0m[90m TS2304: [0mCannot find name 'List'.

[7m1603[0m         unionBy<T>(arrays1: List<T> | null | undefined, arrays2: List<T> | null | undefined, arrays3: List<T> | null | undefined, arrays4: List<T> | null | undefined, iteratee?: ValueIteratee<T>): T[];
[7m    [0m [91m                                                                 ~~~~[0m
[96mnode_modules/@types/lodash/common/array.d.ts[0m:[93m1603[0m:[93m103[0m - [91merror[0m[90m TS2304: [0mCannot find name 'List'.

[7m1603[0m         unionBy<T>(arrays1: List<T> | null | undefined, arrays2: List<T> | null | undefined, arrays3: List<T> | null | undefined, arrays4: List<T> | null | undefined, iteratee?: ValueIteratee<T>): T[];
[7m    [0m [91m                                                                                                      ~~~~[0m
[96mnode_modules/@types/lodash/common/array.d.ts[0m:[93m1603[0m:[93m140[0m - [91merror[0m[90m TS2304: [0mCannot find name 'List'.

[7m1603[0m         unionBy<T>(arrays1: List<T> | null | undefined, arrays2: List<T> | null | undefined, arrays3: List<T> | null | undefined, arrays4: List<T> | null | undefined, iteratee?: ValueIteratee<T>): T[];
[7m    [0m [91m                                                                                                                                           ~~~~[0m
[96mnode_modules/@types/lodash/common/array.d.ts[0m:[93m1603[0m:[93m179[0m - [91merror[0m[90m TS2304: [0mCannot find name 'ValueIteratee'.

[7m1603[0m         unionBy<T>(arrays1: List<T> | null | undefined, arrays2: List<T> | null | undefined, arrays3: List<T> | null | undefined, arrays4: List<T> | null | undefined, iteratee?: ValueIteratee<T>): T[];
[7m    [0m [91m                                                                                                                                                                                  ~~~~~~~~~~~~~[0m
[96mnode_modules/@types/lodash/common/array.d.ts[0m:[93m1607[0m:[93m29[0m - [91merror[0m[90m TS2304: [0mCannot find name 'List'.

[7m1607[0m         unionBy<T>(arrays1: List<T> | null | undefined, arrays2: List<T> | null | undefined, arrays3: List<T> | null | undefined, arrays4: List<T> | null | undefined, arrays5: List<T> | null | undefined, ...iteratee: Array<ValueIteratee<T> | List<T> | null | undefined>): T[];
[7m    [0m [91m                            ~~~~[0m
[96mnode_modules/@types/lodash/common/array.d.ts[0m:[93m1607[0m:[93m66[0m - [91merror[0m[90m TS2304: [0mCannot find name 'List'.

[7m1607[0m         unionBy<T>(arrays1: List<T> | null | undefined, arrays2: List<T> | null | undefined, arrays3: List<T> | null | undefined, arrays4: List<T> | null | undefined, arrays5: List<T> | null | undefined, ...iteratee: Array<ValueIteratee<T> | List<T> | null | undefined>): T[];
[7m    [0m [91m                                                                 ~~~~[0m
[96mnode_modules/@types/lodash/common/array.d.ts[0m:[93m1607[0m:[93m103[0m - [91merror[0m[90m TS2304: [0mCannot find name 'List'.

[7m1607[0m         unionBy<T>(arrays1: List<T> | null | undefined, arrays2: List<T> | null | undefined, arrays3: List<T> | null | undefined, arrays4: List<T> | null | undefined, arrays5: List<T> | null | undefined, ...iteratee: Array<ValueIteratee<T> | List<T> | null | undefined>): T[];
[7m    [0m [91m                                                                                                      ~~~~[0m
[96mnode_modules/@types/lodash/common/array.d.ts[0m:[93m1607[0m:[93m140[0m - [91merror[0m[90m TS2304: [0mCannot find name 'List'.

[7m1607[0m         unionBy<T>(arrays1: List<T> | null | undefined, arrays2: List<T> | null | undefined, arrays3: List<T> | null | undefined, arrays4: List<T> | null | undefined, arrays5: List<T> | null | undefined, ...iteratee: Array<ValueIteratee<T> | List<T> | null | undefined>): T[];
[7m    [0m [91m                                                                                                                                           ~~~~[0m
[96mnode_modules/@types/lodash/common/array.d.ts[0m:[93m1607[0m:[93m177[0m - [91merror[0m[90m TS2304: [0mCannot find name 'List'.

[7m1607[0m         unionBy<T>(arrays1: List<T> | null | undefined, arrays2: List<T> | null | undefined, arrays3: List<T> | null | undefined, arrays4: List<T> | null | undefined, arrays5: List<T> | null | undefined, ...iteratee: Array<ValueIteratee<T> | List<T> | null | undefined>): T[];
[7m    [0m [91m                                                                                                                                                                                ~~~~[0m
[96mnode_modules/@types/lodash/common/array.d.ts[0m:[93m1607[0m:[93m224[0m - [91merror[0m[90m TS2304: [0mCannot find name 'ValueIteratee'.

[7m1607[0m         unionBy<T>(arrays1: List<T> | null | undefined, arrays2: List<T> | null | undefined, arrays3: List<T> | null | undefined, arrays4: List<T> | null | undefined, arrays5: List<T> | null | undefined, ...iteratee: Array<ValueIteratee<T> | List<T> | null | undefined>): T[];
[7m    [0m [91m                                                                                                                                                                                                                               ~~~~~~~~~~~~~[0m
[96mnode_modules/@types/lodash/common/array.d.ts[0m:[93m1607[0m:[93m243[0m - [91merror[0m[90m TS2304: [0mCannot find name 'List'.

[7m1607[0m         unionBy<T>(arrays1: List<T> | null | undefined, arrays2: List<T> | null | undefined, arrays3: List<T> | null | undefined, arrays4: List<T> | null | undefined, arrays5: List<T> | null | undefined, ...iteratee: Array<ValueIteratee<T> | List<T> | null | undefined>): T[];
[7m    [0m [91m                                                                                                                                                                                                                                                  ~~~~[0m
[96mnode_modules/@types/lodash/common/array.d.ts[0m:[93m1613[0m:[93m26[0m - [91merror[0m[90m TS2304: [0mCannot find name 'List'.

[7m1613[0m         unionBy(arrays2: List<T> | null | undefined, iteratee?: ValueIteratee<T>): Collection<T>;
[7m    [0m [91m                         ~~~~[0m
[96mnode_modules/@types/lodash/common/array.d.ts[0m:[93m1613[0m:[93m65[0m - [91merror[0m[90m TS2304: [0mCannot find name 'ValueIteratee'.

[7m1613[0m         unionBy(arrays2: List<T> | null | undefined, iteratee?: ValueIteratee<T>): Collection<T>;
[7m    [0m [91m                                                                ~~~~~~~~~~~~~[0m
[96mnode_modules/@types/lodash/common/array.d.ts[0m:[93m1617[0m:[93m36[0m - [91merror[0m[90m TS2304: [0mCannot find name 'ValueIteratee'.

[7m1617[0m         unionBy(...iteratee: Array<ValueIteratee<T> | List<T> | null | undefined>): Collection<T>;
[7m    [0m [91m                                   ~~~~~~~~~~~~~[0m
[96mnode_modules/@types/lodash/common/array.d.ts[0m:[93m1617[0m:[93m55[0m - [91merror[0m[90m TS2304: [0mCannot find name 'List'.

[7m1617[0m         unionBy(...iteratee: Array<ValueIteratee<T> | List<T> | null | undefined>): Collection<T>;
[7m    [0m [91m                                                      ~~~~[0m
[96mnode_modules/@types/lodash/common/array.d.ts[0m:[93m1623[0m:[93m26[0m - [91merror[0m[90m TS2304: [0mCannot find name 'List'.

[7m1623[0m         unionBy(arrays2: List<T> | null | undefined, iteratee?: ValueIteratee<T>): CollectionChain<T>;
[7m    [0m [91m                         ~~~~[0m
[96mnode_modules/@types/lodash/common/array.d.ts[0m:[93m1623[0m:[93m65[0m - [91merror[0m[90m TS2304: [0mCannot find name 'ValueIteratee'.

[7m1623[0m         unionBy(arrays2: List<T> | null | undefined, iteratee?: ValueIteratee<T>): CollectionChain<T>;
[7m    [0m [91m                                                                ~~~~~~~~~~~~~[0m
[96mnode_modules/@types/lodash/common/array.d.ts[0m:[93m1627[0m:[93m36[0m - [91merror[0m[90m TS2304: [0mCannot find name 'ValueIteratee'.

[7m1627[0m         unionBy(...iteratee: Array<ValueIteratee<T> | List<T> | null | undefined>): CollectionChain<T>;
[7m    [0m [91m                                   ~~~~~~~~~~~~~[0m
[96mnode_modules/@types/lodash/common/array.d.ts[0m:[93m1627[0m:[93m55[0m - [91merror[0m[90m TS2304: [0mCannot find name 'List'.

[7m1627[0m         unionBy(...iteratee: Array<ValueIteratee<T> | List<T> | null | undefined>): CollectionChain<T>;
[7m    [0m [91m                                                      ~~~~[0m
[96mnode_modules/@types/lodash/common/array.d.ts[0m:[93m1647[0m:[93m30[0m - [91merror[0m[90m TS2304: [0mCannot find name 'List'.

[7m1647[0m         unionWith<T>(arrays: List<T> | null | undefined, comparator?: Comparator<T>): T[];
[7m    [0m [91m                             ~~~~[0m
[96mnode_modules/@types/lodash/common/array.d.ts[0m:[93m1647[0m:[93m71[0m - [91merror[0m[90m TS2304: [0mCannot find name 'Comparator'.

[7m1647[0m         unionWith<T>(arrays: List<T> | null | undefined, comparator?: Comparator<T>): T[];
[7m    [0m [91m                                                                      ~~~~~~~~~~[0m
[96mnode_modules/@types/lodash/common/array.d.ts[0m:[93m1651[0m:[93m30[0m - [91merror[0m[90m TS2304: [0mCannot find name 'List'.

[7m1651[0m         unionWith<T>(arrays: List<T> | null | undefined, arrays2: List<T> | null | undefined, comparator?: Comparator<T>): T[];
[7m    [0m [91m                             ~~~~[0m
[96mnode_modules/@types/lodash/common/array.d.ts[0m:[93m1651[0m:[93m67[0m - [91merror[0m[90m TS2304: [0mCannot find name 'List'.

[7m1651[0m         unionWith<T>(arrays: List<T> | null | undefined, arrays2: List<T> | null | undefined, comparator?: Comparator<T>): T[];
[7m    [0m [91m                                                                  ~~~~[0m
[96mnode_modules/@types/lodash/common/array.d.ts[0m:[93m1651[0m:[93m108[0m - [91merror[0m[90m TS2304: [0mCannot find name 'Comparator'.

[7m1651[0m         unionWith<T>(arrays: List<T> | null | undefined, arrays2: List<T> | null | undefined, comparator?: Comparator<T>): T[];
[7m    [0m [91m                                                                                                           ~~~~~~~~~~[0m
[96mnode_modules/@types/lodash/common/array.d.ts[0m:[93m1655[0m:[93m30[0m - [91merror[0m[90m TS2304: [0mCannot find name 'List'.

[7m1655[0m         unionWith<T>(arrays: List<T> | null | undefined, arrays2: List<T> | null | undefined, arrays3: List<T> | null | undefined, ...comparator: Array<Comparator<T> | List<T> | null | undefined>): T[];
[7m    [0m [91m                             ~~~~[0m
[96mnode_modules/@types/lodash/common/array.d.ts[0m:[93m1655[0m:[93m67[0m - [91merror[0m[90m TS2304: [0mCannot find name 'List'.

[7m1655[0m         unionWith<T>(arrays: List<T> | null | undefined, arrays2: List<T> | null | undefined, arrays3: List<T> | null | undefined, ...comparator: Array<Comparator<T> | List<T> | null | undefined>): T[];
[7m    [0m [91m                                                                  ~~~~[0m
[96mnode_modules/@types/lodash/common/array.d.ts[0m:[93m1655[0m:[93m104[0m - [91merror[0m[90m TS2304: [0mCannot find name 'List'.

[7m1655[0m         unionWith<T>(arrays: List<T> | null | undefined, arrays2: List<T> | null | undefined, arrays3: List<T> | null | undefined, ...comparator: Array<Comparator<T> | List<T> | null | undefined>): T[];
[7m    [0m [91m                                                                                                       ~~~~[0m
[96mnode_modules/@types/lodash/common/array.d.ts[0m:[93m1655[0m:[93m153[0m - [91merror[0m[90m TS2304: [0mCannot find name 'Comparator'.

[7m1655[0m         unionWith<T>(arrays: List<T> | null | undefined, arrays2: List<T> | null | undefined, arrays3: List<T> | null | undefined, ...comparator: Array<Comparator<T> | List<T> | null | undefined>): T[];
[7m    [0m [91m                                                                                                                                                        ~~~~~~~~~~[0m
[96mnode_modules/@types/lodash/common/array.d.ts[0m:[93m1655[0m:[93m169[0m - [91merror[0m[90m TS2304: [0mCannot find name 'List'.

[7m1655[0m         unionWith<T>(arrays: List<T> | null | undefined, arrays2: List<T> | null | undefined, arrays3: List<T> | null | undefined, ...comparator: Array<Comparator<T> | List<T> | null | undefined>): T[];
[7m    [0m [91m                                                                                                                                                                        ~~~~[0m
[96mnode_modules/@types/lodash/common/array.d.ts[0m:[93m1661[0m:[93m28[0m - [91merror[0m[90m TS2304: [0mCannot find name 'List'.

[7m1661[0m         unionWith(arrays2: List<T> | null | undefined, comparator?: Comparator<T>): Collection<T>;
[7m    [0m [91m                           ~~~~[0m
[96mnode_modules/@types/lodash/common/array.d.ts[0m:[93m1661[0m:[93m69[0m - [91merror[0m[90m TS2304: [0mCannot find name 'Comparator'.

[7m1661[0m         unionWith(arrays2: List<T> | null | undefined, comparator?: Comparator<T>): Collection<T>;
[7m    [0m [91m                                                                    ~~~~~~~~~~[0m
[96mnode_modules/@types/lodash/common/array.d.ts[0m:[93m1665[0m:[93m40[0m - [91merror[0m[90m TS2304: [0mCannot find name 'Comparator'.

[7m1665[0m         unionWith(...comparator: Array<Comparator<T> | List<T> | null | undefined>): Collection<T>;
[7m    [0m [91m                                       ~~~~~~~~~~[0m
[96mnode_modules/@types/lodash/common/array.d.ts[0m:[93m1665[0m:[93m56[0m - [91merror[0m[90m TS2304: [0mCannot find name 'List'.

[7m1665[0m         unionWith(...comparator: Array<Comparator<T> | List<T> | null | undefined>): Collection<T>;
[7m    [0m [91m                                                       ~~~~[0m
[96mnode_modules/@types/lodash/common/array.d.ts[0m:[93m1671[0m:[93m28[0m - [91merror[0m[90m TS2304: [0mCannot find name 'List'.

[7m1671[0m         unionWith(arrays2: List<T> | null | undefined, comparator?: Comparator<T>): CollectionChain<T>;
[7m    [0m [91m                           ~~~~[0m
[96mnode_modules/@types/lodash/common/array.d.ts[0m:[93m1671[0m:[93m69[0m - [91merror[0m[90m TS2304: [0mCannot find name 'Comparator'.

[7m1671[0m         unionWith(arrays2: List<T> | null | undefined, comparator?: Comparator<T>): CollectionChain<T>;
[7m    [0m [91m                                                                    ~~~~~~~~~~[0m
[96mnode_modules/@types/lodash/common/array.d.ts[0m:[93m1675[0m:[93m40[0m - [91merror[0m[90m TS2304: [0mCannot find name 'Comparator'.

[7m1675[0m         unionWith(...comparator: Array<Comparator<T> | List<T> | null | undefined>): CollectionChain<T>;
[7m    [0m [91m                                       ~~~~~~~~~~[0m
[96mnode_modules/@types/lodash/common/array.d.ts[0m:[93m1675[0m:[93m56[0m - [91merror[0m[90m TS2304: [0mCannot find name 'List'.

[7m1675[0m         unionWith(...comparator: Array<Comparator<T> | List<T> | null | undefined>): CollectionChain<T>;
[7m    [0m [91m                                                       ~~~~[0m
[96mnode_modules/@types/lodash/common/array.d.ts[0m:[93m1692[0m:[93m24[0m - [91merror[0m[90m TS2304: [0mCannot find name 'List'.

[7m1692[0m         uniq<T>(array: List<T> | null | undefined): T[];
[7m    [0m [91m                       ~~~~[0m
[96mnode_modules/@types/lodash/common/array.d.ts[0m:[93m1725[0m:[93m26[0m - [91merror[0m[90m TS2304: [0mCannot find name 'List'.

[7m1725[0m         uniqBy<T>(array: List<T> | null | undefined, iteratee: ValueIteratee<T>): T[];
[7m    [0m [91m                         ~~~~[0m
[96mnode_modules/@types/lodash/common/array.d.ts[0m:[93m1725[0m:[93m64[0m - [91merror[0m[90m TS2304: [0mCannot find name 'ValueIteratee'.

[7m1725[0m         uniqBy<T>(array: List<T> | null | undefined, iteratee: ValueIteratee<T>): T[];
[7m    [0m [91m                                                               ~~~~~~~~~~~~~[0m
[96mnode_modules/@types/lodash/common/array.d.ts[0m:[93m1731[0m:[93m26[0m - [91merror[0m[90m TS2304: [0mCannot find name 'ValueIteratee'.

[7m1731[0m         uniqBy(iteratee: ValueIteratee<T>): Collection<T>;
[7m    [0m [91m                         ~~~~~~~~~~~~~[0m
[96mnode_modules/@types/lodash/common/array.d.ts[0m:[93m1737[0m:[93m26[0m - [91merror[0m[90m TS2304: [0mCannot find name 'ValueIteratee'.

[7m1737[0m         uniqBy(iteratee: ValueIteratee<T>): CollectionChain<T>;
[7m    [0m [91m                         ~~~~~~~~~~~~~[0m
[96mnode_modules/@types/lodash/common/array.d.ts[0m:[93m1756[0m:[93m28[0m - [91merror[0m[90m TS2304: [0mCannot find name 'List'.

[7m1756[0m         uniqWith<T>(array: List<T> | null | undefined, comparator?: Comparator<T>): T[];
[7m    [0m [91m                           ~~~~[0m
[96mnode_modules/@types/lodash/common/array.d.ts[0m:[93m1756[0m:[93m69[0m - [91merror[0m[90m TS2304: [0mCannot find name 'Comparator'.

[7m1756[0m         uniqWith<T>(array: List<T> | null | undefined, comparator?: Comparator<T>): T[];
[7m    [0m [91m                                                                    ~~~~~~~~~~[0m
[96mnode_modules/@types/lodash/common/array.d.ts[0m:[93m1762[0m:[93m31[0m - [91merror[0m[90m TS2304: [0mCannot find name 'Comparator'.

[7m1762[0m         uniqWith(comparator?: Comparator<T>): Collection<T>;
[7m    [0m [91m                              ~~~~~~~~~~[0m
[96mnode_modules/@types/lodash/common/array.d.ts[0m:[93m1768[0m:[93m31[0m - [91merror[0m[90m TS2304: [0mCannot find name 'Comparator'.

[7m1768[0m         uniqWith(comparator?: Comparator<T>): CollectionChain<T>;
[7m    [0m [91m                              ~~~~~~~~~~[0m
[96mnode_modules/@types/lodash/common/array.d.ts[0m:[93m1778[0m:[93m33[0m - [91merror[0m[90m TS2304: [0mCannot find name 'List'.

[7m1778[0m         unzip<T>(array: T[][] | List<List<T>> | null | undefined): T[][];
[7m    [0m [91m                                ~~~~[0m
[96mnode_modules/@types/lodash/common/array.d.ts[0m:[93m1778[0m:[93m38[0m - [91merror[0m[90m TS2304: [0mCannot find name 'List'.

[7m1778[0m         unzip<T>(array: T[][] | List<List<T>> | null | undefined): T[][];
[7m    [0m [91m                                     ~~~~[0m
[96mnode_modules/@types/lodash/common/array.d.ts[0m:[93m1784[0m:[93m28[0m - [91merror[0m[90m TS2304: [0mCannot find name 'List'.

[7m1784[0m         unzip(): T extends List<infer U> ? Collection<U[]> : unknown;
[7m    [0m [91m                           ~~~~[0m
[96mnode_modules/@types/lodash/common/array.d.ts[0m:[93m1790[0m:[93m28[0m - [91merror[0m[90m TS2304: [0mCannot find name 'List'.

[7m1790[0m         unzip(): T extends List<infer U> ? CollectionChain<U[]> : unknown;
[7m    [0m [91m                           ~~~~[0m
[96mnode_modules/@types/lodash/common/array.d.ts[0m:[93m1801[0m:[93m38[0m - [91merror[0m[90m TS2304: [0mCannot find name 'List'.

[7m1801[0m         unzipWith<T, TResult>(array: List<List<T>> | null | undefined, iteratee: (...values: T[]) => TResult): TResult[];
[7m    [0m [91m                                     ~~~~[0m
[96mnode_modules/@types/lodash/common/array.d.ts[0m:[93m1801[0m:[93m43[0m - [91merror[0m[90m TS2304: [0mCannot find name 'List'.

[7m1801[0m         unzipWith<T, TResult>(array: List<List<T>> | null | undefined, iteratee: (...values: T[]) => TResult): TResult[];
[7m    [0m [91m                                          ~~~~[0m
[96mnode_modules/@types/lodash/common/array.d.ts[0m:[93m1805[0m:[93m29[0m - [91merror[0m[90m TS2304: [0mCannot find name 'List'.

[7m1805[0m         unzipWith<T>(array: List<List<T>> | null | undefined): T[][];
[7m    [0m [91m                            ~~~~[0m
[96mnode_modules/@types/lodash/common/array.d.ts[0m:[93m1805[0m:[93m34[0m - [91merror[0m[90m TS2304: [0mCannot find name 'List'.

[7m1805[0m         unzipWith<T>(array: List<List<T>> | null | undefined): T[][];
[7m    [0m [91m                                 ~~~~[0m
[96mnode_modules/@types/lodash/common/array.d.ts[0m:[93m1811[0m:[93m66[0m - [91merror[0m[90m TS2304: [0mCannot find name 'List'.

[7m1811[0m         unzipWith<TResult>(iteratee: (...values: Array<T extends List<infer U> ? U : unknown>) => TResult): Collection<TResult>;
[7m    [0m [91m                                                                 ~~~~[0m
[96mnode_modules/@types/lodash/common/array.d.ts[0m:[93m1815[0m:[93m32[0m - [91merror[0m[90m TS2304: [0mCannot find name 'List'.

[7m1815[0m         unzipWith(): T extends List<infer U> ? Collection<U[]> : unknown;
[7m    [0m [91m                               ~~~~[0m
[96mnode_modules/@types/lodash/common/array.d.ts[0m:[93m1821[0m:[93m66[0m - [91merror[0m[90m TS2304: [0mCannot find name 'List'.

[7m1821[0m         unzipWith<TResult>(iteratee: (...values: Array<T extends List<infer U> ? U : unknown>) => TResult): CollectionChain<TResult>;
[7m    [0m [91m                                                                 ~~~~[0m
[96mnode_modules/@types/lodash/common/array.d.ts[0m:[93m1825[0m:[93m32[0m - [91merror[0m[90m TS2304: [0mCannot find name 'List'.

[7m1825[0m         unzipWith(): T extends List<infer U> ? CollectionChain<U[]> : unknown;
[7m    [0m [91m                               ~~~~[0m
[96mnode_modules/@types/lodash/common/array.d.ts[0m:[93m1835[0m:[93m27[0m - [91merror[0m[90m TS2304: [0mCannot find name 'List'.

[7m1835[0m         without<T>(array: List<T> | null | undefined, ...values: T[]): T[];
[7m    [0m [91m                          ~~~~[0m
[96mnode_modules/@types/lodash/common/array.d.ts[0m:[93m1856[0m:[93m33[0m - [91merror[0m[90m TS2304: [0mCannot find name 'List'.

[7m1856[0m         xor<T>(...arrays: Array<List<T> | null | undefined>): T[];
[7m    [0m [91m                                ~~~~[0m
[96mnode_modules/@types/lodash/common/array.d.ts[0m:[93m1862[0m:[93m30[0m - [91merror[0m[90m TS2304: [0mCannot find name 'List'.

[7m1862[0m         xor(...arrays: Array<List<T> | null | undefined>): Collection<T>;
[7m    [0m [91m                             ~~~~[0m
[96mnode_modules/@types/lodash/common/array.d.ts[0m:[93m1868[0m:[93m30[0m - [91merror[0m[90m TS2304: [0mCannot find name 'List'.

[7m1868[0m         xor(...arrays: Array<List<T> | null | undefined>): CollectionChain<T>;
[7m    [0m [91m                             ~~~~[0m
[96mnode_modules/@types/lodash/common/array.d.ts[0m:[93m1889[0m:[93m26[0m - [91merror[0m[90m TS2304: [0mCannot find name 'List'.

[7m1889[0m         xorBy<T>(arrays: List<T> | null | undefined, iteratee?: ValueIteratee<T>): T[];
[7m    [0m [91m                         ~~~~[0m
[96mnode_modules/@types/lodash/common/array.d.ts[0m:[93m1889[0m:[93m65[0m - [91merror[0m[90m TS2304: [0mCannot find name 'ValueIteratee'.

[7m1889[0m         xorBy<T>(arrays: List<T> | null | undefined, iteratee?: ValueIteratee<T>): T[];
[7m    [0m [91m                                                                ~~~~~~~~~~~~~[0m
[96mnode_modules/@types/lodash/common/array.d.ts[0m:[93m1893[0m:[93m26[0m - [91merror[0m[90m TS2304: [0mCannot find name 'List'.

[7m1893[0m         xorBy<T>(arrays: List<T> | null | undefined, arrays2: List<T> | null | undefined, iteratee?: ValueIteratee<T>): T[];
[7m    [0m [91m                         ~~~~[0m
[96mnode_modules/@types/lodash/common/array.d.ts[0m:[93m1893[0m:[93m63[0m - [91merror[0m[90m TS2304: [0mCannot find name 'List'.

[7m1893[0m         xorBy<T>(arrays: List<T> | null | undefined, arrays2: List<T> | null | undefined, iteratee?: ValueIteratee<T>): T[];
[7m    [0m [91m                                                              ~~~~[0m
[96mnode_modules/@types/lodash/common/array.d.ts[0m:[93m1893[0m:[93m102[0m - [91merror[0m[90m TS2304: [0mCannot find name 'ValueIteratee'.

[7m1893[0m         xorBy<T>(arrays: List<T> | null | undefined, arrays2: List<T> | null | undefined, iteratee?: ValueIteratee<T>): T[];
[7m    [0m [91m                                                                                                     ~~~~~~~~~~~~~[0m
[96mnode_modules/@types/lodash/common/array.d.ts[0m:[93m1897[0m:[93m26[0m - [91merror[0m[90m TS2304: [0mCannot find name 'List'.

[7m1897[0m         xorBy<T>(arrays: List<T> | null | undefined, arrays2: List<T> | null | undefined, arrays3: List<T> | null | undefined, ...iteratee: Array<ValueIteratee<T> | List<T> | null | undefined>): T[];
[7m    [0m [91m                         ~~~~[0m
[96mnode_modules/@types/lodash/common/array.d.ts[0m:[93m1897[0m:[93m63[0m - [91merror[0m[90m TS2304: [0mCannot find name 'List'.

[7m1897[0m         xorBy<T>(arrays: List<T> | null | undefined, arrays2: List<T> | null | undefined, arrays3: List<T> | null | undefined, ...iteratee: Array<ValueIteratee<T> | List<T> | null | undefined>): T[];
[7m    [0m [91m                                                              ~~~~[0m
[96mnode_modules/@types/lodash/common/array.d.ts[0m:[93m1897[0m:[93m100[0m - [91merror[0m[90m TS2304: [0mCannot find name 'List'.

[7m1897[0m         xorBy<T>(arrays: List<T> | null | undefined, arrays2: List<T> | null | undefined, arrays3: List<T> | null | undefined, ...iteratee: Array<ValueIteratee<T> | List<T> | null | undefined>): T[];
[7m    [0m [91m                                                                                                   ~~~~[0m
[96mnode_modules/@types/lodash/common/array.d.ts[0m:[93m1897[0m:[93m147[0m - [91merror[0m[90m TS2304: [0mCannot find name 'ValueIteratee'.

[7m1897[0m         xorBy<T>(arrays: List<T> | null | undefined, arrays2: List<T> | null | undefined, arrays3: List<T> | null | undefined, ...iteratee: Array<ValueIteratee<T> | List<T> | null | undefined>): T[];
[7m    [0m [91m                                                                                                                                                  ~~~~~~~~~~~~~[0m
[96mnode_modules/@types/lodash/common/array.d.ts[0m:[93m1897[0m:[93m166[0m - [91merror[0m[90m TS2304: [0mCannot find name 'List'.

[7m1897[0m         xorBy<T>(arrays: List<T> | null | undefined, arrays2: List<T> | null | undefined, arrays3: List<T> | null | undefined, ...iteratee: Array<ValueIteratee<T> | List<T> | null | undefined>): T[];
[7m    [0m [91m                                                                                                                                                                     ~~~~[0m
[96mnode_modules/@types/lodash/common/array.d.ts[0m:[93m1903[0m:[93m24[0m - [91merror[0m[90m TS2304: [0mCannot find name 'List'.

[7m1903[0m         xorBy(arrays2: List<T> | null | undefined, iteratee?: ValueIteratee<T>): Collection<T>;
[7m    [0m [91m                       ~~~~[0m
[96mnode_modules/@types/lodash/common/array.d.ts[0m:[93m1903[0m:[93m63[0m - [91merror[0m[90m TS2304: [0mCannot find name 'ValueIteratee'.

[7m1903[0m         xorBy(arrays2: List<T> | null | undefined, iteratee?: ValueIteratee<T>): Collection<T>;
[7m    [0m [91m                                                              ~~~~~~~~~~~~~[0m
[96mnode_modules/@types/lodash/common/array.d.ts[0m:[93m1907[0m:[93m34[0m - [91merror[0m[90m TS2304: [0mCannot find name 'ValueIteratee'.

[7m1907[0m         xorBy(...iteratee: Array<ValueIteratee<T> | List<T> | null | undefined>): Collection<T>;
[7m    [0m [91m                                 ~~~~~~~~~~~~~[0m
[96mnode_modules/@types/lodash/common/array.d.ts[0m:[93m1907[0m:[93m53[0m - [91merror[0m[90m TS2304: [0mCannot find name 'List'.

[7m1907[0m         xorBy(...iteratee: Array<ValueIteratee<T> | List<T> | null | undefined>): Collection<T>;
[7m    [0m [91m                                                    ~~~~[0m
[96mnode_modules/@types/lodash/common/array.d.ts[0m:[93m1913[0m:[93m24[0m - [91merror[0m[90m TS2304: [0mCannot find name 'List'.

[7m1913[0m         xorBy(arrays2: List<T> | null | undefined, iteratee?: ValueIteratee<T>): CollectionChain<T>;
[7m    [0m [91m                       ~~~~[0m
[96mnode_modules/@types/lodash/common/array.d.ts[0m:[93m1913[0m:[93m63[0m - [91merror[0m[90m TS2304: [0mCannot find name 'ValueIteratee'.

[7m1913[0m         xorBy(arrays2: List<T> | null | undefined, iteratee?: ValueIteratee<T>): CollectionChain<T>;
[7m    [0m [91m                                                              ~~~~~~~~~~~~~[0m
[96mnode_modules/@types/lodash/common/array.d.ts[0m:[93m1917[0m:[93m34[0m - [91merror[0m[90m TS2304: [0mCannot find name 'ValueIteratee'.

[7m1917[0m         xorBy(...iteratee: Array<ValueIteratee<T> | List<T> | null | undefined>): CollectionChain<T>;
[7m    [0m [91m                                 ~~~~~~~~~~~~~[0m
[96mnode_modules/@types/lodash/common/array.d.ts[0m:[93m1917[0m:[93m53[0m - [91merror[0m[90m TS2304: [0mCannot find name 'List'.

[7m1917[0m         xorBy(...iteratee: Array<ValueIteratee<T> | List<T> | null | undefined>): CollectionChain<T>;
[7m    [0m [91m                                                    ~~~~[0m
[96mnode_modules/@types/lodash/common/array.d.ts[0m:[93m1937[0m:[93m28[0m - [91merror[0m[90m TS2304: [0mCannot find name 'List'.

[7m1937[0m         xorWith<T>(arrays: List<T> | null | undefined, comparator?: Comparator<T>): T[];
[7m    [0m [91m                           ~~~~[0m
[96mnode_modules/@types/lodash/common/array.d.ts[0m:[93m1937[0m:[93m69[0m - [91merror[0m[90m TS2304: [0mCannot find name 'Comparator'.

[7m1937[0m         xorWith<T>(arrays: List<T> | null | undefined, comparator?: Comparator<T>): T[];
[7m    [0m [91m                                                                    ~~~~~~~~~~[0m
[96mnode_modules/@types/lodash/common/array.d.ts[0m:[93m1941[0m:[93m28[0m - [91merror[0m[90m TS2304: [0mCannot find name 'List'.

[7m1941[0m         xorWith<T>(arrays: List<T> | null | undefined, arrays2: List<T> | null | undefined, comparator?: Comparator<T>): T[];
[7m    [0m [91m                           ~~~~[0m
[96mnode_modules/@types/lodash/common/array.d.ts[0m:[93m1941[0m:[93m65[0m - [91merror[0m[90m TS2304: [0mCannot find name 'List'.

[7m1941[0m         xorWith<T>(arrays: List<T> | null | undefined, arrays2: List<T> | null | undefined, comparator?: Comparator<T>): T[];
[7m    [0m [91m                                                                ~~~~[0m
[96mnode_modules/@types/lodash/common/array.d.ts[0m:[93m1941[0m:[93m106[0m - [91merror[0m[90m TS2304: [0mCannot find name 'Comparator'.

[7m1941[0m         xorWith<T>(arrays: List<T> | null | undefined, arrays2: List<T> | null | undefined, comparator?: Comparator<T>): T[];
[7m    [0m [91m                                                                                                         ~~~~~~~~~~[0m
[96mnode_modules/@types/lodash/common/array.d.ts[0m:[93m1945[0m:[93m28[0m - [91merror[0m[90m TS2304: [0mCannot find name 'List'.

[7m1945[0m         xorWith<T>(arrays: List<T> | null | undefined, arrays2: List<T> | null | undefined, arrays3: List<T> | null | undefined, ...comparator: Array<Comparator<T> | List<T> | null | undefined>): T[];
[7m    [0m [91m                           ~~~~[0m
[96mnode_modules/@types/lodash/common/array.d.ts[0m:[93m1945[0m:[93m65[0m - [91merror[0m[90m TS2304: [0mCannot find name 'List'.

[7m1945[0m         xorWith<T>(arrays: List<T> | null | undefined, arrays2: List<T> | null | undefined, arrays3: List<T> | null | undefined, ...comparator: Array<Comparator<T> | List<T> | null | undefined>): T[];
[7m    [0m [91m                                                                ~~~~[0m
[96mnode_modules/@types/lodash/common/array.d.ts[0m:[93m1945[0m:[93m102[0m - [91merror[0m[90m TS2304: [0mCannot find name 'List'.

[7m1945[0m         xorWith<T>(arrays: List<T> | null | undefined, arrays2: List<T> | null | undefined, arrays3: List<T> | null | undefined, ...comparator: Array<Comparator<T> | List<T> | null | undefined>): T[];
[7m    [0m [91m                                                                                                     ~~~~[0m
[96mnode_modules/@types/lodash/common/array.d.ts[0m:[93m1945[0m:[93m151[0m - [91merror[0m[90m TS2304: [0mCannot find name 'Comparator'.

[7m1945[0m         xorWith<T>(arrays: List<T> | null | undefined, arrays2: List<T> | null | undefined, arrays3: List<T> | null | undefined, ...comparator: Array<Comparator<T> | List<T> | null | undefined>): T[];
[7m    [0m [91m                                                                                                                                                      ~~~~~~~~~~[0m
[96mnode_modules/@types/lodash/common/array.d.ts[0m:[93m1945[0m:[93m167[0m - [91merror[0m[90m TS2304: [0mCannot find name 'List'.

[7m1945[0m         xorWith<T>(arrays: List<T> | null | undefined, arrays2: List<T> | null | undefined, arrays3: List<T> | null | undefined, ...comparator: Array<Comparator<T> | List<T> | null | undefined>): T[];
[7m    [0m [91m                                                                                                                                                                      ~~~~[0m
[96mnode_modules/@types/lodash/common/array.d.ts[0m:[93m1951[0m:[93m26[0m - [91merror[0m[90m TS2304: [0mCannot find name 'List'.

[7m1951[0m         xorWith(arrays2: List<T> | null | undefined, comparator?: Comparator<T>): Collection<T>;
[7m    [0m [91m                         ~~~~[0m
[96mnode_modules/@types/lodash/common/array.d.ts[0m:[93m1951[0m:[93m67[0m - [91merror[0m[90m TS2304: [0mCannot find name 'Comparator'.

[7m1951[0m         xorWith(arrays2: List<T> | null | undefined, comparator?: Comparator<T>): Collection<T>;
[7m    [0m [91m                                                                  ~~~~~~~~~~[0m
[96mnode_modules/@types/lodash/common/array.d.ts[0m:[93m1955[0m:[93m38[0m - [91merror[0m[90m TS2304: [0mCannot find name 'Comparator'.

[7m1955[0m         xorWith(...comparator: Array<Comparator<T> | List<T> | null | undefined>): Collection<T>;
[7m    [0m [91m                                     ~~~~~~~~~~[0m
[96mnode_modules/@types/lodash/common/array.d.ts[0m:[93m1955[0m:[93m54[0m - [91merror[0m[90m TS2304: [0mCannot find name 'List'.

[7m1955[0m         xorWith(...comparator: Array<Comparator<T> | List<T> | null | undefined>): Collection<T>;
[7m    [0m [91m                                                     ~~~~[0m
[96mnode_modules/@types/lodash/common/array.d.ts[0m:[93m1961[0m:[93m26[0m - [91merror[0m[90m TS2304: [0mCannot find name 'List'.

[7m1961[0m         xorWith(arrays2: List<T> | null | undefined, comparator?: Comparator<T>): CollectionChain<T>;
[7m    [0m [91m                         ~~~~[0m
[96mnode_modules/@types/lodash/common/array.d.ts[0m:[93m1961[0m:[93m67[0m - [91merror[0m[90m TS2304: [0mCannot find name 'Comparator'.

[7m1961[0m         xorWith(arrays2: List<T> | null | undefined, comparator?: Comparator<T>): CollectionChain<T>;
[7m    [0m [91m                                                                  ~~~~~~~~~~[0m
[96mnode_modules/@types/lodash/common/array.d.ts[0m:[93m1965[0m:[93m38[0m - [91merror[0m[90m TS2304: [0mCannot find name 'Comparator'.

[7m1965[0m         xorWith(...comparator: Array<Comparator<T> | List<T> | null | undefined>): CollectionChain<T>;
[7m    [0m [91m                                     ~~~~~~~~~~[0m
[96mnode_modules/@types/lodash/common/array.d.ts[0m:[93m1965[0m:[93m54[0m - [91merror[0m[90m TS2304: [0mCannot find name 'List'.

[7m1965[0m         xorWith(...comparator: Array<Comparator<T> | List<T> | null | undefined>): CollectionChain<T>;
[7m    [0m [91m                                                     ~~~~[0m
[96mnode_modules/@types/lodash/common/array.d.ts[0m:[93m1975[0m:[93m30[0m - [91merror[0m[90m TS2304: [0mCannot find name 'List'.

[7m1975[0m         zip<T1, T2>(arrays1: List<T1>, arrays2: List<T2>): Array<[T1 | undefined, T2 | undefined]>;
[7m    [0m [91m                             ~~~~[0m
[96mnode_modules/@types/lodash/common/array.d.ts[0m:[93m1975[0m:[93m49[0m - [91merror[0m[90m TS2304: [0mCannot find name 'List'.

[7m1975[0m         zip<T1, T2>(arrays1: List<T1>, arrays2: List<T2>): Array<[T1 | undefined, T2 | undefined]>;
[7m    [0m [91m                                                ~~~~[0m
[96mnode_modules/@types/lodash/common/array.d.ts[0m:[93m1979[0m:[93m34[0m - [91merror[0m[90m TS2304: [0mCannot find name 'List'.

[7m1979[0m         zip<T1, T2, T3>(arrays1: List<T1>, arrays2: List<T2>, arrays3: List<T3>): Array<[T1 | undefined, T2 | undefined, T3 | undefined]>;
[7m    [0m [91m                                 ~~~~[0m
[96mnode_modules/@types/lodash/common/array.d.ts[0m:[93m1979[0m:[93m53[0m - [91merror[0m[90m TS2304: [0mCannot find name 'List'.

[7m1979[0m         zip<T1, T2, T3>(arrays1: List<T1>, arrays2: List<T2>, arrays3: List<T3>): Array<[T1 | undefined, T2 | undefined, T3 | undefined]>;
[7m    [0m [91m                                                    ~~~~[0m
[96mnode_modules/@types/lodash/common/array.d.ts[0m:[93m1979[0m:[93m72[0m - [91merror[0m[90m TS2304: [0mCannot find name 'List'.

[7m1979[0m         zip<T1, T2, T3>(arrays1: List<T1>, arrays2: List<T2>, arrays3: List<T3>): Array<[T1 | undefined, T2 | undefined, T3 | undefined]>;
[7m    [0m [91m                                                                       ~~~~[0m
[96mnode_modules/@types/lodash/common/array.d.ts[0m:[93m1983[0m:[93m38[0m - [91merror[0m[90m TS2304: [0mCannot find name 'List'.

[7m1983[0m         zip<T1, T2, T3, T4>(arrays1: List<T1>, arrays2: List<T2>, arrays3: List<T3>, arrays4: List<T4>): Array<[T1 | undefined, T2 | undefined, T3 | undefined, T4 | undefined]>;
[7m    [0m [91m                                     ~~~~[0m
[96mnode_modules/@types/lodash/common/array.d.ts[0m:[93m1983[0m:[93m57[0m - [91merror[0m[90m TS2304: [0mCannot find name 'List'.

[7m1983[0m         zip<T1, T2, T3, T4>(arrays1: List<T1>, arrays2: List<T2>, arrays3: List<T3>, arrays4: List<T4>): Array<[T1 | undefined, T2 | undefined, T3 | undefined, T4 | undefined]>;
[7m    [0m [91m                                                        ~~~~[0m
[96mnode_modules/@types/lodash/common/array.d.ts[0m:[93m1983[0m:[93m76[0m - [91merror[0m[90m TS2304: [0mCannot find name 'List'.

[7m1983[0m         zip<T1, T2, T3, T4>(arrays1: List<T1>, arrays2: List<T2>, arrays3: List<T3>, arrays4: List<T4>): Array<[T1 | undefined, T2 | undefined, T3 | undefined, T4 | undefined]>;
[7m    [0m [91m                                                                           ~~~~[0m
[96mnode_modules/@types/lodash/common/array.d.ts[0m:[93m1983[0m:[93m95[0m - [91merror[0m[90m TS2304: [0mCannot find name 'List'.

[7m1983[0m         zip<T1, T2, T3, T4>(arrays1: List<T1>, arrays2: List<T2>, arrays3: List<T3>, arrays4: List<T4>): Array<[T1 | undefined, T2 | undefined, T3 | undefined, T4 | undefined]>;
[7m    [0m [91m                                                                                              ~~~~[0m
[96mnode_modules/@types/lodash/common/array.d.ts[0m:[93m1987[0m:[93m42[0m - [91merror[0m[90m TS2304: [0mCannot find name 'List'.

[7m1987[0m         zip<T1, T2, T3, T4, T5>(arrays1: List<T1>, arrays2: List<T2>, arrays3: List<T3>, arrays4: List<T4>, arrays5: List<T5>): Array<[T1 | undefined, T2 | undefined, T3 | undefined, T4 | undefined, T5 | undefined]>;
[7m    [0m [91m                                         ~~~~[0m
[96mnode_modules/@types/lodash/common/array.d.ts[0m:[93m1987[0m:[93m61[0m - [91merror[0m[90m TS2304: [0mCannot find name 'List'.

[7m1987[0m         zip<T1, T2, T3, T4, T5>(arrays1: List<T1>, arrays2: List<T2>, arrays3: List<T3>, arrays4: List<T4>, arrays5: List<T5>): Array<[T1 | undefined, T2 | undefined, T3 | undefined, T4 | undefined, T5 | undefined]>;
[7m    [0m [91m                                                            ~~~~[0m
[96mnode_modules/@types/lodash/common/array.d.ts[0m:[93m1987[0m:[93m80[0m - [91merror[0m[90m TS2304: [0mCannot find name 'List'.

[7m1987[0m         zip<T1, T2, T3, T4, T5>(arrays1: List<T1>, arrays2: List<T2>, arrays3: List<T3>, arrays4: List<T4>, arrays5: List<T5>): Array<[T1 | undefined, T2 | undefined, T3 | undefined, T4 | undefined, T5 | undefined]>;
[7m    [0m [91m                                                                               ~~~~[0m
[96mnode_modules/@types/lodash/common/array.d.ts[0m:[93m1987[0m:[93m99[0m - [91merror[0m[90m TS2304: [0mCannot find name 'List'.

[7m1987[0m         zip<T1, T2, T3, T4, T5>(arrays1: List<T1>, arrays2: List<T2>, arrays3: List<T3>, arrays4: List<T4>, arrays5: List<T5>): Array<[T1 | undefined, T2 | undefined, T3 | undefined, T4 | undefined, T5 | undefined]>;
[7m    [0m [91m                                                                                                  ~~~~[0m
[96mnode_modules/@types/lodash/common/array.d.ts[0m:[93m1987[0m:[93m118[0m - [91merror[0m[90m TS2304: [0mCannot find name 'List'.

[7m1987[0m         zip<T1, T2, T3, T4, T5>(arrays1: List<T1>, arrays2: List<T2>, arrays3: List<T3>, arrays4: List<T4>, arrays5: List<T5>): Array<[T1 | undefined, T2 | undefined, T3 | undefined, T4 | undefined, T5 | undefined]>;
[7m    [0m [91m                                                                                                                     ~~~~[0m
[96mnode_modules/@types/lodash/common/array.d.ts[0m:[93m1991[0m:[93m33[0m - [91merror[0m[90m TS2304: [0mCannot find name 'List'.

[7m1991[0m         zip<T>(...arrays: Array<List<T> | null | undefined>): Array<Array<T | undefined>>;
[7m    [0m [91m                                ~~~~[0m
[96mnode_modules/@types/lodash/common/array.d.ts[0m:[93m1997[0m:[93m26[0m - [91merror[0m[90m TS2304: [0mCannot find name 'List'.

[7m1997[0m         zip<T2>(arrays2: List<T2>): Collection<[T | undefined, T2 | undefined]>;
[7m    [0m [91m                         ~~~~[0m
[96mnode_modules/@types/lodash/common/array.d.ts[0m:[93m2001[0m:[93m30[0m - [91merror[0m[90m TS2304: [0mCannot find name 'List'.

[7m2001[0m         zip(...arrays: Array<List<T> | null | undefined>): Collection<Array<T | undefined>>;
[7m    [0m [91m                             ~~~~[0m
[96mnode_modules/@types/lodash/common/array.d.ts[0m:[93m2007[0m:[93m26[0m - [91merror[0m[90m TS2304: [0mCannot find name 'List'.

[7m2007[0m         zip<T2>(arrays2: List<T2>): CollectionChain<[T | undefined, T2 | undefined]>;
[7m    [0m [91m                         ~~~~[0m
[96mnode_modules/@types/lodash/common/array.d.ts[0m:[93m2011[0m:[93m30[0m - [91merror[0m[90m TS2304: [0mCannot find name 'List'.

[7m2011[0m         zip(...arrays: Array<List<T> | null | undefined>): CollectionChain<Array<T | undefined>>;
[7m    [0m [91m                             ~~~~[0m
[96mnode_modules/@types/lodash/common/array.d.ts[0m:[93m2022[0m:[93m29[0m - [91merror[0m[90m TS2304: [0mCannot find name 'List'.

[7m2022[0m         zipObject<T>(props: List<PropertyName>, values: List<T>): Dictionary<T>;
[7m    [0m [91m                            ~~~~[0m
[96mnode_modules/@types/lodash/common/array.d.ts[0m:[93m2022[0m:[93m34[0m - [91merror[0m[90m TS2304: [0mCannot find name 'PropertyName'.

[7m2022[0m         zipObject<T>(props: List<PropertyName>, values: List<T>): Dictionary<T>;
[7m    [0m [91m                                 ~~~~~~~~~~~~[0m
[96mnode_modules/@types/lodash/common/array.d.ts[0m:[93m2022[0m:[93m57[0m - [91merror[0m[90m TS2304: [0mCannot find name 'List'.

[7m2022[0m         zipObject<T>(props: List<PropertyName>, values: List<T>): Dictionary<T>;
[7m    [0m [91m                                                        ~~~~[0m
[96mnode_modules/@types/lodash/common/array.d.ts[0m:[93m2022[0m:[93m67[0m - [91merror[0m[90m TS2304: [0mCannot find name 'Dictionary'.

[7m2022[0m         zipObject<T>(props: List<PropertyName>, values: List<T>): Dictionary<T>;
[7m    [0m [91m                                                                  ~~~~~~~~~~[0m
[96mnode_modules/@types/lodash/common/array.d.ts[0m:[93m2026[0m:[93m27[0m - [91merror[0m[90m TS2304: [0mCannot find name 'List'.

[7m2026[0m         zipObject(props?: List<PropertyName>): Dictionary<undefined>;
[7m    [0m [91m                          ~~~~[0m
[96mnode_modules/@types/lodash/common/array.d.ts[0m:[93m2026[0m:[93m32[0m - [91merror[0m[90m TS2304: [0mCannot find name 'PropertyName'.

[7m2026[0m         zipObject(props?: List<PropertyName>): Dictionary<undefined>;
[7m    [0m [91m                               ~~~~~~~~~~~~[0m
[96mnode_modules/@types/lodash/common/array.d.ts[0m:[93m2026[0m:[93m48[0m - [91merror[0m[90m TS2304: [0mCannot find name 'Dictionary'.

[7m2026[0m         zipObject(props?: List<PropertyName>): Dictionary<undefined>;
[7m    [0m [91m                                               ~~~~~~~~~~[0m
[96mnode_modules/@types/lodash/common/array.d.ts[0m:[93m2032[0m:[93m30[0m - [91merror[0m[90m TS2304: [0mCannot find name 'List'.

[7m2032[0m         zipObject<U>(values: List<U>): Object<Dictionary<U>>;
[7m    [0m [91m                             ~~~~[0m
[96mnode_modules/@types/lodash/common/array.d.ts[0m:[93m2032[0m:[93m47[0m - [91merror[0m[90m TS2304: [0mCannot find name 'Dictionary'.

[7m2032[0m         zipObject<U>(values: List<U>): Object<Dictionary<U>>;
[7m    [0m [91m                                              ~~~~~~~~~~[0m
[96mnode_modules/@types/lodash/common/array.d.ts[0m:[93m2036[0m:[93m29[0m - [91merror[0m[90m TS2304: [0mCannot find name 'Dictionary'.

[7m2036[0m         zipObject(): Object<Dictionary<undefined>>;
[7m    [0m [91m                            ~~~~~~~~~~[0m
[96mnode_modules/@types/lodash/common/array.d.ts[0m:[93m2042[0m:[93m30[0m - [91merror[0m[90m TS2304: [0mCannot find name 'List'.

[7m2042[0m         zipObject<U>(values: List<U>): ObjectChain<Dictionary<U>>;
[7m    [0m [91m                             ~~~~[0m
[96mnode_modules/@types/lodash/common/array.d.ts[0m:[93m2042[0m:[93m52[0m - [91merror[0m[90m TS2304: [0mCannot find name 'Dictionary'.

[7m2042[0m         zipObject<U>(values: List<U>): ObjectChain<Dictionary<U>>;
[7m    [0m [91m                                                   ~~~~~~~~~~[0m
[96mnode_modules/@types/lodash/common/array.d.ts[0m:[93m2046[0m:[93m34[0m - [91merror[0m[90m TS2304: [0mCannot find name 'Dictionary'.

[7m2046[0m         zipObject(): ObjectChain<Dictionary<undefined>>;
[7m    [0m [91m                                 ~~~~~~~~~~[0m
[96mnode_modules/@types/lodash/common/array.d.ts[0m:[93m2056[0m:[93m31[0m - [91merror[0m[90m TS2304: [0mCannot find name 'List'.

[7m2056[0m         zipObjectDeep(paths?: List<PropertyPath>, values?: List<any>): object;
[7m    [0m [91m                              ~~~~[0m
[96mnode_modules/@types/lodash/common/array.d.ts[0m:[93m2056[0m:[93m36[0m - [91merror[0m[90m TS2304: [0mCannot find name 'PropertyPath'.

[7m2056[0m         zipObjectDeep(paths?: List<PropertyPath>, values?: List<any>): object;
[7m    [0m [91m                                   ~~~~~~~~~~~~[0m
[96mnode_modules/@types/lodash/common/array.d.ts[0m:[93m2056[0m:[93m60[0m - [91merror[0m[90m TS2304: [0mCannot find name 'List'.

[7m2056[0m         zipObjectDeep(paths?: List<PropertyPath>, values?: List<any>): object;
[7m    [0m [91m                                                           ~~~~[0m
[96mnode_modules/@types/lodash/common/array.d.ts[0m:[93m2062[0m:[93m32[0m - [91merror[0m[90m TS2304: [0mCannot find name 'List'.

[7m2062[0m         zipObjectDeep(values?: List<any>): Object<object>;
[7m    [0m [91m                               ~~~~[0m
[96mnode_modules/@types/lodash/common/array.d.ts[0m:[93m2068[0m:[93m32[0m - [91merror[0m[90m TS2304: [0mCannot find name 'List'.

[7m2068[0m         zipObjectDeep(values?: List<any>): ObjectChain<object>;
[7m    [0m [91m                               ~~~~[0m
[96mnode_modules/@types/lodash/common/array.d.ts[0m:[93m2079[0m:[93m37[0m - [91merror[0m[90m TS2304: [0mCannot find name 'List'.

[7m2079[0m         zipWith<T, TResult>(arrays: List<T>, iteratee: (value1: T) => TResult): TResult[];
[7m    [0m [91m                                    ~~~~[0m
[96mnode_modules/@types/lodash/common/array.d.ts[0m:[93m2083[0m:[93m43[0m - [91merror[0m[90m TS2304: [0mCannot find name 'List'.

[7m2083[0m         zipWith<T1, T2, TResult>(arrays1: List<T1>, arrays2: List<T2>, iteratee: (value1: T1, value2: T2) => TResult): TResult[];
[7m    [0m [91m                                          ~~~~[0m
[96mnode_modules/@types/lodash/common/array.d.ts[0m:[93m2083[0m:[93m62[0m - [91merror[0m[90m TS2304: [0mCannot find name 'List'.

[7m2083[0m         zipWith<T1, T2, TResult>(arrays1: List<T1>, arrays2: List<T2>, iteratee: (value1: T1, value2: T2) => TResult): TResult[];
[7m    [0m [91m                                                             ~~~~[0m
[96mnode_modules/@types/lodash/common/array.d.ts[0m:[93m2087[0m:[93m47[0m - [91merror[0m[90m TS2304: [0mCannot find name 'List'.

[7m2087[0m         zipWith<T1, T2, T3, TResult>(arrays1: List<T1>, arrays2: List<T2>, arrays3: List<T3>, iteratee: (value1: T1, value2: T2, value3: T3) => TResult): TResult[];
[7m    [0m [91m                                              ~~~~[0m
[96mnode_modules/@types/lodash/common/array.d.ts[0m:[93m2087[0m:[93m66[0m - [91merror[0m[90m TS2304: [0mCannot find name 'List'.

[7m2087[0m         zipWith<T1, T2, T3, TResult>(arrays1: List<T1>, arrays2: List<T2>, arrays3: List<T3>, iteratee: (value1: T1, value2: T2, value3: T3) => TResult): TResult[];
[7m    [0m [91m                                                                 ~~~~[0m
[96mnode_modules/@types/lodash/common/array.d.ts[0m:[93m2087[0m:[93m85[0m - [91merror[0m[90m TS2304: [0mCannot find name 'List'.

[7m2087[0m         zipWith<T1, T2, T3, TResult>(arrays1: List<T1>, arrays2: List<T2>, arrays3: List<T3>, iteratee: (value1: T1, value2: T2, value3: T3) => TResult): TResult[];
[7m    [0m [91m                                                                                    ~~~~[0m
[96mnode_modules/@types/lodash/common/array.d.ts[0m:[93m2091[0m:[93m51[0m - [91merror[0m[90m TS2304: [0mCannot find name 'List'.

[7m2091[0m         zipWith<T1, T2, T3, T4, TResult>(arrays1: List<T1>, arrays2: List<T2>, arrays3: List<T3>, arrays4: List<T4>, iteratee: (value1: T1, value2: T2, value3: T3, value4: T4) => TResult): TResult[];
[7m    [0m [91m                                                  ~~~~[0m
[96mnode_modules/@types/lodash/common/array.d.ts[0m:[93m2091[0m:[93m70[0m - [91merror[0m[90m TS2304: [0mCannot find name 'List'.

[7m2091[0m         zipWith<T1, T2, T3, T4, TResult>(arrays1: List<T1>, arrays2: List<T2>, arrays3: List<T3>, arrays4: List<T4>, iteratee: (value1: T1, value2: T2, value3: T3, value4: T4) => TResult): TResult[];
[7m    [0m [91m                                                                     ~~~~[0m
[96mnode_modules/@types/lodash/common/array.d.ts[0m:[93m2091[0m:[93m89[0m - [91merror[0m[90m TS2304: [0mCannot find name 'List'.

[7m2091[0m         zipWith<T1, T2, T3, T4, TResult>(arrays1: List<T1>, arrays2: List<T2>, arrays3: List<T3>, arrays4: List<T4>, iteratee: (value1: T1, value2: T2, value3: T3, value4: T4) => TResult): TResult[];
[7m    [0m [91m                                                                                        ~~~~[0m
[96mnode_modules/@types/lodash/common/array.d.ts[0m:[93m2091[0m:[93m108[0m - [91merror[0m[90m TS2304: [0mCannot find name 'List'.

[7m2091[0m         zipWith<T1, T2, T3, T4, TResult>(arrays1: List<T1>, arrays2: List<T2>, arrays3: List<T3>, arrays4: List<T4>, iteratee: (value1: T1, value2: T2, value3: T3, value4: T4) => TResult): TResult[];
[7m    [0m [91m                                                                                                           ~~~~[0m
[96mnode_modules/@types/lodash/common/array.d.ts[0m:[93m2095[0m:[93m55[0m - [91merror[0m[90m TS2304: [0mCannot find name 'List'.

[7m2095[0m         zipWith<T1, T2, T3, T4, T5, TResult>(arrays1: List<T1>, arrays2: List<T2>, arrays3: List<T3>, arrays4: List<T4>, arrays5: List<T5>, iteratee: (value1: T1, value2: T2, value3: T3, value4: T4, value5: T5) => TResult): TResult[];
[7m    [0m [91m                                                      ~~~~[0m
[96mnode_modules/@types/lodash/common/array.d.ts[0m:[93m2095[0m:[93m74[0m - [91merror[0m[90m TS2304: [0mCannot find name 'List'.

[7m2095[0m         zipWith<T1, T2, T3, T4, T5, TResult>(arrays1: List<T1>, arrays2: List<T2>, arrays3: List<T3>, arrays4: List<T4>, arrays5: List<T5>, iteratee: (value1: T1, value2: T2, value3: T3, value4: T4, value5: T5) => TResult): TResult[];
[7m    [0m [91m                                                                         ~~~~[0m
[96mnode_modules/@types/lodash/common/array.d.ts[0m:[93m2095[0m:[93m93[0m - [91merror[0m[90m TS2304: [0mCannot find name 'List'.

[7m2095[0m         zipWith<T1, T2, T3, T4, T5, TResult>(arrays1: List<T1>, arrays2: List<T2>, arrays3: List<T3>, arrays4: List<T4>, arrays5: List<T5>, iteratee: (value1: T1, value2: T2, value3: T3, value4: T4, value5: T5) => TResult): TResult[];
[7m    [0m [91m                                                                                            ~~~~[0m
[96mnode_modules/@types/lodash/common/array.d.ts[0m:[93m2095[0m:[93m112[0m - [91merror[0m[90m TS2304: [0mCannot find name 'List'.

[7m2095[0m         zipWith<T1, T2, T3, T4, T5, TResult>(arrays1: List<T1>, arrays2: List<T2>, arrays3: List<T3>, arrays4: List<T4>, arrays5: List<T5>, iteratee: (value1: T1, value2: T2, value3: T3, value4: T4, value5: T5) => TResult): TResult[];
[7m    [0m [91m                                                                                                               ~~~~[0m
[96mnode_modules/@types/lodash/common/array.d.ts[0m:[93m2095[0m:[93m131[0m - [91merror[0m[90m TS2304: [0mCannot find name 'List'.

[7m2095[0m         zipWith<T1, T2, T3, T4, T5, TResult>(arrays1: List<T1>, arrays2: List<T2>, arrays3: List<T3>, arrays4: List<T4>, arrays5: List<T5>, iteratee: (value1: T1, value2: T2, value3: T3, value4: T4, value5: T5) => TResult): TResult[];
[7m    [0m [91m                                                                                                                                  ~~~~[0m
[96mnode_modules/@types/lodash/common/array.d.ts[0m:[93m2099[0m:[93m79[0m - [91merror[0m[90m TS2304: [0mCannot find name 'List'.

[7m2099[0m         zipWith<T, TResult>(...iteratee: Array<((...group: T[]) => TResult) | List<T> | null | undefined>): TResult[];
[7m    [0m [91m                                                                              ~~~~[0m
[96mnode_modules/@types/lodash/common/array.d.ts[0m:[93m2105[0m:[93m39[0m - [91merror[0m[90m TS2304: [0mCannot find name 'List'.

[7m2105[0m         zipWith<T2, TResult>(arrays2: List<T2>, iteratee: (value1: T, value2: T2) => TResult): Collection<TResult>;
[7m    [0m [91m                                      ~~~~[0m
[96mnode_modules/@types/lodash/common/array.d.ts[0m:[93m2109[0m:[93m43[0m - [91merror[0m[90m TS2304: [0mCannot find name 'List'.

[7m2109[0m         zipWith<T2, T3, TResult>(arrays2: List<T2>, arrays3: List<T3>, iteratee: (value1: T, value2: T2, value3: T3) => TResult): Collection<TResult>;
[7m    [0m [91m                                          ~~~~[0m
[96mnode_modules/@types/lodash/common/array.d.ts[0m:[93m2109[0m:[93m62[0m - [91merror[0m[90m TS2304: [0mCannot find name 'List'.

[7m2109[0m         zipWith<T2, T3, TResult>(arrays2: List<T2>, arrays3: List<T3>, iteratee: (value1: T, value2: T2, value3: T3) => TResult): Collection<TResult>;
[7m    [0m [91m                                                             ~~~~[0m
[96mnode_modules/@types/lodash/common/array.d.ts[0m:[93m2113[0m:[93m76[0m - [91merror[0m[90m TS2304: [0mCannot find name 'List'.

[7m2113[0m         zipWith<TResult>(...iteratee: Array<((...group: T[]) => TResult) | List<T> | null | undefined>): Collection<TResult>;
[7m    [0m [91m                                                                           ~~~~[0m
[96mnode_modules/@types/lodash/common/array.d.ts[0m:[93m2119[0m:[93m39[0m - [91merror[0m[90m TS2304: [0mCannot find name 'List'.

[7m2119[0m         zipWith<T2, TResult>(arrays2: List<T2>, iteratee: (value1: T, value2: T2) => TResult): CollectionChain<TResult>;
[7m    [0m [91m                                      ~~~~[0m
[96mnode_modules/@types/lodash/common/array.d.ts[0m:[93m2123[0m:[93m43[0m - [91merror[0m[90m TS2304: [0mCannot find name 'List'.

[7m2123[0m         zipWith<T2, T3, TResult>(arrays2: List<T2>, arrays3: List<T3>, iteratee: (value1: T, value2: T2, value3: T3) => TResult): CollectionChain<TResult>;
[7m    [0m [91m                                          ~~~~[0m
[96mnode_modules/@types/lodash/common/array.d.ts[0m:[93m2123[0m:[93m62[0m - [91merror[0m[90m TS2304: [0mCannot find name 'List'.

[7m2123[0m         zipWith<T2, T3, TResult>(arrays2: List<T2>, arrays3: List<T3>, iteratee: (value1: T, value2: T2, value3: T3) => TResult): CollectionChain<TResult>;
[7m    [0m [91m                                                             ~~~~[0m
[96mnode_modules/@types/lodash/common/array.d.ts[0m:[93m2127[0m:[93m76[0m - [91merror[0m[90m TS2304: [0mCannot find name 'List'.

[7m2127[0m         zipWith<TResult>(...iteratee: Array<((...group: T[]) => TResult) | List<T> | null | undefined>): CollectionChain<TResult>;
[7m    [0m [91m                                                                           ~~~~[0m
[96mnode_modules/@types/lodash/common/collection.d.ts[0m:[93m13[0m:[93m32[0m - [91merror[0m[90m TS2304: [0mCannot find name 'List'.

[7m13[0m         countBy<T>(collection: List<T> | null | undefined, iteratee?: ValueIteratee<T>): Dictionary<number>;
[7m  [0m [91m                               ~~~~[0m
[96mnode_modules/@types/lodash/common/collection.d.ts[0m:[93m13[0m:[93m71[0m - [91merror[0m[90m TS2304: [0mCannot find name 'ValueIteratee'.

[7m13[0m         countBy<T>(collection: List<T> | null | undefined, iteratee?: ValueIteratee<T>): Dictionary<number>;
[7m  [0m [91m                                                                      ~~~~~~~~~~~~~[0m
[96mnode_modules/@types/lodash/common/collection.d.ts[0m:[93m13[0m:[93m90[0m - [91merror[0m[90m TS2304: [0mCannot find name 'Dictionary'.

[7m13[0m         countBy<T>(collection: List<T> | null | undefined, iteratee?: ValueIteratee<T>): Dictionary<number>;
[7m  [0m [91m                                                                                         ~~~~~~~~~~[0m
[96mnode_modules/@types/lodash/common/collection.d.ts[0m:[93m17[0m:[93m80[0m - [91merror[0m[90m TS2304: [0mCannot find name 'ValueIteratee'.

[7m17[0m         countBy<T extends object>(collection: T | null | undefined, iteratee?: ValueIteratee<T[keyof T]>): Dictionary<number>;
[7m  [0m [91m                                                                               ~~~~~~~~~~~~~[0m
[96mnode_modules/@types/lodash/common/collection.d.ts[0m:[93m17[0m:[93m108[0m - [91merror[0m[90m TS2304: [0mCannot find name 'Dictionary'.

[7m17[0m         countBy<T extends object>(collection: T | null | undefined, iteratee?: ValueIteratee<T[keyof T]>): Dictionary<number>;
[7m  [0m [91m                                                                                                           ~~~~~~~~~~[0m
[96mnode_modules/@types/lodash/common/collection.d.ts[0m:[93m23[0m:[93m28[0m - [91merror[0m[90m TS2304: [0mCannot find name 'ValueIteratee'.

[7m23[0m         countBy(iteratee?: ValueIteratee<T[keyof T]>): Object<Dictionary<number>>;
[7m  [0m [91m                           ~~~~~~~~~~~~~[0m
[96mnode_modules/@types/lodash/common/collection.d.ts[0m:[93m23[0m:[93m63[0m - [91merror[0m[90m TS2304: [0mCannot find name 'Dictionary'.

[7m23[0m         countBy(iteratee?: ValueIteratee<T[keyof T]>): Object<Dictionary<number>>;
[7m  [0m [91m                                                              ~~~~~~~~~~[0m
[96mnode_modules/@types/lodash/common/collection.d.ts[0m:[93m29[0m:[93m28[0m - [91merror[0m[90m TS2304: [0mCannot find name 'ValueIteratee'.

[7m29[0m         countBy(iteratee?: ValueIteratee<string>): Object<Dictionary<number>>;
[7m  [0m [91m                           ~~~~~~~~~~~~~[0m
[96mnode_modules/@types/lodash/common/collection.d.ts[0m:[93m29[0m:[93m59[0m - [91merror[0m[90m TS2304: [0mCannot find name 'Dictionary'.

[7m29[0m         countBy(iteratee?: ValueIteratee<string>): Object<Dictionary<number>>;
[7m  [0m [91m                                                          ~~~~~~~~~~[0m
[96mnode_modules/@types/lodash/common/collection.d.ts[0m:[93m35[0m:[93m28[0m - [91merror[0m[90m TS2304: [0mCannot find name 'ValueIteratee'.

[7m35[0m         countBy(iteratee?: ValueIteratee<T>): Object<Dictionary<number>>;
[7m  [0m [91m                           ~~~~~~~~~~~~~[0m
[96mnode_modules/@types/lodash/common/collection.d.ts[0m:[93m35[0m:[93m54[0m - [91merror[0m[90m TS2304: [0mCannot find name 'Dictionary'.

[7m35[0m         countBy(iteratee?: ValueIteratee<T>): Object<Dictionary<number>>;
[7m  [0m [91m                                                     ~~~~~~~~~~[0m
[96mnode_modules/@types/lodash/common/collection.d.ts[0m:[93m41[0m:[93m28[0m - [91merror[0m[90m TS2304: [0mCannot find name 'ValueIteratee'.

[7m41[0m         countBy(iteratee?: ValueIteratee<T[keyof T]>): ObjectChain<Dictionary<number>>;
[7m  [0m [91m                           ~~~~~~~~~~~~~[0m
[96mnode_modules/@types/lodash/common/collection.d.ts[0m:[93m41[0m:[93m68[0m - [91merror[0m[90m TS2304: [0mCannot find name 'Dictionary'.

[7m41[0m         countBy(iteratee?: ValueIteratee<T[keyof T]>): ObjectChain<Dictionary<number>>;
[7m  [0m [91m                                                                   ~~~~~~~~~~[0m
[96mnode_modules/@types/lodash/common/collection.d.ts[0m:[93m47[0m:[93m28[0m - [91merror[0m[90m TS2304: [0mCannot find name 'ValueIteratee'.

[7m47[0m         countBy(iteratee?: ValueIteratee<string>): ObjectChain<Dictionary<number>>;
[7m  [0m [91m                           ~~~~~~~~~~~~~[0m
[96mnode_modules/@types/lodash/common/collection.d.ts[0m:[93m47[0m:[93m64[0m - [91merror[0m[90m TS2304: [0mCannot find name 'Dictionary'.

[7m47[0m         countBy(iteratee?: ValueIteratee<string>): ObjectChain<Dictionary<number>>;
[7m  [0m [91m                                                               ~~~~~~~~~~[0m
[96mnode_modules/@types/lodash/common/collection.d.ts[0m:[93m53[0m:[93m28[0m - [91merror[0m[90m TS2304: [0mCannot find name 'ValueIteratee'.

[7m53[0m         countBy(iteratee?: ValueIteratee<string>): ObjectChain<Dictionary<number>>;
[7m  [0m [91m                           ~~~~~~~~~~~~~[0m
[96mnode_modules/@types/lodash/common/collection.d.ts[0m:[93m53[0m:[93m64[0m - [91merror[0m[90m TS2304: [0mCannot find name 'Dictionary'.

[7m53[0m         countBy(iteratee?: ValueIteratee<string>): ObjectChain<Dictionary<number>>;
[7m  [0m [91m                                                               ~~~~~~~~~~[0m
[96mnode_modules/@types/lodash/common/collection.d.ts[0m:[93m59[0m:[93m28[0m - [91merror[0m[90m TS2304: [0mCannot find name 'ValueIteratee'.

[7m59[0m         countBy(iteratee?: ValueIteratee<T>): ObjectChain<Dictionary<number>>;
[7m  [0m [91m                           ~~~~~~~~~~~~~[0m
[96mnode_modules/@types/lodash/common/collection.d.ts[0m:[93m59[0m:[93m59[0m - [91merror[0m[90m TS2304: [0mCannot find name 'Dictionary'.

[7m59[0m         countBy(iteratee?: ValueIteratee<T>): ObjectChain<Dictionary<number>>;
[7m  [0m [91m                                                          ~~~~~~~~~~[0m
[96mnode_modules/@types/lodash/common/collection.d.ts[0m:[93m166[0m:[93m30[0m - [91merror[0m[90m TS2304: [0mCannot find name 'List'.

[7m166[0m         every<T>(collection: List<T> | null | undefined, predicate?: ListIterateeCustom<T, boolean>): boolean;
[7m   [0m [91m                             ~~~~[0m
[96mnode_modules/@types/lodash/common/collection.d.ts[0m:[93m166[0m:[93m70[0m - [91merror[0m[90m TS2304: [0mCannot find name 'ListIterateeCustom'.

[7m166[0m         every<T>(collection: List<T> | null | undefined, predicate?: ListIterateeCustom<T, boolean>): boolean;
[7m   [0m [91m                                                                     ~~~~~~~~~~~~~~~~~~[0m
[96mnode_modules/@types/lodash/common/collection.d.ts[0m:[93m170[0m:[93m79[0m - [91merror[0m[90m TS2304: [0mCannot find name 'ObjectIterateeCustom'.

[7m170[0m         every<T extends object>(collection: T | null | undefined, predicate?: ObjectIterateeCustom<T, boolean>): boolean;
[7m   [0m [91m                                                                              ~~~~~~~~~~~~~~~~~~~~[0m
[96mnode_modules/@types/lodash/common/collection.d.ts[0m:[93m176[0m:[93m27[0m - [91merror[0m[90m TS2304: [0mCannot find name 'ListIterateeCustom'.

[7m176[0m         every(predicate?: ListIterateeCustom<T, boolean>): boolean;
[7m   [0m [91m                          ~~~~~~~~~~~~~~~~~~[0m
[96mnode_modules/@types/lodash/common/collection.d.ts[0m:[93m182[0m:[93m27[0m - [91merror[0m[90m TS2304: [0mCannot find name 'ObjectIterateeCustom'.

[7m182[0m         every(predicate?: ObjectIterateeCustom<T, boolean>): boolean;
[7m   [0m [91m                          ~~~~~~~~~~~~~~~~~~~~[0m
[96mnode_modules/@types/lodash/common/collection.d.ts[0m:[93m188[0m:[93m27[0m - [91merror[0m[90m TS2304: [0mCannot find name 'ListIterateeCustom'.

[7m188[0m         every(predicate?: ListIterateeCustom<T, boolean>): PrimitiveChain<boolean>;
[7m   [0m [91m                          ~~~~~~~~~~~~~~~~~~[0m
[96mnode_modules/@types/lodash/common/collection.d.ts[0m:[93m194[0m:[93m27[0m - [91merror[0m[90m TS2304: [0mCannot find name 'ObjectIterateeCustom'.

[7m194[0m         every(predicate?: ObjectIterateeCustom<T, boolean>): PrimitiveChain<boolean>;
[7m   [0m [91m                          ~~~~~~~~~~~~~~~~~~~~[0m
[96mnode_modules/@types/lodash/common/collection.d.ts[0m:[93m205[0m:[93m67[0m - [91merror[0m[90m TS2304: [0mCannot find name 'StringIterator'.

[7m205[0m         filter(collection: string | null | undefined, predicate?: StringIterator<boolean>): string[];
[7m   [0m [91m                                                                  ~~~~~~~~~~~~~~[0m
[96mnode_modules/@types/lodash/common/collection.d.ts[0m:[93m209[0m:[93m44[0m - [91merror[0m[90m TS2304: [0mCannot find name 'List'.

[7m209[0m         filter<T, S extends T>(collection: List<T> | null | undefined, predicate: ListIteratorTypeGuard<T, S>): S[];
[7m   [0m [91m                                           ~~~~[0m
[96mnode_modules/@types/lodash/common/collection.d.ts[0m:[93m209[0m:[93m83[0m - [91merror[0m[90m TS2304: [0mCannot find name 'ListIteratorTypeGuard'.

[7m209[0m         filter<T, S extends T>(collection: List<T> | null | undefined, predicate: ListIteratorTypeGuard<T, S>): S[];
[7m   [0m [91m                                                                                  ~~~~~~~~~~~~~~~~~~~~~[0m
[96mnode_modules/@types/lodash/common/collection.d.ts[0m:[93m213[0m:[93m31[0m - [91merror[0m[90m TS2304: [0mCannot find name 'List'.

[7m213[0m         filter<T>(collection: List<T> | null | undefined, predicate?: ListIterateeCustom<T, boolean>): T[];
[7m   [0m [91m                              ~~~~[0m
[96mnode_modules/@types/lodash/common/collection.d.ts[0m:[93m213[0m:[93m71[0m - [91merror[0m[90m TS2304: [0mCannot find name 'ListIterateeCustom'.

[7m213[0m         filter<T>(collection: List<T> | null | undefined, predicate?: ListIterateeCustom<T, boolean>): T[];
[7m   [0m [91m                                                                      ~~~~~~~~~~~~~~~~~~[0m
[96mnode_modules/@types/lodash/common/collection.d.ts[0m:[93m217[0m:[93m101[0m - [91merror[0m[90m TS2304: [0mCannot find name 'ObjectIteratorTypeGuard'.

[7m217[0m         filter<T extends object, S extends T[keyof T]>(collection: T | null | undefined, predicate: ObjectIteratorTypeGuard<T, S>): S[];
[7m   [0m [91m                                                                                                    ~~~~~~~~~~~~~~~~~~~~~~~[0m
[96mnode_modules/@types/lodash/common/collection.d.ts[0m:[93m221[0m:[93m80[0m - [91merror[0m[90m TS2304: [0mCannot find name 'ObjectIterateeCustom'.

[7m221[0m         filter<T extends object>(collection: T | null | undefined, predicate?: ObjectIterateeCustom<T, boolean>): Array<T[keyof T]>;
[7m   [0m [91m                                                                               ~~~~~~~~~~~~~~~~~~~~[0m
[96mnode_modules/@types/lodash/common/collection.d.ts[0m:[93m227[0m:[93m28[0m - [91merror[0m[90m TS2304: [0mCannot find name 'StringIterator'.

[7m227[0m         filter(predicate?: StringIterator<boolean>): Collection<string>;
[7m   [0m [91m                           ~~~~~~~~~~~~~~[0m
[96mnode_modules/@types/lodash/common/collection.d.ts[0m:[93m233[0m:[93m40[0m - [91merror[0m[90m TS2304: [0mCannot find name 'ListIteratorTypeGuard'.

[7m233[0m         filter<S extends T>(predicate: ListIteratorTypeGuard<T, S>): Collection<S>;
[7m   [0m [91m                                       ~~~~~~~~~~~~~~~~~~~~~[0m
[96mnode_modules/@types/lodash/common/collection.d.ts[0m:[93m237[0m:[93m28[0m - [91merror[0m[90m TS2304: [0mCannot find name 'ListIterateeCustom'.

[7m237[0m         filter(predicate?: ListIterateeCustom<T, boolean>): Collection<T>;
[7m   [0m [91m                           ~~~~~~~~~~~~~~~~~~[0m
[96mnode_modules/@types/lodash/common/collection.d.ts[0m:[93m243[0m:[93m49[0m - [91merror[0m[90m TS2304: [0mCannot find name 'ObjectIteratorTypeGuard'.

[7m243[0m         filter<S extends T[keyof T]>(predicate: ObjectIteratorTypeGuard<T, S>): Collection<S>;
[7m   [0m [91m                                                ~~~~~~~~~~~~~~~~~~~~~~~[0m
[96mnode_modules/@types/lodash/common/collection.d.ts[0m:[93m247[0m:[93m28[0m - [91merror[0m[90m TS2304: [0mCannot find name 'ObjectIterateeCustom'.

[7m247[0m         filter(predicate?: ObjectIterateeCustom<T, boolean>): Collection<T[keyof T]>;
[7m   [0m [91m                           ~~~~~~~~~~~~~~~~~~~~[0m
[96mnode_modules/@types/lodash/common/collection.d.ts[0m:[93m253[0m:[93m28[0m - [91merror[0m[90m TS2304: [0mCannot find name 'StringIterator'.

[7m253[0m         filter(predicate?: StringIterator<boolean>): CollectionChain<string>;
[7m   [0m [91m                           ~~~~~~~~~~~~~~[0m
[96mnode_modules/@types/lodash/common/collection.d.ts[0m:[93m259[0m:[93m28[0m - [91merror[0m[90m TS2304: [0mCannot find name 'StringIterator'.

[7m259[0m         filter(predicate?: StringIterator<boolean>): CollectionChain<string>;
[7m   [0m [91m                           ~~~~~~~~~~~~~~[0m
[96mnode_modules/@types/lodash/common/collection.d.ts[0m:[93m265[0m:[93m40[0m - [91merror[0m[90m TS2304: [0mCannot find name 'ListIteratorTypeGuard'.

[7m265[0m         filter<S extends T>(predicate: ListIteratorTypeGuard<T, S>): CollectionChain<S>;
[7m   [0m [91m                                       ~~~~~~~~~~~~~~~~~~~~~[0m
[96mnode_modules/@types/lodash/common/collection.d.ts[0m:[93m269[0m:[93m28[0m - [91merror[0m[90m TS2304: [0mCannot find name 'ListIterateeCustom'.

[7m269[0m         filter(predicate?: ListIterateeCustom<T, boolean>): CollectionChain<T>;
[7m   [0m [91m                           ~~~~~~~~~~~~~~~~~~[0m
[96mnode_modules/@types/lodash/common/collection.d.ts[0m:[93m275[0m:[93m49[0m - [91merror[0m[90m TS2304: [0mCannot find name 'ObjectIteratorTypeGuard'.

[7m275[0m         filter<S extends T[keyof T]>(predicate: ObjectIteratorTypeGuard<T, S>): CollectionChain<S>;
[7m   [0m [91m                                                ~~~~~~~~~~~~~~~~~~~~~~~[0m
[96mnode_modules/@types/lodash/common/collection.d.ts[0m:[93m279[0m:[93m28[0m - [91merror[0m[90m TS2304: [0mCannot find name 'ObjectIterateeCustom'.

[7m279[0m         filter(predicate?: ObjectIterateeCustom<T, boolean>): CollectionChain<T[keyof T]>;
[7m   [0m [91m                           ~~~~~~~~~~~~~~~~~~~~[0m
[96mnode_modules/@types/lodash/common/collection.d.ts[0m:[93m291[0m:[93m42[0m - [91merror[0m[90m TS2304: [0mCannot find name 'List'.

[7m291[0m         find<T, S extends T>(collection: List<T> | null | undefined, predicate: ListIteratorTypeGuard<T, S>, fromIndex?: number): S|undefined;
[7m   [0m [91m                                         ~~~~[0m
[96mnode_modules/@types/lodash/common/collection.d.ts[0m:[93m291[0m:[93m81[0m - [91merror[0m[90m TS2304: [0mCannot find name 'ListIteratorTypeGuard'.

[7m291[0m         find<T, S extends T>(collection: List<T> | null | undefined, predicate: ListIteratorTypeGuard<T, S>, fromIndex?: number): S|undefined;
[7m   [0m [91m                                                                                ~~~~~~~~~~~~~~~~~~~~~[0m
[96mnode_modules/@types/lodash/common/collection.d.ts[0m:[93m295[0m:[93m29[0m - [91merror[0m[90m TS2304: [0mCannot find name 'List'.

[7m295[0m         find<T>(collection: List<T> | null | undefined, predicate?: ListIterateeCustom<T, boolean>, fromIndex?: number): T|undefined;
[7m   [0m [91m                            ~~~~[0m
[96mnode_modules/@types/lodash/common/collection.d.ts[0m:[93m295[0m:[93m69[0m - [91merror[0m[90m TS2304: [0mCannot find name 'ListIterateeCustom'.

[7m295[0m         find<T>(collection: List<T> | null | undefined, predicate?: ListIterateeCustom<T, boolean>, fromIndex?: number): T|undefined;
[7m   [0m [91m                                                                    ~~~~~~~~~~~~~~~~~~[0m
[96mnode_modules/@types/lodash/common/collection.d.ts[0m:[93m299[0m:[93m99[0m - [91merror[0m[90m TS2304: [0mCannot find name 'ObjectIteratorTypeGuard'.

[7m299[0m         find<T extends object, S extends T[keyof T]>(collection: T | null | undefined, predicate: ObjectIteratorTypeGuard<T, S>, fromIndex?: number): S|undefined;
[7m   [0m [91m                                                                                                  ~~~~~~~~~~~~~~~~~~~~~~~[0m
[96mnode_modules/@types/lodash/common/collection.d.ts[0m:[93m303[0m:[93m78[0m - [91merror[0m[90m TS2304: [0mCannot find name 'ObjectIterateeCustom'.

[7m303[0m         find<T extends object>(collection: T | null | undefined, predicate?: ObjectIterateeCustom<T, boolean>, fromIndex?: number): T[keyof T]|undefined;
[7m   [0m [91m                                                                             ~~~~~~~~~~~~~~~~~~~~[0m
[96mnode_modules/@types/lodash/common/collection.d.ts[0m:[93m309[0m:[93m38[0m - [91merror[0m[90m TS2304: [0mCannot find name 'ListIteratorTypeGuard'.

[7m309[0m         find<S extends T>(predicate: ListIteratorTypeGuard<T, S>, fromIndex?: number): S|undefined;
[7m   [0m [91m                                     ~~~~~~~~~~~~~~~~~~~~~[0m
[96mnode_modules/@types/lodash/common/collection.d.ts[0m:[93m313[0m:[93m26[0m - [91merror[0m[90m TS2304: [0mCannot find name 'ListIterateeCustom'.

[7m313[0m         find(predicate?: ListIterateeCustom<T, boolean>, fromIndex?: number): T|undefined;
[7m   [0m [91m                         ~~~~~~~~~~~~~~~~~~[0m
[96mnode_modules/@types/lodash/common/collection.d.ts[0m:[93m319[0m:[93m48[0m - [91merror[0m[90m TS2304: [0mCannot find name 'ObjectIteratorTypeGuard'.

[7m319[0m         find< S extends T[keyof T]>(predicate: ObjectIteratorTypeGuard<T, S>, fromIndex?: number): S|undefined;
[7m   [0m [91m                                               ~~~~~~~~~~~~~~~~~~~~~~~[0m
[96mnode_modules/@types/lodash/common/collection.d.ts[0m:[93m323[0m:[93m26[0m - [91merror[0m[90m TS2304: [0mCannot find name 'ObjectIterateeCustom'.

[7m323[0m         find(predicate?: ObjectIterateeCustom<T, boolean>, fromIndex?: number): T[keyof T]|undefined;
[7m   [0m [91m                         ~~~~~~~~~~~~~~~~~~~~[0m
[96mnode_modules/@types/lodash/common/collection.d.ts[0m:[93m329[0m:[93m39[0m - [91merror[0m[90m TS2304: [0mCannot find name 'ListIteratorTypeGuard'.

[7m329[0m         find< S extends T>(predicate: ListIteratorTypeGuard<T, S>, fromIndex?: number): ExpChain<S|undefined>;
[7m   [0m [91m                                      ~~~~~~~~~~~~~~~~~~~~~[0m
[96mnode_modules/@types/lodash/common/collection.d.ts[0m:[93m329[0m:[93m89[0m - [91merror[0m[90m TS2304: [0mCannot find name 'ExpChain'.

[7m329[0m         find< S extends T>(predicate: ListIteratorTypeGuard<T, S>, fromIndex?: number): ExpChain<S|undefined>;
[7m   [0m [91m                                                                                        ~~~~~~~~[0m
[96mnode_modules/@types/lodash/common/collection.d.ts[0m:[93m333[0m:[93m26[0m - [91merror[0m[90m TS2304: [0mCannot find name 'ListIterateeCustom'.

[7m333[0m         find(predicate?: ListIterateeCustom<T, boolean>, fromIndex?: number): ExpChain<T|undefined>;
[7m   [0m [91m                         ~~~~~~~~~~~~~~~~~~[0m
[96mnode_modules/@types/lodash/common/collection.d.ts[0m:[93m333[0m:[93m79[0m - [91merror[0m[90m TS2304: [0mCannot find name 'ExpChain'.

[7m333[0m         find(predicate?: ListIterateeCustom<T, boolean>, fromIndex?: number): ExpChain<T|undefined>;
[7m   [0m [91m                                                                              ~~~~~~~~[0m
[96mnode_modules/@types/lodash/common/collection.d.ts[0m:[93m339[0m:[93m48[0m - [91merror[0m[90m TS2304: [0mCannot find name 'ObjectIteratorTypeGuard'.

[7m339[0m         find< S extends T[keyof T]>(predicate: ObjectIteratorTypeGuard<T, S>, fromIndex?: number): ExpChain<S|undefined>;
[7m   [0m [91m                                               ~~~~~~~~~~~~~~~~~~~~~~~[0m
[96mnode_modules/@types/lodash/common/collection.d.ts[0m:[93m339[0m:[93m100[0m - [91merror[0m[90m TS2304: [0mCannot find name 'ExpChain'.

[7m339[0m         find< S extends T[keyof T]>(predicate: ObjectIteratorTypeGuard<T, S>, fromIndex?: number): ExpChain<S|undefined>;
[7m   [0m [91m                                                                                                   ~~~~~~~~[0m
[96mnode_modules/@types/lodash/common/collection.d.ts[0m:[93m343[0m:[93m26[0m - [91merror[0m[90m TS2304: [0mCannot find name 'ObjectIterateeCustom'.

[7m343[0m         find(predicate?: ObjectIterateeCustom<T, boolean>, fromIndex?: number): ExpChain<T[keyof T]|undefined>;
[7m   [0m [91m                         ~~~~~~~~~~~~~~~~~~~~[0m
[96mnode_modules/@types/lodash/common/collection.d.ts[0m:[93m343[0m:[93m81[0m - [91merror[0m[90m TS2304: [0mCannot find name 'ExpChain'.

[7m343[0m         find(predicate?: ObjectIterateeCustom<T, boolean>, fromIndex?: number): ExpChain<T[keyof T]|undefined>;
[7m   [0m [91m                                                                                ~~~~~~~~[0m
[96mnode_modules/@types/lodash/common/collection.d.ts[0m:[93m354[0m:[93m46[0m - [91merror[0m[90m TS2304: [0mCannot find name 'List'.

[7m354[0m         findLast<T, S extends T>(collection: List<T> | null | undefined, predicate: ListIteratorTypeGuard<T, S>, fromIndex?: number): S|undefined;
[7m   [0m [91m                                             ~~~~[0m
[96mnode_modules/@types/lodash/common/collection.d.ts[0m:[93m354[0m:[93m85[0m - [91merror[0m[90m TS2304: [0mCannot find name 'ListIteratorTypeGuard'.

[7m354[0m         findLast<T, S extends T>(collection: List<T> | null | undefined, predicate: ListIteratorTypeGuard<T, S>, fromIndex?: number): S|undefined;
[7m   [0m [91m                                                                                    ~~~~~~~~~~~~~~~~~~~~~[0m
[96mnode_modules/@types/lodash/common/collection.d.ts[0m:[93m358[0m:[93m33[0m - [91merror[0m[90m TS2304: [0mCannot find name 'List'.

[7m358[0m         findLast<T>(collection: List<T> | null | undefined, predicate?: ListIterateeCustom<T, boolean>, fromIndex?: number): T|undefined;
[7m   [0m [91m                                ~~~~[0m
[96mnode_modules/@types/lodash/common/collection.d.ts[0m:[93m358[0m:[93m73[0m - [91merror[0m[90m TS2304: [0mCannot find name 'ListIterateeCustom'.

[7m358[0m         findLast<T>(collection: List<T> | null | undefined, predicate?: ListIterateeCustom<T, boolean>, fromIndex?: number): T|undefined;
[7m   [0m [91m                                                                        ~~~~~~~~~~~~~~~~~~[0m
[96mnode_modules/@types/lodash/common/collection.d.ts[0m:[93m362[0m:[93m103[0m - [91merror[0m[90m TS2304: [0mCannot find name 'ObjectIteratorTypeGuard'.

[7m362[0m         findLast<T extends object, S extends T[keyof T]>(collection: T | null | undefined, predicate: ObjectIteratorTypeGuard<T, S>, fromIndex?: number): S|undefined;
[7m   [0m [91m                                                                                                      ~~~~~~~~~~~~~~~~~~~~~~~[0m
[96mnode_modules/@types/lodash/common/collection.d.ts[0m:[93m366[0m:[93m82[0m - [91merror[0m[90m TS2304: [0mCannot find name 'ObjectIterateeCustom'.

[7m366[0m         findLast<T extends object>(collection: T | null | undefined, predicate?: ObjectIterateeCustom<T, boolean>, fromIndex?: number): T[keyof T]|undefined;
[7m   [0m [91m                                                                                 ~~~~~~~~~~~~~~~~~~~~[0m
[96mnode_modules/@types/lodash/common/collection.d.ts[0m:[93m372[0m:[93m42[0m - [91merror[0m[90m TS2304: [0mCannot find name 'ListIteratorTypeGuard'.

[7m372[0m         findLast<S extends T>(predicate: ListIteratorTypeGuard<T, S>, fromIndex?: number): S|undefined;
[7m   [0m [91m                                         ~~~~~~~~~~~~~~~~~~~~~[0m
[96mnode_modules/@types/lodash/common/collection.d.ts[0m:[93m376[0m:[93m30[0m - [91merror[0m[90m TS2304: [0mCannot find name 'ListIterateeCustom'.

[7m376[0m         findLast(predicate?: ListIterateeCustom<T, boolean>, fromIndex?: number): T|undefined;
[7m   [0m [91m                             ~~~~~~~~~~~~~~~~~~[0m
[96mnode_modules/@types/lodash/common/collection.d.ts[0m:[93m382[0m:[93m52[0m - [91merror[0m[90m TS2304: [0mCannot find name 'ObjectIteratorTypeGuard'.

[7m382[0m         findLast< S extends T[keyof T]>(predicate: ObjectIteratorTypeGuard<T, S>, fromIndex?: number): S|undefined;
[7m   [0m [91m                                                   ~~~~~~~~~~~~~~~~~~~~~~~[0m
[96mnode_modules/@types/lodash/common/collection.d.ts[0m:[93m386[0m:[93m30[0m - [91merror[0m[90m TS2304: [0mCannot find name 'ObjectIterateeCustom'.

[7m386[0m         findLast(predicate?: ObjectIterateeCustom<T, boolean>, fromIndex?: number): T[keyof T]|undefined;
[7m   [0m [91m                             ~~~~~~~~~~~~~~~~~~~~[0m
[96mnode_modules/@types/lodash/common/collection.d.ts[0m:[93m392[0m:[93m43[0m - [91merror[0m[90m TS2304: [0mCannot find name 'ListIteratorTypeGuard'.

[7m392[0m         findLast< S extends T>(predicate: ListIteratorTypeGuard<T, S>, fromIndex?: number): ExpChain<S|undefined>;
[7m   [0m [91m                                          ~~~~~~~~~~~~~~~~~~~~~[0m
[96mnode_modules/@types/lodash/common/collection.d.ts[0m:[93m392[0m:[93m93[0m - [91merror[0m[90m TS2304: [0mCannot find name 'ExpChain'.

[7m392[0m         findLast< S extends T>(predicate: ListIteratorTypeGuard<T, S>, fromIndex?: number): ExpChain<S|undefined>;
[7m   [0m [91m                                                                                            ~~~~~~~~[0m
[96mnode_modules/@types/lodash/common/collection.d.ts[0m:[93m396[0m:[93m30[0m - [91merror[0m[90m TS2304: [0mCannot find name 'ListIterateeCustom'.

[7m396[0m         findLast(predicate?: ListIterateeCustom<T, boolean>, fromIndex?: number): ExpChain<T|undefined>;
[7m   [0m [91m                             ~~~~~~~~~~~~~~~~~~[0m
[96mnode_modules/@types/lodash/common/collection.d.ts[0m:[93m396[0m:[93m83[0m - [91merror[0m[90m TS2304: [0mCannot find name 'ExpChain'.

[7m396[0m         findLast(predicate?: ListIterateeCustom<T, boolean>, fromIndex?: number): ExpChain<T|undefined>;
[7m   [0m [91m                                                                                  ~~~~~~~~[0m
[96mnode_modules/@types/lodash/common/collection.d.ts[0m:[93m402[0m:[93m52[0m - [91merror[0m[90m TS2304: [0mCannot find name 'ObjectIteratorTypeGuard'.

[7m402[0m         findLast< S extends T[keyof T]>(predicate: ObjectIteratorTypeGuard<T, S>, fromIndex?: number): ExpChain<S|undefined>;
[7m   [0m [91m                                                   ~~~~~~~~~~~~~~~~~~~~~~~[0m
[96mnode_modules/@types/lodash/common/collection.d.ts[0m:[93m402[0m:[93m104[0m - [91merror[0m[90m TS2304: [0mCannot find name 'ExpChain'.

[7m402[0m         findLast< S extends T[keyof T]>(predicate: ObjectIteratorTypeGuard<T, S>, fromIndex?: number): ExpChain<S|undefined>;
[7m   [0m [91m                                                                                                       ~~~~~~~~[0m
[96mnode_modules/@types/lodash/common/collection.d.ts[0m:[93m406[0m:[93m30[0m - [91merror[0m[90m TS2304: [0mCannot find name 'ObjectIterateeCustom'.

[7m406[0m         findLast(predicate?: ObjectIterateeCustom<T, boolean>, fromIndex?: number): ExpChain<T[keyof T]|undefined>;
[7m   [0m [91m                             ~~~~~~~~~~~~~~~~~~~~[0m
[96mnode_modules/@types/lodash/common/collection.d.ts[0m:[93m406[0m:[93m85[0m - [91merror[0m[90m TS2304: [0mCannot find name 'ExpChain'.

[7m406[0m         findLast(predicate?: ObjectIterateeCustom<T, boolean>, fromIndex?: number): ExpChain<T[keyof T]|undefined>;
[7m   [0m [91m                                                                                    ~~~~~~~~[0m
[96mnode_modules/@types/lodash/common/collection.d.ts[0m:[93m418[0m:[93m32[0m - [91merror[0m[90m TS2304: [0mCannot find name 'Dictionary'.

[7m418[0m         flatMap<T>(collection: Dictionary<Many<T>> | NumericDictionary<Many<T>> | null | undefined): T[];
[7m   [0m [91m                               ~~~~~~~~~~[0m
[96mnode_modules/@types/lodash/common/collection.d.ts[0m:[93m418[0m:[93m43[0m - [91merror[0m[90m TS2304: [0mCannot find name 'Many'.

[7m418[0m         flatMap<T>(collection: Dictionary<Many<T>> | NumericDictionary<Many<T>> | null | undefined): T[];
[7m   [0m [91m                                          ~~~~[0m
[96mnode_modules/@types/lodash/common/collection.d.ts[0m:[93m418[0m:[93m54[0m - [91merror[0m[90m TS2304: [0mCannot find name 'NumericDictionary'.

[7m418[0m         flatMap<T>(collection: Dictionary<Many<T>> | NumericDictionary<Many<T>> | null | undefined): T[];
[7m   [0m [91m                                                     ~~~~~~~~~~~~~~~~~[0m
[96mnode_modules/@types/lodash/common/collection.d.ts[0m:[93m418[0m:[93m72[0m - [91merror[0m[90m TS2304: [0mCannot find name 'Many'.

[7m418[0m         flatMap<T>(collection: Dictionary<Many<T>> | NumericDictionary<Many<T>> | null | undefined): T[];
[7m   [0m [91m                                                                       ~~~~[0m
[96mnode_modules/@types/lodash/common/collection.d.ts[0m:[93m426[0m:[93m41[0m - [91merror[0m[90m TS2304: [0mCannot find name 'List'.

[7m426[0m         flatMap<T, TResult>(collection: List<T> | null | undefined, iteratee: ListIterator<T, Many<TResult>>): TResult[];
[7m   [0m [91m                                        ~~~~[0m
[96mnode_modules/@types/lodash/common/collection.d.ts[0m:[93m426[0m:[93m79[0m - [91merror[0m[90m TS2304: [0mCannot find name 'ListIterator'.

[7m426[0m         flatMap<T, TResult>(collection: List<T> | null | undefined, iteratee: ListIterator<T, Many<TResult>>): TResult[];
[7m   [0m [91m                                                                              ~~~~~~~~~~~~[0m
[96mnode_modules/@types/lodash/common/collection.d.ts[0m:[93m426[0m:[93m95[0m - [91merror[0m[90m TS2304: [0mCannot find name 'Many'.

[7m426[0m         flatMap<T, TResult>(collection: List<T> | null | undefined, iteratee: ListIterator<T, Many<TResult>>): TResult[];
[7m   [0m [91m                                                                                              ~~~~[0m
[96mnode_modules/@types/lodash/common/collection.d.ts[0m:[93m430[0m:[93m88[0m - [91merror[0m[90m TS2304: [0mCannot find name 'ObjectIterator'.

[7m430[0m         flatMap<T extends object, TResult>(collection: T | null | undefined, iteratee: ObjectIterator<T, Many<TResult>>): TResult[];
[7m   [0m [91m                                                                                       ~~~~~~~~~~~~~~[0m
[96mnode_modules/@types/lodash/common/collection.d.ts[0m:[93m430[0m:[93m106[0m - [91merror[0m[90m TS2304: [0mCannot find name 'Many'.

[7m430[0m         flatMap<T extends object, TResult>(collection: T | null | undefined, iteratee: ObjectIterator<T, Many<TResult>>): TResult[];
[7m   [0m [91m                                                                                                         ~~~~[0m
[96mnode_modules/@types/lodash/common/collection.d.ts[0m:[93m444[0m:[93m36[0m - [91merror[0m[90m TS2304: [0mCannot find name 'StringIterator'.

[7m444[0m         flatMap<TResult>(iteratee: StringIterator<Many<TResult>>): Collection<TResult>;
[7m   [0m [91m                                   ~~~~~~~~~~~~~~[0m
[96mnode_modules/@types/lodash/common/collection.d.ts[0m:[93m444[0m:[93m51[0m - [91merror[0m[90m TS2304: [0mCannot find name 'Many'.

[7m444[0m         flatMap<TResult>(iteratee: StringIterator<Many<TResult>>): Collection<TResult>;
[7m   [0m [91m                                                  ~~~~[0m
[96mnode_modules/@types/lodash/common/collection.d.ts[0m:[93m454[0m:[93m42[0m - [91merror[0m[90m TS2304: [0mCannot find name 'ListIterator'.

[7m454[0m         flatMap<TResult = any>(iteratee: ListIterator<T, Many<TResult>> | PropertyName): Collection<TResult>;
[7m   [0m [91m                                         ~~~~~~~~~~~~[0m
[96mnode_modules/@types/lodash/common/collection.d.ts[0m:[93m454[0m:[93m58[0m - [91merror[0m[90m TS2304: [0mCannot find name 'Many'.

[7m454[0m         flatMap<TResult = any>(iteratee: ListIterator<T, Many<TResult>> | PropertyName): Collection<TResult>;
[7m   [0m [91m                                                         ~~~~[0m
[96mnode_modules/@types/lodash/common/collection.d.ts[0m:[93m454[0m:[93m75[0m - [91merror[0m[90m TS2304: [0mCannot find name 'PropertyName'.

[7m454[0m         flatMap<TResult = any>(iteratee: ListIterator<T, Many<TResult>> | PropertyName): Collection<TResult>;
[7m   [0m [91m                                                                          ~~~~~~~~~~~~[0m
[96mnode_modules/@types/lodash/common/collection.d.ts[0m:[93m458[0m:[93m28[0m - [91merror[0m[90m TS2304: [0mCannot find name 'PropertyName'.

[7m458[0m         flatMap(iteratee: [PropertyName, any] | object): Collection<boolean>;
[7m   [0m [91m                           ~~~~~~~~~~~~[0m
[96mnode_modules/@types/lodash/common/collection.d.ts[0m:[93m462[0m:[93m30[0m - [91merror[0m[90m TS2304: [0mCannot find name 'Many'.

[7m462[0m         flatMap(): T extends Many<infer U> ? Collection<U> : Collection<T>;
[7m   [0m [91m                             ~~~~[0m
[96mnode_modules/@types/lodash/common/collection.d.ts[0m:[93m468[0m:[93m42[0m - [91merror[0m[90m TS2304: [0mCannot find name 'ObjectIterator'.

[7m468[0m         flatMap<TResult = any>(iteratee: ObjectIterator<T, Many<TResult>> | PropertyName): Collection<TResult>;
[7m   [0m [91m                                         ~~~~~~~~~~~~~~[0m
[96mnode_modules/@types/lodash/common/collection.d.ts[0m:[93m468[0m:[93m60[0m - [91merror[0m[90m TS2304: [0mCannot find name 'Many'.

[7m468[0m         flatMap<TResult = any>(iteratee: ObjectIterator<T, Many<TResult>> | PropertyName): Collection<TResult>;
[7m   [0m [91m                                                           ~~~~[0m
[96mnode_modules/@types/lodash/common/collection.d.ts[0m:[93m468[0m:[93m77[0m - [91merror[0m[90m TS2304: [0mCannot find name 'PropertyName'.

[7m468[0m         flatMap<TResult = any>(iteratee: ObjectIterator<T, Many<TResult>> | PropertyName): Collection<TResult>;
[7m   [0m [91m                                                                            ~~~~~~~~~~~~[0m
[96mnode_modules/@types/lodash/common/collection.d.ts[0m:[93m472[0m:[93m28[0m - [91merror[0m[90m TS2304: [0mCannot find name 'PropertyName'.

[7m472[0m         flatMap(iteratee: [PropertyName, any] | object): Collection<boolean>;
[7m   [0m [91m                           ~~~~~~~~~~~~[0m
[96mnode_modules/@types/lodash/common/collection.d.ts[0m:[93m482[0m:[93m36[0m - [91merror[0m[90m TS2304: [0mCannot find name 'StringIterator'.

[7m482[0m         flatMap<TResult>(iteratee: StringIterator<Many<TResult>>): CollectionChain<TResult>;
[7m   [0m [91m                                   ~~~~~~~~~~~~~~[0m
[96mnode_modules/@types/lodash/common/collection.d.ts[0m:[93m482[0m:[93m51[0m - [91merror[0m[90m TS2304: [0mCannot find name 'Many'.

[7m482[0m         flatMap<TResult>(iteratee: StringIterator<Many<TResult>>): CollectionChain<TResult>;
[7m   [0m [91m                                                  ~~~~[0m
[96mnode_modules/@types/lodash/common/collection.d.ts[0m:[93m492[0m:[93m36[0m - [91merror[0m[90m TS2304: [0mCannot find name 'StringIterator'.

[7m492[0m         flatMap<TResult>(iteratee: StringIterator<Many<TResult>>): CollectionChain<TResult>;
[7m   [0m [91m                                   ~~~~~~~~~~~~~~[0m
[96mnode_modules/@types/lodash/common/collection.d.ts[0m:[93m492[0m:[93m51[0m - [91merror[0m[90m TS2304: [0mCannot find name 'Many'.

[7m492[0m         flatMap<TResult>(iteratee: StringIterator<Many<TResult>>): CollectionChain<TResult>;
[7m   [0m [91m                                                  ~~~~[0m
[96mnode_modules/@types/lodash/common/collection.d.ts[0m:[93m502[0m:[93m42[0m - [91merror[0m[90m TS2304: [0mCannot find name 'ListIterator'.

[7m502[0m         flatMap<TResult = any>(iteratee: ListIterator<T, Many<TResult>> | PropertyName): CollectionChain<TResult>;
[7m   [0m [91m                                         ~~~~~~~~~~~~[0m
[96mnode_modules/@types/lodash/common/collection.d.ts[0m:[93m502[0m:[93m58[0m - [91merror[0m[90m TS2304: [0mCannot find name 'Many'.

[7m502[0m         flatMap<TResult = any>(iteratee: ListIterator<T, Many<TResult>> | PropertyName): CollectionChain<TResult>;
[7m   [0m [91m                                                         ~~~~[0m
[96mnode_modules/@types/lodash/common/collection.d.ts[0m:[93m502[0m:[93m75[0m - [91merror[0m[90m TS2304: [0mCannot find name 'PropertyName'.

[7m502[0m         flatMap<TResult = any>(iteratee: ListIterator<T, Many<TResult>> | PropertyName): CollectionChain<TResult>;
[7m   [0m [91m                                                                          ~~~~~~~~~~~~[0m
[96mnode_modules/@types/lodash/common/collection.d.ts[0m:[93m506[0m:[93m28[0m - [91merror[0m[90m TS2304: [0mCannot find name 'PropertyName'.

[7m506[0m         flatMap(iteratee: [PropertyName, any] | object): CollectionChain<boolean>;
[7m   [0m [91m                           ~~~~~~~~~~~~[0m
[96mnode_modules/@types/lodash/common/collection.d.ts[0m:[93m510[0m:[93m30[0m - [91merror[0m[90m TS2304: [0mCannot find name 'Many'.

[7m510[0m         flatMap(): T extends Many<infer U> ? CollectionChain<U> : CollectionChain<T>;
[7m   [0m [91m                             ~~~~[0m
[96mnode_modules/@types/lodash/common/collection.d.ts[0m:[93m516[0m:[93m42[0m - [91merror[0m[90m TS2304: [0mCannot find name 'ObjectIterator'.

[7m516[0m         flatMap<TResult = any>(iteratee: ObjectIterator<T, Many<TResult>> | PropertyName): CollectionChain<TResult>;
[7m   [0m [91m                                         ~~~~~~~~~~~~~~[0m
[96mnode_modules/@types/lodash/common/collection.d.ts[0m:[93m516[0m:[93m60[0m - [91merror[0m[90m TS2304: [0mCannot find name 'Many'.

[7m516[0m         flatMap<TResult = any>(iteratee: ObjectIterator<T, Many<TResult>> | PropertyName): CollectionChain<TResult>;
[7m   [0m [91m                                                           ~~~~[0m
[96mnode_modules/@types/lodash/common/collection.d.ts[0m:[93m516[0m:[93m77[0m - [91merror[0m[90m TS2304: [0mCannot find name 'PropertyName'.

[7m516[0m         flatMap<TResult = any>(iteratee: ObjectIterator<T, Many<TResult>> | PropertyName): CollectionChain<TResult>;
[7m   [0m [91m                                                                            ~~~~~~~~~~~~[0m
[96mnode_modules/@types/lodash/common/collection.d.ts[0m:[93m520[0m:[93m28[0m - [91merror[0m[90m TS2304: [0mCannot find name 'PropertyName'.

[7m520[0m         flatMap(iteratee: [PropertyName, any] | object): CollectionChain<boolean>;
[7m   [0m [91m                           ~~~~~~~~~~~~[0m
[96mnode_modules/@types/lodash/common/collection.d.ts[0m:[93m545[0m:[93m36[0m - [91merror[0m[90m TS2304: [0mCannot find name 'Dictionary'.

[7m545[0m         flatMapDeep<T>(collection: Dictionary<ListOfRecursiveArraysOrValues<T> | T> | NumericDictionary<ListOfRecursiveArraysOrValues<T> | T> | null | undefined): T[];
[7m   [0m [91m                                   ~~~~~~~~~~[0m
[96mnode_modules/@types/lodash/common/collection.d.ts[0m:[93m545[0m:[93m87[0m - [91merror[0m[90m TS2304: [0mCannot find name 'NumericDictionary'.

[7m545[0m         flatMapDeep<T>(collection: Dictionary<ListOfRecursiveArraysOrValues<T> | T> | NumericDictionary<ListOfRecursiveArraysOrValues<T> | T> | null | undefined): T[];
[7m   [0m [91m                                                                                      ~~~~~~~~~~~~~~~~~[0m
[96mnode_modules/@types/lodash/common/collection.d.ts[0m:[93m549[0m:[93m45[0m - [91merror[0m[90m TS2304: [0mCannot find name 'List'.

[7m549[0m         flatMapDeep<T, TResult>(collection: List<T> | null | undefined, iteratee: ListIterator<T, ListOfRecursiveArraysOrValues<TResult> | TResult>): TResult[];
[7m   [0m [91m                                            ~~~~[0m
[96mnode_modules/@types/lodash/common/collection.d.ts[0m:[93m549[0m:[93m83[0m - [91merror[0m[90m TS2304: [0mCannot find name 'ListIterator'.

[7m549[0m         flatMapDeep<T, TResult>(collection: List<T> | null | undefined, iteratee: ListIterator<T, ListOfRecursiveArraysOrValues<TResult> | TResult>): TResult[];
[7m   [0m [91m                                                                                  ~~~~~~~~~~~~[0m
[96mnode_modules/@types/lodash/common/collection.d.ts[0m:[93m553[0m:[93m92[0m - [91merror[0m[90m TS2304: [0mCannot find name 'ObjectIterator'.

[7m553[0m         flatMapDeep<T extends object, TResult>(collection: T | null | undefined, iteratee: ObjectIterator<T, ListOfRecursiveArraysOrValues<TResult> | TResult>): TResult[];
[7m   [0m [91m                                                                                           ~~~~~~~~~~~~~~[0m
[96mnode_modules/@types/lodash/common/collection.d.ts[0m:[93m567[0m:[93m40[0m - [91merror[0m[90m TS2304: [0mCannot find name 'StringIterator'.

[7m567[0m         flatMapDeep<TResult>(iteratee: StringIterator<ListOfRecursiveArraysOrValues<TResult> | TResult>): Collection<TResult>;
[7m   [0m [91m                                       ~~~~~~~~~~~~~~[0m
[96mnode_modules/@types/lodash/common/collection.d.ts[0m:[93m577[0m:[93m46[0m - [91merror[0m[90m TS2304: [0mCannot find name 'ListIterator'.

[7m577[0m         flatMapDeep<TResult = any>(iteratee: ListIterator<T, ListOfRecursiveArraysOrValues<TResult> | TResult> | PropertyName): Collection<TResult>;
[7m   [0m [91m                                             ~~~~~~~~~~~~[0m
[96mnode_modules/@types/lodash/common/collection.d.ts[0m:[93m577[0m:[93m114[0m - [91merror[0m[90m TS2304: [0mCannot find name 'PropertyName'.

[7m577[0m         flatMapDeep<TResult = any>(iteratee: ListIterator<T, ListOfRecursiveArraysOrValues<TResult> | TResult> | PropertyName): Collection<TResult>;
[7m   [0m [91m                                                                                                                 ~~~~~~~~~~~~[0m
[96mnode_modules/@types/lodash/common/collection.d.ts[0m:[93m581[0m:[93m32[0m - [91merror[0m[90m TS2304: [0mCannot find name 'PropertyName'.

[7m581[0m         flatMapDeep(iteratee: [PropertyName, any] | object): Collection<boolean>;
[7m   [0m [91m                               ~~~~~~~~~~~~[0m
[96mnode_modules/@types/lodash/common/collection.d.ts[0m:[93m591[0m:[93m46[0m - [91merror[0m[90m TS2304: [0mCannot find name 'ObjectIterator'.

[7m591[0m         flatMapDeep<TResult = any>(iteratee: ObjectIterator<T, ListOfRecursiveArraysOrValues<TResult> | TResult> | PropertyName): Collection<TResult>;
[7m   [0m [91m                                             ~~~~~~~~~~~~~~[0m
[96mnode_modules/@types/lodash/common/collection.d.ts[0m:[93m591[0m:[93m116[0m - [91merror[0m[90m TS2304: [0mCannot find name 'PropertyName'.

[7m591[0m         flatMapDeep<TResult = any>(iteratee: ObjectIterator<T, ListOfRecursiveArraysOrValues<TResult> | TResult> | PropertyName): Collection<TResult>;
[7m   [0m [91m                                                                                                                   ~~~~~~~~~~~~[0m
[96mnode_modules/@types/lodash/common/collection.d.ts[0m:[93m595[0m:[93m32[0m - [91merror[0m[90m TS2304: [0mCannot find name 'PropertyName'.

[7m595[0m         flatMapDeep(iteratee: [PropertyName, any] | object): Collection<boolean>;
[7m   [0m [91m                               ~~~~~~~~~~~~[0m
[96mnode_modules/@types/lodash/common/collection.d.ts[0m:[93m605[0m:[93m40[0m - [91merror[0m[90m TS2304: [0mCannot find name 'StringIterator'.

[7m605[0m         flatMapDeep<TResult>(iteratee: StringIterator<ListOfRecursiveArraysOrValues<TResult> | TResult>): CollectionChain<TResult>;
[7m   [0m [91m                                       ~~~~~~~~~~~~~~[0m
[96mnode_modules/@types/lodash/common/collection.d.ts[0m:[93m615[0m:[93m40[0m - [91merror[0m[90m TS2304: [0mCannot find name 'StringIterator'.

[7m615[0m         flatMapDeep<TResult>(iteratee: StringIterator<ListOfRecursiveArraysOrValues<TResult> | TResult>): CollectionChain<TResult>;
[7m   [0m [91m                                       ~~~~~~~~~~~~~~[0m
[96mnode_modules/@types/lodash/common/collection.d.ts[0m:[93m625[0m:[93m46[0m - [91merror[0m[90m TS2304: [0mCannot find name 'ListIterator'.

[7m625[0m         flatMapDeep<TResult = any>(iteratee: ListIterator<T, ListOfRecursiveArraysOrValues<TResult> | TResult> | PropertyName): CollectionChain<TResult>;
[7m   [0m [91m                                             ~~~~~~~~~~~~[0m
[96mnode_modules/@types/lodash/common/collection.d.ts[0m:[93m625[0m:[93m114[0m - [91merror[0m[90m TS2304: [0mCannot find name 'PropertyName'.

[7m625[0m         flatMapDeep<TResult = any>(iteratee: ListIterator<T, ListOfRecursiveArraysOrValues<TResult> | TResult> | PropertyName): CollectionChain<TResult>;
[7m   [0m [91m                                                                                                                 ~~~~~~~~~~~~[0m
[96mnode_modules/@types/lodash/common/collection.d.ts[0m:[93m629[0m:[93m32[0m - [91merror[0m[90m TS2304: [0mCannot find name 'PropertyName'.

[7m629[0m         flatMapDeep(iteratee: [PropertyName, any] | object): CollectionChain<boolean>;
[7m   [0m [91m                               ~~~~~~~~~~~~[0m
[96mnode_modules/@types/lodash/common/collection.d.ts[0m:[93m639[0m:[93m46[0m - [91merror[0m[90m TS2304: [0mCannot find name 'ObjectIterator'.

[7m639[0m         flatMapDeep<TResult = any>(iteratee: ObjectIterator<T, ListOfRecursiveArraysOrValues<TResult> | TResult> | PropertyName): CollectionChain<TResult>;
[7m   [0m [91m                                             ~~~~~~~~~~~~~~[0m
[96mnode_modules/@types/lodash/common/collection.d.ts[0m:[93m639[0m:[93m116[0m - [91merror[0m[90m TS2304: [0mCannot find name 'PropertyName'.

[7m639[0m         flatMapDeep<TResult = any>(iteratee: ObjectIterator<T, ListOfRecursiveArraysOrValues<TResult> | TResult> | PropertyName): CollectionChain<TResult>;
[7m   [0m [91m                                                                                                                   ~~~~~~~~~~~~[0m
[96mnode_modules/@types/lodash/common/collection.d.ts[0m:[93m643[0m:[93m32[0m - [91merror[0m[90m TS2304: [0mCannot find name 'PropertyName'.

[7m643[0m         flatMapDeep(iteratee: [PropertyName, any] | object): CollectionChain<boolean>;
[7m   [0m [91m                               ~~~~~~~~~~~~[0m
[96mnode_modules/@types/lodash/common/collection.d.ts[0m:[93m669[0m:[93m37[0m - [91merror[0m[90m TS2304: [0mCannot find name 'Dictionary'.

[7m669[0m         flatMapDepth<T>(collection: Dictionary<ListOfRecursiveArraysOrValues<T> | T> | NumericDictionary<ListOfRecursiveArraysOrValues<T> | T> | null | undefined): T[];
[7m   [0m [91m                                    ~~~~~~~~~~[0m
[96mnode_modules/@types/lodash/common/collection.d.ts[0m:[93m669[0m:[93m88[0m - [91merror[0m[90m TS2304: [0mCannot find name 'NumericDictionary'.

[7m669[0m         flatMapDepth<T>(collection: Dictionary<ListOfRecursiveArraysOrValues<T> | T> | NumericDictionary<ListOfRecursiveArraysOrValues<T> | T> | null | undefined): T[];
[7m   [0m [91m                                                                                       ~~~~~~~~~~~~~~~~~[0m
[96mnode_modules/@types/lodash/common/collection.d.ts[0m:[93m673[0m:[93m46[0m - [91merror[0m[90m TS2304: [0mCannot find name 'List'.

[7m673[0m         flatMapDepth<T, TResult>(collection: List<T> | null | undefined, iteratee: ListIterator<T, ListOfRecursiveArraysOrValues<TResult> | TResult>, depth?: number): TResult[];
[7m   [0m [91m                                             ~~~~[0m
[96mnode_modules/@types/lodash/common/collection.d.ts[0m:[93m673[0m:[93m84[0m - [91merror[0m[90m TS2304: [0mCannot find name 'ListIterator'.

[7m673[0m         flatMapDepth<T, TResult>(collection: List<T> | null | undefined, iteratee: ListIterator<T, ListOfRecursiveArraysOrValues<TResult> | TResult>, depth?: number): TResult[];
[7m   [0m [91m                                                                                   ~~~~~~~~~~~~[0m
[96mnode_modules/@types/lodash/common/collection.d.ts[0m:[93m677[0m:[93m93[0m - [91merror[0m[90m TS2304: [0mCannot find name 'ObjectIterator'.

[7m677[0m         flatMapDepth<T extends object, TResult>(collection: T | null | undefined, iteratee: ObjectIterator<T, ListOfRecursiveArraysOrValues<TResult> | TResult>, depth?: number): TResult[];
[7m   [0m [91m                                                                                            ~~~~~~~~~~~~~~[0m
[96mnode_modules/@types/lodash/common/collection.d.ts[0m:[93m691[0m:[93m41[0m - [91merror[0m[90m TS2304: [0mCannot find name 'StringIterator'.

[7m691[0m         flatMapDepth<TResult>(iteratee: StringIterator<ListOfRecursiveArraysOrValues<TResult> | TResult>, depth?: number): Collection<TResult>;
[7m   [0m [91m                                        ~~~~~~~~~~~~~~[0m
[96mnode_modules/@types/lodash/common/collection.d.ts[0m:[93m701[0m:[93m47[0m - [91merror[0m[90m TS2304: [0mCannot find name 'ListIterator'.

[7m701[0m         flatMapDepth<TResult = any>(iteratee: ListIterator<T, ListOfRecursiveArraysOrValues<TResult> | TResult> | PropertyName, depth?: number): Collection<TResult>;
[7m   [0m [91m                                              ~~~~~~~~~~~~[0m
[96mnode_modules/@types/lodash/common/collection.d.ts[0m:[93m701[0m:[93m115[0m - [91merror[0m[90m TS2304: [0mCannot find name 'PropertyName'.

[7m701[0m         flatMapDepth<TResult = any>(iteratee: ListIterator<T, ListOfRecursiveArraysOrValues<TResult> | TResult> | PropertyName, depth?: number): Collection<TResult>;
[7m   [0m [91m                                                                                                                  ~~~~~~~~~~~~[0m
[96mnode_modules/@types/lodash/common/collection.d.ts[0m:[93m705[0m:[93m33[0m - [91merror[0m[90m TS2304: [0mCannot find name 'PropertyName'.

[7m705[0m         flatMapDepth(iteratee: [PropertyName, any] | object, depth?: number): Collection<boolean>;
[7m   [0m [91m                                ~~~~~~~~~~~~[0m
[96mnode_modules/@types/lodash/common/collection.d.ts[0m:[93m715[0m:[93m47[0m - [91merror[0m[90m TS2304: [0mCannot find name 'ObjectIterator'.

[7m715[0m         flatMapDepth<TResult = any>(iteratee: ObjectIterator<T, ListOfRecursiveArraysOrValues<TResult> | TResult> | PropertyName, depth?: number): Collection<TResult>;
[7m   [0m [91m                                              ~~~~~~~~~~~~~~[0m
[96mnode_modules/@types/lodash/common/collection.d.ts[0m:[93m715[0m:[93m117[0m - [91merror[0m[90m TS2304: [0mCannot find name 'PropertyName'.

[7m715[0m         flatMapDepth<TResult = any>(iteratee: ObjectIterator<T, ListOfRecursiveArraysOrValues<TResult> | TResult> | PropertyName, depth?: number): Collection<TResult>;
[7m   [0m [91m                                                                                                                    ~~~~~~~~~~~~[0m
[96mnode_modules/@types/lodash/common/collection.d.ts[0m:[93m719[0m:[93m33[0m - [91merror[0m[90m TS2304: [0mCannot find name 'PropertyName'.

[7m719[0m         flatMapDepth(iteratee: [PropertyName, any] | object, depth?: number): Collection<boolean>;
[7m   [0m [91m                                ~~~~~~~~~~~~[0m
[96mnode_modules/@types/lodash/common/collection.d.ts[0m:[93m729[0m:[93m41[0m - [91merror[0m[90m TS2304: [0mCannot find name 'StringIterator'.

[7m729[0m         flatMapDepth<TResult>(iteratee: StringIterator<ListOfRecursiveArraysOrValues<TResult> | TResult>, depth?: number): CollectionChain<TResult>;
[7m   [0m [91m                                        ~~~~~~~~~~~~~~[0m
[96mnode_modules/@types/lodash/common/collection.d.ts[0m:[93m739[0m:[93m41[0m - [91merror[0m[90m TS2304: [0mCannot find name 'StringIterator'.

[7m739[0m         flatMapDepth<TResult>(iteratee: StringIterator<ListOfRecursiveArraysOrValues<TResult> | TResult>, depth?: number): CollectionChain<TResult>;
[7m   [0m [91m                                        ~~~~~~~~~~~~~~[0m
[96mnode_modules/@types/lodash/common/collection.d.ts[0m:[93m749[0m:[93m47[0m - [91merror[0m[90m TS2304: [0mCannot find name 'ListIterator'.

[7m749[0m         flatMapDepth<TResult = any>(iteratee: ListIterator<T, ListOfRecursiveArraysOrValues<TResult> | TResult> | PropertyName, depth?: number): CollectionChain<TResult>;
[7m   [0m [91m                                              ~~~~~~~~~~~~[0m
[96mnode_modules/@types/lodash/common/collection.d.ts[0m:[93m749[0m:[93m115[0m - [91merror[0m[90m TS2304: [0mCannot find name 'PropertyName'.

[7m749[0m         flatMapDepth<TResult = any>(iteratee: ListIterator<T, ListOfRecursiveArraysOrValues<TResult> | TResult> | PropertyName, depth?: number): CollectionChain<TResult>;
[7m   [0m [91m                                                                                                                  ~~~~~~~~~~~~[0m
[96mnode_modules/@types/lodash/common/collection.d.ts[0m:[93m753[0m:[93m33[0m - [91merror[0m[90m TS2304: [0mCannot find name 'PropertyName'.

[7m753[0m         flatMapDepth(iteratee: [PropertyName, any] | object, depth?: number): CollectionChain<boolean>;
[7m   [0m [91m                                ~~~~~~~~~~~~[0m
[96mnode_modules/@types/lodash/common/collection.d.ts[0m:[93m763[0m:[93m47[0m - [91merror[0m[90m TS2304: [0mCannot find name 'ObjectIterator'.

[7m763[0m         flatMapDepth<TResult = any>(iteratee: ObjectIterator<T, ListOfRecursiveArraysOrValues<TResult> | TResult> | PropertyName, depth?: number): CollectionChain<TResult>;
[7m   [0m [91m                                              ~~~~~~~~~~~~~~[0m
[96mnode_modules/@types/lodash/common/collection.d.ts[0m:[93m763[0m:[93m117[0m - [91merror[0m[90m TS2304: [0mCannot find name 'PropertyName'.

[7m763[0m         flatMapDepth<TResult = any>(iteratee: ObjectIterator<T, ListOfRecursiveArraysOrValues<TResult> | TResult> | PropertyName, depth?: number): CollectionChain<TResult>;
[7m   [0m [91m                                                                                                                    ~~~~~~~~~~~~[0m
[96mnode_modules/@types/lodash/common/collection.d.ts[0m:[93m767[0m:[93m33[0m - [91merror[0m[90m TS2304: [0mCannot find name 'PropertyName'.

[7m767[0m         flatMapDepth(iteratee: [PropertyName, any] | object, depth?: number): CollectionChain<boolean>;
[7m   [0m [91m                                ~~~~~~~~~~~~[0m
[96mnode_modules/@types/lodash/common/collection.d.ts[0m:[93m786[0m:[93m48[0m - [91merror[0m[90m TS2304: [0mCannot find name 'ArrayIterator'.

[7m786[0m         forEach<T>(collection: T[], iteratee?: ArrayIterator<T, any>): T[];
[7m   [0m [91m                                               ~~~~~~~~~~~~~[0m
[96mnode_modules/@types/lodash/common/collection.d.ts[0m:[93m790[0m:[93m48[0m - [91merror[0m[90m TS2304: [0mCannot find name 'StringIterator'.

[7m790[0m         forEach(collection: string, iteratee?: StringIterator<any>): string;
[7m   [0m [91m                                               ~~~~~~~~~~~~~~[0m
[96mnode_modules/@types/lodash/common/collection.d.ts[0m:[93m794[0m:[93m32[0m - [91merror[0m[90m TS2304: [0mCannot find name 'List'.

[7m794[0m         forEach<T>(collection: List<T>, iteratee?: ListIterator<T, any>): List<T>;
[7m   [0m [91m                               ~~~~[0m
[96mnode_modules/@types/lodash/common/collection.d.ts[0m:[93m794[0m:[93m52[0m - [91merror[0m[90m TS2304: [0mCannot find name 'ListIterator'.

[7m794[0m         forEach<T>(collection: List<T>, iteratee?: ListIterator<T, any>): List<T>;
[7m   [0m [91m                                                   ~~~~~~~~~~~~[0m
[96mnode_modules/@types/lodash/common/collection.d.ts[0m:[93m794[0m:[93m75[0m - [91merror[0m[90m TS2304: [0mCannot find name 'List'.

[7m794[0m         forEach<T>(collection: List<T>, iteratee?: ListIterator<T, any>): List<T>;
[7m   [0m [91m                                                                          ~~~~[0m
[96mnode_modules/@types/lodash/common/collection.d.ts[0m:[93m798[0m:[93m61[0m - [91merror[0m[90m TS2304: [0mCannot find name 'ObjectIterator'.

[7m798[0m         forEach<T extends object>(collection: T, iteratee?: ObjectIterator<T, any>): T;
[7m   [0m [91m                                                            ~~~~~~~~~~~~~~[0m
[96mnode_modules/@types/lodash/common/collection.d.ts[0m:[93m802[0m:[93m117[0m - [91merror[0m[90m TS2304: [0mCannot find name 'ArrayIterator'.

[7m802[0m         forEach<T, TArray extends T[] | null | undefined>(collection: TArray & (T[] | null | undefined), iteratee?: ArrayIterator<T, any>): TArray;
[7m   [0m [91m                                                                                                                    ~~~~~~~~~~~~~[0m
[96mnode_modules/@types/lodash/common/collection.d.ts[0m:[93m806[0m:[93m92[0m - [91merror[0m[90m TS2304: [0mCannot find name 'StringIterator'.

[7m806[0m         forEach<TString extends string | null | undefined>(collection: TString, iteratee?: StringIterator<any>): TString;
[7m   [0m [91m                                                                                           ~~~~~~~~~~~~~~[0m
[96mnode_modules/@types/lodash/common/collection.d.ts[0m:[93m810[0m:[93m34[0m - [91merror[0m[90m TS2304: [0mCannot find name 'List'.

[7m810[0m         forEach<T, TList extends List<T> | null | undefined>(collection: TList & (List<T> | null | undefined), iteratee?: ListIterator<T, any>): TList;
[7m   [0m [91m                                 ~~~~[0m
[96mnode_modules/@types/lodash/common/collection.d.ts[0m:[93m810[0m:[93m83[0m - [91merror[0m[90m TS2304: [0mCannot find name 'List'.

[7m810[0m         forEach<T, TList extends List<T> | null | undefined>(collection: TList & (List<T> | null | undefined), iteratee?: ListIterator<T, any>): TList;
[7m   [0m [91m                                                                                  ~~~~[0m
[96mnode_modules/@types/lodash/common/collection.d.ts[0m:[93m810[0m:[93m123[0m - [91merror[0m[90m TS2304: [0mCannot find name 'ListIterator'.

[7m810[0m         forEach<T, TList extends List<T> | null | undefined>(collection: TList & (List<T> | null | undefined), iteratee?: ListIterator<T, any>): TList;
[7m   [0m [91m                                                                                                                          ~~~~~~~~~~~~[0m
[96mnode_modules/@types/lodash/common/collection.d.ts[0m:[93m814[0m:[93m80[0m - [91merror[0m[90m TS2304: [0mCannot find name 'ObjectIterator'.

[7m814[0m         forEach<T extends object>(collection: T | null | undefined, iteratee?: ObjectIterator<T, any>): T | null | undefined;
[7m   [0m [91m                                                                               ~~~~~~~~~~~~~~[0m
[96mnode_modules/@types/lodash/common/collection.d.ts[0m:[93m820[0m:[93m28[0m - [91merror[0m[90m TS2304: [0mCannot find name 'StringIterator'.

[7m820[0m         forEach(iteratee?: StringIterator<any>): String;
[7m   [0m [91m                           ~~~~~~~~~~~~~~[0m
[96mnode_modules/@types/lodash/common/collection.d.ts[0m:[93m826[0m:[93m28[0m - [91merror[0m[90m TS2304: [0mCannot find name 'ObjectIterator'.

[7m826[0m         forEach(iteratee?: ObjectIterator<T, any>): Object<T>;
[7m   [0m [91m                           ~~~~~~~~~~~~~~[0m
[96mnode_modules/@types/lodash/common/collection.d.ts[0m:[93m832[0m:[93m28[0m - [91merror[0m[90m TS2304: [0mCannot find name 'ListIterator'.

[7m832[0m         forEach(iteratee?: ListIterator<T, any>): Collection<T>;
[7m   [0m [91m                           ~~~~~~~~~~~~[0m
[96mnode_modules/@types/lodash/common/collection.d.ts[0m:[93m838[0m:[93m28[0m - [91merror[0m[90m TS2304: [0mCannot find name 'StringIterator'.

[7m838[0m         forEach(iteratee?: StringIterator<any>): StringChain;
[7m   [0m [91m                           ~~~~~~~~~~~~~~[0m
[96mnode_modules/@types/lodash/common/collection.d.ts[0m:[93m844[0m:[93m28[0m - [91merror[0m[90m TS2304: [0mCannot find name 'StringIterator'.

[7m844[0m         forEach(iteratee?: StringIterator<any>): StringNullableChain;
[7m   [0m [91m                           ~~~~~~~~~~~~~~[0m
[96mnode_modules/@types/lodash/common/collection.d.ts[0m:[93m850[0m:[93m28[0m - [91merror[0m[90m TS2304: [0mCannot find name 'ObjectIterator'.

[7m850[0m         forEach(iteratee?: ObjectIterator<T, any>): ObjectChain<T>;
[7m   [0m [91m                           ~~~~~~~~~~~~~~[0m
[96mnode_modules/@types/lodash/common/collection.d.ts[0m:[93m856[0m:[93m28[0m - [91merror[0m[90m TS2304: [0mCannot find name 'ListIterator'.

[7m856[0m         forEach(iteratee?: ListIterator<T, any>): CollectionChain<T>;
[7m   [0m [91m                           ~~~~~~~~~~~~[0m
[96mnode_modules/@types/lodash/common/collection.d.ts[0m:[93m867[0m:[93m53[0m - [91merror[0m[90m TS2304: [0mCannot find name 'ArrayIterator'.

[7m867[0m         forEachRight<T>(collection: T[], iteratee?: ArrayIterator<T, any>): T[];
[7m   [0m [91m                                                    ~~~~~~~~~~~~~[0m
[96mnode_modules/@types/lodash/common/collection.d.ts[0m:[93m871[0m:[93m53[0m - [91merror[0m[90m TS2304: [0mCannot find name 'StringIterator'.

[7m871[0m         forEachRight(collection: string, iteratee?: StringIterator<any>): string;
[7m   [0m [91m                                                    ~~~~~~~~~~~~~~[0m
[96mnode_modules/@types/lodash/common/collection.d.ts[0m:[93m875[0m:[93m37[0m - [91merror[0m[90m TS2304: [0mCannot find name 'List'.

[7m875[0m         forEachRight<T>(collection: List<T>, iteratee?: ListIterator<T, any>): List<T>;
[7m   [0m [91m                                    ~~~~[0m
[96mnode_modules/@types/lodash/common/collection.d.ts[0m:[93m875[0m:[93m57[0m - [91merror[0m[90m TS2304: [0mCannot find name 'ListIterator'.

[7m875[0m         forEachRight<T>(collection: List<T>, iteratee?: ListIterator<T, any>): List<T>;
[7m   [0m [91m                                                        ~~~~~~~~~~~~[0m
[96mnode_modules/@types/lodash/common/collection.d.ts[0m:[93m875[0m:[93m80[0m - [91merror[0m[90m TS2304: [0mCannot find name 'List'.

[7m875[0m         forEachRight<T>(collection: List<T>, iteratee?: ListIterator<T, any>): List<T>;
[7m   [0m [91m                                                                               ~~~~[0m
[96mnode_modules/@types/lodash/common/collection.d.ts[0m:[93m879[0m:[93m66[0m - [91merror[0m[90m TS2304: [0mCannot find name 'ObjectIterator'.

[7m879[0m         forEachRight<T extends object>(collection: T, iteratee?: ObjectIterator<T, any>): T;
[7m   [0m [91m                                                                 ~~~~~~~~~~~~~~[0m
[96mnode_modules/@types/lodash/common/collection.d.ts[0m:[93m883[0m:[93m122[0m - [91merror[0m[90m TS2304: [0mCannot find name 'ArrayIterator'.

[7m883[0m         forEachRight<T, TArray extends T[] | null | undefined>(collection: TArray & (T[] | null | undefined), iteratee?: ArrayIterator<T, any>): TArray;
[7m   [0m [91m                                                                                                                         ~~~~~~~~~~~~~[0m
[96mnode_modules/@types/lodash/common/collection.d.ts[0m:[93m887[0m:[93m97[0m - [91merror[0m[90m TS2304: [0mCannot find name 'StringIterator'.

[7m887[0m         forEachRight<TString extends string | null | undefined>(collection: TString, iteratee?: StringIterator<any>): TString;
[7m   [0m [91m                                                                                                ~~~~~~~~~~~~~~[0m
[96mnode_modules/@types/lodash/common/collection.d.ts[0m:[93m891[0m:[93m39[0m - [91merror[0m[90m TS2304: [0mCannot find name 'List'.

[7m891[0m         forEachRight<T, TList extends List<T> | null | undefined>(collection: TList & (List<T> | null | undefined), iteratee?: ListIterator<T, any>): TList;
[7m   [0m [91m                                      ~~~~[0m
[96mnode_modules/@types/lodash/common/collection.d.ts[0m:[93m891[0m:[93m88[0m - [91merror[0m[90m TS2304: [0mCannot find name 'List'.

[7m891[0m         forEachRight<T, TList extends List<T> | null | undefined>(collection: TList & (List<T> | null | undefined), iteratee?: ListIterator<T, any>): TList;
[7m   [0m [91m                                                                                       ~~~~[0m
[96mnode_modules/@types/lodash/common/collection.d.ts[0m:[93m891[0m:[93m128[0m - [91merror[0m[90m TS2304: [0mCannot find name 'ListIterator'.

[7m891[0m         forEachRight<T, TList extends List<T> | null | undefined>(collection: TList & (List<T> | null | undefined), iteratee?: ListIterator<T, any>): TList;
[7m   [0m [91m                                                                                                                               ~~~~~~~~~~~~[0m
[96mnode_modules/@types/lodash/common/collection.d.ts[0m:[93m895[0m:[93m85[0m - [91merror[0m[90m TS2304: [0mCannot find name 'ObjectIterator'.

[7m895[0m         forEachRight<T extends object>(collection: T | null | undefined, iteratee?: ObjectIterator<T, any>): T | null | undefined;
[7m   [0m [91m                                                                                    ~~~~~~~~~~~~~~[0m
[96mnode_modules/@types/lodash/common/collection.d.ts[0m:[93m901[0m:[93m33[0m - [91merror[0m[90m TS2304: [0mCannot find name 'StringIterator'.

[7m901[0m         forEachRight(iteratee?: StringIterator<any>): String;
[7m   [0m [91m                                ~~~~~~~~~~~~~~[0m
[96mnode_modules/@types/lodash/common/collection.d.ts[0m:[93m907[0m:[93m33[0m - [91merror[0m[90m TS2304: [0mCannot find name 'ObjectIterator'.

[7m907[0m         forEachRight(iteratee?: ObjectIterator<T, any>): Object<T>;
[7m   [0m [91m                                ~~~~~~~~~~~~~~[0m
[96mnode_modules/@types/lodash/common/collection.d.ts[0m:[93m913[0m:[93m33[0m - [91merror[0m[90m TS2304: [0mCannot find name 'ListIterator'.

[7m913[0m         forEachRight(iteratee?: ListIterator<T, any>): Collection<T>;
[7m   [0m [91m                                ~~~~~~~~~~~~[0m
[96mnode_modules/@types/lodash/common/collection.d.ts[0m:[93m919[0m:[93m33[0m - [91merror[0m[90m TS2304: [0mCannot find name 'StringIterator'.

[7m919[0m         forEachRight(iteratee?: StringIterator<any>): StringChain;
[7m   [0m [91m                                ~~~~~~~~~~~~~~[0m
[96mnode_modules/@types/lodash/common/collection.d.ts[0m:[93m925[0m:[93m33[0m - [91merror[0m[90m TS2304: [0mCannot find name 'StringIterator'.

[7m925[0m         forEachRight(iteratee?: StringIterator<any>): StringNullableChain;
[7m   [0m [91m                                ~~~~~~~~~~~~~~[0m
[96mnode_modules/@types/lodash/common/collection.d.ts[0m:[93m931[0m:[93m33[0m - [91merror[0m[90m TS2304: [0mCannot find name 'ObjectIterator'.

[7m931[0m         forEachRight(iteratee?: ObjectIterator<T, any>): ObjectChain<T>;
[7m   [0m [91m                                ~~~~~~~~~~~~~~[0m
[96mnode_modules/@types/lodash/common/collection.d.ts[0m:[93m937[0m:[93m33[0m - [91merror[0m[90m TS2304: [0mCannot find name 'ListIterator'.

[7m937[0m         forEachRight(iteratee?: ListIterator<T, any>): CollectionChain<T>;
[7m   [0m [91m                                ~~~~~~~~~~~~[0m
[96mnode_modules/@types/lodash/common/collection.d.ts[0m:[93m949[0m:[93m32[0m - [91merror[0m[90m TS2304: [0mCannot find name 'List'.

[7m949[0m         groupBy<T>(collection: List<T> | null | undefined, iteratee?: ValueIteratee<T>): Dictionary<T[]>;
[7m   [0m [91m                               ~~~~[0m
[96mnode_modules/@types/lodash/common/collection.d.ts[0m:[93m949[0m:[93m71[0m - [91merror[0m[90m TS2304: [0mCannot find name 'ValueIteratee'.

[7m949[0m         groupBy<T>(collection: List<T> | null | undefined, iteratee?: ValueIteratee<T>): Dictionary<T[]>;
[7m   [0m [91m                                                                      ~~~~~~~~~~~~~[0m
[96mnode_modules/@types/lodash/common/collection.d.ts[0m:[93m949[0m:[93m90[0m - [91merror[0m[90m TS2304: [0mCannot find name 'Dictionary'.

[7m949[0m         groupBy<T>(collection: List<T> | null | undefined, iteratee?: ValueIteratee<T>): Dictionary<T[]>;
[7m   [0m [91m                                                                                         ~~~~~~~~~~[0m
[96mnode_modules/@types/lodash/common/collection.d.ts[0m:[93m953[0m:[93m80[0m - [91merror[0m[90m TS2304: [0mCannot find name 'ValueIteratee'.

[7m953[0m         groupBy<T extends object>(collection: T | null | undefined, iteratee?: ValueIteratee<T[keyof T]>): Dictionary<Array<T[keyof T]>>;
[7m   [0m [91m                                                                               ~~~~~~~~~~~~~[0m
[96mnode_modules/@types/lodash/common/collection.d.ts[0m:[93m953[0m:[93m108[0m - [91merror[0m[90m TS2304: [0mCannot find name 'Dictionary'.

[7m953[0m         groupBy<T extends object>(collection: T | null | undefined, iteratee?: ValueIteratee<T[keyof T]>): Dictionary<Array<T[keyof T]>>;
[7m   [0m [91m                                                                                                           ~~~~~~~~~~[0m
[96mnode_modules/@types/lodash/common/collection.d.ts[0m:[93m959[0m:[93m28[0m - [91merror[0m[90m TS2304: [0mCannot find name 'ValueIteratee'.

[7m959[0m         groupBy(iteratee?: ValueIteratee<string>): Object<Dictionary<string[]>>;
[7m   [0m [91m                           ~~~~~~~~~~~~~[0m
[96mnode_modules/@types/lodash/common/collection.d.ts[0m:[93m959[0m:[93m59[0m - [91merror[0m[90m TS2304: [0mCannot find name 'Dictionary'.

[7m959[0m         groupBy(iteratee?: ValueIteratee<string>): Object<Dictionary<string[]>>;
[7m   [0m [91m                                                          ~~~~~~~~~~[0m
[96mnode_modules/@types/lodash/common/collection.d.ts[0m:[93m965[0m:[93m28[0m - [91merror[0m[90m TS2304: [0mCannot find name 'ValueIteratee'.

[7m965[0m         groupBy(iteratee?: ValueIteratee<T>): Object<Dictionary<T[]>>;
[7m   [0m [91m                           ~~~~~~~~~~~~~[0m
[96mnode_modules/@types/lodash/common/collection.d.ts[0m:[93m965[0m:[93m54[0m - [91merror[0m[90m TS2304: [0mCannot find name 'Dictionary'.

[7m965[0m         groupBy(iteratee?: ValueIteratee<T>): Object<Dictionary<T[]>>;
[7m   [0m [91m                                                     ~~~~~~~~~~[0m
[96mnode_modules/@types/lodash/common/collection.d.ts[0m:[93m971[0m:[93m28[0m - [91merror[0m[90m TS2304: [0mCannot find name 'ValueIteratee'.

[7m971[0m         groupBy(iteratee?: ValueIteratee<T[keyof T]>): Object<Dictionary<Array<T[keyof T]>>>;
[7m   [0m [91m                           ~~~~~~~~~~~~~[0m
[96mnode_modules/@types/lodash/common/collection.d.ts[0m:[93m971[0m:[93m63[0m - [91merror[0m[90m TS2304: [0mCannot find name 'Dictionary'.

[7m971[0m         groupBy(iteratee?: ValueIteratee<T[keyof T]>): Object<Dictionary<Array<T[keyof T]>>>;
[7m   [0m [91m                                                              ~~~~~~~~~~[0m
[96mnode_modules/@types/lodash/common/collection.d.ts[0m:[93m977[0m:[93m28[0m - [91merror[0m[90m TS2304: [0mCannot find name 'ValueIteratee'.

[7m977[0m         groupBy(iteratee?: ValueIteratee<string>): ObjectChain<Dictionary<string[]>>;
[7m   [0m [91m                           ~~~~~~~~~~~~~[0m
[96mnode_modules/@types/lodash/common/collection.d.ts[0m:[93m977[0m:[93m64[0m - [91merror[0m[90m TS2304: [0mCannot find name 'Dictionary'.

[7m977[0m         groupBy(iteratee?: ValueIteratee<string>): ObjectChain<Dictionary<string[]>>;
[7m   [0m [91m                                                               ~~~~~~~~~~[0m
[96mnode_modules/@types/lodash/common/collection.d.ts[0m:[93m983[0m:[93m28[0m - [91merror[0m[90m TS2304: [0mCannot find name 'ValueIteratee'.

[7m983[0m         groupBy(iteratee?: ValueIteratee<string>): ObjectChain<Dictionary<string[]>>;
[7m   [0m [91m                           ~~~~~~~~~~~~~[0m
[96mnode_modules/@types/lodash/common/collection.d.ts[0m:[93m983[0m:[93m64[0m - [91merror[0m[90m TS2304: [0mCannot find name 'Dictionary'.

[7m983[0m         groupBy(iteratee?: ValueIteratee<string>): ObjectChain<Dictionary<string[]>>;
[7m   [0m [91m                                                               ~~~~~~~~~~[0m
[96mnode_modules/@types/lodash/common/collection.d.ts[0m:[93m989[0m:[93m28[0m - [91merror[0m[90m TS2304: [0mCannot find name 'ValueIteratee'.

[7m989[0m         groupBy(iteratee?: ValueIteratee<T>): ObjectChain<Dictionary<T[]>>;
[7m   [0m [91m                           ~~~~~~~~~~~~~[0m
[96mnode_modules/@types/lodash/common/collection.d.ts[0m:[93m989[0m:[93m59[0m - [91merror[0m[90m TS2304: [0mCannot find name 'Dictionary'.

[7m989[0m         groupBy(iteratee?: ValueIteratee<T>): ObjectChain<Dictionary<T[]>>;
[7m   [0m [91m                                                          ~~~~~~~~~~[0m
[96mnode_modules/@types/lodash/common/collection.d.ts[0m:[93m995[0m:[93m28[0m - [91merror[0m[90m TS2304: [0mCannot find name 'ValueIteratee'.

[7m995[0m         groupBy(iteratee?: ValueIteratee<T[keyof T]>): ObjectChain<Dictionary<Array<T[keyof T]>>>;
[7m   [0m [91m                           ~~~~~~~~~~~~~[0m
[96mnode_modules/@types/lodash/common/collection.d.ts[0m:[93m995[0m:[93m68[0m - [91merror[0m[90m TS2304: [0mCannot find name 'Dictionary'.

[7m995[0m         groupBy(iteratee?: ValueIteratee<T[keyof T]>): ObjectChain<Dictionary<Array<T[keyof T]>>>;
[7m   [0m [91m                                                                   ~~~~~~~~~~[0m
[96mnode_modules/@types/lodash/common/collection.d.ts[0m:[93m1007[0m:[93m33[0m - [91merror[0m[90m TS2304: [0mCannot find name 'Dictionary'.

[7m1007[0m         includes<T>(collection: Dictionary<T> | NumericDictionary<T> | null | undefined, target: T, fromIndex?: number): boolean;
[7m    [0m [91m                                ~~~~~~~~~~[0m
[96mnode_modules/@types/lodash/common/collection.d.ts[0m:[93m1007[0m:[93m49[0m - [91merror[0m[90m TS2304: [0mCannot find name 'NumericDictionary'.

[7m1007[0m         includes<T>(collection: Dictionary<T> | NumericDictionary<T> | null | undefined, target: T, fromIndex?: number): boolean;
[7m    [0m [91m                                                ~~~~~~~~~~~~~~~~~[0m
[96mnode_modules/@types/lodash/common/collection.d.ts[0m:[93m1091[0m:[93m30[0m - [91merror[0m[90m TS2304: [0mCannot find name 'List'.

[7m1091[0m         keyBy<T>(collection: List<T> | null | undefined, iteratee?: ValueIterateeCustom<T, PropertyName>): Dictionary<T>;
[7m    [0m [91m                             ~~~~[0m
[96mnode_modules/@types/lodash/common/collection.d.ts[0m:[93m1091[0m:[93m69[0m - [91merror[0m[90m TS2304: [0mCannot find name 'ValueIterateeCustom'.

[7m1091[0m         keyBy<T>(collection: List<T> | null | undefined, iteratee?: ValueIterateeCustom<T, PropertyName>): Dictionary<T>;
[7m    [0m [91m                                                                    ~~~~~~~~~~~~~~~~~~~[0m
[96mnode_modules/@types/lodash/common/collection.d.ts[0m:[93m1091[0m:[93m92[0m - [91merror[0m[90m TS2304: [0mCannot find name 'PropertyName'.

[7m1091[0m         keyBy<T>(collection: List<T> | null | undefined, iteratee?: ValueIterateeCustom<T, PropertyName>): Dictionary<T>;
[7m    [0m [91m                                                                                           ~~~~~~~~~~~~[0m
[96mnode_modules/@types/lodash/common/collection.d.ts[0m:[93m1091[0m:[93m108[0m - [91merror[0m[90m TS2304: [0mCannot find name 'Dictionary'.

[7m1091[0m         keyBy<T>(collection: List<T> | null | undefined, iteratee?: ValueIterateeCustom<T, PropertyName>): Dictionary<T>;
[7m    [0m [91m                                                                                                           ~~~~~~~~~~[0m
[96mnode_modules/@types/lodash/common/collection.d.ts[0m:[93m1095[0m:[93m78[0m - [91merror[0m[90m TS2304: [0mCannot find name 'ValueIterateeCustom'.

[7m1095[0m         keyBy<T extends object>(collection: T | null | undefined, iteratee?: ValueIterateeCustom<T[keyof T], PropertyName>): Dictionary<T[keyof T]>;
[7m    [0m [91m                                                                             ~~~~~~~~~~~~~~~~~~~[0m
[96mnode_modules/@types/lodash/common/collection.d.ts[0m:[93m1095[0m:[93m110[0m - [91merror[0m[90m TS2304: [0mCannot find name 'PropertyName'.

[7m1095[0m         keyBy<T extends object>(collection: T | null | undefined, iteratee?: ValueIterateeCustom<T[keyof T], PropertyName>): Dictionary<T[keyof T]>;
[7m    [0m [91m                                                                                                             ~~~~~~~~~~~~[0m
[96mnode_modules/@types/lodash/common/collection.d.ts[0m:[93m1095[0m:[93m126[0m - [91merror[0m[90m TS2304: [0mCannot find name 'Dictionary'.

[7m1095[0m         keyBy<T extends object>(collection: T | null | undefined, iteratee?: ValueIterateeCustom<T[keyof T], PropertyName>): Dictionary<T[keyof T]>;
[7m    [0m [91m                                                                                                                             ~~~~~~~~~~[0m
[96mnode_modules/@types/lodash/common/collection.d.ts[0m:[93m1101[0m:[93m26[0m - [91merror[0m[90m TS2304: [0mCannot find name 'ValueIterateeCustom'.

[7m1101[0m         keyBy(iteratee?: ValueIterateeCustom<string, PropertyName>): Object<Dictionary<string>>;
[7m    [0m [91m                         ~~~~~~~~~~~~~~~~~~~[0m
[96mnode_modules/@types/lodash/common/collection.d.ts[0m:[93m1101[0m:[93m54[0m - [91merror[0m[90m TS2304: [0mCannot find name 'PropertyName'.

[7m1101[0m         keyBy(iteratee?: ValueIterateeCustom<string, PropertyName>): Object<Dictionary<string>>;
[7m    [0m [91m                                                     ~~~~~~~~~~~~[0m
[96mnode_modules/@types/lodash/common/collection.d.ts[0m:[93m1101[0m:[93m77[0m - [91merror[0m[90m TS2304: [0mCannot find name 'Dictionary'.

[7m1101[0m         keyBy(iteratee?: ValueIterateeCustom<string, PropertyName>): Object<Dictionary<string>>;
[7m    [0m [91m                                                                            ~~~~~~~~~~[0m
[96mnode_modules/@types/lodash/common/collection.d.ts[0m:[93m1107[0m:[93m26[0m - [91merror[0m[90m TS2304: [0mCannot find name 'ValueIterateeCustom'.

[7m1107[0m         keyBy(iteratee?: ValueIterateeCustom<T, PropertyName>): Object<Dictionary<T>>;
[7m    [0m [91m                         ~~~~~~~~~~~~~~~~~~~[0m
[96mnode_modules/@types/lodash/common/collection.d.ts[0m:[93m1107[0m:[93m49[0m - [91merror[0m[90m TS2304: [0mCannot find name 'PropertyName'.

[7m1107[0m         keyBy(iteratee?: ValueIterateeCustom<T, PropertyName>): Object<Dictionary<T>>;
[7m    [0m [91m                                                ~~~~~~~~~~~~[0m
[96mnode_modules/@types/lodash/common/collection.d.ts[0m:[93m1107[0m:[93m72[0m - [91merror[0m[90m TS2304: [0mCannot find name 'Dictionary'.

[7m1107[0m         keyBy(iteratee?: ValueIterateeCustom<T, PropertyName>): Object<Dictionary<T>>;
[7m    [0m [91m                                                                       ~~~~~~~~~~[0m
[96mnode_modules/@types/lodash/common/collection.d.ts[0m:[93m1113[0m:[93m26[0m - [91merror[0m[90m TS2304: [0mCannot find name 'ValueIterateeCustom'.

[7m1113[0m         keyBy(iteratee?: ValueIterateeCustom<T[keyof T], PropertyName>): Object<Dictionary<T[keyof T]>>;
[7m    [0m [91m                         ~~~~~~~~~~~~~~~~~~~[0m
[96mnode_modules/@types/lodash/common/collection.d.ts[0m:[93m1113[0m:[93m58[0m - [91merror[0m[90m TS2304: [0mCannot find name 'PropertyName'.

[7m1113[0m         keyBy(iteratee?: ValueIterateeCustom<T[keyof T], PropertyName>): Object<Dictionary<T[keyof T]>>;
[7m    [0m [91m                                                         ~~~~~~~~~~~~[0m
[96mnode_modules/@types/lodash/common/collection.d.ts[0m:[93m1113[0m:[93m81[0m - [91merror[0m[90m TS2304: [0mCannot find name 'Dictionary'.

[7m1113[0m         keyBy(iteratee?: ValueIterateeCustom<T[keyof T], PropertyName>): Object<Dictionary<T[keyof T]>>;
[7m    [0m [91m                                                                                ~~~~~~~~~~[0m
[96mnode_modules/@types/lodash/common/collection.d.ts[0m:[93m1119[0m:[93m26[0m - [91merror[0m[90m TS2304: [0mCannot find name 'ValueIterateeCustom'.

[7m1119[0m         keyBy(iteratee?: ValueIterateeCustom<string, PropertyName>): ObjectChain<Dictionary<string>>;
[7m    [0m [91m                         ~~~~~~~~~~~~~~~~~~~[0m
[96mnode_modules/@types/lodash/common/collection.d.ts[0m:[93m1119[0m:[93m54[0m - [91merror[0m[90m TS2304: [0mCannot find name 'PropertyName'.

[7m1119[0m         keyBy(iteratee?: ValueIterateeCustom<string, PropertyName>): ObjectChain<Dictionary<string>>;
[7m    [0m [91m                                                     ~~~~~~~~~~~~[0m
[96mnode_modules/@types/lodash/common/collection.d.ts[0m:[93m1119[0m:[93m82[0m - [91merror[0m[90m TS2304: [0mCannot find name 'Dictionary'.

[7m1119[0m         keyBy(iteratee?: ValueIterateeCustom<string, PropertyName>): ObjectChain<Dictionary<string>>;
[7m    [0m [91m                                                                                 ~~~~~~~~~~[0m
[96mnode_modules/@types/lodash/common/collection.d.ts[0m:[93m1125[0m:[93m26[0m - [91merror[0m[90m TS2304: [0mCannot find name 'ValueIterateeCustom'.

[7m1125[0m         keyBy(iteratee?: ValueIterateeCustom<string, PropertyName>): ObjectChain<Dictionary<string>>;
[7m    [0m [91m                         ~~~~~~~~~~~~~~~~~~~[0m
[96mnode_modules/@types/lodash/common/collection.d.ts[0m:[93m1125[0m:[93m54[0m - [91merror[0m[90m TS2304: [0mCannot find name 'PropertyName'.

[7m1125[0m         keyBy(iteratee?: ValueIterateeCustom<string, PropertyName>): ObjectChain<Dictionary<string>>;
[7m    [0m [91m                                                     ~~~~~~~~~~~~[0m
[96mnode_modules/@types/lodash/common/collection.d.ts[0m:[93m1125[0m:[93m82[0m - [91merror[0m[90m TS2304: [0mCannot find name 'Dictionary'.

[7m1125[0m         keyBy(iteratee?: ValueIterateeCustom<string, PropertyName>): ObjectChain<Dictionary<string>>;
[7m    [0m [91m                                                                                 ~~~~~~~~~~[0m
[96mnode_modules/@types/lodash/common/collection.d.ts[0m:[93m1131[0m:[93m26[0m - [91merror[0m[90m TS2304: [0mCannot find name 'ValueIterateeCustom'.

[7m1131[0m         keyBy(iteratee?: ValueIterateeCustom<T, PropertyName>): ObjectChain<Dictionary<T>>;
[7m    [0m [91m                         ~~~~~~~~~~~~~~~~~~~[0m
[96mnode_modules/@types/lodash/common/collection.d.ts[0m:[93m1131[0m:[93m49[0m - [91merror[0m[90m TS2304: [0mCannot find name 'PropertyName'.

[7m1131[0m         keyBy(iteratee?: ValueIterateeCustom<T, PropertyName>): ObjectChain<Dictionary<T>>;
[7m    [0m [91m                                                ~~~~~~~~~~~~[0m
[96mnode_modules/@types/lodash/common/collection.d.ts[0m:[93m1131[0m:[93m77[0m - [91merror[0m[90m TS2304: [0mCannot find name 'Dictionary'.

[7m1131[0m         keyBy(iteratee?: ValueIterateeCustom<T, PropertyName>): ObjectChain<Dictionary<T>>;
[7m    [0m [91m                                                                            ~~~~~~~~~~[0m
[96mnode_modules/@types/lodash/common/collection.d.ts[0m:[93m1137[0m:[93m26[0m - [91merror[0m[90m TS2304: [0mCannot find name 'ValueIterateeCustom'.

[7m1137[0m         keyBy(iteratee?: ValueIterateeCustom<T[keyof T], PropertyName>): ObjectChain<Dictionary<T[keyof T]>>;
[7m    [0m [91m                         ~~~~~~~~~~~~~~~~~~~[0m
[96mnode_modules/@types/lodash/common/collection.d.ts[0m:[93m1137[0m:[93m58[0m - [91merror[0m[90m TS2304: [0mCannot find name 'PropertyName'.

[7m1137[0m         keyBy(iteratee?: ValueIterateeCustom<T[keyof T], PropertyName>): ObjectChain<Dictionary<T[keyof T]>>;
[7m    [0m [91m                                                         ~~~~~~~~~~~~[0m
[96mnode_modules/@types/lodash/common/collection.d.ts[0m:[93m1137[0m:[93m86[0m - [91merror[0m[90m TS2304: [0mCannot find name 'Dictionary'.

[7m1137[0m         keyBy(iteratee?: ValueIterateeCustom<T[keyof T], PropertyName>): ObjectChain<Dictionary<T[keyof T]>>;
[7m    [0m [91m                                                                                     ~~~~~~~~~~[0m
[96mnode_modules/@types/lodash/common/collection.d.ts[0m:[93m1156[0m:[93m91[0m - [91merror[0m[90m TS2304: [0mCannot find name 'TupleIterator'.

[7m1156[0m         map<T extends readonly [unknown, ...unknown[]], TResult>(collection: T, iteratee: TupleIterator<T, TResult>): { [K in keyof T]: TResult };
[7m    [0m [91m                                                                                          ~~~~~~~~~~~~~[0m
[96mnode_modules/@types/lodash/common/collection.d.ts[0m:[93m1160[0m:[93m71[0m - [91merror[0m[90m TS2304: [0mCannot find name 'ArrayIterator'.

[7m1160[0m         map<T, TResult>(collection: T[] | null | undefined, iteratee: ArrayIterator<T, TResult>): TResult[];
[7m    [0m [91m                                                                      ~~~~~~~~~~~~~[0m
[96mnode_modules/@types/lodash/common/collection.d.ts[0m:[93m1164[0m:[93m37[0m - [91merror[0m[90m TS2304: [0mCannot find name 'List'.

[7m1164[0m         map<T, TResult>(collection: List<T> | null | undefined, iteratee: ListIterator<T, TResult>): TResult[];
[7m    [0m [91m                                    ~~~~[0m
[96mnode_modules/@types/lodash/common/collection.d.ts[0m:[93m1164[0m:[93m75[0m - [91merror[0m[90m TS2304: [0mCannot find name 'ListIterator'.

[7m1164[0m         map<T, TResult>(collection: List<T> | null | undefined, iteratee: ListIterator<T, TResult>): TResult[];
[7m    [0m [91m                                                                          ~~~~~~~~~~~~[0m
[96mnode_modules/@types/lodash/common/collection.d.ts[0m:[93m1168[0m:[93m28[0m - [91merror[0m[90m TS2304: [0mCannot find name 'Dictionary'.

[7m1168[0m         map<T>(collection: Dictionary<T> | NumericDictionary<T> | null | undefined): T[];
[7m    [0m [91m                           ~~~~~~~~~~[0m
[96mnode_modules/@types/lodash/common/collection.d.ts[0m:[93m1168[0m:[93m44[0m - [91merror[0m[90m TS2304: [0mCannot find name 'NumericDictionary'.

[7m1168[0m         map<T>(collection: Dictionary<T> | NumericDictionary<T> | null | undefined): T[];
[7m    [0m [91m                                           ~~~~~~~~~~~~~~~~~[0m
[96mnode_modules/@types/lodash/common/collection.d.ts[0m:[93m1172[0m:[93m84[0m - [91merror[0m[90m TS2304: [0mCannot find name 'ObjectIterator'.

[7m1172[0m         map<T extends object, TResult>(collection: T | null | undefined, iteratee: ObjectIterator<T, TResult>): TResult[];
[7m    [0m [91m                                                                                   ~~~~~~~~~~~~~~[0m
[96mnode_modules/@types/lodash/common/collection.d.ts[0m:[93m1176[0m:[93m47[0m - [91merror[0m[90m TS2304: [0mCannot find name 'Dictionary'.

[7m1176[0m         map<T, K extends keyof T>(collection: Dictionary<T> | NumericDictionary<T> | null | undefined, iteratee: K): Array<T[K]>;
[7m    [0m [91m                                              ~~~~~~~~~~[0m
[96mnode_modules/@types/lodash/common/collection.d.ts[0m:[93m1176[0m:[93m63[0m - [91merror[0m[90m TS2304: [0mCannot find name 'NumericDictionary'.

[7m1176[0m         map<T, K extends keyof T>(collection: Dictionary<T> | NumericDictionary<T> | null | undefined, iteratee: K): Array<T[K]>;
[7m    [0m [91m                                                              ~~~~~~~~~~~~~~~~~[0m
[96mnode_modules/@types/lodash/common/collection.d.ts[0m:[93m1180[0m:[93m28[0m - [91merror[0m[90m TS2304: [0mCannot find name 'Dictionary'.

[7m1180[0m         map<T>(collection: Dictionary<T> | NumericDictionary<T> | null | undefined, iteratee?: string): any[];
[7m    [0m [91m                           ~~~~~~~~~~[0m
[96mnode_modules/@types/lodash/common/collection.d.ts[0m:[93m1180[0m:[93m44[0m - [91merror[0m[90m TS2304: [0mCannot find name 'NumericDictionary'.

[7m1180[0m         map<T>(collection: Dictionary<T> | NumericDictionary<T> | null | undefined, iteratee?: string): any[];
[7m    [0m [91m                                           ~~~~~~~~~~~~~~~~~[0m
[96mnode_modules/@types/lodash/common/collection.d.ts[0m:[93m1184[0m:[93m28[0m - [91merror[0m[90m TS2304: [0mCannot find name 'Dictionary'.

[7m1184[0m         map<T>(collection: Dictionary<T> | NumericDictionary<T> | null | undefined, iteratee?: object): boolean[];
[7m    [0m [91m                           ~~~~~~~~~~[0m
[96mnode_modules/@types/lodash/common/collection.d.ts[0m:[93m1184[0m:[93m44[0m - [91merror[0m[90m TS2304: [0mCannot find name 'NumericDictionary'.

[7m1184[0m         map<T>(collection: Dictionary<T> | NumericDictionary<T> | null | undefined, iteratee?: object): boolean[];
[7m    [0m [91m                                           ~~~~~~~~~~~~~~~~~[0m
[96mnode_modules/@types/lodash/common/collection.d.ts[0m:[93m1191[0m:[93m32[0m - [91merror[0m[90m TS2304: [0mCannot find name 'StringIterator'.

[7m1191[0m         map<TResult>(iteratee: StringIterator<TResult>): Collection<TResult>;
[7m    [0m [91m                               ~~~~~~~~~~~~~~[0m
[96mnode_modules/@types/lodash/common/collection.d.ts[0m:[93m1205[0m:[93m32[0m - [91merror[0m[90m TS2304: [0mCannot find name 'ListIterator'.

[7m1205[0m         map<TResult>(iteratee: ListIterator<T, TResult>): Collection<TResult>;
[7m    [0m [91m                               ~~~~~~~~~~~~[0m
[96mnode_modules/@types/lodash/common/collection.d.ts[0m:[93m1209[0m:[93m23[0m - [91merror[0m[90m TS2304: [0mCannot find name 'PropertyName'.

[7m1209[0m         map(iteratee: PropertyName): Collection<any>;
[7m    [0m [91m                      ~~~~~~~~~~~~[0m
[96mnode_modules/@types/lodash/common/collection.d.ts[0m:[93m1213[0m:[93m24[0m - [91merror[0m[90m TS2304: [0mCannot find name 'PropertyName'.

[7m1213[0m         map(iteratee: [PropertyName, any] | object): Collection<boolean>;
[7m    [0m [91m                       ~~~~~~~~~~~~[0m
[96mnode_modules/@types/lodash/common/collection.d.ts[0m:[93m1227[0m:[93m32[0m - [91merror[0m[90m TS2304: [0mCannot find name 'ObjectIterator'.

[7m1227[0m         map<TResult>(iteratee: ObjectIterator<T, TResult>): Collection<TResult>;
[7m    [0m [91m                               ~~~~~~~~~~~~~~[0m
[96mnode_modules/@types/lodash/common/collection.d.ts[0m:[93m1231[0m:[93m23[0m - [91merror[0m[90m TS2304: [0mCannot find name 'PropertyName'.

[7m1231[0m         map(iteratee: PropertyName): Collection<any>;
[7m    [0m [91m                      ~~~~~~~~~~~~[0m
[96mnode_modules/@types/lodash/common/collection.d.ts[0m:[93m1235[0m:[93m24[0m - [91merror[0m[90m TS2304: [0mCannot find name 'PropertyName'.

[7m1235[0m         map(iteratee: [PropertyName, any] | object): Collection<boolean>;
[7m    [0m [91m                       ~~~~~~~~~~~~[0m
[96mnode_modules/@types/lodash/common/collection.d.ts[0m:[93m1245[0m:[93m32[0m - [91merror[0m[90m TS2304: [0mCannot find name 'StringIterator'.

[7m1245[0m         map<TResult>(iteratee: StringIterator<TResult>): CollectionChain<TResult>;
[7m    [0m [91m                               ~~~~~~~~~~~~~~[0m
[96mnode_modules/@types/lodash/common/collection.d.ts[0m:[93m1255[0m:[93m32[0m - [91merror[0m[90m TS2304: [0mCannot find name 'StringIterator'.

[7m1255[0m         map<TResult>(iteratee: StringIterator<TResult>): CollectionChain<TResult>;
[7m    [0m [91m                               ~~~~~~~~~~~~~~[0m
[96mnode_modules/@types/lodash/common/collection.d.ts[0m:[93m1269[0m:[93m32[0m - [91merror[0m[90m TS2304: [0mCannot find name 'ListIterator'.

[7m1269[0m         map<TResult>(iteratee: ListIterator<T, TResult>): CollectionChain<TResult>;
[7m    [0m [91m                               ~~~~~~~~~~~~[0m
[96mnode_modules/@types/lodash/common/collection.d.ts[0m:[93m1273[0m:[93m23[0m - [91merror[0m[90m TS2304: [0mCannot find name 'PropertyName'.

[7m1273[0m         map(iteratee: PropertyName): CollectionChain<any>;
[7m    [0m [91m                      ~~~~~~~~~~~~[0m
[96mnode_modules/@types/lodash/common/collection.d.ts[0m:[93m1277[0m:[93m24[0m - [91merror[0m[90m TS2304: [0mCannot find name 'PropertyName'.

[7m1277[0m         map(iteratee: [PropertyName, any] | object): CollectionChain<boolean>;
[7m    [0m [91m                       ~~~~~~~~~~~~[0m
[96mnode_modules/@types/lodash/common/collection.d.ts[0m:[93m1291[0m:[93m32[0m - [91merror[0m[90m TS2304: [0mCannot find name 'ObjectIterator'.

[7m1291[0m         map<TResult>(iteratee: ObjectIterator<T, TResult>): CollectionChain<TResult>;
[7m    [0m [91m                               ~~~~~~~~~~~~~~[0m
[96mnode_modules/@types/lodash/common/collection.d.ts[0m:[93m1295[0m:[93m23[0m - [91merror[0m[90m TS2304: [0mCannot find name 'PropertyName'.

[7m1295[0m         map(iteratee: PropertyName): CollectionChain<any>;
[7m    [0m [91m                      ~~~~~~~~~~~~[0m
[96mnode_modules/@types/lodash/common/collection.d.ts[0m:[93m1299[0m:[93m24[0m - [91merror[0m[90m TS2304: [0mCannot find name 'PropertyName'.

[7m1299[0m         map(iteratee: [PropertyName, any] | object): CollectionChain<boolean>;
[7m    [0m [91m                       ~~~~~~~~~~~~[0m
[96mnode_modules/@types/lodash/common/collection.d.ts[0m:[93m1331[0m:[93m32[0m - [91merror[0m[90m TS2304: [0mCannot find name 'List'.

[7m1331[0m         orderBy<T>(collection: List<T> | null | undefined, iteratees?: Many<ListIterator<T, NotVoid>>, orders?: Many<boolean|"asc"|"desc">): T[];
[7m    [0m [91m                               ~~~~[0m
[96mnode_modules/@types/lodash/common/collection.d.ts[0m:[93m1331[0m:[93m72[0m - [91merror[0m[90m TS2304: [0mCannot find name 'Many'.

[7m1331[0m         orderBy<T>(collection: List<T> | null | undefined, iteratees?: Many<ListIterator<T, NotVoid>>, orders?: Many<boolean|"asc"|"desc">): T[];
[7m    [0m [91m                                                                       ~~~~[0m
[96mnode_modules/@types/lodash/common/collection.d.ts[0m:[93m1331[0m:[93m77[0m - [91merror[0m[90m TS2304: [0mCannot find name 'ListIterator'.

[7m1331[0m         orderBy<T>(collection: List<T> | null | undefined, iteratees?: Many<ListIterator<T, NotVoid>>, orders?: Many<boolean|"asc"|"desc">): T[];
[7m    [0m [91m                                                                            ~~~~~~~~~~~~[0m
[96mnode_modules/@types/lodash/common/collection.d.ts[0m:[93m1331[0m:[93m93[0m - [91merror[0m[90m TS2304: [0mCannot find name 'NotVoid'.

[7m1331[0m         orderBy<T>(collection: List<T> | null | undefined, iteratees?: Many<ListIterator<T, NotVoid>>, orders?: Many<boolean|"asc"|"desc">): T[];
[7m    [0m [91m                                                                                            ~~~~~~~[0m
[96mnode_modules/@types/lodash/common/collection.d.ts[0m:[93m1331[0m:[93m113[0m - [91merror[0m[90m TS2304: [0mCannot find name 'Many'.

[7m1331[0m         orderBy<T>(collection: List<T> | null | undefined, iteratees?: Many<ListIterator<T, NotVoid>>, orders?: Many<boolean|"asc"|"desc">): T[];
[7m    [0m [91m                                                                                                                ~~~~[0m
[96mnode_modules/@types/lodash/common/collection.d.ts[0m:[93m1335[0m:[93m32[0m - [91merror[0m[90m TS2304: [0mCannot find name 'List'.

[7m1335[0m         orderBy<T>(collection: List<T> | null | undefined, iteratees?: Many<ListIteratee<T>>, orders?: Many<boolean|"asc"|"desc">): T[];
[7m    [0m [91m                               ~~~~[0m
[96mnode_modules/@types/lodash/common/collection.d.ts[0m:[93m1335[0m:[93m72[0m - [91merror[0m[90m TS2304: [0mCannot find name 'Many'.

[7m1335[0m         orderBy<T>(collection: List<T> | null | undefined, iteratees?: Many<ListIteratee<T>>, orders?: Many<boolean|"asc"|"desc">): T[];
[7m    [0m [91m                                                                       ~~~~[0m
[96mnode_modules/@types/lodash/common/collection.d.ts[0m:[93m1335[0m:[93m77[0m - [91merror[0m[90m TS2304: [0mCannot find name 'ListIteratee'.

[7m1335[0m         orderBy<T>(collection: List<T> | null | undefined, iteratees?: Many<ListIteratee<T>>, orders?: Many<boolean|"asc"|"desc">): T[];
[7m    [0m [91m                                                                            ~~~~~~~~~~~~[0m
[96mnode_modules/@types/lodash/common/collection.d.ts[0m:[93m1335[0m:[93m104[0m - [91merror[0m[90m TS2304: [0mCannot find name 'Many'.

[7m1335[0m         orderBy<T>(collection: List<T> | null | undefined, iteratees?: Many<ListIteratee<T>>, orders?: Many<boolean|"asc"|"desc">): T[];
[7m    [0m [91m                                                                                                       ~~~~[0m
[96mnode_modules/@types/lodash/common/collection.d.ts[0m:[93m1339[0m:[93m81[0m - [91merror[0m[90m TS2304: [0mCannot find name 'Many'.

[7m1339[0m         orderBy<T extends object>(collection: T | null | undefined, iteratees?: Many<ObjectIterator<T, NotVoid>>, orders?: Many<boolean|"asc"|"desc">): Array<T[keyof T]>;
[7m    [0m [91m                                                                                ~~~~[0m
[96mnode_modules/@types/lodash/common/collection.d.ts[0m:[93m1339[0m:[93m86[0m - [91merror[0m[90m TS2304: [0mCannot find name 'ObjectIterator'.

[7m1339[0m         orderBy<T extends object>(collection: T | null | undefined, iteratees?: Many<ObjectIterator<T, NotVoid>>, orders?: Many<boolean|"asc"|"desc">): Array<T[keyof T]>;
[7m    [0m [91m                                                                                     ~~~~~~~~~~~~~~[0m
[96mnode_modules/@types/lodash/common/collection.d.ts[0m:[93m1339[0m:[93m104[0m - [91merror[0m[90m TS2304: [0mCannot find name 'NotVoid'.

[7m1339[0m         orderBy<T extends object>(collection: T | null | undefined, iteratees?: Many<ObjectIterator<T, NotVoid>>, orders?: Many<boolean|"asc"|"desc">): Array<T[keyof T]>;
[7m    [0m [91m                                                                                                       ~~~~~~~[0m
[96mnode_modules/@types/lodash/common/collection.d.ts[0m:[93m1339[0m:[93m124[0m - [91merror[0m[90m TS2304: [0mCannot find name 'Many'.

[7m1339[0m         orderBy<T extends object>(collection: T | null | undefined, iteratees?: Many<ObjectIterator<T, NotVoid>>, orders?: Many<boolean|"asc"|"desc">): Array<T[keyof T]>;
[7m    [0m [91m                                                                                                                           ~~~~[0m
[96mnode_modules/@types/lodash/common/collection.d.ts[0m:[93m1343[0m:[93m81[0m - [91merror[0m[90m TS2304: [0mCannot find name 'Many'.

[7m1343[0m         orderBy<T extends object>(collection: T | null | undefined, iteratees?: Many<ObjectIteratee<T>>, orders?: Many<boolean|"asc"|"desc">): Array<T[keyof T]>;
[7m    [0m [91m                                                                                ~~~~[0m
[96mnode_modules/@types/lodash/common/collection.d.ts[0m:[93m1343[0m:[93m86[0m - [91merror[0m[90m TS2304: [0mCannot find name 'ObjectIteratee'.

[7m1343[0m         orderBy<T extends object>(collection: T | null | undefined, iteratees?: Many<ObjectIteratee<T>>, orders?: Many<boolean|"asc"|"desc">): Array<T[keyof T]>;
[7m    [0m [91m                                                                                     ~~~~~~~~~~~~~~[0m
[96mnode_modules/@types/lodash/common/collection.d.ts[0m:[93m1343[0m:[93m115[0m - [91merror[0m[90m TS2304: [0mCannot find name 'Many'.

[7m1343[0m         orderBy<T extends object>(collection: T | null | undefined, iteratees?: Many<ObjectIteratee<T>>, orders?: Many<boolean|"asc"|"desc">): Array<T[keyof T]>;
[7m    [0m [91m                                                                                                                  ~~~~[0m
[96mnode_modules/@types/lodash/common/collection.d.ts[0m:[93m1349[0m:[93m29[0m - [91merror[0m[90m TS2304: [0mCannot find name 'Many'.

[7m1349[0m         orderBy(iteratees?: Many<ListIterator<T, NotVoid> | PropertyName | PartialShallow<T>>, orders?: Many<boolean|"asc"|"desc">): Collection<T>;
[7m    [0m [91m                            ~~~~[0m
[96mnode_modules/@types/lodash/common/collection.d.ts[0m:[93m1349[0m:[93m34[0m - [91merror[0m[90m TS2304: [0mCannot find name 'ListIterator'.

[7m1349[0m         orderBy(iteratees?: Many<ListIterator<T, NotVoid> | PropertyName | PartialShallow<T>>, orders?: Many<boolean|"asc"|"desc">): Collection<T>;
[7m    [0m [91m                                 ~~~~~~~~~~~~[0m
[96mnode_modules/@types/lodash/common/collection.d.ts[0m:[93m1349[0m:[93m50[0m - [91merror[0m[90m TS2304: [0mCannot find name 'NotVoid'.

[7m1349[0m         orderBy(iteratees?: Many<ListIterator<T, NotVoid> | PropertyName | PartialShallow<T>>, orders?: Many<boolean|"asc"|"desc">): Collection<T>;
[7m    [0m [91m                                                 ~~~~~~~[0m
[96mnode_modules/@types/lodash/common/collection.d.ts[0m:[93m1349[0m:[93m61[0m - [91merror[0m[90m TS2304: [0mCannot find name 'PropertyName'.

[7m1349[0m         orderBy(iteratees?: Many<ListIterator<T, NotVoid> | PropertyName | PartialShallow<T>>, orders?: Many<boolean|"asc"|"desc">): Collection<T>;
[7m    [0m [91m                                                            ~~~~~~~~~~~~[0m
[96mnode_modules/@types/lodash/common/collection.d.ts[0m:[93m1349[0m:[93m76[0m - [91merror[0m[90m TS2304: [0mCannot find name 'PartialShallow'.

[7m1349[0m         orderBy(iteratees?: Many<ListIterator<T, NotVoid> | PropertyName | PartialShallow<T>>, orders?: Many<boolean|"asc"|"desc">): Collection<T>;
[7m    [0m [91m                                                                           ~~~~~~~~~~~~~~[0m
[96mnode_modules/@types/lodash/common/collection.d.ts[0m:[93m1349[0m:[93m105[0m - [91merror[0m[90m TS2304: [0mCannot find name 'Many'.

[7m1349[0m         orderBy(iteratees?: Many<ListIterator<T, NotVoid> | PropertyName | PartialShallow<T>>, orders?: Many<boolean|"asc"|"desc">): Collection<T>;
[7m    [0m [91m                                                                                                        ~~~~[0m
[96mnode_modules/@types/lodash/common/collection.d.ts[0m:[93m1355[0m:[93m29[0m - [91merror[0m[90m TS2304: [0mCannot find name 'Many'.

[7m1355[0m         orderBy(iteratees?: Many<ObjectIterator<T, NotVoid>>, orders?: Many<boolean|"asc"|"desc">): Collection<T[keyof T]>;
[7m    [0m [91m                            ~~~~[0m
[96mnode_modules/@types/lodash/common/collection.d.ts[0m:[93m1355[0m:[93m34[0m - [91merror[0m[90m TS2304: [0mCannot find name 'ObjectIterator'.

[7m1355[0m         orderBy(iteratees?: Many<ObjectIterator<T, NotVoid>>, orders?: Many<boolean|"asc"|"desc">): Collection<T[keyof T]>;
[7m    [0m [91m                                 ~~~~~~~~~~~~~~[0m
[96mnode_modules/@types/lodash/common/collection.d.ts[0m:[93m1355[0m:[93m52[0m - [91merror[0m[90m TS2304: [0mCannot find name 'NotVoid'.

[7m1355[0m         orderBy(iteratees?: Many<ObjectIterator<T, NotVoid>>, orders?: Many<boolean|"asc"|"desc">): Collection<T[keyof T]>;
[7m    [0m [91m                                                   ~~~~~~~[0m
[96mnode_modules/@types/lodash/common/collection.d.ts[0m:[93m1355[0m:[93m72[0m - [91merror[0m[90m TS2304: [0mCannot find name 'Many'.

[7m1355[0m         orderBy(iteratees?: Many<ObjectIterator<T, NotVoid>>, orders?: Many<boolean|"asc"|"desc">): Collection<T[keyof T]>;
[7m    [0m [91m                                                                       ~~~~[0m
[96mnode_modules/@types/lodash/common/collection.d.ts[0m:[93m1361[0m:[93m29[0m - [91merror[0m[90m TS2304: [0mCannot find name 'Many'.

[7m1361[0m         orderBy(iteratees?: Many<ListIterator<T, NotVoid> | PropertyName | PartialShallow<T>>, orders?: Many<boolean|"asc"|"desc">): CollectionChain<T>;
[7m    [0m [91m                            ~~~~[0m
[96mnode_modules/@types/lodash/common/collection.d.ts[0m:[93m1361[0m:[93m34[0m - [91merror[0m[90m TS2304: [0mCannot find name 'ListIterator'.

[7m1361[0m         orderBy(iteratees?: Many<ListIterator<T, NotVoid> | PropertyName | PartialShallow<T>>, orders?: Many<boolean|"asc"|"desc">): CollectionChain<T>;
[7m    [0m [91m                                 ~~~~~~~~~~~~[0m
[96mnode_modules/@types/lodash/common/collection.d.ts[0m:[93m1361[0m:[93m50[0m - [91merror[0m[90m TS2304: [0mCannot find name 'NotVoid'.

[7m1361[0m         orderBy(iteratees?: Many<ListIterator<T, NotVoid> | PropertyName | PartialShallow<T>>, orders?: Many<boolean|"asc"|"desc">): CollectionChain<T>;
[7m    [0m [91m                                                 ~~~~~~~[0m
[96mnode_modules/@types/lodash/common/collection.d.ts[0m:[93m1361[0m:[93m61[0m - [91merror[0m[90m TS2304: [0mCannot find name 'PropertyName'.

[7m1361[0m         orderBy(iteratees?: Many<ListIterator<T, NotVoid> | PropertyName | PartialShallow<T>>, orders?: Many<boolean|"asc"|"desc">): CollectionChain<T>;
[7m    [0m [91m                                                            ~~~~~~~~~~~~[0m
[96mnode_modules/@types/lodash/common/collection.d.ts[0m:[93m1361[0m:[93m76[0m - [91merror[0m[90m TS2304: [0mCannot find name 'PartialShallow'.

[7m1361[0m         orderBy(iteratees?: Many<ListIterator<T, NotVoid> | PropertyName | PartialShallow<T>>, orders?: Many<boolean|"asc"|"desc">): CollectionChain<T>;
[7m    [0m [91m                                                                           ~~~~~~~~~~~~~~[0m
[96mnode_modules/@types/lodash/common/collection.d.ts[0m:[93m1361[0m:[93m105[0m - [91merror[0m[90m TS2304: [0mCannot find name 'Many'.

[7m1361[0m         orderBy(iteratees?: Many<ListIterator<T, NotVoid> | PropertyName | PartialShallow<T>>, orders?: Many<boolean|"asc"|"desc">): CollectionChain<T>;
[7m    [0m [91m                                                                                                        ~~~~[0m
[96mnode_modules/@types/lodash/common/collection.d.ts[0m:[93m1367[0m:[93m29[0m - [91merror[0m[90m TS2304: [0mCannot find name 'Many'.

[7m1367[0m         orderBy(iteratees?: Many<ObjectIterator<T, NotVoid>>, orders?: Many<boolean|"asc"|"desc">): CollectionChain<T[keyof T]>;
[7m    [0m [91m                            ~~~~[0m
[96mnode_modules/@types/lodash/common/collection.d.ts[0m:[93m1367[0m:[93m34[0m - [91merror[0m[90m TS2304: [0mCannot find name 'ObjectIterator'.

[7m1367[0m         orderBy(iteratees?: Many<ObjectIterator<T, NotVoid>>, orders?: Many<boolean|"asc"|"desc">): CollectionChain<T[keyof T]>;
[7m    [0m [91m                                 ~~~~~~~~~~~~~~[0m
[96mnode_modules/@types/lodash/common/collection.d.ts[0m:[93m1367[0m:[93m52[0m - [91merror[0m[90m TS2304: [0mCannot find name 'NotVoid'.

[7m1367[0m         orderBy(iteratees?: Many<ObjectIterator<T, NotVoid>>, orders?: Many<boolean|"asc"|"desc">): CollectionChain<T[keyof T]>;
[7m    [0m [91m                                                   ~~~~~~~[0m
[96mnode_modules/@types/lodash/common/collection.d.ts[0m:[93m1367[0m:[93m72[0m - [91merror[0m[90m TS2304: [0mCannot find name 'Many'.

[7m1367[0m         orderBy(iteratees?: Many<ObjectIterator<T, NotVoid>>, orders?: Many<boolean|"asc"|"desc">): CollectionChain<T[keyof T]>;
[7m    [0m [91m                                                                       ~~~~[0m
[96mnode_modules/@types/lodash/common/collection.d.ts[0m:[93m1379[0m:[93m47[0m - [91merror[0m[90m TS2304: [0mCannot find name 'List'.

[7m1379[0m         partition<T, U extends T>(collection: List<T> | null | undefined, callback: ValueIteratorTypeGuard<T, U>): [U[], Array<Exclude<T, U>>];
[7m    [0m [91m                                              ~~~~[0m
[96mnode_modules/@types/lodash/common/collection.d.ts[0m:[93m1379[0m:[93m85[0m - [91merror[0m[90m TS2304: [0mCannot find name 'ValueIteratorTypeGuard'.

[7m1379[0m         partition<T, U extends T>(collection: List<T> | null | undefined, callback: ValueIteratorTypeGuard<T, U>): [U[], Array<Exclude<T, U>>];
[7m    [0m [91m                                                                                    ~~~~~~~~~~~~~~~~~~~~~~[0m
[96mnode_modules/@types/lodash/common/collection.d.ts[0m:[93m1383[0m:[93m34[0m - [91merror[0m[90m TS2304: [0mCannot find name 'List'.

[7m1383[0m         partition<T>(collection: List<T> | null | undefined, callback: ValueIteratee<T>): [T[], T[]];
[7m    [0m [91m                                 ~~~~[0m
[96mnode_modules/@types/lodash/common/collection.d.ts[0m:[93m1383[0m:[93m72[0m - [91merror[0m[90m TS2304: [0mCannot find name 'ValueIteratee'.

[7m1383[0m         partition<T>(collection: List<T> | null | undefined, callback: ValueIteratee<T>): [T[], T[]];
[7m    [0m [91m                                                                       ~~~~~~~~~~~~~[0m
[96mnode_modules/@types/lodash/common/collection.d.ts[0m:[93m1387[0m:[93m81[0m - [91merror[0m[90m TS2304: [0mCannot find name 'ValueIteratee'.

[7m1387[0m         partition<T extends object>(collection: T | null | undefined, callback: ValueIteratee<T[keyof T]>): [Array<T[keyof T]>, Array<T[keyof T]>];
[7m    [0m [91m                                                                                ~~~~~~~~~~~~~[0m
[96mnode_modules/@types/lodash/common/collection.d.ts[0m:[93m1393[0m:[93m29[0m - [91merror[0m[90m TS2304: [0mCannot find name 'StringIterator'.

[7m1393[0m         partition(callback: StringIterator<NotVoid>): LoDashImplicitWrapper<[string[], string[]]>;
[7m    [0m [91m                            ~~~~~~~~~~~~~~[0m
[96mnode_modules/@types/lodash/common/collection.d.ts[0m:[93m1393[0m:[93m44[0m - [91merror[0m[90m TS2304: [0mCannot find name 'NotVoid'.

[7m1393[0m         partition(callback: StringIterator<NotVoid>): LoDashImplicitWrapper<[string[], string[]]>;
[7m    [0m [91m                                           ~~~~~~~[0m
[96mnode_modules/@types/lodash/common/collection.d.ts[0m:[93m1399[0m:[93m42[0m - [91merror[0m[90m TS2304: [0mCannot find name 'ValueIteratorTypeGuard'.

[7m1399[0m         partition<U extends T>(callback: ValueIteratorTypeGuard<T, U>): LoDashImplicitWrapper<[U[], Array<Exclude<T, U>>]>;
[7m    [0m [91m                                         ~~~~~~~~~~~~~~~~~~~~~~[0m
[96mnode_modules/@types/lodash/common/collection.d.ts[0m:[93m1403[0m:[93m29[0m - [91merror[0m[90m TS2304: [0mCannot find name 'ValueIteratee'.

[7m1403[0m         partition(callback: ValueIteratee<T>): LoDashImplicitWrapper<[T[], T[]]>;
[7m    [0m [91m                            ~~~~~~~~~~~~~[0m
[96mnode_modules/@types/lodash/common/collection.d.ts[0m:[93m1409[0m:[93m29[0m - [91merror[0m[90m TS2304: [0mCannot find name 'ValueIteratee'.

[7m1409[0m         partition(callback: ValueIteratee<T[keyof T]>): LoDashImplicitWrapper<[Array<T[keyof T]>, Array<T[keyof T]>]>;
[7m    [0m [91m                            ~~~~~~~~~~~~~[0m
[96mnode_modules/@types/lodash/common/collection.d.ts[0m:[93m1415[0m:[93m29[0m - [91merror[0m[90m TS2304: [0mCannot find name 'StringIterator'.

[7m1415[0m         partition(callback: StringIterator<NotVoid>): LoDashExplicitWrapper<[string[], string[]]>;
[7m    [0m [91m                            ~~~~~~~~~~~~~~[0m
[96mnode_modules/@types/lodash/common/collection.d.ts[0m:[93m1415[0m:[93m44[0m - [91merror[0m[90m TS2304: [0mCannot find name 'NotVoid'.

[7m1415[0m         partition(callback: StringIterator<NotVoid>): LoDashExplicitWrapper<[string[], string[]]>;
[7m    [0m [91m                                           ~~~~~~~[0m
[96mnode_modules/@types/lodash/common/collection.d.ts[0m:[93m1421[0m:[93m29[0m - [91merror[0m[90m TS2304: [0mCannot find name 'StringIterator'.

[7m1421[0m         partition(callback: StringIterator<NotVoid>): LoDashExplicitWrapper<[string[], string[]]>;
[7m    [0m [91m                            ~~~~~~~~~~~~~~[0m
[96mnode_modules/@types/lodash/common/collection.d.ts[0m:[93m1421[0m:[93m44[0m - [91merror[0m[90m TS2304: [0mCannot find name 'NotVoid'.

[7m1421[0m         partition(callback: StringIterator<NotVoid>): LoDashExplicitWrapper<[string[], string[]]>;
[7m    [0m [91m                                           ~~~~~~~[0m
[96mnode_modules/@types/lodash/common/collection.d.ts[0m:[93m1427[0m:[93m42[0m - [91merror[0m[90m TS2304: [0mCannot find name 'ValueIteratorTypeGuard'.

[7m1427[0m         partition<U extends T>(callback: ValueIteratorTypeGuard<T, U>): LoDashExplicitWrapper<[U[], Array<Exclude<T, U>>]>;
[7m    [0m [91m                                         ~~~~~~~~~~~~~~~~~~~~~~[0m
[96mnode_modules/@types/lodash/common/collection.d.ts[0m:[93m1431[0m:[93m29[0m - [91merror[0m[90m TS2304: [0mCannot find name 'ValueIteratee'.

[7m1431[0m         partition(callback: ValueIteratee<T>): LoDashExplicitWrapper<[T[], T[]]>;
[7m    [0m [91m                            ~~~~~~~~~~~~~[0m
[96mnode_modules/@types/lodash/common/collection.d.ts[0m:[93m1437[0m:[93m29[0m - [91merror[0m[90m TS2304: [0mCannot find name 'ValueIteratee'.

[7m1437[0m         partition(callback: ValueIteratee<T[keyof T]>): LoDashExplicitWrapper<[Array<T[keyof T]>, Array<T[keyof T]>]>;
[7m    [0m [91m                            ~~~~~~~~~~~~~[0m
[96mnode_modules/@types/lodash/common/collection.d.ts[0m:[93m1451[0m:[93m74[0m - [91merror[0m[90m TS2304: [0mCannot find name 'MemoListIterator'.

[7m1451[0m         reduce<T, TResult>(collection: T[] | null | undefined, callback: MemoListIterator<T, TResult, T[]>, accumulator: TResult): TResult;
[7m    [0m [91m                                                                         ~~~~~~~~~~~~~~~~[0m
[96mnode_modules/@types/lodash/common/collection.d.ts[0m:[93m1455[0m:[93m40[0m - [91merror[0m[90m TS2304: [0mCannot find name 'List'.

[7m1455[0m         reduce<T, TResult>(collection: List<T> | null | undefined, callback: MemoListIterator<T, TResult, List<T>>, accumulator: TResult): TResult;
[7m    [0m [91m                                       ~~~~[0m
[96mnode_modules/@types/lodash/common/collection.d.ts[0m:[93m1455[0m:[93m78[0m - [91merror[0m[90m TS2304: [0mCannot find name 'MemoListIterator'.

[7m1455[0m         reduce<T, TResult>(collection: List<T> | null | undefined, callback: MemoListIterator<T, TResult, List<T>>, accumulator: TResult): TResult;
[7m    [0m [91m                                                                             ~~~~~~~~~~~~~~~~[0m
[96mnode_modules/@types/lodash/common/collection.d.ts[0m:[93m1455[0m:[93m107[0m - [91merror[0m[90m TS2304: [0mCannot find name 'List'.

[7m1455[0m         reduce<T, TResult>(collection: List<T> | null | undefined, callback: MemoListIterator<T, TResult, List<T>>, accumulator: TResult): TResult;
[7m    [0m [91m                                                                                                          ~~~~[0m
[96mnode_modules/@types/lodash/common/collection.d.ts[0m:[93m1459[0m:[93m87[0m - [91merror[0m[90m TS2304: [0mCannot find name 'MemoObjectIterator'.

[7m1459[0m         reduce<T extends object, TResult>(collection: T | null | undefined, callback: MemoObjectIterator<T[keyof T], TResult, T>, accumulator: TResult): TResult;
[7m    [0m [91m                                                                                      ~~~~~~~~~~~~~~~~~~[0m
[96mnode_modules/@types/lodash/common/collection.d.ts[0m:[93m1463[0m:[93m65[0m - [91merror[0m[90m TS2304: [0mCannot find name 'MemoListIterator'.

[7m1463[0m         reduce<T>(collection: T[] | null | undefined, callback: MemoListIterator<T, T, T[]>): T | undefined;
[7m    [0m [91m                                                                ~~~~~~~~~~~~~~~~[0m
[96mnode_modules/@types/lodash/common/collection.d.ts[0m:[93m1467[0m:[93m31[0m - [91merror[0m[90m TS2304: [0mCannot find name 'List'.

[7m1467[0m         reduce<T>(collection: List<T> | null | undefined, callback: MemoListIterator<T, T, List<T>>): T | undefined;
[7m    [0m [91m                              ~~~~[0m
[96mnode_modules/@types/lodash/common/collection.d.ts[0m:[93m1467[0m:[93m69[0m - [91merror[0m[90m TS2304: [0mCannot find name 'MemoListIterator'.

[7m1467[0m         reduce<T>(collection: List<T> | null | undefined, callback: MemoListIterator<T, T, List<T>>): T | undefined;
[7m    [0m [91m                                                                    ~~~~~~~~~~~~~~~~[0m
[96mnode_modules/@types/lodash/common/collection.d.ts[0m:[93m1467[0m:[93m92[0m - [91merror[0m[90m TS2304: [0mCannot find name 'List'.

[7m1467[0m         reduce<T>(collection: List<T> | null | undefined, callback: MemoListIterator<T, T, List<T>>): T | undefined;
[7m    [0m [91m                                                                                           ~~~~[0m
[96mnode_modules/@types/lodash/common/collection.d.ts[0m:[93m1471[0m:[93m78[0m - [91merror[0m[90m TS2304: [0mCannot find name 'MemoObjectIterator'.

[7m1471[0m         reduce<T extends object>(collection: T | null | undefined, callback: MemoObjectIterator<T[keyof T], T[keyof T], T>): T[keyof T] | undefined;
[7m    [0m [91m                                                                             ~~~~~~~~~~~~~~~~~~[0m
[96mnode_modules/@types/lodash/common/collection.d.ts[0m:[93m1477[0m:[93m35[0m - [91merror[0m[90m TS2304: [0mCannot find name 'MemoListIterator'.

[7m1477[0m         reduce<TResult>(callback: MemoListIterator<T, TResult, List<T>>, accumulator: TResult): TResult;
[7m    [0m [91m                                  ~~~~~~~~~~~~~~~~[0m
[96mnode_modules/@types/lodash/common/collection.d.ts[0m:[93m1477[0m:[93m64[0m - [91merror[0m[90m TS2304: [0mCannot find name 'List'.

[7m1477[0m         reduce<TResult>(callback: MemoListIterator<T, TResult, List<T>>, accumulator: TResult): TResult;
[7m    [0m [91m                                                               ~~~~[0m
[96mnode_modules/@types/lodash/common/collection.d.ts[0m:[93m1481[0m:[93m26[0m - [91merror[0m[90m TS2304: [0mCannot find name 'MemoListIterator'.

[7m1481[0m         reduce(callback: MemoListIterator<T, T, List<T>>): T | undefined;
[7m    [0m [91m                         ~~~~~~~~~~~~~~~~[0m
[96mnode_modules/@types/lodash/common/collection.d.ts[0m:[93m1481[0m:[93m49[0m - [91merror[0m[90m TS2304: [0mCannot find name 'List'.

[7m1481[0m         reduce(callback: MemoListIterator<T, T, List<T>>): T | undefined;
[7m    [0m [91m                                                ~~~~[0m
[96mnode_modules/@types/lodash/common/collection.d.ts[0m:[93m1487[0m:[93m35[0m - [91merror[0m[90m TS2304: [0mCannot find name 'MemoObjectIterator'.

[7m1487[0m         reduce<TResult>(callback: MemoObjectIterator<T[keyof T], TResult, T>, accumulator: TResult): TResult;
[7m    [0m [91m                                  ~~~~~~~~~~~~~~~~~~[0m
[96mnode_modules/@types/lodash/common/collection.d.ts[0m:[93m1491[0m:[93m26[0m - [91merror[0m[90m TS2304: [0mCannot find name 'MemoObjectIterator'.

[7m1491[0m         reduce(callback: MemoObjectIterator<T[keyof T], T[keyof T], T>): T[keyof T] | undefined;
[7m    [0m [91m                         ~~~~~~~~~~~~~~~~~~[0m
[96mnode_modules/@types/lodash/common/collection.d.ts[0m:[93m1497[0m:[93m35[0m - [91merror[0m[90m TS2304: [0mCannot find name 'MemoListIterator'.

[7m1497[0m         reduce<TResult>(callback: MemoListIterator<T, TResult, List<T>>, accumulator: TResult): ExpChain<TResult>;
[7m    [0m [91m                                  ~~~~~~~~~~~~~~~~[0m
[96mnode_modules/@types/lodash/common/collection.d.ts[0m:[93m1497[0m:[93m64[0m - [91merror[0m[90m TS2304: [0mCannot find name 'List'.

[7m1497[0m         reduce<TResult>(callback: MemoListIterator<T, TResult, List<T>>, accumulator: TResult): ExpChain<TResult>;
[7m    [0m [91m                                                               ~~~~[0m
[96mnode_modules/@types/lodash/common/collection.d.ts[0m:[93m1497[0m:[93m97[0m - [91merror[0m[90m TS2304: [0mCannot find name 'ExpChain'.

[7m1497[0m         reduce<TResult>(callback: MemoListIterator<T, TResult, List<T>>, accumulator: TResult): ExpChain<TResult>;
[7m    [0m [91m                                                                                                ~~~~~~~~[0m
[96mnode_modules/@types/lodash/common/collection.d.ts[0m:[93m1501[0m:[93m26[0m - [91merror[0m[90m TS2304: [0mCannot find name 'MemoListIterator'.

[7m1501[0m         reduce(callback: MemoListIterator<T, T, List<T>>): ExpChain<T | undefined>;
[7m    [0m [91m                         ~~~~~~~~~~~~~~~~[0m
[96mnode_modules/@types/lodash/common/collection.d.ts[0m:[93m1501[0m:[93m49[0m - [91merror[0m[90m TS2304: [0mCannot find name 'List'.

[7m1501[0m         reduce(callback: MemoListIterator<T, T, List<T>>): ExpChain<T | undefined>;
[7m    [0m [91m                                                ~~~~[0m
[96mnode_modules/@types/lodash/common/collection.d.ts[0m:[93m1501[0m:[93m60[0m - [91merror[0m[90m TS2304: [0mCannot find name 'ExpChain'.

[7m1501[0m         reduce(callback: MemoListIterator<T, T, List<T>>): ExpChain<T | undefined>;
[7m    [0m [91m                                                           ~~~~~~~~[0m
[96mnode_modules/@types/lodash/common/collection.d.ts[0m:[93m1507[0m:[93m35[0m - [91merror[0m[90m TS2304: [0mCannot find name 'MemoObjectIterator'.

[7m1507[0m         reduce<TResult>(callback: MemoObjectIterator<T[keyof T], TResult, T>, accumulator: TResult): ExpChain<TResult>;
[7m    [0m [91m                                  ~~~~~~~~~~~~~~~~~~[0m
[96mnode_modules/@types/lodash/common/collection.d.ts[0m:[93m1507[0m:[93m102[0m - [91merror[0m[90m TS2304: [0mCannot find name 'ExpChain'.

[7m1507[0m         reduce<TResult>(callback: MemoObjectIterator<T[keyof T], TResult, T>, accumulator: TResult): ExpChain<TResult>;
[7m    [0m [91m                                                                                                     ~~~~~~~~[0m
[96mnode_modules/@types/lodash/common/collection.d.ts[0m:[93m1511[0m:[93m26[0m - [91merror[0m[90m TS2304: [0mCannot find name 'MemoObjectIterator'.

[7m1511[0m         reduce(callback: MemoObjectIterator<T[keyof T], T[keyof T], T>): ExpChain<T[keyof T] | undefined>;
[7m    [0m [91m                         ~~~~~~~~~~~~~~~~~~[0m
[96mnode_modules/@types/lodash/common/collection.d.ts[0m:[93m1511[0m:[93m74[0m - [91merror[0m[90m TS2304: [0mCannot find name 'ExpChain'.

[7m1511[0m         reduce(callback: MemoObjectIterator<T[keyof T], T[keyof T], T>): ExpChain<T[keyof T] | undefined>;
[7m    [0m [91m                                                                         ~~~~~~~~[0m
[96mnode_modules/@types/lodash/common/collection.d.ts[0m:[93m1522[0m:[93m79[0m - [91merror[0m[90m TS2304: [0mCannot find name 'MemoListIterator'.

[7m1522[0m         reduceRight<T, TResult>(collection: T[] | null | undefined, callback: MemoListIterator<T, TResult, T[]>, accumulator: TResult): TResult;
[7m    [0m [91m                                                                              ~~~~~~~~~~~~~~~~[0m
[96mnode_modules/@types/lodash/common/collection.d.ts[0m:[93m1526[0m:[93m45[0m - [91merror[0m[90m TS2304: [0mCannot find name 'List'.

[7m1526[0m         reduceRight<T, TResult>(collection: List<T> | null | undefined, callback: MemoListIterator<T, TResult, List<T>>, accumulator: TResult): TResult;
[7m    [0m [91m                                            ~~~~[0m
[96mnode_modules/@types/lodash/common/collection.d.ts[0m:[93m1526[0m:[93m83[0m - [91merror[0m[90m TS2304: [0mCannot find name 'MemoListIterator'.

[7m1526[0m         reduceRight<T, TResult>(collection: List<T> | null | undefined, callback: MemoListIterator<T, TResult, List<T>>, accumulator: TResult): TResult;
[7m    [0m [91m                                                                                  ~~~~~~~~~~~~~~~~[0m
[96mnode_modules/@types/lodash/common/collection.d.ts[0m:[93m1526[0m:[93m112[0m - [91merror[0m[90m TS2304: [0mCannot find name 'List'.

[7m1526[0m         reduceRight<T, TResult>(collection: List<T> | null | undefined, callback: MemoListIterator<T, TResult, List<T>>, accumulator: TResult): TResult;
[7m    [0m [91m                                                                                                               ~~~~[0m
[96mnode_modules/@types/lodash/common/collection.d.ts[0m:[93m1530[0m:[93m92[0m - [91merror[0m[90m TS2304: [0mCannot find name 'MemoObjectIterator'.

[7m1530[0m         reduceRight<T extends object, TResult>(collection: T | null | undefined, callback: MemoObjectIterator<T[keyof T], TResult, T>, accumulator: TResult): TResult;
[7m    [0m [91m                                                                                           ~~~~~~~~~~~~~~~~~~[0m
[96mnode_modules/@types/lodash/common/collection.d.ts[0m:[93m1534[0m:[93m70[0m - [91merror[0m[90m TS2304: [0mCannot find name 'MemoListIterator'.

[7m1534[0m         reduceRight<T>(collection: T[] | null | undefined, callback: MemoListIterator<T, T, T[]>): T | undefined;
[7m    [0m [91m                                                                     ~~~~~~~~~~~~~~~~[0m
[96mnode_modules/@types/lodash/common/collection.d.ts[0m:[93m1538[0m:[93m36[0m - [91merror[0m[90m TS2304: [0mCannot find name 'List'.

[7m1538[0m         reduceRight<T>(collection: List<T> | null | undefined, callback: MemoListIterator<T, T, List<T>>): T | undefined;
[7m    [0m [91m                                   ~~~~[0m
[96mnode_modules/@types/lodash/common/collection.d.ts[0m:[93m1538[0m:[93m74[0m - [91merror[0m[90m TS2304: [0mCannot find name 'MemoListIterator'.

[7m1538[0m         reduceRight<T>(collection: List<T> | null | undefined, callback: MemoListIterator<T, T, List<T>>): T | undefined;
[7m    [0m [91m                                                                         ~~~~~~~~~~~~~~~~[0m
[96mnode_modules/@types/lodash/common/collection.d.ts[0m:[93m1538[0m:[93m97[0m - [91merror[0m[90m TS2304: [0mCannot find name 'List'.

[7m1538[0m         reduceRight<T>(collection: List<T> | null | undefined, callback: MemoListIterator<T, T, List<T>>): T | undefined;
[7m    [0m [91m                                                                                                ~~~~[0m
[96mnode_modules/@types/lodash/common/collection.d.ts[0m:[93m1542[0m:[93m83[0m - [91merror[0m[90m TS2304: [0mCannot find name 'MemoObjectIterator'.

[7m1542[0m         reduceRight<T extends object>(collection: T | null | undefined, callback: MemoObjectIterator<T[keyof T], T[keyof T], T>): T[keyof T] | undefined;
[7m    [0m [91m                                                                                  ~~~~~~~~~~~~~~~~~~[0m
[96mnode_modules/@types/lodash/common/collection.d.ts[0m:[93m1548[0m:[93m40[0m - [91merror[0m[90m TS2304: [0mCannot find name 'MemoListIterator'.

[7m1548[0m         reduceRight<TResult>(callback: MemoListIterator<T, TResult, List<T>>, accumulator: TResult): TResult;
[7m    [0m [91m                                       ~~~~~~~~~~~~~~~~[0m
[96mnode_modules/@types/lodash/common/collection.d.ts[0m:[93m1548[0m:[93m69[0m - [91merror[0m[90m TS2304: [0mCannot find name 'List'.

[7m1548[0m         reduceRight<TResult>(callback: MemoListIterator<T, TResult, List<T>>, accumulator: TResult): TResult;
[7m    [0m [91m                                                                    ~~~~[0m
[96mnode_modules/@types/lodash/common/collection.d.ts[0m:[93m1552[0m:[93m31[0m - [91merror[0m[90m TS2304: [0mCannot find name 'MemoListIterator'.

[7m1552[0m         reduceRight(callback: MemoListIterator<T, T, List<T>>): T | undefined;
[7m    [0m [91m                              ~~~~~~~~~~~~~~~~[0m
[96mnode_modules/@types/lodash/common/collection.d.ts[0m:[93m1552[0m:[93m54[0m - [91merror[0m[90m TS2304: [0mCannot find name 'List'.

[7m1552[0m         reduceRight(callback: MemoListIterator<T, T, List<T>>): T | undefined;
[7m    [0m [91m                                                     ~~~~[0m
[96mnode_modules/@types/lodash/common/collection.d.ts[0m:[93m1558[0m:[93m40[0m - [91merror[0m[90m TS2304: [0mCannot find name 'MemoObjectIterator'.

[7m1558[0m         reduceRight<TResult>(callback: MemoObjectIterator<T[keyof T], TResult, T>, accumulator: TResult): TResult;
[7m    [0m [91m                                       ~~~~~~~~~~~~~~~~~~[0m
[96mnode_modules/@types/lodash/common/collection.d.ts[0m:[93m1562[0m:[93m31[0m - [91merror[0m[90m TS2304: [0mCannot find name 'MemoObjectIterator'.

[7m1562[0m         reduceRight(callback: MemoObjectIterator<T[keyof T], T[keyof T], T>): T[keyof T] | undefined;
[7m    [0m [91m                              ~~~~~~~~~~~~~~~~~~[0m
[96mnode_modules/@types/lodash/common/collection.d.ts[0m:[93m1568[0m:[93m40[0m - [91merror[0m[90m TS2304: [0mCannot find name 'MemoListIterator'.

[7m1568[0m         reduceRight<TResult>(callback: MemoListIterator<T, TResult, List<T>>, accumulator: TResult): ExpChain<TResult>;
[7m    [0m [91m                                       ~~~~~~~~~~~~~~~~[0m
[96mnode_modules/@types/lodash/common/collection.d.ts[0m:[93m1568[0m:[93m69[0m - [91merror[0m[90m TS2304: [0mCannot find name 'List'.

[7m1568[0m         reduceRight<TResult>(callback: MemoListIterator<T, TResult, List<T>>, accumulator: TResult): ExpChain<TResult>;
[7m    [0m [91m                                                                    ~~~~[0m
[96mnode_modules/@types/lodash/common/collection.d.ts[0m:[93m1568[0m:[93m102[0m - [91merror[0m[90m TS2304: [0mCannot find name 'ExpChain'.

[7m1568[0m         reduceRight<TResult>(callback: MemoListIterator<T, TResult, List<T>>, accumulator: TResult): ExpChain<TResult>;
[7m    [0m [91m                                                                                                     ~~~~~~~~[0m
[96mnode_modules/@types/lodash/common/collection.d.ts[0m:[93m1572[0m:[93m31[0m - [91merror[0m[90m TS2304: [0mCannot find name 'MemoListIterator'.

[7m1572[0m         reduceRight(callback: MemoListIterator<T, T, List<T>>): ExpChain<T | undefined>;
[7m    [0m [91m                              ~~~~~~~~~~~~~~~~[0m
[96mnode_modules/@types/lodash/common/collection.d.ts[0m:[93m1572[0m:[93m54[0m - [91merror[0m[90m TS2304: [0mCannot find name 'List'.

[7m1572[0m         reduceRight(callback: MemoListIterator<T, T, List<T>>): ExpChain<T | undefined>;
[7m    [0m [91m                                                     ~~~~[0m
[96mnode_modules/@types/lodash/common/collection.d.ts[0m:[93m1572[0m:[93m65[0m - [91merror[0m[90m TS2304: [0mCannot find name 'ExpChain'.

[7m1572[0m         reduceRight(callback: MemoListIterator<T, T, List<T>>): ExpChain<T | undefined>;
[7m    [0m [91m                                                                ~~~~~~~~[0m
[96mnode_modules/@types/lodash/common/collection.d.ts[0m:[93m1578[0m:[93m40[0m - [91merror[0m[90m TS2304: [0mCannot find name 'MemoObjectIterator'.

[7m1578[0m         reduceRight<TResult>(callback: MemoObjectIterator<T[keyof T], TResult, T>, accumulator: TResult): ExpChain<TResult>;
[7m    [0m [91m                                       ~~~~~~~~~~~~~~~~~~[0m
[96mnode_modules/@types/lodash/common/collection.d.ts[0m:[93m1578[0m:[93m107[0m - [91merror[0m[90m TS2304: [0mCannot find name 'ExpChain'.

[7m1578[0m         reduceRight<TResult>(callback: MemoObjectIterator<T[keyof T], TResult, T>, accumulator: TResult): ExpChain<TResult>;
[7m    [0m [91m                                                                                                          ~~~~~~~~[0m
[96mnode_modules/@types/lodash/common/collection.d.ts[0m:[93m1582[0m:[93m31[0m - [91merror[0m[90m TS2304: [0mCannot find name 'MemoObjectIterator'.

[7m1582[0m         reduceRight(callback: MemoObjectIterator<T[keyof T], T[keyof T], T>): ExpChain<T[keyof T] | undefined>;
[7m    [0m [91m                              ~~~~~~~~~~~~~~~~~~[0m
[96mnode_modules/@types/lodash/common/collection.d.ts[0m:[93m1582[0m:[93m79[0m - [91merror[0m[90m TS2304: [0mCannot find name 'ExpChain'.

[7m1582[0m         reduceRight(callback: MemoObjectIterator<T[keyof T], T[keyof T], T>): ExpChain<T[keyof T] | undefined>;
[7m    [0m [91m                                                                              ~~~~~~~~[0m
[96mnode_modules/@types/lodash/common/collection.d.ts[0m:[93m1593[0m:[93m67[0m - [91merror[0m[90m TS2304: [0mCannot find name 'StringIterator'.

[7m1593[0m         reject(collection: string | null | undefined, predicate?: StringIterator<boolean>): string[];
[7m    [0m [91m                                                                  ~~~~~~~~~~~~~~[0m
[96mnode_modules/@types/lodash/common/collection.d.ts[0m:[93m1597[0m:[93m31[0m - [91merror[0m[90m TS2304: [0mCannot find name 'List'.

[7m1597[0m         reject<T>(collection: List<T> | null | undefined, predicate?: ListIterateeCustom<T, boolean>): T[];
[7m    [0m [91m                              ~~~~[0m
[96mnode_modules/@types/lodash/common/collection.d.ts[0m:[93m1597[0m:[93m71[0m - [91merror[0m[90m TS2304: [0mCannot find name 'ListIterateeCustom'.

[7m1597[0m         reject<T>(collection: List<T> | null | undefined, predicate?: ListIterateeCustom<T, boolean>): T[];
[7m    [0m [91m                                                                      ~~~~~~~~~~~~~~~~~~[0m
[96mnode_modules/@types/lodash/common/collection.d.ts[0m:[93m1601[0m:[93m80[0m - [91merror[0m[90m TS2304: [0mCannot find name 'ObjectIterateeCustom'.

[7m1601[0m         reject<T extends object>(collection: T | null | undefined, predicate?: ObjectIterateeCustom<T, boolean>): Array<T[keyof T]>;
[7m    [0m [91m                                                                               ~~~~~~~~~~~~~~~~~~~~[0m
[96mnode_modules/@types/lodash/common/collection.d.ts[0m:[93m1607[0m:[93m28[0m - [91merror[0m[90m TS2304: [0mCannot find name 'StringIterator'.

[7m1607[0m         reject(predicate?: StringIterator<boolean>): Collection<string>;
[7m    [0m [91m                           ~~~~~~~~~~~~~~[0m
[96mnode_modules/@types/lodash/common/collection.d.ts[0m:[93m1613[0m:[93m28[0m - [91merror[0m[90m TS2304: [0mCannot find name 'ListIterateeCustom'.

[7m1613[0m         reject(predicate?: ListIterateeCustom<T, boolean>): Collection<T>;
[7m    [0m [91m                           ~~~~~~~~~~~~~~~~~~[0m
[96mnode_modules/@types/lodash/common/collection.d.ts[0m:[93m1619[0m:[93m28[0m - [91merror[0m[90m TS2304: [0mCannot find name 'ObjectIterateeCustom'.

[7m1619[0m         reject(predicate?: ObjectIterateeCustom<T, boolean>): Collection<T[keyof T]>;
[7m    [0m [91m                           ~~~~~~~~~~~~~~~~~~~~[0m
[96mnode_modules/@types/lodash/common/collection.d.ts[0m:[93m1625[0m:[93m28[0m - [91merror[0m[90m TS2304: [0mCannot find name 'StringIterator'.

[7m1625[0m         reject(predicate?: StringIterator<boolean>): CollectionChain<string>;
[7m    [0m [91m                           ~~~~~~~~~~~~~~[0m
[96mnode_modules/@types/lodash/common/collection.d.ts[0m:[93m1631[0m:[93m28[0m - [91merror[0m[90m TS2304: [0mCannot find name 'StringIterator'.

[7m1631[0m         reject(predicate?: StringIterator<boolean>): CollectionChain<string>;
[7m    [0m [91m                           ~~~~~~~~~~~~~~[0m
[96mnode_modules/@types/lodash/common/collection.d.ts[0m:[93m1637[0m:[93m28[0m - [91merror[0m[90m TS2304: [0mCannot find name 'ListIterateeCustom'.

[7m1637[0m         reject(predicate?: ListIterateeCustom<T, boolean>): CollectionChain<T>;
[7m    [0m [91m                           ~~~~~~~~~~~~~~~~~~[0m
[96mnode_modules/@types/lodash/common/collection.d.ts[0m:[93m1643[0m:[93m28[0m - [91merror[0m[90m TS2304: [0mCannot find name 'ObjectIterateeCustom'.

[7m1643[0m         reject(predicate?: ObjectIterateeCustom<T, boolean>): CollectionChain<T[keyof T]>;
[7m    [0m [91m                           ~~~~~~~~~~~~~~~~~~~~[0m
[96mnode_modules/@types/lodash/common/collection.d.ts[0m:[93m1656[0m:[93m31[0m - [91merror[0m[90m TS2304: [0mCannot find name 'Dictionary'.

[7m1656[0m         sample<T>(collection: Dictionary<T> | NumericDictionary<T> | null | undefined): T | undefined;
[7m    [0m [91m                              ~~~~~~~~~~[0m
[96mnode_modules/@types/lodash/common/collection.d.ts[0m:[93m1656[0m:[93m47[0m - [91merror[0m[90m TS2304: [0mCannot find name 'NumericDictionary'.

[7m1656[0m         sample<T>(collection: Dictionary<T> | NumericDictionary<T> | null | undefined): T | undefined;
[7m    [0m [91m                                              ~~~~~~~~~~~~~~~~~[0m
[96mnode_modules/@types/lodash/common/collection.d.ts[0m:[93m1696[0m:[93m19[0m - [91merror[0m[90m TS2304: [0mCannot find name 'ExpChain'.

[7m1696[0m         sample(): ExpChain<T | undefined>;
[7m    [0m [91m                  ~~~~~~~~[0m
[96mnode_modules/@types/lodash/common/collection.d.ts[0m:[93m1702[0m:[93m19[0m - [91merror[0m[90m TS2304: [0mCannot find name 'ExpChain'.

[7m1702[0m         sample(): ExpChain<T[keyof T] | undefined>;
[7m    [0m [91m                  ~~~~~~~~[0m
[96mnode_modules/@types/lodash/common/collection.d.ts[0m:[93m1712[0m:[93m35[0m - [91merror[0m[90m TS2304: [0mCannot find name 'Dictionary'.

[7m1712[0m         sampleSize<T>(collection: Dictionary<T> | NumericDictionary<T> | null | undefined, n?: number): T[];
[7m    [0m [91m                                  ~~~~~~~~~~[0m
[96mnode_modules/@types/lodash/common/collection.d.ts[0m:[93m1712[0m:[93m51[0m - [91merror[0m[90m TS2304: [0mCannot find name 'NumericDictionary'.

[7m1712[0m         sampleSize<T>(collection: Dictionary<T> | NumericDictionary<T> | null | undefined, n?: number): T[];
[7m    [0m [91m                                                  ~~~~~~~~~~~~~~~~~[0m
[96mnode_modules/@types/lodash/common/collection.d.ts[0m:[93m1767[0m:[93m32[0m - [91merror[0m[90m TS2304: [0mCannot find name 'List'.

[7m1767[0m         shuffle<T>(collection: List<T> | null | undefined): T[];
[7m    [0m [91m                               ~~~~[0m
[96mnode_modules/@types/lodash/common/collection.d.ts[0m:[93m1846[0m:[93m29[0m - [91merror[0m[90m TS2304: [0mCannot find name 'List'.

[7m1846[0m         some<T>(collection: List<T> | null | undefined, predicate?: ListIterateeCustom<T, boolean>): boolean;
[7m    [0m [91m                            ~~~~[0m
[96mnode_modules/@types/lodash/common/collection.d.ts[0m:[93m1846[0m:[93m69[0m - [91merror[0m[90m TS2304: [0mCannot find name 'ListIterateeCustom'.

[7m1846[0m         some<T>(collection: List<T> | null | undefined, predicate?: ListIterateeCustom<T, boolean>): boolean;
[7m    [0m [91m                                                                    ~~~~~~~~~~~~~~~~~~[0m
[96mnode_modules/@types/lodash/common/collection.d.ts[0m:[93m1850[0m:[93m78[0m - [91merror[0m[90m TS2304: [0mCannot find name 'ObjectIterateeCustom'.

[7m1850[0m         some<T extends object>(collection: T | null | undefined, predicate?: ObjectIterateeCustom<T, boolean>): boolean;
[7m    [0m [91m                                                                             ~~~~~~~~~~~~~~~~~~~~[0m
[96mnode_modules/@types/lodash/common/collection.d.ts[0m:[93m1856[0m:[93m26[0m - [91merror[0m[90m TS2304: [0mCannot find name 'ListIterateeCustom'.

[7m1856[0m         some(predicate?: ListIterateeCustom<T, boolean>): boolean;
[7m    [0m [91m                         ~~~~~~~~~~~~~~~~~~[0m
[96mnode_modules/@types/lodash/common/collection.d.ts[0m:[93m1862[0m:[93m26[0m - [91merror[0m[90m TS2304: [0mCannot find name 'ObjectIterateeCustom'.

[7m1862[0m         some(predicate?: ObjectIterateeCustom<T, boolean>): boolean;
[7m    [0m [91m                         ~~~~~~~~~~~~~~~~~~~~[0m
[96mnode_modules/@types/lodash/common/collection.d.ts[0m:[93m1868[0m:[93m26[0m - [91merror[0m[90m TS2304: [0mCannot find name 'ListIterateeCustom'.

[7m1868[0m         some(predicate?: ListIterateeCustom<T, boolean>): PrimitiveChain<boolean>;
[7m    [0m [91m                         ~~~~~~~~~~~~~~~~~~[0m
[96mnode_modules/@types/lodash/common/collection.d.ts[0m:[93m1874[0m:[93m26[0m - [91merror[0m[90m TS2304: [0mCannot find name 'ObjectIterateeCustom'.

[7m1874[0m         some(predicate?: ObjectIterateeCustom<T, boolean>): PrimitiveChain<boolean>;
[7m    [0m [91m                         ~~~~~~~~~~~~~~~~~~~~[0m
[96mnode_modules/@types/lodash/common/collection.d.ts[0m:[93m1908[0m:[93m31[0m - [91merror[0m[90m TS2304: [0mCannot find name 'List'.

[7m1908[0m         sortBy<T>(collection: List<T> | null | undefined, ...iteratees: Array<Many<ListIteratee<T>>>): T[];
[7m    [0m [91m                              ~~~~[0m
[96mnode_modules/@types/lodash/common/collection.d.ts[0m:[93m1908[0m:[93m79[0m - [91merror[0m[90m TS2304: [0mCannot find name 'Many'.

[7m1908[0m         sortBy<T>(collection: List<T> | null | undefined, ...iteratees: Array<Many<ListIteratee<T>>>): T[];
[7m    [0m [91m                                                                              ~~~~[0m
[96mnode_modules/@types/lodash/common/collection.d.ts[0m:[93m1908[0m:[93m84[0m - [91merror[0m[90m TS2304: [0mCannot find name 'ListIteratee'.

[7m1908[0m         sortBy<T>(collection: List<T> | null | undefined, ...iteratees: Array<Many<ListIteratee<T>>>): T[];
[7m    [0m [91m                                                                                   ~~~~~~~~~~~~[0m
[96mnode_modules/@types/lodash/common/collection.d.ts[0m:[93m1912[0m:[93m88[0m - [91merror[0m[90m TS2304: [0mCannot find name 'Many'.

[7m1912[0m         sortBy<T extends object>(collection: T | null | undefined, ...iteratees: Array<Many<ObjectIteratee<T>>>): Array<T[keyof T]>;
[7m    [0m [91m                                                                                       ~~~~[0m
[96mnode_modules/@types/lodash/common/collection.d.ts[0m:[93m1912[0m:[93m93[0m - [91merror[0m[90m TS2304: [0mCannot find name 'ObjectIteratee'.

[7m1912[0m         sortBy<T extends object>(collection: T | null | undefined, ...iteratees: Array<Many<ObjectIteratee<T>>>): Array<T[keyof T]>;
[7m    [0m [91m                                                                                            ~~~~~~~~~~~~~~[0m
[96mnode_modules/@types/lodash/common/collection.d.ts[0m:[93m1918[0m:[93m36[0m - [91merror[0m[90m TS2304: [0mCannot find name 'Many'.

[7m1918[0m         sortBy(...iteratees: Array<Many<ListIteratee<T>>>): Collection<T>;
[7m    [0m [91m                                   ~~~~[0m
[96mnode_modules/@types/lodash/common/collection.d.ts[0m:[93m1918[0m:[93m41[0m - [91merror[0m[90m TS2304: [0mCannot find name 'ListIteratee'.

[7m1918[0m         sortBy(...iteratees: Array<Many<ListIteratee<T>>>): Collection<T>;
[7m    [0m [91m                                        ~~~~~~~~~~~~[0m
[96mnode_modules/@types/lodash/common/collection.d.ts[0m:[93m1924[0m:[93m36[0m - [91merror[0m[90m TS2304: [0mCannot find name 'Many'.

[7m1924[0m         sortBy(...iteratees: Array<Many<ObjectIteratee<T>>>): Collection<T[keyof T]>;
[7m    [0m [91m                                   ~~~~[0m
[96mnode_modules/@types/lodash/common/collection.d.ts[0m:[93m1924[0m:[93m41[0m - [91merror[0m[90m TS2304: [0mCannot find name 'ObjectIteratee'.

[7m1924[0m         sortBy(...iteratees: Array<Many<ObjectIteratee<T>>>): Collection<T[keyof T]>;
[7m    [0m [91m                                        ~~~~~~~~~~~~~~[0m
[96mnode_modules/@types/lodash/common/collection.d.ts[0m:[93m1930[0m:[93m36[0m - [91merror[0m[90m TS2304: [0mCannot find name 'Many'.

[7m1930[0m         sortBy(...iteratees: Array<Many<ListIteratee<T>>>): CollectionChain<T>;
[7m    [0m [91m                                   ~~~~[0m
[96mnode_modules/@types/lodash/common/collection.d.ts[0m:[93m1930[0m:[93m41[0m - [91merror[0m[90m TS2304: [0mCannot find name 'ListIteratee'.

[7m1930[0m         sortBy(...iteratees: Array<Many<ListIteratee<T>>>): CollectionChain<T>;
[7m    [0m [91m                                        ~~~~~~~~~~~~[0m
[96mnode_modules/@types/lodash/common/collection.d.ts[0m:[93m1936[0m:[93m36[0m - [91merror[0m[90m TS2304: [0mCannot find name 'Many'.

[7m1936[0m         sortBy(...iteratees: Array<Many<ObjectIteratee<T>>>): CollectionChain<T[keyof T]>;
[7m    [0m [91m                                   ~~~~[0m
[96mnode_modules/@types/lodash/common/collection.d.ts[0m:[93m1936[0m:[93m41[0m - [91merror[0m[90m TS2304: [0mCannot find name 'ObjectIteratee'.

[7m1936[0m         sortBy(...iteratees: Array<Many<ObjectIteratee<T>>>): CollectionChain<T[keyof T]>;
[7m    [0m [91m                                        ~~~~~~~~~~~~~~[0m
[96mnode_modules/@types/lodash/common/common.d.ts[0m:[93m5[0m:[93m16[0m - [91merror[0m[90m TS2649: [0mCannot augment module '_' with value exports because it resolves to a non-module entity.

[7m5[0m declare module "../index" {
[7m [0m [91m               ~~~~~~~~~~[0m
[96mnode_modules/@types/lodash/common/common.d.ts[0m:[93m191[0m:[93m65[0m - [91merror[0m[90m TS2304: [0mCannot find name 'LoDashImplicitWrapper'.

[7m191[0m     interface Function<T extends (...args: any) => any> extends LoDashImplicitWrapper<T> {
[7m   [0m [91m                                                                ~~~~~~~~~~~~~~~~~~~~~[0m
[96mnode_modules/@types/lodash/common/common.d.ts[0m:[93m193[0m:[93m57[0m - [91merror[0m[90m TS2304: [0mCannot find name 'LoDashImplicitWrapper'.

[7m193[0m     interface String<T extends string = string> extends LoDashImplicitWrapper<T> {
[7m   [0m [91m                                                        ~~~~~~~~~~~~~~~~~~~~~[0m
[96mnode_modules/@types/lodash/common/common.d.ts[0m:[93m195[0m:[93m33[0m - [91merror[0m[90m TS2304: [0mCannot find name 'LoDashImplicitWrapper'.

[7m195[0m     interface Object<T> extends LoDashImplicitWrapper<T> {
[7m   [0m [91m                                ~~~~~~~~~~~~~~~~~~~~~[0m
[96mnode_modules/@types/lodash/common/common.d.ts[0m:[93m197[0m:[93m37[0m - [91merror[0m[90m TS2304: [0mCannot find name 'LoDashImplicitWrapper'.

[7m197[0m     interface Collection<T> extends LoDashImplicitWrapper<T[]> {
[7m   [0m [91m                                    ~~~~~~~~~~~~~~~~~~~~~[0m
[96mnode_modules/@types/lodash/common/common.d.ts[0m:[93m199[0m:[93m36[0m - [91merror[0m[90m TS2304: [0mCannot find name 'LoDashImplicitWrapper'.

[7m199[0m     interface Primitive<T> extends LoDashImplicitWrapper<T> {
[7m   [0m [91m                                   ~~~~~~~~~~~~~~~~~~~~~[0m
[96mnode_modules/@types/lodash/common/common.d.ts[0m:[93m201[0m:[93m70[0m - [91merror[0m[90m TS2304: [0mCannot find name 'LoDashExplicitWrapper'.

[7m201[0m     interface FunctionChain<T extends (...args: any) => any> extends LoDashExplicitWrapper<T> {
[7m   [0m [91m                                                                     ~~~~~~~~~~~~~~~~~~~~~[0m
[96mnode_modules/@types/lodash/common/common.d.ts[0m:[93m203[0m:[93m62[0m - [91merror[0m[90m TS2304: [0mCannot find name 'LoDashExplicitWrapper'.

[7m203[0m     interface StringChain<T extends string = string> extends LoDashExplicitWrapper<T> {
[7m   [0m [91m                                                             ~~~~~~~~~~~~~~~~~~~~~[0m
[96mnode_modules/@types/lodash/common/common.d.ts[0m:[93m205[0m:[93m43[0m - [91merror[0m[90m TS2304: [0mCannot find name 'LoDashExplicitWrapper'.

[7m205[0m     interface StringNullableChain extends LoDashExplicitWrapper<string | undefined> {
[7m   [0m [91m                                          ~~~~~~~~~~~~~~~~~~~~~[0m
[96mnode_modules/@types/lodash/common/common.d.ts[0m:[93m207[0m:[93m38[0m - [91merror[0m[90m TS2304: [0mCannot find name 'LoDashExplicitWrapper'.

[7m207[0m     interface ObjectChain<T> extends LoDashExplicitWrapper<T> {
[7m   [0m [91m                                     ~~~~~~~~~~~~~~~~~~~~~[0m
[96mnode_modules/@types/lodash/common/common.d.ts[0m:[93m209[0m:[93m42[0m - [91merror[0m[90m TS2304: [0mCannot find name 'LoDashExplicitWrapper'.

[7m209[0m     interface CollectionChain<T> extends LoDashExplicitWrapper<T[]> {
[7m   [0m [91m                                         ~~~~~~~~~~~~~~~~~~~~~[0m
[96mnode_modules/@types/lodash/common/common.d.ts[0m:[93m211[0m:[93m41[0m - [91merror[0m[90m TS2304: [0mCannot find name 'LoDashExplicitWrapper'.

[7m211[0m     interface PrimitiveChain<T> extends LoDashExplicitWrapper<T> {
[7m   [0m [91m                                        ~~~~~~~~~~~~~~~~~~~~~[0m
[96mnode_modules/@types/lodash/common/common.d.ts[0m:[93m262[0m:[93m40[0m - [91merror[0m[90m TS1110: [0mType expected.

[7m262[0m     type StringToNumber<T> = T extends `${infer N extends number}` ? N : never;
[7m   [0m [91m                                       ~~~[0m
[96mnode_modules/@types/lodash/common/common.d.ts[0m:[93m262[0m:[93m43[0m - [91merror[0m[90m TS2304: [0mCannot find name 'infer'.

[7m262[0m     type StringToNumber<T> = T extends `${infer N extends number}` ? N : never;
[7m   [0m [91m                                          ~~~~~[0m
[96mnode_modules/@types/lodash/common/common.d.ts[0m:[93m262[0m:[93m49[0m - [91merror[0m[90m TS1005: [0m'}' expected.

[7m262[0m     type StringToNumber<T> = T extends `${infer N extends number}` ? N : never;
[7m   [0m [91m                                                ~[0m
[96mnode_modules/@types/lodash/common/common.d.ts[0m:[93m262[0m:[93m49[0m - [91merror[0m[90m TS2304: [0mCannot find name 'N'.

[7m262[0m     type StringToNumber<T> = T extends `${infer N extends number}` ? N : never;
[7m   [0m [91m                                                ~[0m
[96mnode_modules/@types/lodash/common/common.d.ts[0m:[93m262[0m:[93m51[0m - [91merror[0m[90m TS1005: [0m';' expected.

[7m262[0m     type StringToNumber<T> = T extends `${infer N extends number}` ? N : never;
[7m   [0m [91m                                                  ~~~~~~~[0m
[96mnode_modules/@types/lodash/common/common.d.ts[0m:[93m262[0m:[93m59[0m - [91merror[0m[90m TS2693: [0m'number' only refers to a type, but is being used as a value here.

[7m262[0m     type StringToNumber<T> = T extends `${infer N extends number}` ? N : never;
[7m   [0m [91m                                                          ~~~~~~[0m
[96mnode_modules/@types/lodash/common/common.d.ts[0m:[93m284[0m:[93m1[0m - [91merror[0m[90m TS1160: [0mUnterminated template literal.

[7m284[0m 
[7m   [0m [91m[0m
[96mnode_modules/@types/lodash/common/function.d.ts[0m:[93m534[0m:[93m16[0m - [91merror[0m[90m TS2304: [0mCannot find name 'MapCache'.

[7m534[0m         cache: MapCache;
[7m   [0m [91m               ~~~~~~~~[0m
[96mnode_modules/@types/lodash/common/function.d.ts[0m:[93m549[0m:[93m20[0m - [91merror[0m[90m TS2304: [0mCannot find name 'MapCacheConstructor'.

[7m549[0m             Cache: MapCacheConstructor;
[7m   [0m [91m                   ~~~~~~~~~~~~~~~~~~~[0m
[96mnode_modules/@types/lodash/common/function.d.ts[0m:[93m617[0m:[93m70[0m - [91merror[0m[90m TS2304: [0mCannot find name 'Many'.

[7m617[0m         overArgs(func: (...args: any[]) => any, ...transforms: Array<Many<(...args: any[]) => any>>): (...args: any[]) => any;
[7m   [0m [91m                                                                     ~~~~[0m
[96mnode_modules/@types/lodash/common/function.d.ts[0m:[93m623[0m:[93m39[0m - [91merror[0m[90m TS2304: [0mCannot find name 'Many'.

[7m623[0m         overArgs(...transforms: Array<Many<(...args: any[]) => any>>): Function<(...args: any[]) => any>;
[7m   [0m [91m                                      ~~~~[0m
[96mnode_modules/@types/lodash/common/function.d.ts[0m:[93m629[0m:[93m39[0m - [91merror[0m[90m TS2304: [0mCannot find name 'Many'.

[7m629[0m         overArgs(...transforms: Array<Many<(...args: any[]) => any>>): FunctionChain<(...args: any[]) => any>;
[7m   [0m [91m                                      ~~~~[0m
[96mnode_modules/@types/lodash/common/function.d.ts[0m:[93m1284[0m:[93m64[0m - [91merror[0m[90m TS2304: [0mCannot find name 'Many'.

[7m1284[0m         rearg(func: (...args: any[]) => any, ...indexes: Array<Many<number>>): (...args: any[]) => any;
[7m    [0m [91m                                                               ~~~~[0m
[96mnode_modules/@types/lodash/common/function.d.ts[0m:[93m1290[0m:[93m33[0m - [91merror[0m[90m TS2304: [0mCannot find name 'Many'.

[7m1290[0m         rearg(...indexes: Array<Many<number>>): Function<(...args: any[]) => any>;
[7m    [0m [91m                                ~~~~[0m
[96mnode_modules/@types/lodash/common/function.d.ts[0m:[93m1296[0m:[93m33[0m - [91merror[0m[90m TS2304: [0mCannot find name 'Many'.

[7m1296[0m         rearg(...indexes: Array<Many<number>>): FunctionChain<(...args: any[]) => any>;
[7m    [0m [91m                                ~~~~[0m
[96mnode_modules/@types/lodash/common/lang.d.ts[0m:[93m13[0m:[93m30[0m - [91merror[0m[90m TS2304: [0mCannot find name 'Many'.

[7m13[0m         castArray<T>(value?: Many<T>): T[];
[7m  [0m [91m                             ~~~~[0m
[96mnode_modules/@types/lodash/common/lang.d.ts[0m:[93m147[0m:[93m129[0m - [91merror[0m[90m TS2304: [0mCannot find name 'ExpChain'.

[7m147[0m         cloneWith<TResult extends object | string | number | boolean | null>(customizer: CloneWithCustomizer<TValue, TResult>): ExpChain<TResult>;
[7m   [0m [91m                                                                                                                                ~~~~~~~~[0m
[96mnode_modules/@types/lodash/common/lang.d.ts[0m:[93m151[0m:[93m91[0m - [91merror[0m[90m TS2304: [0mCannot find name 'ExpChain'.

[7m151[0m         cloneWith<TResult>(customizer: CloneWithCustomizer<TValue, TResult | undefined>): ExpChain<TResult | TValue>;
[7m   [0m [91m                                                                                          ~~~~~~~~[0m
[96mnode_modules/@types/lodash/common/lang.d.ts[0m:[93m576[0m:[93m51[0m - [91merror[0m[90m TS2304: [0mCannot find name 'List'.

[7m576[0m         isEmpty(value: Map<any, any> | Set<any> | List<any> | null | undefined): boolean;
[7m   [0m [91m                                                  ~~~~[0m
[96mnode_modules/@types/lodash/common/lang.d.ts[0m:[93m635[0m:[93m67[0m - [91merror[0m[90m TS2304: [0mCannot find name 'PropertyName'.

[7m635[0m     type IsEqualCustomizer = (value: any, other: any, indexOrKey: PropertyName | undefined, parent: any, otherParent: any, stack: any) => boolean | undefined;
[7m   [0m [91m                                                                  ~~~~~~~~~~~~[0m
[96mnode_modules/@types/lodash/common/lang.d.ts[0m:[93m884[0m:[93m71[0m - [91merror[0m[90m TS2304: [0mCannot find name 'PropertyName'.

[7m884[0m     type isMatchWithCustomizer = (value: any, other: any, indexOrKey: PropertyName, object: object, source: object) => boolean | undefined;
[7m   [0m [91m                                                                      ~~~~~~~~~~~~[0m
[96mnode_modules/@types/lodash/common/lang.d.ts[0m:[93m1416[0m:[93m28[0m - [91merror[0m[90m TS2304: [0mCannot find name 'Dictionary'.

[7m1416[0m         toArray<T>(value:  Dictionary<T> | NumericDictionary<T> | null | undefined): T[];
[7m    [0m [91m                           ~~~~~~~~~~[0m
[96mnode_modules/@types/lodash/common/lang.d.ts[0m:[93m1416[0m:[93m44[0m - [91merror[0m[90m TS2304: [0mCannot find name 'NumericDictionary'.

[7m1416[0m         toArray<T>(value:  Dictionary<T> | NumericDictionary<T> | null | undefined): T[];
[7m    [0m [91m                                           ~~~~~~~~~~~~~~~~~[0m
[96mnode_modules/@types/lodash/common/math.d.ts[0m:[93m104[0m:[93m28[0m - [91merror[0m[90m TS2304: [0mCannot find name 'List'.

[7m104[0m         max<T>(collection: List<T> | null | undefined): T | undefined;
[7m   [0m [91m                           ~~~~[0m
[96mnode_modules/@types/lodash/common/math.d.ts[0m:[93m116[0m:[93m16[0m - [91merror[0m[90m TS2304: [0mCannot find name 'ExpChain'.

[7m116[0m         max(): ExpChain<T | undefined>;
[7m   [0m [91m               ~~~~~~~~[0m
[96mnode_modules/@types/lodash/common/math.d.ts[0m:[93m140[0m:[93m30[0m - [91merror[0m[90m TS2304: [0mCannot find name 'List'.

[7m140[0m         maxBy<T>(collection: List<T> | null | undefined, iteratee?: ValueIteratee<T>): T | undefined;
[7m   [0m [91m                             ~~~~[0m
[96mnode_modules/@types/lodash/common/math.d.ts[0m:[93m140[0m:[93m69[0m - [91merror[0m[90m TS2304: [0mCannot find name 'ValueIteratee'.

[7m140[0m         maxBy<T>(collection: List<T> | null | undefined, iteratee?: ValueIteratee<T>): T | undefined;
[7m   [0m [91m                                                                    ~~~~~~~~~~~~~[0m
[96mnode_modules/@types/lodash/common/math.d.ts[0m:[93m146[0m:[93m26[0m - [91merror[0m[90m TS2304: [0mCannot find name 'ValueIteratee'.

[7m146[0m         maxBy(iteratee?: ValueIteratee<T>): T | undefined;
[7m   [0m [91m                         ~~~~~~~~~~~~~[0m
[96mnode_modules/@types/lodash/common/math.d.ts[0m:[93m152[0m:[93m26[0m - [91merror[0m[90m TS2304: [0mCannot find name 'ValueIteratee'.

[7m152[0m         maxBy(iteratee?: ValueIteratee<T>): ExpChain<T | undefined>;
[7m   [0m [91m                         ~~~~~~~~~~~~~[0m
[96mnode_modules/@types/lodash/common/math.d.ts[0m:[93m152[0m:[93m45[0m - [91merror[0m[90m TS2304: [0mCannot find name 'ExpChain'.

[7m152[0m         maxBy(iteratee?: ValueIteratee<T>): ExpChain<T | undefined>;
[7m   [0m [91m                                            ~~~~~~~~[0m
[96mnode_modules/@types/lodash/common/math.d.ts[0m:[93m167[0m:[93m26[0m - [91merror[0m[90m TS2304: [0mCannot find name 'List'.

[7m167[0m         mean(collection: List<any> | null | undefined): number;
[7m   [0m [91m                         ~~~~[0m
[96mnode_modules/@types/lodash/common/math.d.ts[0m:[93m195[0m:[93m31[0m - [91merror[0m[90m TS2304: [0mCannot find name 'List'.

[7m195[0m         meanBy<T>(collection: List<T> | null | undefined, iteratee?: ValueIteratee<T>): number;
[7m   [0m [91m                              ~~~~[0m
[96mnode_modules/@types/lodash/common/math.d.ts[0m:[93m195[0m:[93m70[0m - [91merror[0m[90m TS2304: [0mCannot find name 'ValueIteratee'.

[7m195[0m         meanBy<T>(collection: List<T> | null | undefined, iteratee?: ValueIteratee<T>): number;
[7m   [0m [91m                                                                     ~~~~~~~~~~~~~[0m
[96mnode_modules/@types/lodash/common/math.d.ts[0m:[93m201[0m:[93m27[0m - [91merror[0m[90m TS2304: [0mCannot find name 'ValueIteratee'.

[7m201[0m         meanBy(iteratee?: ValueIteratee<T>): number;
[7m   [0m [91m                          ~~~~~~~~~~~~~[0m
[96mnode_modules/@types/lodash/common/math.d.ts[0m:[93m207[0m:[93m27[0m - [91merror[0m[90m TS2304: [0mCannot find name 'ValueIteratee'.

[7m207[0m         meanBy(iteratee?: ValueIteratee<T>): PrimitiveChain<number>;
[7m   [0m [91m                          ~~~~~~~~~~~~~[0m
[96mnode_modules/@types/lodash/common/math.d.ts[0m:[93m219[0m:[93m28[0m - [91merror[0m[90m TS2304: [0mCannot find name 'List'.

[7m219[0m         min<T>(collection: List<T> | null | undefined): T | undefined;
[7m   [0m [91m                           ~~~~[0m
[96mnode_modules/@types/lodash/common/math.d.ts[0m:[93m231[0m:[93m16[0m - [91merror[0m[90m TS2304: [0mCannot find name 'ExpChain'.

[7m231[0m         min(): ExpChain<T | undefined>;
[7m   [0m [91m               ~~~~~~~~[0m
[96mnode_modules/@types/lodash/common/math.d.ts[0m:[93m255[0m:[93m30[0m - [91merror[0m[90m TS2304: [0mCannot find name 'List'.

[7m255[0m         minBy<T>(collection: List<T> | null | undefined, iteratee?: ValueIteratee<T>): T | undefined;
[7m   [0m [91m                             ~~~~[0m
[96mnode_modules/@types/lodash/common/math.d.ts[0m:[93m255[0m:[93m69[0m - [91merror[0m[90m TS2304: [0mCannot find name 'ValueIteratee'.

[7m255[0m         minBy<T>(collection: List<T> | null | undefined, iteratee?: ValueIteratee<T>): T | undefined;
[7m   [0m [91m                                                                    ~~~~~~~~~~~~~[0m
[96mnode_modules/@types/lodash/common/math.d.ts[0m:[93m261[0m:[93m26[0m - [91merror[0m[90m TS2304: [0mCannot find name 'ValueIteratee'.

[7m261[0m         minBy(iteratee?: ValueIteratee<T>): T | undefined;
[7m   [0m [91m                         ~~~~~~~~~~~~~[0m
[96mnode_modules/@types/lodash/common/math.d.ts[0m:[93m267[0m:[93m26[0m - [91merror[0m[90m TS2304: [0mCannot find name 'ValueIteratee'.

[7m267[0m         minBy(iteratee?: ValueIteratee<T>): ExpChain<T | undefined>;
[7m   [0m [91m                         ~~~~~~~~~~~~~[0m
[96mnode_modules/@types/lodash/common/math.d.ts[0m:[93m267[0m:[93m45[0m - [91merror[0m[90m TS2304: [0mCannot find name 'ExpChain'.

[7m267[0m         minBy(iteratee?: ValueIteratee<T>): ExpChain<T | undefined>;
[7m   [0m [91m                                            ~~~~~~~~[0m
[96mnode_modules/@types/lodash/common/math.d.ts[0m:[93m355[0m:[93m25[0m - [91merror[0m[90m TS2304: [0mCannot find name 'List'.

[7m355[0m         sum(collection: List<any> | null | undefined): number;
[7m   [0m [91m                        ~~~~[0m
[96mnode_modules/@types/lodash/common/math.d.ts[0m:[93m391[0m:[93m30[0m - [91merror[0m[90m TS2304: [0mCannot find name 'List'.

[7m391[0m         sumBy<T>(collection: List<T> | null | undefined, iteratee?: ((value: T) => number) | string): number;
[7m   [0m [91m                             ~~~~[0m
[96mnode_modules/@types/lodash/common/object.d.ts[0m:[93m3[0m:[93m16[0m - [91merror[0m[90m TS2649: [0mCannot augment module '_' with value exports because it resolves to a non-module entity.

[7m3[0m declare module "../index" {
[7m [0m [91m               ~~~~~~~~~~[0m
[96mnode_modules/@types/lodash/common/object.d.ts[0m:[93m418[0m:[93m24[0m - [91merror[0m[90m TS2304: [0mCannot find name 'Dictionary'.

[7m418[0m         at<T>(object:  Dictionary<T> | NumericDictionary<T> | null | undefined, ...props: PropertyPath[]): T[];
[7m   [0m [91m                       ~~~~~~~~~~[0m
[96mnode_modules/@types/lodash/common/object.d.ts[0m:[93m418[0m:[93m40[0m - [91merror[0m[90m TS2304: [0mCannot find name 'NumericDictionary'.

[7m418[0m         at<T>(object:  Dictionary<T> | NumericDictionary<T> | null | undefined, ...props: PropertyPath[]): T[];
[7m   [0m [91m                                       ~~~~~~~~~~~~~~~~~[0m
[96mnode_modules/@types/lodash/common/object.d.ts[0m:[93m418[0m:[93m91[0m - [91merror[0m[90m TS2304: [0mCannot find name 'PropertyPath'.

[7m418[0m         at<T>(object:  Dictionary<T> | NumericDictionary<T> | null | undefined, ...props: PropertyPath[]): T[];
[7m   [0m [91m                                                                                          ~~~~~~~~~~~~[0m
[96mnode_modules/@types/lodash/common/object.d.ts[0m:[93m422[0m:[93m76[0m - [91merror[0m[90m TS2304: [0mCannot find name 'Many'.

[7m422[0m         at<T extends object>(object: T | null | undefined, ...props: Array<Many<keyof T>>): Array<T[keyof T]>;
[7m   [0m [91m                                                                           ~~~~[0m
[96mnode_modules/@types/lodash/common/object.d.ts[0m:[93m428[0m:[93m28[0m - [91merror[0m[90m TS2304: [0mCannot find name 'Many'.

[7m428[0m         at(...props: Array<Many<keyof T>>): Collection<T[keyof T]>;
[7m   [0m [91m                           ~~~~[0m
[96mnode_modules/@types/lodash/common/object.d.ts[0m:[93m434[0m:[93m22[0m - [91merror[0m[90m TS2304: [0mCannot find name 'PropertyPath'.

[7m434[0m         at(...props: PropertyPath[]): Collection<T>;
[7m   [0m [91m                     ~~~~~~~~~~~~[0m
[96mnode_modules/@types/lodash/common/object.d.ts[0m:[93m440[0m:[93m28[0m - [91merror[0m[90m TS2304: [0mCannot find name 'Many'.

[7m440[0m         at(...props: Array<Many<keyof T>>): CollectionChain<T[keyof T]>;
[7m   [0m [91m                           ~~~~[0m
[96mnode_modules/@types/lodash/common/object.d.ts[0m:[93m446[0m:[93m22[0m - [91merror[0m[90m TS2304: [0mCannot find name 'PropertyPath'.

[7m446[0m         at(...props: PropertyPath[]): CollectionChain<T>;
[7m   [0m [91m                     ~~~~~~~~~~~~[0m
[96mnode_modules/@types/lodash/common/object.d.ts[0m:[93m582[0m:[93m29[0m - [91merror[0m[90m TS2304: [0mCannot find name 'Dictionary'.

[7m582[0m         entries<T>(object?: Dictionary<T> | NumericDictionary<T>): Array<[string, T]>;
[7m   [0m [91m                            ~~~~~~~~~~[0m
[96mnode_modules/@types/lodash/common/object.d.ts[0m:[93m582[0m:[93m45[0m - [91merror[0m[90m TS2304: [0mCannot find name 'NumericDictionary'.

[7m582[0m         entries<T>(object?: Dictionary<T> | NumericDictionary<T>): Array<[string, T]>;
[7m   [0m [91m                                            ~~~~~~~~~~~~~~~~~[0m
[96mnode_modules/@types/lodash/common/object.d.ts[0m:[93m616[0m:[93m31[0m - [91merror[0m[90m TS2304: [0mCannot find name 'Dictionary'.

[7m616[0m         entriesIn<T>(object?: Dictionary<T> | NumericDictionary<T>): Array<[string, T]>;
[7m   [0m [91m                              ~~~~~~~~~~[0m
[96mnode_modules/@types/lodash/common/object.d.ts[0m:[93m616[0m:[93m47[0m - [91merror[0m[90m TS2304: [0mCannot find name 'NumericDictionary'.

[7m616[0m         entriesIn<T>(object?: Dictionary<T> | NumericDictionary<T>): Array<[string, T]>;
[7m   [0m [91m                                              ~~~~~~~~~~~~~~~~~[0m
[96mnode_modules/@types/lodash/common/object.d.ts[0m:[93m811[0m:[93m62[0m - [91merror[0m[90m TS2304: [0mCannot find name 'ObjectIteratee'.

[7m811[0m         findKey<T>(object: T | null | undefined, predicate?: ObjectIteratee<T>): string | undefined;
[7m   [0m [91m                                                             ~~~~~~~~~~~~~~[0m
[96mnode_modules/@types/lodash/common/object.d.ts[0m:[93m817[0m:[93m29[0m - [91merror[0m[90m TS2304: [0mCannot find name 'ObjectIteratee'.

[7m817[0m         findKey(predicate?: ObjectIteratee<TValue>): string | undefined;
[7m   [0m [91m                            ~~~~~~~~~~~~~~[0m
[96mnode_modules/@types/lodash/common/object.d.ts[0m:[93m823[0m:[93m29[0m - [91merror[0m[90m TS2304: [0mCannot find name 'ObjectIteratee'.

[7m823[0m         findKey(predicate?: ObjectIteratee<TValue>): StringNullableChain;
[7m   [0m [91m                            ~~~~~~~~~~~~~~[0m
[96mnode_modules/@types/lodash/common/object.d.ts[0m:[93m823[0m:[93m54[0m - [91merror[0m[90m TS2304: [0mCannot find name 'StringNullableChain'.

[7m823[0m         findKey(predicate?: ObjectIteratee<TValue>): StringNullableChain;
[7m   [0m [91m                                                     ~~~~~~~~~~~~~~~~~~~[0m
[96mnode_modules/@types/lodash/common/object.d.ts[0m:[93m833[0m:[93m66[0m - [91merror[0m[90m TS2304: [0mCannot find name 'ObjectIteratee'.

[7m833[0m         findLastKey<T>(object: T | null | undefined, predicate?: ObjectIteratee<T>): string | undefined;
[7m   [0m [91m                                                                 ~~~~~~~~~~~~~~[0m
[96mnode_modules/@types/lodash/common/object.d.ts[0m:[93m839[0m:[93m33[0m - [91merror[0m[90m TS2304: [0mCannot find name 'ObjectIteratee'.

[7m839[0m         findLastKey(predicate?: ObjectIteratee<TValue>): string | undefined;
[7m   [0m [91m                                ~~~~~~~~~~~~~~[0m
[96mnode_modules/@types/lodash/common/object.d.ts[0m:[93m845[0m:[93m33[0m - [91merror[0m[90m TS2304: [0mCannot find name 'ObjectIteratee'.

[7m845[0m         findLastKey(predicate?: ObjectIteratee<TValue>): StringNullableChain;
[7m   [0m [91m                                ~~~~~~~~~~~~~~[0m
[96mnode_modules/@types/lodash/common/object.d.ts[0m:[93m845[0m:[93m58[0m - [91merror[0m[90m TS2304: [0mCannot find name 'StringNullableChain'.

[7m845[0m         findLastKey(predicate?: ObjectIteratee<TValue>): StringNullableChain;
[7m   [0m [91m                                                         ~~~~~~~~~~~~~~~~~~~[0m
[96mnode_modules/@types/lodash/common/object.d.ts[0m:[93m857[0m:[93m40[0m - [91merror[0m[90m TS2304: [0mCannot find name 'ObjectIterator'.

[7m857[0m         forIn<T>(object: T, iteratee?: ObjectIterator<T, any>): T;
[7m   [0m [91m                                       ~~~~~~~~~~~~~~[0m
[96mnode_modules/@types/lodash/common/object.d.ts[0m:[93m861[0m:[93m59[0m - [91merror[0m[90m TS2304: [0mCannot find name 'ObjectIterator'.

[7m861[0m         forIn<T>(object: T | null | undefined, iteratee?: ObjectIterator<T, any>): T | null | undefined;
[7m   [0m [91m                                                          ~~~~~~~~~~~~~~[0m
[96mnode_modules/@types/lodash/common/object.d.ts[0m:[93m867[0m:[93m26[0m - [91merror[0m[90m TS2304: [0mCannot find name 'ObjectIterator'.

[7m867[0m         forIn(iteratee?: ObjectIterator<TValue, any>): this;
[7m   [0m [91m                         ~~~~~~~~~~~~~~[0m
[96mnode_modules/@types/lodash/common/object.d.ts[0m:[93m873[0m:[93m26[0m - [91merror[0m[90m TS2304: [0mCannot find name 'ObjectIterator'.

[7m873[0m         forIn(iteratee?: ObjectIterator<TValue, any>): this;
[7m   [0m [91m                         ~~~~~~~~~~~~~~[0m
[96mnode_modules/@types/lodash/common/object.d.ts[0m:[93m883[0m:[93m45[0m - [91merror[0m[90m TS2304: [0mCannot find name 'ObjectIterator'.

[7m883[0m         forInRight<T>(object: T, iteratee?: ObjectIterator<T, any>): T;
[7m   [0m [91m                                            ~~~~~~~~~~~~~~[0m
[96mnode_modules/@types/lodash/common/object.d.ts[0m:[93m887[0m:[93m64[0m - [91merror[0m[90m TS2304: [0mCannot find name 'ObjectIterator'.

[7m887[0m         forInRight<T>(object: T | null | undefined, iteratee?: ObjectIterator<T, any>): T | null | undefined;
[7m   [0m [91m                                                               ~~~~~~~~~~~~~~[0m
[96mnode_modules/@types/lodash/common/object.d.ts[0m:[93m893[0m:[93m31[0m - [91merror[0m[90m TS2304: [0mCannot find name 'ObjectIterator'.

[7m893[0m         forInRight(iteratee?: ObjectIterator<TValue, any>): this;
[7m   [0m [91m                              ~~~~~~~~~~~~~~[0m
[96mnode_modules/@types/lodash/common/object.d.ts[0m:[93m899[0m:[93m31[0m - [91merror[0m[90m TS2304: [0mCannot find name 'ObjectIterator'.

[7m899[0m         forInRight(iteratee?: ObjectIterator<TValue, any>): this;
[7m   [0m [91m                              ~~~~~~~~~~~~~~[0m
[96mnode_modules/@types/lodash/common/object.d.ts[0m:[93m911[0m:[93m41[0m - [91merror[0m[90m TS2304: [0mCannot find name 'ObjectIterator'.

[7m911[0m         forOwn<T>(object: T, iteratee?: ObjectIterator<T, any>): T;
[7m   [0m [91m                                        ~~~~~~~~~~~~~~[0m
[96mnode_modules/@types/lodash/common/object.d.ts[0m:[93m915[0m:[93m60[0m - [91merror[0m[90m TS2304: [0mCannot find name 'ObjectIterator'.

[7m915[0m         forOwn<T>(object: T | null | undefined, iteratee?: ObjectIterator<T, any>): T | null | undefined;
[7m   [0m [91m                                                           ~~~~~~~~~~~~~~[0m
[96mnode_modules/@types/lodash/common/object.d.ts[0m:[93m921[0m:[93m27[0m - [91merror[0m[90m TS2304: [0mCannot find name 'ObjectIterator'.

[7m921[0m         forOwn(iteratee?: ObjectIterator<TValue, any>): this;
[7m   [0m [91m                          ~~~~~~~~~~~~~~[0m
[96mnode_modules/@types/lodash/common/object.d.ts[0m:[93m927[0m:[93m27[0m - [91merror[0m[90m TS2304: [0mCannot find name 'ObjectIterator'.

[7m927[0m         forOwn(iteratee?: ObjectIterator<TValue, any>): this;
[7m   [0m [91m                          ~~~~~~~~~~~~~~[0m
[96mnode_modules/@types/lodash/common/object.d.ts[0m:[93m937[0m:[93m46[0m - [91merror[0m[90m TS2304: [0mCannot find name 'ObjectIterator'.

[7m937[0m         forOwnRight<T>(object: T, iteratee?: ObjectIterator<T, any>): T;
[7m   [0m [91m                                             ~~~~~~~~~~~~~~[0m
[96mnode_modules/@types/lodash/common/object.d.ts[0m:[93m941[0m:[93m65[0m - [91merror[0m[90m TS2304: [0mCannot find name 'ObjectIterator'.

[7m941[0m         forOwnRight<T>(object: T | null | undefined, iteratee?: ObjectIterator<T, any>): T | null | undefined;
[7m   [0m [91m                                                                ~~~~~~~~~~~~~~[0m
[96mnode_modules/@types/lodash/common/object.d.ts[0m:[93m947[0m:[93m32[0m - [91merror[0m[90m TS2304: [0mCannot find name 'ObjectIterator'.

[7m947[0m         forOwnRight(iteratee?: ObjectIterator<TValue, any>): this;
[7m   [0m [91m                               ~~~~~~~~~~~~~~[0m
[96mnode_modules/@types/lodash/common/object.d.ts[0m:[93m953[0m:[93m32[0m - [91merror[0m[90m TS2304: [0mCannot find name 'ObjectIterator'.

[7m953[0m         forOwnRight(iteratee?: ObjectIterator<TValue, any>): this;
[7m   [0m [91m                               ~~~~~~~~~~~~~~[0m
[96mnode_modules/@types/lodash/common/object.d.ts[0m:[93m1026[0m:[93m21[0m - [91merror[0m[90m TS1110: [0mType expected.

[7m1026[0m         : K extends `${infer N extends number}` ? T[N]
[7m    [0m [91m                    ~~~[0m
[96mnode_modules/@types/lodash/common/object.d.ts[0m:[93m1026[0m:[93m24[0m - [91merror[0m[90m TS2304: [0mCannot find name 'infer'.

[7m1026[0m         : K extends `${infer N extends number}` ? T[N]
[7m    [0m [91m                       ~~~~~[0m
[96mnode_modules/@types/lodash/common/object.d.ts[0m:[93m1026[0m:[93m30[0m - [91merror[0m[90m TS1005: [0m'}' expected.

[7m1026[0m         : K extends `${infer N extends number}` ? T[N]
[7m    [0m [91m                             ~[0m
[96mnode_modules/@types/lodash/common/object.d.ts[0m:[93m1026[0m:[93m30[0m - [91merror[0m[90m TS2304: [0mCannot find name 'N'.

[7m1026[0m         : K extends `${infer N extends number}` ? T[N]
[7m    [0m [91m                             ~[0m
[96mnode_modules/@types/lodash/common/object.d.ts[0m:[93m1026[0m:[93m32[0m - [91merror[0m[90m TS1005: [0m';' expected.

[7m1026[0m         : K extends `${infer N extends number}` ? T[N]
[7m    [0m [91m                               ~~~~~~~[0m
[96mnode_modules/@types/lodash/common/object.d.ts[0m:[93m1026[0m:[93m40[0m - [91merror[0m[90m TS2693: [0m'number' only refers to a type, but is being used as a value here.

[7m1026[0m         : K extends `${infer N extends number}` ? T[N]
[7m    [0m [91m                                       ~~~~~~[0m
[96mnode_modules/@types/lodash/common/object.d.ts[0m:[93m1031[0m:[93m22[0m - [91merror[0m[90m TS1005: [0m';' expected.

[7m1031[0m         : K extends `${infer N extends number}` ? T[N]
[7m    [0m [91m                     ~[0m
[96mnode_modules/@types/lodash/common/object.d.ts[0m:[93m1031[0m:[93m22[0m - [91merror[0m[90m TS2581: [0mCannot find name '$'. Do you need to install type definitions for jQuery? Try `npm i @types/jquery`.

[7m1031[0m         : K extends `${infer N extends number}` ? T[N]
[7m    [0m [91m                     ~[0m
[96mnode_modules/@types/lodash/common/object.d.ts[0m:[93m1031[0m:[93m23[0m - [91merror[0m[90m TS1005: [0m';' expected.

[7m1031[0m         : K extends `${infer N extends number}` ? T[N]
[7m    [0m [91m                      ~[0m
[96mnode_modules/@types/lodash/common/object.d.ts[0m:[93m1031[0m:[93m24[0m - [91merror[0m[90m TS2304: [0mCannot find name 'infer'.

[7m1031[0m         : K extends `${infer N extends number}` ? T[N]
[7m    [0m [91m                       ~~~~~[0m
[96mnode_modules/@types/lodash/common/object.d.ts[0m:[93m1031[0m:[93m30[0m - [91merror[0m[90m TS1005: [0m';' expected.

[7m1031[0m         : K extends `${infer N extends number}` ? T[N]
[7m    [0m [91m                             ~[0m
[96mnode_modules/@types/lodash/common/object.d.ts[0m:[93m1031[0m:[93m30[0m - [91merror[0m[90m TS2304: [0mCannot find name 'N'.

[7m1031[0m         : K extends `${infer N extends number}` ? T[N]
[7m    [0m [91m                             ~[0m
[96mnode_modules/@types/lodash/common/object.d.ts[0m:[93m1031[0m:[93m32[0m - [91merror[0m[90m TS1005: [0m';' expected.

[7m1031[0m         : K extends `${infer N extends number}` ? T[N]
[7m    [0m [91m                               ~~~~~~~[0m
[96mnode_modules/@types/lodash/common/object.d.ts[0m:[93m1031[0m:[93m40[0m - [91merror[0m[90m TS2693: [0m'number' only refers to a type, but is being used as a value here.

[7m1031[0m         : K extends `${infer N extends number}` ? T[N]
[7m    [0m [91m                                       ~~~~~~[0m
[96mnode_modules/@types/lodash/common/object.d.ts[0m:[93m1040[0m:[93m16[0m - [91merror[0m[90m TS1005: [0m';' expected.

[7m1040[0m             ? `${K}` extends keyof T ? T[`${K}`] : undefined
[7m    [0m [91m               ~[0m
[96mnode_modules/@types/lodash/common/object.d.ts[0m:[93m1040[0m:[93m16[0m - [91merror[0m[90m TS2581: [0mCannot find name '$'. Do you need to install type definitions for jQuery? Try `npm i @types/jquery`.

[7m1040[0m             ? `${K}` extends keyof T ? T[`${K}`] : undefined
[7m    [0m [91m               ~[0m
[96mnode_modules/@types/lodash/common/object.d.ts[0m:[93m1040[0m:[93m17[0m - [91merror[0m[90m TS1005: [0m';' expected.

[7m1040[0m             ? `${K}` extends keyof T ? T[`${K}`] : undefined
[7m    [0m [91m                ~[0m
[96mnode_modules/@types/lodash/common/object.d.ts[0m:[93m1040[0m:[93m18[0m - [91merror[0m[90m TS2304: [0mCannot find name 'K'.

[7m1040[0m             ? `${K}` extends keyof T ? T[`${K}`] : undefined
[7m    [0m [91m                 ~[0m
[96mnode_modules/@types/lodash/common/object.d.ts[0m:[93m1040[0m:[93m43[0m - [91merror[0m[90m TS1005: [0m';' expected.

[7m1040[0m             ? `${K}` extends keyof T ? T[`${K}`] : undefined
[7m    [0m [91m                                          ~[0m
[96mnode_modules/@types/lodash/common/object.d.ts[0m:[93m1040[0m:[93m43[0m - [91merror[0m[90m TS2581: [0mCannot find name '$'. Do you need to install type definitions for jQuery? Try `npm i @types/jquery`.

[7m1040[0m             ? `${K}` extends keyof T ? T[`${K}`] : undefined
[7m    [0m [91m                                          ~[0m
[96mnode_modules/@types/lodash/common/object.d.ts[0m:[93m1040[0m:[93m44[0m - [91merror[0m[90m TS1005: [0m';' expected.

[7m1040[0m             ? `${K}` extends keyof T ? T[`${K}`] : undefined
[7m    [0m [91m                                           ~[0m
[96mnode_modules/@types/lodash/common/object.d.ts[0m:[93m1040[0m:[93m45[0m - [91merror[0m[90m TS2304: [0mCannot find name 'K'.

[7m1040[0m             ? `${K}` extends keyof T ? T[`${K}`] : undefined
[7m    [0m [91m                                            ~[0m
[96mnode_modules/@types/lodash/common/object.d.ts[0m:[93m1041[0m:[93m22[0m - [91merror[0m[90m TS1005: [0m';' expected.

[7m1041[0m         : K extends `${infer N extends number}`
[7m    [0m [91m                     ~[0m
[96mnode_modules/@types/lodash/common/object.d.ts[0m:[93m1041[0m:[93m22[0m - [91merror[0m[90m TS2581: [0mCannot find name '$'. Do you need to install type definitions for jQuery? Try `npm i @types/jquery`.

[7m1041[0m         : K extends `${infer N extends number}`
[7m    [0m [91m                     ~[0m
[96mnode_modules/@types/lodash/common/object.d.ts[0m:[93m1041[0m:[93m23[0m - [91merror[0m[90m TS1005: [0m';' expected.

[7m1041[0m         : K extends `${infer N extends number}`
[7m    [0m [91m                      ~[0m
[96mnode_modules/@types/lodash/common/object.d.ts[0m:[93m1041[0m:[93m24[0m - [91merror[0m[90m TS2304: [0mCannot find name 'infer'.

[7m1041[0m         : K extends `${infer N extends number}`
[7m    [0m [91m                       ~~~~~[0m
[96mnode_modules/@types/lodash/common/object.d.ts[0m:[93m1041[0m:[93m30[0m - [91merror[0m[90m TS1005: [0m';' expected.

[7m1041[0m         : K extends `${infer N extends number}`
[7m    [0m [91m                             ~[0m
[96mnode_modules/@types/lodash/common/object.d.ts[0m:[93m1041[0m:[93m30[0m - [91merror[0m[90m TS2304: [0mCannot find name 'N'.

[7m1041[0m         : K extends `${infer N extends number}`
[7m    [0m [91m                             ~[0m
[96mnode_modules/@types/lodash/common/object.d.ts[0m:[93m1041[0m:[93m32[0m - [91merror[0m[90m TS1005: [0m';' expected.

[7m1041[0m         : K extends `${infer N extends number}`
[7m    [0m [91m                               ~~~~~~~[0m
[96mnode_modules/@types/lodash/common/object.d.ts[0m:[93m1041[0m:[93m40[0m - [91merror[0m[90m TS2693: [0m'number' only refers to a type, but is being used as a value here.

[7m1041[0m         : K extends `${infer N extends number}`
[7m    [0m [91m                                       ~~~~~~[0m
[96mnode_modules/@types/lodash/common/object.d.ts[0m:[93m1047[0m:[93m20[0m - [91merror[0m[90m TS1005: [0m';' expected.

[7m1047[0m         P extends `${infer L}.${infer R}`
[7m    [0m [91m                   ~[0m
[96mnode_modules/@types/lodash/common/object.d.ts[0m:[93m1047[0m:[93m20[0m - [91merror[0m[90m TS2581: [0mCannot find name '$'. Do you need to install type definitions for jQuery? Try `npm i @types/jquery`.

[7m1047[0m         P extends `${infer L}.${infer R}`
[7m    [0m [91m                   ~[0m
[96mnode_modules/@types/lodash/common/object.d.ts[0m:[93m1047[0m:[93m21[0m - [91merror[0m[90m TS1005: [0m';' expected.

[7m1047[0m         P extends `${infer L}.${infer R}`
[7m    [0m [91m                    ~[0m
[96mnode_modules/@types/lodash/common/object.d.ts[0m:[93m1047[0m:[93m22[0m - [91merror[0m[90m TS2304: [0mCannot find name 'infer'.

[7m1047[0m         P extends `${infer L}.${infer R}`
[7m    [0m [91m                     ~~~~~[0m
[96mnode_modules/@types/lodash/common/object.d.ts[0m:[93m1047[0m:[93m28[0m - [91merror[0m[90m TS1005: [0m';' expected.

[7m1047[0m         P extends `${infer L}.${infer R}`
[7m    [0m [91m                           ~[0m
[96mnode_modules/@types/lodash/common/object.d.ts[0m:[93m1047[0m:[93m28[0m - [91merror[0m[90m TS2304: [0mCannot find name 'L'.

[7m1047[0m         P extends `${infer L}.${infer R}`
[7m    [0m [91m                           ~[0m
[96mnode_modules/@types/lodash/common/object.d.ts[0m:[93m1047[0m:[93m30[0m - [91merror[0m[90m TS1128: [0mDeclaration or statement expected.

[7m1047[0m         P extends `${infer L}.${infer R}`
[7m    [0m [91m                             ~[0m
[96mnode_modules/@types/lodash/common/object.d.ts[0m:[93m1047[0m:[93m31[0m - [91merror[0m[90m TS2581: [0mCannot find name '$'. Do you need to install type definitions for jQuery? Try `npm i @types/jquery`.

[7m1047[0m         P extends `${infer L}.${infer R}`
[7m    [0m [91m                              ~[0m
[96mnode_modules/@types/lodash/common/object.d.ts[0m:[93m1047[0m:[93m32[0m - [91merror[0m[90m TS1005: [0m';' expected.

[7m1047[0m         P extends `${infer L}.${infer R}`
[7m    [0m [91m                               ~[0m
[96mnode_modules/@types/lodash/common/object.d.ts[0m:[93m1047[0m:[93m33[0m - [91merror[0m[90m TS2304: [0mCannot find name 'infer'.

[7m1047[0m         P extends `${infer L}.${infer R}`
[7m    [0m [91m                                ~~~~~[0m
[96mnode_modules/@types/lodash/common/object.d.ts[0m:[93m1047[0m:[93m39[0m - [91merror[0m[90m TS1005: [0m';' expected.

[7m1047[0m         P extends `${infer L}.${infer R}`
[7m    [0m [91m                                      ~[0m
[96mnode_modules/@types/lodash/common/object.d.ts[0m:[93m1047[0m:[93m39[0m - [91merror[0m[90m TS2304: [0mCannot find name 'R'.

[7m1047[0m         P extends `${infer L}.${infer R}`
[7m    [0m [91m                                      ~[0m
[96mnode_modules/@types/lodash/common/object.d.ts[0m:[93m1056[0m:[93m23[0m - [91merror[0m[90m TS2339: [0mProperty '$' does not exist on type '"\n        ? GetFieldType<GetFieldTypeOfNarrowedByKey<T, L>, R, 'DotPath'>\n        : GetFieldTypeOfNarrowedByKey<T, P>;\n\n    /** Internal. This is a piece of GetFieldTypeOfNarrowedByLKR logic,\n     *  assuming that Lc isn't to be ignored, and does not end with dot. */\n    type GetFieldTypeOfNarrowedByLcKR<T, Lc...'.

[7m1056[0m         : R extends `.${infer Rc}`
[7m    [0m [91m                      ~[0m
[96mnode_modules/@types/lodash/common/object.d.ts[0m:[93m1056[0m:[93m24[0m - [91merror[0m[90m TS1005: [0m';' expected.

[7m1056[0m         : R extends `.${infer Rc}`
[7m    [0m [91m                       ~[0m
[96mnode_modules/@types/lodash/common/object.d.ts[0m:[93m1056[0m:[93m25[0m - [91merror[0m[90m TS2304: [0mCannot find name 'infer'.

[7m1056[0m         : R extends `.${infer Rc}`
[7m    [0m [91m                        ~~~~~[0m
[96mnode_modules/@types/lodash/common/object.d.ts[0m:[93m1056[0m:[93m31[0m - [91merror[0m[90m TS1005: [0m';' expected.

[7m1056[0m         : R extends `.${infer Rc}`
[7m    [0m [91m                              ~~[0m
[96mnode_modules/@types/lodash/common/object.d.ts[0m:[93m1056[0m:[93m31[0m - [91merror[0m[90m TS2304: [0mCannot find name 'Rc'.

[7m1056[0m         : R extends `.${infer Rc}`
[7m    [0m [91m                              ~~[0m
[96mnode_modules/@types/lodash/common/object.d.ts[0m:[93m1070[0m:[93m27[0m - [91merror[0m[90m TS2339: [0mProperty '$' does not exist on type '"\n            ? GetFieldType<GetFieldType<GetFieldTypeOfNarrowedByDotPath<T, Lc>, K, 'Key'>, Rc>\n            : GetFieldType<GetFieldType<GetFieldTypeOfNarrowedByDotPath<T, Lc>, K, 'Key'>, R>\n\n    /** Internal. Assumes T has been narrowed; L is a dot-delimited path,\n     *  and should be ignored if an empty stri...'.

[7m1070[0m             : R extends `.${infer Rc}`
[7m    [0m [91m                          ~[0m
[96mnode_modules/@types/lodash/common/object.d.ts[0m:[93m1070[0m:[93m28[0m - [91merror[0m[90m TS1005: [0m';' expected.

[7m1070[0m             : R extends `.${infer Rc}`
[7m    [0m [91m                           ~[0m
[96mnode_modules/@types/lodash/common/object.d.ts[0m:[93m1070[0m:[93m29[0m - [91merror[0m[90m TS2304: [0mCannot find name 'infer'.

[7m1070[0m             : R extends `.${infer Rc}`
[7m    [0m [91m                            ~~~~~[0m
[96mnode_modules/@types/lodash/common/object.d.ts[0m:[93m1070[0m:[93m35[0m - [91merror[0m[90m TS1005: [0m';' expected.

[7m1070[0m             : R extends `.${infer Rc}`
[7m    [0m [91m                                  ~~[0m
[96mnode_modules/@types/lodash/common/object.d.ts[0m:[93m1070[0m:[93m35[0m - [91merror[0m[90m TS2304: [0mCannot find name 'Rc'.

[7m1070[0m             : R extends `.${infer Rc}`
[7m    [0m [91m                                  ~~[0m
[96mnode_modules/@types/lodash/common/object.d.ts[0m:[93m1073[0m:[93m22[0m - [91merror[0m[90m TS1005: [0m';' expected.

[7m1073[0m         : L extends `${infer Lc}.`
[7m    [0m [91m                     ~[0m
[96mnode_modules/@types/lodash/common/object.d.ts[0m:[93m1073[0m:[93m22[0m - [91merror[0m[90m TS2581: [0mCannot find name '$'. Do you need to install type definitions for jQuery? Try `npm i @types/jquery`.

[7m1073[0m         : L extends `${infer Lc}.`
[7m    [0m [91m                     ~[0m
[96mnode_modules/@types/lodash/common/object.d.ts[0m:[93m1073[0m:[93m23[0m - [91merror[0m[90m TS1005: [0m';' expected.

[7m1073[0m         : L extends `${infer Lc}.`
[7m    [0m [91m                      ~[0m
[96mnode_modules/@types/lodash/common/object.d.ts[0m:[93m1073[0m:[93m24[0m - [91merror[0m[90m TS2304: [0mCannot find name 'infer'.

[7m1073[0m         : L extends `${infer Lc}.`
[7m    [0m [91m                       ~~~~~[0m
[96mnode_modules/@types/lodash/common/object.d.ts[0m:[93m1073[0m:[93m30[0m - [91merror[0m[90m TS1005: [0m';' expected.

[7m1073[0m         : L extends `${infer Lc}.`
[7m    [0m [91m                             ~~[0m
[96mnode_modules/@types/lodash/common/object.d.ts[0m:[93m1073[0m:[93m30[0m - [91merror[0m[90m TS2304: [0mCannot find name 'Lc'.

[7m1073[0m         : L extends `${infer Lc}.`
[7m    [0m [91m                             ~~[0m
[96mnode_modules/@types/lodash/common/object.d.ts[0m:[93m1073[0m:[93m33[0m - [91merror[0m[90m TS1128: [0mDeclaration or statement expected.

[7m1073[0m         : L extends `${infer Lc}.`
[7m    [0m [91m                                ~[0m
[96mnode_modules/@types/lodash/common/object.d.ts[0m:[93m1081[0m:[93m22[0m - [91merror[0m[90m TS1005: [0m';' expected.

[7m1081[0m         : X extends `${infer L}['${infer K}']${infer R}`
[7m    [0m [91m                     ~[0m
[96mnode_modules/@types/lodash/common/object.d.ts[0m:[93m1081[0m:[93m22[0m - [91merror[0m[90m TS2581: [0mCannot find name '$'. Do you need to install type definitions for jQuery? Try `npm i @types/jquery`.

[7m1081[0m         : X extends `${infer L}['${infer K}']${infer R}`
[7m    [0m [91m                     ~[0m
[96mnode_modules/@types/lodash/common/object.d.ts[0m:[93m1081[0m:[93m23[0m - [91merror[0m[90m TS1005: [0m';' expected.

[7m1081[0m         : X extends `${infer L}['${infer K}']${infer R}`
[7m    [0m [91m                      ~[0m
[96mnode_modules/@types/lodash/common/object.d.ts[0m:[93m1081[0m:[93m24[0m - [91merror[0m[90m TS2304: [0mCannot find name 'infer'.

[7m1081[0m         : X extends `${infer L}['${infer K}']${infer R}`
[7m    [0m [91m                       ~~~~~[0m
[96mnode_modules/@types/lodash/common/object.d.ts[0m:[93m1081[0m:[93m30[0m - [91merror[0m[90m TS1005: [0m';' expected.

[7m1081[0m         : X extends `${infer L}['${infer K}']${infer R}`
[7m    [0m [91m                             ~[0m
[96mnode_modules/@types/lodash/common/object.d.ts[0m:[93m1081[0m:[93m30[0m - [91merror[0m[90m TS2304: [0mCannot find name 'L'.

[7m1081[0m         : X extends `${infer L}['${infer K}']${infer R}`
[7m    [0m [91m                             ~[0m
[96mnode_modules/@types/lodash/common/object.d.ts[0m:[93m1081[0m:[93m46[0m - [91merror[0m[90m TS1005: [0m';' expected.

[7m1081[0m         : X extends `${infer L}['${infer K}']${infer R}`
[7m    [0m [91m                                             ~[0m
[96mnode_modules/@types/lodash/common/object.d.ts[0m:[93m1081[0m:[93m46[0m - [91merror[0m[90m TS2581: [0mCannot find name '$'. Do you need to install type definitions for jQuery? Try `npm i @types/jquery`.

[7m1081[0m         : X extends `${infer L}['${infer K}']${infer R}`
[7m    [0m [91m                                             ~[0m
[96mnode_modules/@types/lodash/common/object.d.ts[0m:[93m1081[0m:[93m47[0m - [91merror[0m[90m TS1005: [0m';' expected.

[7m1081[0m         : X extends `${infer L}['${infer K}']${infer R}`
[7m    [0m [91m                                              ~[0m
[96mnode_modules/@types/lodash/common/object.d.ts[0m:[93m1081[0m:[93m48[0m - [91merror[0m[90m TS2304: [0mCannot find name 'infer'.

[7m1081[0m         : X extends `${infer L}['${infer K}']${infer R}`
[7m    [0m [91m                                               ~~~~~[0m
[96mnode_modules/@types/lodash/common/object.d.ts[0m:[93m1081[0m:[93m54[0m - [91merror[0m[90m TS1005: [0m';' expected.

[7m1081[0m         : X extends `${infer L}['${infer K}']${infer R}`
[7m    [0m [91m                                                     ~[0m
[96mnode_modules/@types/lodash/common/object.d.ts[0m:[93m1081[0m:[93m54[0m - [91merror[0m[90m TS2304: [0mCannot find name 'R'.

[7m1081[0m         : X extends `${infer L}['${infer K}']${infer R}`
[7m    [0m [91m                                                     ~[0m
[96mnode_modules/@types/lodash/common/object.d.ts[0m:[93m1083[0m:[93m22[0m - [91merror[0m[90m TS1005: [0m';' expected.

[7m1083[0m         : X extends `${infer L}["${infer K}"]${infer R}`
[7m    [0m [91m                     ~[0m
[96mnode_modules/@types/lodash/common/object.d.ts[0m:[93m1083[0m:[93m22[0m - [91merror[0m[90m TS2581: [0mCannot find name '$'. Do you need to install type definitions for jQuery? Try `npm i @types/jquery`.

[7m1083[0m         : X extends `${infer L}["${infer K}"]${infer R}`
[7m    [0m [91m                     ~[0m
[96mnode_modules/@types/lodash/common/object.d.ts[0m:[93m1083[0m:[93m23[0m - [91merror[0m[90m TS1005: [0m';' expected.

[7m1083[0m         : X extends `${infer L}["${infer K}"]${infer R}`
[7m    [0m [91m                      ~[0m
[96mnode_modules/@types/lodash/common/object.d.ts[0m:[93m1083[0m:[93m24[0m - [91merror[0m[90m TS2304: [0mCannot find name 'infer'.

[7m1083[0m         : X extends `${infer L}["${infer K}"]${infer R}`
[7m    [0m [91m                       ~~~~~[0m
[96mnode_modules/@types/lodash/common/object.d.ts[0m:[93m1083[0m:[93m30[0m - [91merror[0m[90m TS1005: [0m';' expected.

[7m1083[0m         : X extends `${infer L}["${infer K}"]${infer R}`
[7m    [0m [91m                             ~[0m
[96mnode_modules/@types/lodash/common/object.d.ts[0m:[93m1083[0m:[93m30[0m - [91merror[0m[90m TS2304: [0mCannot find name 'L'.

[7m1083[0m         : X extends `${infer L}["${infer K}"]${infer R}`
[7m    [0m [91m                             ~[0m
[96mnode_modules/@types/lodash/common/object.d.ts[0m:[93m1083[0m:[93m46[0m - [91merror[0m[90m TS1005: [0m';' expected.

[7m1083[0m         : X extends `${infer L}["${infer K}"]${infer R}`
[7m    [0m [91m                                             ~[0m
[96mnode_modules/@types/lodash/common/object.d.ts[0m:[93m1083[0m:[93m46[0m - [91merror[0m[90m TS2581: [0mCannot find name '$'. Do you need to install type definitions for jQuery? Try `npm i @types/jquery`.

[7m1083[0m         : X extends `${infer L}["${infer K}"]${infer R}`
[7m    [0m [91m                                             ~[0m
[96mnode_modules/@types/lodash/common/object.d.ts[0m:[93m1083[0m:[93m47[0m - [91merror[0m[90m TS1005: [0m';' expected.

[7m1083[0m         : X extends `${infer L}["${infer K}"]${infer R}`
[7m    [0m [91m                                              ~[0m
[96mnode_modules/@types/lodash/common/object.d.ts[0m:[93m1083[0m:[93m48[0m - [91merror[0m[90m TS2304: [0mCannot find name 'infer'.

[7m1083[0m         : X extends `${infer L}["${infer K}"]${infer R}`
[7m    [0m [91m                                               ~~~~~[0m
[96mnode_modules/@types/lodash/common/object.d.ts[0m:[93m1083[0m:[93m54[0m - [91merror[0m[90m TS1005: [0m';' expected.

[7m1083[0m         : X extends `${infer L}["${infer K}"]${infer R}`
[7m    [0m [91m                                                     ~[0m
[96mnode_modules/@types/lodash/common/object.d.ts[0m:[93m1083[0m:[93m54[0m - [91merror[0m[90m TS2304: [0mCannot find name 'R'.

[7m1083[0m         : X extends `${infer L}["${infer K}"]${infer R}`
[7m    [0m [91m                                                     ~[0m
[96mnode_modules/@types/lodash/common/object.d.ts[0m:[93m1085[0m:[93m22[0m - [91merror[0m[90m TS1005: [0m';' expected.

[7m1085[0m         : X extends `${infer L}[${infer K}]${infer R}`
[7m    [0m [91m                     ~[0m
[96mnode_modules/@types/lodash/common/object.d.ts[0m:[93m1085[0m:[93m22[0m - [91merror[0m[90m TS2581: [0mCannot find name '$'. Do you need to install type definitions for jQuery? Try `npm i @types/jquery`.

[7m1085[0m         : X extends `${infer L}[${infer K}]${infer R}`
[7m    [0m [91m                     ~[0m
[96mnode_modules/@types/lodash/common/object.d.ts[0m:[93m1085[0m:[93m23[0m - [91merror[0m[90m TS1005: [0m';' expected.

[7m1085[0m         : X extends `${infer L}[${infer K}]${infer R}`
[7m    [0m [91m                      ~[0m
[96mnode_modules/@types/lodash/common/object.d.ts[0m:[93m1085[0m:[93m24[0m - [91merror[0m[90m TS2304: [0mCannot find name 'infer'.

[7m1085[0m         : X extends `${infer L}[${infer K}]${infer R}`
[7m    [0m [91m                       ~~~~~[0m
[96mnode_modules/@types/lodash/common/object.d.ts[0m:[93m1085[0m:[93m30[0m - [91merror[0m[90m TS1005: [0m';' expected.

[7m1085[0m         : X extends `${infer L}[${infer K}]${infer R}`
[7m    [0m [91m                             ~[0m
[96mnode_modules/@types/lodash/common/object.d.ts[0m:[93m1085[0m:[93m30[0m - [91merror[0m[90m TS2304: [0mCannot find name 'L'.

[7m1085[0m         : X extends `${infer L}[${infer K}]${infer R}`
[7m    [0m [91m                             ~[0m
[96mnode_modules/@types/lodash/common/object.d.ts[0m:[93m1085[0m:[93m33[0m - [91merror[0m[90m TS2581: [0mCannot find name '$'. Do you need to install type definitions for jQuery? Try `npm i @types/jquery`.

[7m1085[0m         : X extends `${infer L}[${infer K}]${infer R}`
[7m    [0m [91m                                ~[0m
[96mnode_modules/@types/lodash/common/object.d.ts[0m:[93m1085[0m:[93m34[0m - [91merror[0m[90m TS1005: [0m',' expected.

[7m1085[0m         : X extends `${infer L}[${infer K}]${infer R}`
[7m    [0m [91m                                 ~[0m
[96mnode_modules/@types/lodash/common/object.d.ts[0m:[93m1085[0m:[93m35[0m - [91merror[0m[90m TS18004: [0mNo value exists in scope for the shorthand property 'infer'. Either declare one or provide an initializer.

[7m1085[0m         : X extends `${infer L}[${infer K}]${infer R}`
[7m    [0m [91m                                  ~~~~~[0m
[96mnode_modules/@types/lodash/common/object.d.ts[0m:[93m1085[0m:[93m41[0m - [91merror[0m[90m TS1005: [0m',' expected.

[7m1085[0m         : X extends `${infer L}[${infer K}]${infer R}`
[7m    [0m [91m                                        ~[0m
[96mnode_modules/@types/lodash/common/object.d.ts[0m:[93m1085[0m:[93m41[0m - [91merror[0m[90m TS18004: [0mNo value exists in scope for the shorthand property 'K'. Either declare one or provide an initializer.

[7m1085[0m         : X extends `${infer L}[${infer K}]${infer R}`
[7m    [0m [91m                                        ~[0m
[96mnode_modules/@types/lodash/common/object.d.ts[0m:[93m1085[0m:[93m44[0m - [91merror[0m[90m TS1005: [0m';' expected.

[7m1085[0m         : X extends `${infer L}[${infer K}]${infer R}`
[7m    [0m [91m                                           ~[0m
[96mnode_modules/@types/lodash/common/object.d.ts[0m:[93m1085[0m:[93m44[0m - [91merror[0m[90m TS2581: [0mCannot find name '$'. Do you need to install type definitions for jQuery? Try `npm i @types/jquery`.

[7m1085[0m         : X extends `${infer L}[${infer K}]${infer R}`
[7m    [0m [91m                                           ~[0m
[96mnode_modules/@types/lodash/common/object.d.ts[0m:[93m1085[0m:[93m45[0m - [91merror[0m[90m TS1005: [0m';' expected.

[7m1085[0m         : X extends `${infer L}[${infer K}]${infer R}`
[7m    [0m [91m                                            ~[0m
[96mnode_modules/@types/lodash/common/object.d.ts[0m:[93m1085[0m:[93m46[0m - [91merror[0m[90m TS2304: [0mCannot find name 'infer'.

[7m1085[0m         : X extends `${infer L}[${infer K}]${infer R}`
[7m    [0m [91m                                             ~~~~~[0m
[96mnode_modules/@types/lodash/common/object.d.ts[0m:[93m1085[0m:[93m52[0m - [91merror[0m[90m TS1005: [0m';' expected.

[7m1085[0m         : X extends `${infer L}[${infer K}]${infer R}`
[7m    [0m [91m                                                   ~[0m
[96mnode_modules/@types/lodash/common/object.d.ts[0m:[93m1085[0m:[93m52[0m - [91merror[0m[90m TS2304: [0mCannot find name 'R'.

[7m1085[0m         : X extends `${infer L}[${infer K}]${infer R}`
[7m    [0m [91m                                                   ~[0m
[96mnode_modules/@types/lodash/common/object.d.ts[0m:[93m1365[0m:[93m23[0m - [91merror[0m[90m TS1005: [0m';' expected.

[7m1365[0m          * Checks if `path` is a direct property of `object`.
[7m    [0m [91m                      ~~~~[0m
[96mnode_modules/@types/lodash/common/object.d.ts[0m:[93m1365[0m:[93m23[0m - [91merror[0m[90m TS2304: [0mCannot find name 'path'.

[7m1365[0m          * Checks if `path` is a direct property of `object`.
[7m    [0m [91m                      ~~~~[0m
[96mnode_modules/@types/lodash/common/object.d.ts[0m:[93m1365[0m:[93m54[0m - [91merror[0m[90m TS1005: [0m';' expected.

[7m1365[0m          * Checks if `path` is a direct property of `object`.
[7m    [0m [91m                                                     ~~~~~~[0m
[96mnode_modules/@types/lodash/common/object.d.ts[0m:[93m1365[0m:[93m54[0m - [91merror[0m[90m TS2304: [0mCannot find name 'object'.

[7m1365[0m          * Checks if `path` is a direct property of `object`.
[7m    [0m [91m                                                     ~~~~~~[0m
[96mnode_modules/@types/lodash/common/object.d.ts[0m:[93m1370[0m:[93m30[0m - [91merror[0m[90m TS1005: [0m';' expected.

[7m1370[0m          * @returns Returns `true` if `path` exists, else `false`.
[7m    [0m [91m                             ~~~~[0m
[96mnode_modules/@types/lodash/common/object.d.ts[0m:[93m1370[0m:[93m30[0m - [91merror[0m[90m TS2349: [0mThis expression is not callable.
  Type 'Boolean' has no call signatures.

[7m1370[0m          * @returns Returns `true` if `path` exists, else `false`.
[7m    [0m [91m                             ~~~~[0m
[96mnode_modules/@types/lodash/common/object.d.ts[0m:[93m1370[0m:[93m40[0m - [91merror[0m[90m TS1005: [0m';' expected.

[7m1370[0m          * @returns Returns `true` if `path` exists, else `false`.
[7m    [0m [91m                                       ~~~~[0m
[96mnode_modules/@types/lodash/common/object.d.ts[0m:[93m1370[0m:[93m40[0m - [91merror[0m[90m TS2304: [0mCannot find name 'path'.

[7m1370[0m          * @returns Returns `true` if `path` exists, else `false`.
[7m    [0m [91m                                       ~~~~[0m
[96mnode_modules/@types/lodash/common/object.d.ts[0m:[93m1370[0m:[93m60[0m - [91merror[0m[90m TS1005: [0m';' expected.

[7m1370[0m          * @returns Returns `true` if `path` exists, else `false`.
[7m    [0m [91m                                                           ~~~~~[0m
[96mnode_modules/@types/lodash/common/object.d.ts[0m:[93m1370[0m:[93m60[0m - [91merror[0m[90m TS2349: [0mThis expression is not callable.
  Type 'Boolean' has no call signatures.

[7m1370[0m          * @returns Returns `true` if `path` exists, else `false`.
[7m    [0m [91m                                                           ~~~~~[0m
[96mnode_modules/@types/lodash/common/object.d.ts[0m:[93m1405[0m:[93m23[0m - [91merror[0m[90m TS1005: [0m';' expected.

[7m1405[0m          * Checks if `path` is a direct or inherited property of `object`.
[7m    [0m [91m                      ~~~~[0m
[96mnode_modules/@types/lodash/common/object.d.ts[0m:[93m1405[0m:[93m23[0m - [91merror[0m[90m TS2304: [0mCannot find name 'path'.

[7m1405[0m          * Checks if `path` is a direct or inherited property of `object`.
[7m    [0m [91m                      ~~~~[0m
[96mnode_modules/@types/lodash/common/object.d.ts[0m:[93m1405[0m:[93m67[0m - [91merror[0m[90m TS1005: [0m';' expected.

[7m1405[0m          * Checks if `path` is a direct or inherited property of `object`.
[7m    [0m [91m                                                                  ~~~~~~[0m
[96mnode_modules/@types/lodash/common/object.d.ts[0m:[93m1405[0m:[93m67[0m - [91merror[0m[90m TS2304: [0mCannot find name 'object'.

[7m1405[0m          * Checks if `path` is a direct or inherited property of `object`.
[7m    [0m [91m                                                                  ~~~~~~[0m
[96mnode_modules/@types/lodash/common/object.d.ts[0m:[93m1410[0m:[93m30[0m - [91merror[0m[90m TS1005: [0m';' expected.

[7m1410[0m          * @returns Returns `true` if `path` exists, else `false`.
[7m    [0m [91m                             ~~~~[0m
[96mnode_modules/@types/lodash/common/object.d.ts[0m:[93m1410[0m:[93m30[0m - [91merror[0m[90m TS2349: [0mThis expression is not callable.
  Type 'Boolean' has no call signatures.

[7m1410[0m          * @returns Returns `true` if `path` exists, else `false`.
[7m    [0m [91m                             ~~~~[0m
[96mnode_modules/@types/lodash/common/object.d.ts[0m:[93m1410[0m:[93m40[0m - [91merror[0m[90m TS1005: [0m';' expected.

[7m1410[0m          * @returns Returns `true` if `path` exists, else `false`.
[7m    [0m [91m                                       ~~~~[0m
[96mnode_modules/@types/lodash/common/object.d.ts[0m:[93m1410[0m:[93m40[0m - [91merror[0m[90m TS2304: [0mCannot find name 'path'.

[7m1410[0m          * @returns Returns `true` if `path` exists, else `false`.
[7m    [0m [91m                                       ~~~~[0m
[96mnode_modules/@types/lodash/common/object.d.ts[0m:[93m1410[0m:[93m60[0m - [91merror[0m[90m TS1005: [0m';' expected.

[7m1410[0m          * @returns Returns `true` if `path` exists, else `false`.
[7m    [0m [91m                                                           ~~~~~[0m
[96mnode_modules/@types/lodash/common/object.d.ts[0m:[93m1410[0m:[93m60[0m - [91merror[0m[90m TS2349: [0mThis expression is not callable.
  Type 'Boolean' has no call signatures.

[7m1410[0m          * @returns Returns `true` if `path` exists, else `false`.
[7m    [0m [91m                                                           ~~~~~[0m
[96mnode_modules/@types/lodash/common/object.d.ts[0m:[93m1814[0m:[93m16[0m - [91merror[0m[90m TS1005: [0m';' expected.

[7m1814[0m          * to `undefined`. Array and plain object properties are merged recursively.
[7m    [0m [91m               ~~~~~~~~~[0m
[96mnode_modules/@types/lodash/common/object.d.ts[0m:[93m1819[0m:[93m43[0m - [91merror[0m[90m TS1005: [0m';' expected.

[7m1819[0m          * **Note:** This method mutates `object`.
[7m    [0m [91m                                          ~~~~~~[0m
[96mnode_modules/@types/lodash/common/object.d.ts[0m:[93m1819[0m:[93m43[0m - [91merror[0m[90m TS2304: [0mCannot find name 'object'.

[7m1819[0m          * **Note:** This method mutates `object`.
[7m    [0m [91m                                          ~~~~~~[0m
[96mnode_modules/@types/lodash/common/object.d.ts[0m:[93m1824[0m:[93m30[0m - [91merror[0m[90m TS1005: [0m';' expected.

[7m1824[0m          * @returns Returns `object`.
[7m    [0m [91m                             ~~~~~~[0m
[96mnode_modules/@types/lodash/common/object.d.ts[0m:[93m1824[0m:[93m30[0m - [91merror[0m[90m TS2304: [0mCannot find name 'object'.

[7m1824[0m          * @returns Returns `object`.
[7m    [0m [91m                             ~~~~~~[0m
[96mnode_modules/@types/lodash/common/object.d.ts[0m:[93m1905[0m:[93m33[0m - [91merror[0m[90m TS1005: [0m';' expected.

[7m1905[0m          * This method is like `_.merge` except that it accepts `customizer` which
[7m    [0m [91m                                ~[0m
[96mnode_modules/@types/lodash/common/object.d.ts[0m:[93m1905[0m:[93m35[0m - [91merror[0m[90m TS2339: [0mProperty 'merge' does not exist on type 'LoDashStatic'.

[7m1905[0m          * This method is like `_.merge` except that it accepts `customizer` which
[7m    [0m [91m                                  ~~~~~[0m
[96mnode_modules/@types/lodash/common/object.d.ts[0m:[93m1905[0m:[93m66[0m - [91merror[0m[90m TS1005: [0m';' expected.

[7m1905[0m          * This method is like `_.merge` except that it accepts `customizer` which
[7m    [0m [91m                                                                 ~~~~~~~~~~[0m
[96mnode_modules/@types/lodash/common/object.d.ts[0m:[93m1905[0m:[93m66[0m - [91merror[0m[90m TS2304: [0mCannot find name 'customizer'.

[7m1905[0m          * This method is like `_.merge` except that it accepts `customizer` which
[7m    [0m [91m                                                                 ~~~~~~~~~~[0m
[96mnode_modules/@types/lodash/common/object.d.ts[0m:[93m1907[0m:[93m28[0m - [91merror[0m[90m TS1005: [0m';' expected.

[7m1907[0m          * properties. If `customizer` returns `undefined` merging is handled by the
[7m    [0m [91m                           ~~~~~~~~~~[0m
[96mnode_modules/@types/lodash/common/object.d.ts[0m:[93m1907[0m:[93m28[0m - [91merror[0m[90m TS2304: [0mCannot find name 'customizer'.

[7m1907[0m          * properties. If `customizer` returns `undefined` merging is handled by the
[7m    [0m [91m                           ~~~~~~~~~~[0m
[96mnode_modules/@types/lodash/common/object.d.ts[0m:[93m1907[0m:[93m49[0m - [91merror[0m[90m TS1005: [0m';' expected.

[7m1907[0m          * properties. If `customizer` returns `undefined` merging is handled by the
[7m    [0m [91m                                                ~~~~~~~~~[0m
[96mnode_modules/@types/lodash/common/object.d.ts[0m:[93m1908[0m:[93m33[0m - [91merror[0m[90m TS1005: [0m';' expected.

[7m1908[0m          * method instead. The `customizer` is invoked with six arguments:
[7m    [0m [91m                                ~~~~~~~~~~[0m
[96mnode_modules/@types/lodash/common/object.d.ts[0m:[93m1908[0m:[93m33[0m - [91merror[0m[90m TS2304: [0mCannot find name 'customizer'.

[7m1908[0m          * method instead. The `customizer` is invoked with six arguments:
[7m    [0m [91m                                ~~~~~~~~~~[0m
[96mnode_modules/@types/lodash/common/object.d.ts[0m:[93m1915[0m:[93m30[0m - [91merror[0m[90m TS1005: [0m';' expected.

[7m1915[0m          * @returns Returns `object`.
[7m    [0m [91m                             ~~~~~~[0m
[96mnode_modules/@types/lodash/common/object.d.ts[0m:[93m1915[0m:[93m30[0m - [91merror[0m[90m TS2304: [0mCannot find name 'object'.

[7m1915[0m          * @returns Returns `object`.
[7m    [0m [91m                             ~~~~~~[0m
[96mnode_modules/@types/lodash/common/object.d.ts[0m:[93m2001[0m:[93m29[0m - [91merror[0m[90m TS1005: [0m';' expected.

[7m2001[0m          * The opposite of `_.pick`; this method creates an object composed of the
[7m    [0m [91m                            ~[0m
[96mnode_modules/@types/lodash/common/object.d.ts[0m:[93m2001[0m:[93m31[0m - [91merror[0m[90m TS2339: [0mProperty 'pick' does not exist on type 'LoDashStatic'.

[7m2001[0m          * The opposite of `_.pick`; this method creates an object composed of the
[7m    [0m [91m                              ~~~~[0m
[96mnode_modules/@types/lodash/common/object.d.ts[0m:[93m2002[0m:[93m56[0m - [91merror[0m[90m TS1005: [0m';' expected.

[7m2002[0m          * own and inherited enumerable properties of `object` that are not omitted.
[7m    [0m [91m                                                       ~~~~~~[0m
[96mnode_modules/@types/lodash/common/object.d.ts[0m:[93m2002[0m:[93m56[0m - [91merror[0m[90m TS2304: [0mCannot find name 'object'.

[7m2002[0m          * own and inherited enumerable properties of `object` that are not omitted.
[7m    [0m [91m                                                       ~~~~~~[0m
[96mnode_modules/@types/lodash/common/object.d.ts[0m:[93m2063[0m:[93m29[0m - [91merror[0m[90m TS1005: [0m';' expected.

[7m2063[0m          * The opposite of `_.pickBy`; this method creates an object composed of the
[7m    [0m [91m                            ~[0m
[96mnode_modules/@types/lodash/common/object.d.ts[0m:[93m2063[0m:[93m31[0m - [91merror[0m[90m TS2339: [0mProperty 'pickBy' does not exist on type 'LoDashStatic'.

[7m2063[0m          * The opposite of `_.pickBy`; this method creates an object composed of the
[7m    [0m [91m                              ~~~~~~[0m
[96mnode_modules/@types/lodash/common/object.d.ts[0m:[93m2064[0m:[93m56[0m - [91merror[0m[90m TS1005: [0m';' expected.

[7m2064[0m          * own and inherited enumerable properties of `object` that `predicate`
[7m    [0m [91m                                                       ~~~~~~[0m
[96mnode_modules/@types/lodash/common/object.d.ts[0m:[93m2064[0m:[93m56[0m - [91merror[0m[90m TS2304: [0mCannot find name 'object'.

[7m2064[0m          * own and inherited enumerable properties of `object` that `predicate`
[7m    [0m [91m                                                       ~~~~~~[0m
[96mnode_modules/@types/lodash/common/object.d.ts[0m:[93m2064[0m:[93m70[0m - [91merror[0m[90m TS1005: [0m';' expected.

[7m2064[0m          * own and inherited enumerable properties of `object` that `predicate`
[7m    [0m [91m                                                                     ~~~~~~~~~[0m
[96mnode_modules/@types/lodash/common/object.d.ts[0m:[93m2064[0m:[93m70[0m - [91merror[0m[90m TS2304: [0mCannot find name 'predicate'.

[7m2064[0m          * own and inherited enumerable properties of `object` that `predicate`
[7m    [0m [91m                                                                     ~~~~~~~~~[0m
[96mnode_modules/@types/lodash/common/object.d.ts[0m:[93m2114[0m:[93m54[0m - [91merror[0m[90m TS1005: [0m';' expected.

[7m2114[0m          * Creates an object composed of the picked `object` properties.
[7m    [0m [91m                                                     ~~~~~~[0m
[96mnode_modules/@types/lodash/common/object.d.ts[0m:[93m2114[0m:[93m54[0m - [91merror[0m[90m TS2304: [0mCannot find name 'object'.

[7m2114[0m          * Creates an object composed of the picked `object` properties.
[7m    [0m [91m                                                     ~~~~~~[0m
[96mnode_modules/@types/lodash/common/object.d.ts[0m:[93m2156[0m:[93m47[0m - [91merror[0m[90m TS1005: [0m';' expected.

[7m2156[0m          * Creates an object composed of the `object` properties `predicate` returns
[7m    [0m [91m                                              ~~~~~~[0m
[96mnode_modules/@types/lodash/common/object.d.ts[0m:[93m2156[0m:[93m47[0m - [91merror[0m[90m TS2304: [0mCannot find name 'object'.

[7m2156[0m          * Creates an object composed of the `object` properties `predicate` returns
[7m    [0m [91m                                              ~~~~~~[0m
[96mnode_modules/@types/lodash/common/object.d.ts[0m:[93m2156[0m:[93m67[0m - [91merror[0m[90m TS1005: [0m';' expected.

[7m2156[0m          * Creates an object composed of the `object` properties `predicate` returns
[7m    [0m [91m                                                                  ~~~~~~~~~[0m
[96mnode_modules/@types/lodash/common/object.d.ts[0m:[93m2156[0m:[93m67[0m - [91merror[0m[90m TS2304: [0mCannot find name 'predicate'.

[7m2156[0m          * Creates an object composed of the `object` properties `predicate` returns
[7m    [0m [91m                                                                  ~~~~~~~~~[0m
[96mnode_modules/@types/lodash/common/object.d.ts[0m:[93m2506[0m:[93m33[0m - [91merror[0m[90m TS1005: [0m';' expected.

[7m2506[0m          * This method is like `_.update` except that it accepts `customizer` which is
[7m    [0m [91m                                ~[0m
[96mnode_modules/@types/lodash/common/object.d.ts[0m:[93m2506[0m:[93m35[0m - [91merror[0m[90m TS2339: [0mProperty 'update' does not exist on type 'LoDashStatic'.

[7m2506[0m          * This method is like `_.update` except that it accepts `customizer` which is
[7m    [0m [91m                                  ~~~~~~[0m
[96mnode_modules/@types/lodash/common/object.d.ts[0m:[93m2506[0m:[93m67[0m - [91merror[0m[90m TS1005: [0m';' expected.

[7m2506[0m          * This method is like `_.update` except that it accepts `customizer` which is
[7m    [0m [91m                                                                  ~~~~~~~~~~[0m
[96mnode_modules/@types/lodash/common/object.d.ts[0m:[93m2506[0m:[93m67[0m - [91merror[0m[90m TS2304: [0mCannot find name 'customizer'.

[7m2506[0m          * This method is like `_.update` except that it accepts `customizer` which is
[7m    [0m [91m                                                                  ~~~~~~~~~~[0m
[96mnode_modules/@types/lodash/common/object.d.ts[0m:[93m2507[0m:[93m47[0m - [91merror[0m[90m TS1005: [0m';' expected.

[7m2507[0m          * invoked to produce the objects of `path`.  If `customizer` returns `undefined`
[7m    [0m [91m                                              ~~~~[0m
[96mnode_modules/@types/lodash/common/object.d.ts[0m:[93m2507[0m:[93m47[0m - [91merror[0m[90m TS2304: [0mCannot find name 'path'.

[7m2507[0m          * invoked to produce the objects of `path`.  If `customizer` returns `undefined`
[7m    [0m [91m                                              ~~~~[0m
[96mnode_modules/@types/lodash/common/object.d.ts[0m:[93m2507[0m:[93m59[0m - [91merror[0m[90m TS1005: [0m';' expected.

[7m2507[0m          * invoked to produce the objects of `path`.  If `customizer` returns `undefined`
[7m    [0m [91m                                                          ~~~~~~~~~~[0m
[96mnode_modules/@types/lodash/common/object.d.ts[0m:[93m2507[0m:[93m59[0m - [91merror[0m[90m TS2304: [0mCannot find name 'customizer'.

[7m2507[0m          * invoked to produce the objects of `path`.  If `customizer` returns `undefined`
[7m    [0m [91m                                                          ~~~~~~~~~~[0m
[96mnode_modules/@types/lodash/common/object.d.ts[0m:[93m2507[0m:[93m80[0m - [91merror[0m[90m TS1005: [0m';' expected.

[7m2507[0m          * invoked to produce the objects of `path`.  If `customizer` returns `undefined`
[7m    [0m [91m                                                                               ~~~~~~~~~[0m
[96mnode_modules/@types/lodash/common/object.d.ts[0m:[93m2508[0m:[93m65[0m - [91merror[0m[90m TS1005: [0m';' expected.

[7m2508[0m          * path creation is handled by the method instead. The `customizer` is invoked
[7m    [0m [91m                                                                ~~~~~~~~~~[0m
[96mnode_modules/@types/lodash/common/object.d.ts[0m:[93m2508[0m:[93m65[0m - [91merror[0m[90m TS2304: [0mCannot find name 'customizer'.

[7m2508[0m          * path creation is handled by the method instead. The `customizer` is invoked
[7m    [0m [91m                                                                ~~~~~~~~~~[0m
[96mnode_modules/@types/lodash/common/object.d.ts[0m:[93m2511[0m:[93m43[0m - [91merror[0m[90m TS1005: [0m';' expected.

[7m2511[0m          * **Note:** This method mutates `object`.
[7m    [0m [91m                                          ~~~~~~[0m
[96mnode_modules/@types/lodash/common/object.d.ts[0m:[93m2511[0m:[93m43[0m - [91merror[0m[90m TS2304: [0mCannot find name 'object'.

[7m2511[0m          * **Note:** This method mutates `object`.
[7m    [0m [91m                                          ~~~~~~[0m
[96mnode_modules/@types/lodash/common/object.d.ts[0m:[93m2519[0m:[93m30[0m - [91merror[0m[90m TS1005: [0m';' expected.

[7m2519[0m          * @returns Returns `object`.
[7m    [0m [91m                             ~~~~~~[0m
[96mnode_modules/@types/lodash/common/object.d.ts[0m:[93m2519[0m:[93m30[0m - [91merror[0m[90m TS2304: [0mCannot find name 'object'.

[7m2519[0m          * @returns Returns `object`.
[7m    [0m [91m                             ~~~~~~[0m
[96mnode_modules/@types/lodash/common/object.d.ts[0m:[93m2644[0m:[93m1[0m - [91merror[0m[90m TS1160: [0mUnterminated template literal.

[7m2644[0m 
[7m    [0m [91m[0m
[96mnode_modules/@types/lodash/common/seq.d.ts[0m:[93m19[0m:[93m44[0m - [91merror[0m[90m TS2315: [0mType 'StringChain' is not generic.

[7m19[0m         chain<T extends string>(value: T): StringChain<T>;
[7m  [0m [91m                                           ~~~~~~~~~~~~~~[0m
[96mnode_modules/@types/lodash/common/seq.d.ts[0m:[93m31[0m:[93m31[0m - [91merror[0m[90m TS2304: [0mCannot find name 'List'.

[7m31[0m         chain<T = any>(value: List<T> | null | undefined): CollectionChain<T>;
[7m  [0m [91m                              ~~~~[0m
[96mnode_modules/@types/lodash/common/seq.d.ts[0m:[93m51[0m:[93m36[0m - [91merror[0m[90m TS2315: [0mType 'StringChain' is not generic.

[7m51[0m         chain<T extends string>(): StringChain<T>;
[7m  [0m [91m                                   ~~~~~~~~~~~~~~[0m
[96mnode_modules/@types/lodash/common/seq.d.ts[0m:[93m202[0m:[93m65[0m - [91merror[0m[90m TS2304: [0mCannot find name 'ImpChain'.

[7m202[0m         thru<TResult>(interceptor: (value: TValue) => TResult): ImpChain<TResult>;
[7m   [0m [91m                                                                ~~~~~~~~[0m
[96mnode_modules/@types/lodash/common/seq.d.ts[0m:[93m208[0m:[93m65[0m - [91merror[0m[90m TS2304: [0mCannot find name 'ExpChain'.

[7m208[0m         thru<TResult>(interceptor: (value: TValue) => TResult): ExpChain<TResult>;
[7m   [0m [91m                                                                ~~~~~~~~[0m
[96mnode_modules/@types/lodash/common/string.d.ts[0m:[93m32[0m:[93m79[0m - [91merror[0m[90m TS2304: [0mCannot find name 'Capitalize'.

[7m32[0m         capitalize<T extends string>(string?: T): string extends T ? string : Capitalize<Lowercase<T>>;
[7m  [0m [91m                                                                              ~~~~~~~~~~[0m
[96mnode_modules/@types/lodash/common/string.d.ts[0m:[93m32[0m:[93m90[0m - [91merror[0m[90m TS2304: [0mCannot find name 'Lowercase'.

[7m32[0m         capitalize<T extends string>(string?: T): string extends T ? string : Capitalize<Lowercase<T>>;
[7m  [0m [91m                                                                                         ~~~~~~~~~[0m
[96mnode_modules/@types/lodash/common/string.d.ts[0m:[93m38[0m:[93m56[0m - [91merror[0m[90m TS2304: [0mCannot find name 'Capitalize'.

[7m38[0m         capitalize(): string extends TValue ? string : Capitalize<Lowercase<TValue extends string ? TValue : never>>;
[7m  [0m [91m                                                       ~~~~~~~~~~[0m
[96mnode_modules/@types/lodash/common/string.d.ts[0m:[93m38[0m:[93m67[0m - [91merror[0m[90m TS2304: [0mCannot find name 'Lowercase'.

[7m38[0m         capitalize(): string extends TValue ? string : Capitalize<Lowercase<TValue extends string ? TValue : never>>;
[7m  [0m [91m                                                                  ~~~~~~~~~[0m
[96mnode_modules/@types/lodash/common/string.d.ts[0m:[93m44[0m:[93m23[0m - [91merror[0m[90m TS2315: [0mType 'StringChain' is not generic.

[7m44[0m         capitalize(): StringChain<string extends TValue ? string : Capitalize<Lowercase<TValue extends string ? TValue : never>>>;
[7m  [0m [91m                      ~~~~~~~~~~~~~~~~~~~~~~~~~~~~~~~~~~~~~~~~~~~~~~~~~~~~~~~~~~~~~~~~~~~~~~~~~~~~~~~~~~~~~~~~~~~~~~~~~~~~~~~~~~~[0m
[96mnode_modules/@types/lodash/common/string.d.ts[0m:[93m44[0m:[93m68[0m - [91merror[0m[90m TS2304: [0mCannot find name 'Capitalize'.

[7m44[0m         capitalize(): StringChain<string extends TValue ? string : Capitalize<Lowercase<TValue extends string ? TValue : never>>>;
[7m  [0m [91m                                                                   ~~~~~~~~~~[0m
[96mnode_modules/@types/lodash/common/string.d.ts[0m:[93m44[0m:[93m79[0m - [91merror[0m[90m TS2304: [0mCannot find name 'Lowercase'.

[7m44[0m         capitalize(): StringChain<string extends TValue ? string : Capitalize<Lowercase<TValue extends string ? TValue : never>>>;
[7m  [0m [91m                                                                              ~~~~~~~~~[0m
[96mnode_modules/@types/lodash/common/string.d.ts[0m:[93m201[0m:[93m60[0m - [91merror[0m[90m TS2304: [0mCannot find name 'Uncapitalize'.

[7m201[0m         lowerFirst<T extends string = string>(string?: T): Uncapitalize<T>;
[7m   [0m [91m                                                           ~~~~~~~~~~~~[0m
[96mnode_modules/@types/lodash/common/string.d.ts[0m:[93m207[0m:[93m47[0m - [91merror[0m[90m TS2304: [0mCannot find name 'Uncapitalize'.

[7m207[0m         lowerFirst(): TValue extends string ? Uncapitalize<TValue> : string;
[7m   [0m [91m                                              ~~~~~~~~~~~~[0m
[96mnode_modules/@types/lodash/common/string.d.ts[0m:[93m213[0m:[93m23[0m - [91merror[0m[90m TS2315: [0mType 'StringChain' is not generic.

[7m213[0m         lowerFirst(): StringChain<TValue extends string ? Uncapitalize<TValue> : string>;
[7m   [0m [91m                      ~~~~~~~~~~~~~~~~~~~~~~~~~~~~~~~~~~~~~~~~~~~~~~~~~~~~~~~~~~~~~~~~~~[0m
[96mnode_modules/@types/lodash/common/string.d.ts[0m:[93m213[0m:[93m59[0m - [91merror[0m[90m TS2304: [0mCannot find name 'Uncapitalize'.

[7m213[0m         lowerFirst(): StringChain<TValue extends string ? Uncapitalize<TValue> : string>;
[7m   [0m [91m                                                          ~~~~~~~~~~~~[0m
[96mnode_modules/@types/lodash/common/string.d.ts[0m:[93m474[0m:[93m39[0m - [91merror[0m[90m TS2304: [0mCannot find name 'TemplateSettings'.

[7m474[0m     interface TemplateOptions extends TemplateSettings {
[7m   [0m [91m                                      ~~~~~~~~~~~~~~~~[0m
[96mnode_modules/@types/lodash/common/string.d.ts[0m:[93m536[0m:[93m57[0m - [91merror[0m[90m TS2304: [0mCannot find name 'Lowercase'.

[7m536[0m         toLower<T extends string = string>(string?: T): Lowercase<T>;
[7m   [0m [91m                                                        ~~~~~~~~~[0m
[96mnode_modules/@types/lodash/common/string.d.ts[0m:[93m542[0m:[93m44[0m - [91merror[0m[90m TS2304: [0mCannot find name 'Lowercase'.

[7m542[0m         toLower(): TValue extends string ? Lowercase<TValue> : string;
[7m   [0m [91m                                           ~~~~~~~~~[0m
[96mnode_modules/@types/lodash/common/string.d.ts[0m:[93m548[0m:[93m20[0m - [91merror[0m[90m TS2315: [0mType 'StringChain' is not generic.

[7m548[0m         toLower(): StringChain<TValue extends string ? Lowercase<TValue> : string>;
[7m   [0m [91m                   ~~~~~~~~~~~~~~~~~~~~~~~~~~~~~~~~~~~~~~~~~~~~~~~~~~~~~~~~~~~~~~~[0m
[96mnode_modules/@types/lodash/common/string.d.ts[0m:[93m548[0m:[93m56[0m - [91merror[0m[90m TS2304: [0mCannot find name 'Lowercase'.

[7m548[0m         toLower(): StringChain<TValue extends string ? Lowercase<TValue> : string>;
[7m   [0m [91m                                                       ~~~~~~~~~[0m
[96mnode_modules/@types/lodash/common/string.d.ts[0m:[93m558[0m:[93m57[0m - [91merror[0m[90m TS2304: [0mCannot find name 'Uppercase'.

[7m558[0m         toUpper<T extends string = string>(string?: T): Uppercase<T>;
[7m   [0m [91m                                                        ~~~~~~~~~[0m
[96mnode_modules/@types/lodash/common/string.d.ts[0m:[93m564[0m:[93m44[0m - [91merror[0m[90m TS2304: [0mCannot find name 'Uppercase'.

[7m564[0m         toUpper(): TValue extends string ? Uppercase<TValue> : string;
[7m   [0m [91m                                           ~~~~~~~~~[0m
[96mnode_modules/@types/lodash/common/string.d.ts[0m:[93m570[0m:[93m20[0m - [91merror[0m[90m TS2315: [0mType 'StringChain' is not generic.

[7m570[0m         toUpper(): StringChain<TValue extends string ? Uppercase<TValue> : string>;
[7m   [0m [91m                   ~~~~~~~~~~~~~~~~~~~~~~~~~~~~~~~~~~~~~~~~~~~~~~~~~~~~~~~~~~~~~~~[0m
[96mnode_modules/@types/lodash/common/string.d.ts[0m:[93m570[0m:[93m56[0m - [91merror[0m[90m TS2304: [0mCannot find name 'Uppercase'.

[7m570[0m         toUpper(): StringChain<TValue extends string ? Uppercase<TValue> : string>;
[7m   [0m [91m                                                       ~~~~~~~~~[0m
[96mnode_modules/@types/lodash/common/string.d.ts[0m:[93m747[0m:[93m60[0m - [91merror[0m[90m TS2304: [0mCannot find name 'Capitalize'.

[7m747[0m         upperFirst<T extends string = string>(string?: T): Capitalize<T>;
[7m   [0m [91m                                                           ~~~~~~~~~~[0m
[96mnode_modules/@types/lodash/common/string.d.ts[0m:[93m753[0m:[93m47[0m - [91merror[0m[90m TS2304: [0mCannot find name 'Capitalize'.

[7m753[0m         upperFirst(): TValue extends string ? Capitalize<TValue> : string;
[7m   [0m [91m                                              ~~~~~~~~~~[0m
[96mnode_modules/@types/lodash/common/string.d.ts[0m:[93m759[0m:[93m23[0m - [91merror[0m[90m TS2315: [0mType 'StringChain' is not generic.

[7m759[0m         upperFirst(): StringChain<TValue extends string ? Capitalize<TValue> : string>;
[7m   [0m [91m                      ~~~~~~~~~~~~~~~~~~~~~~~~~~~~~~~~~~~~~~~~~~~~~~~~~~~~~~~~~~~~~~~~[0m
[96mnode_modules/@types/lodash/common/string.d.ts[0m:[93m759[0m:[93m59[0m - [91merror[0m[90m TS2304: [0mCannot find name 'Capitalize'.

[7m759[0m         upperFirst(): StringChain<TValue extends string ? Capitalize<TValue> : string>;
[7m   [0m [91m                                                          ~~~~~~~~~~[0m
[96mnode_modules/@types/lodash/common/util.d.ts[0m:[93m23[0m:[93m43[0m - [91merror[0m[90m TS2304: [0mCannot find name 'ExpChain'.

[7m23[0m         attempt<TResult>(...args: any[]): ExpChain<TResult | Error>;
[7m  [0m [91m                                          ~~~~~~~~[0m
[96mnode_modules/@types/lodash/common/util.d.ts[0m:[93m39[0m:[93m53[0m - [91merror[0m[90m TS2304: [0mCannot find name 'Many'.

[7m39[0m         bindAll<T>(object: T, ...methodNames: Array<Many<string>>): T;
[7m  [0m [91m                                                    ~~~~[0m
[96mnode_modules/@types/lodash/common/util.d.ts[0m:[93m45[0m:[93m39[0m - [91merror[0m[90m TS2304: [0mCannot find name 'Many'.

[7m45[0m         bindAll(...methodNames: Array<Many<string>>): this;
[7m  [0m [91m                                      ~~~~[0m
[96mnode_modules/@types/lodash/common/util.d.ts[0m:[93m51[0m:[93m39[0m - [91merror[0m[90m TS2304: [0mCannot find name 'Many'.

[7m51[0m         bindAll(...methodNames: Array<Many<string>>): this;
[7m  [0m [91m                                      ~~~~[0m
[96mnode_modules/@types/lodash/common/util.d.ts[0m:[93m161[0m:[93m42[0m - [91merror[0m[90m TS2304: [0mCannot find name 'ExpChain'.

[7m161[0m         defaultTo(defaultValue: TValue): ExpChain<TValue>;
[7m   [0m [91m                                         ~~~~~~~~[0m
[96mnode_modules/@types/lodash/common/util.d.ts[0m:[93m165[0m:[93m54[0m - [91merror[0m[90m TS2304: [0mCannot find name 'ExpChain'.

[7m165[0m         defaultTo<TDefault>(defaultValue: TDefault): ExpChain<TValue extends null | undefined ? TDefault : TValue | TDefault>;
[7m   [0m [91m                                                     ~~~~~~~~[0m
[96mnode_modules/@types/lodash/common/util.d.ts[0m:[93m180[0m:[93m212[0m - [91merror[0m[90m TS2304: [0mCannot find name 'Many'.

[7m180[0m         flow<A extends any[], R1, R2, R3, R4, R5, R6, R7>(f1: (...args: A) => R1, f2: (a: R1) => R2, f3: (a: R2) => R3, f4: (a: R3) => R4, f5: (a: R4) => R5, f6: (a: R5) => R6, f7: (a: R6) => R7, ...func: Array<Many<(a: any) => any>>): (...args: A) => any;
[7m   [0m [91m                                                                                                                                                                                                                   ~~~~[0m
[96mnode_modules/@types/lodash/common/util.d.ts[0m:[93m204[0m:[93m29[0m - [91merror[0m[90m TS2304: [0mCannot find name 'Many'.

[7m204[0m         flow(...func: Array<Many<(...args: any[]) => any>>): (...args: any[]) => any;
[7m   [0m [91m                            ~~~~[0m
[96mnode_modules/@types/lodash/common/util.d.ts[0m:[93m214[0m:[93m178[0m - [91merror[0m[90m TS2304: [0mCannot find name 'Many'.

[7m214[0m         flow<R2, R3, R4, R5, R6, R7>(f2: (a: ReturnType<T>) => R2, f3: (a: R2) => R3, f4: (a: R3) => R4, f5: (a: R4) => R5, f6: (a: R5) => R6, f7: (a: R6) => R7, ...func: Array<Many<(a: any) => any>>): Function<(...args: Parameters<T>) => any>;
[7m   [0m [91m                                                                                                                                                                                 ~~~~[0m
[96mnode_modules/@types/lodash/common/util.d.ts[0m:[93m238[0m:[93m29[0m - [91merror[0m[90m TS2304: [0mCannot find name 'Many'.

[7m238[0m         flow(...func: Array<Many<(...args: any[]) => any>>): Function<(...args: any[]) => any>;
[7m   [0m [91m                            ~~~~[0m
[96mnode_modules/@types/lodash/common/util.d.ts[0m:[93m248[0m:[93m178[0m - [91merror[0m[90m TS2304: [0mCannot find name 'Many'.

[7m248[0m         flow<R2, R3, R4, R5, R6, R7>(f2: (a: ReturnType<T>) => R2, f3: (a: R2) => R3, f4: (a: R3) => R4, f5: (a: R4) => R5, f6: (a: R5) => R6, f7: (a: R6) => R7, ...func: Array<Many<(a: any) => any>>): FunctionChain<(...args: Parameters<T>) => any>;
[7m   [0m [91m                                                                                                                                                                                 ~~~~[0m
[96mnode_modules/@types/lodash/common/util.d.ts[0m:[93m272[0m:[93m29[0m - [91merror[0m[90m TS2304: [0mCannot find name 'Many'.

[7m272[0m         flow(...func: Array<Many<(...args: any[]) => any>>): FunctionChain<(...args: any[]) => any>;
[7m   [0m [91m                            ~~~~[0m
[96mnode_modules/@types/lodash/common/util.d.ts[0m:[93m307[0m:[93m34[0m - [91merror[0m[90m TS2304: [0mCannot find name 'Many'.

[7m307[0m         flowRight(...func: Array<Many<(...args: any[]) => any>>): (...args: any[]) => any;
[7m   [0m [91m                                 ~~~~[0m
[96mnode_modules/@types/lodash/common/util.d.ts[0m:[93m337[0m:[93m34[0m - [91merror[0m[90m TS2304: [0mCannot find name 'Many'.

[7m337[0m         flowRight(...func: Array<Many<(...args: any[]) => any>>): Function<(...args: any[]) => any>;
[7m   [0m [91m                                 ~~~~[0m
[96mnode_modules/@types/lodash/common/util.d.ts[0m:[93m367[0m:[93m34[0m - [91merror[0m[90m TS2304: [0mCannot find name 'Many'.

[7m367[0m         flowRight(...func: Array<Many<(...args: any[]) => any>>): FunctionChain<(...args: any[]) => any>;
[7m   [0m [91m                                 ~~~~[0m
[96mnode_modules/@types/lodash/common/util.d.ts[0m:[93m527[0m:[93m34[0m - [91merror[0m[90m TS2304: [0mCannot find name 'PropertyPath'.

[7m527[0m         matchesProperty<T>(path: PropertyPath, srcValue: T): (value: any) => boolean;
[7m   [0m [91m                                 ~~~~~~~~~~~~[0m
[96mnode_modules/@types/lodash/common/util.d.ts[0m:[93m531[0m:[93m37[0m - [91merror[0m[90m TS2304: [0mCannot find name 'PropertyPath'.

[7m531[0m         matchesProperty<T, V>(path: PropertyPath, srcValue: T): (value: V) => boolean;
[7m   [0m [91m                                    ~~~~~~~~~~~~[0m
[96mnode_modules/@types/lodash/common/util.d.ts[0m:[93m563[0m:[93m22[0m - [91merror[0m[90m TS2304: [0mCannot find name 'PropertyPath'.

[7m563[0m         method(path: PropertyPath, ...args: any[]): (object: any) => any;
[7m   [0m [91m                     ~~~~~~~~~~~~[0m
[96mnode_modules/@types/lodash/common/util.d.ts[0m:[93m587[0m:[93m58[0m - [91merror[0m[90m TS2304: [0mCannot find name 'PropertyPath'.

[7m587[0m         methodOf(object: object, ...args: any[]): (path: PropertyPath) => any;
[7m   [0m [91m                                                         ~~~~~~~~~~~~[0m
[96mnode_modules/@types/lodash/common/util.d.ts[0m:[93m593[0m:[93m64[0m - [91merror[0m[90m TS2304: [0mCannot find name 'PropertyPath'.

[7m593[0m         methodOf(...args: any[]): LoDashImplicitWrapper<(path: PropertyPath) => any>;
[7m   [0m [91m                                                               ~~~~~~~~~~~~[0m
[96mnode_modules/@types/lodash/common/util.d.ts[0m:[93m599[0m:[93m64[0m - [91merror[0m[90m TS2304: [0mCannot find name 'PropertyPath'.

[7m599[0m         methodOf(...args: any[]): LoDashExplicitWrapper<(path: PropertyPath) => any>;
[7m   [0m [91m                                                               ~~~~~~~~~~~~[0m
[96mnode_modules/@types/lodash/common/util.d.ts[0m:[93m622[0m:[93m49[0m - [91merror[0m[90m TS2304: [0mCannot find name 'Dictionary'.

[7m622[0m         mixin<TObject>(object: TObject, source: Dictionary<(...args: any[]) => any>, options?: MixinOptions): TObject;
[7m   [0m [91m                                                ~~~~~~~~~~[0m
[96mnode_modules/@types/lodash/common/util.d.ts[0m:[93m626[0m:[93m32[0m - [91merror[0m[90m TS2304: [0mCannot find name 'Dictionary'.

[7m626[0m         mixin<TResult>(source: Dictionary<(...args: any[]) => any>, options?: MixinOptions): LoDashStatic;
[7m   [0m [91m                               ~~~~~~~~~~[0m
[96mnode_modules/@types/lodash/common/util.d.ts[0m:[93m632[0m:[93m23[0m - [91merror[0m[90m TS2304: [0mCannot find name 'Dictionary'.

[7m632[0m         mixin(source: Dictionary<(...args: any[]) => any>, options?: MixinOptions): this;
[7m   [0m [91m                      ~~~~~~~~~~[0m
[96mnode_modules/@types/lodash/common/util.d.ts[0m:[93m642[0m:[93m23[0m - [91merror[0m[90m TS2304: [0mCannot find name 'Dictionary'.

[7m642[0m         mixin(source: Dictionary<(...args: any[]) => any>, options?: MixinOptions): this;
[7m   [0m [91m                      ~~~~~~~~~~[0m
[96mnode_modules/@types/lodash/common/util.d.ts[0m:[93m721[0m:[93m43[0m - [91merror[0m[90m TS2304: [0mCannot find name 'Many'.

[7m721[0m         over<TResult>(...iteratees: Array<Many<(...args: any[]) => TResult>>): (...args: any[]) => TResult[];
[7m   [0m [91m                                          ~~~~[0m
[96mnode_modules/@types/lodash/common/util.d.ts[0m:[93m727[0m:[93m43[0m - [91merror[0m[90m TS2304: [0mCannot find name 'Many'.

[7m727[0m         over<TResult>(...iteratees: Array<Many<(...args: any[]) => TResult>>): Function<(...args: any[]) => TResult[]>;
[7m   [0m [91m                                          ~~~~[0m
[96mnode_modules/@types/lodash/common/util.d.ts[0m:[93m733[0m:[93m43[0m - [91merror[0m[90m TS2304: [0mCannot find name 'Many'.

[7m733[0m         over<TResult>(...iteratees: Array<Many<(...args: any[]) => TResult>>): Function<(...args: any[]) => Array<ReturnType<T> | TResult>>;
[7m   [0m [91m                                          ~~~~[0m
[96mnode_modules/@types/lodash/common/util.d.ts[0m:[93m739[0m:[93m43[0m - [91merror[0m[90m TS2304: [0mCannot find name 'Many'.

[7m739[0m         over<TResult>(...iteratees: Array<Many<(...args: any[]) => TResult>>): FunctionChain<(...args: any[]) => TResult[]>;
[7m   [0m [91m                                          ~~~~[0m
[96mnode_modules/@types/lodash/common/util.d.ts[0m:[93m745[0m:[93m43[0m - [91merror[0m[90m TS2304: [0mCannot find name 'Many'.

[7m745[0m         over<TResult>(...iteratees: Array<Many<(...args: any[]) => TResult>>): FunctionChain<(...args: any[]) => Array<ReturnType<T> | TResult>>;
[7m   [0m [91m                                          ~~~~[0m
[96mnode_modules/@types/lodash/common/util.d.ts[0m:[93m760[0m:[93m43[0m - [91merror[0m[90m TS2304: [0mCannot find name 'Many'.

[7m760[0m         overEvery<T>(...predicates: Array<Many<(...args: T[]) => boolean>>): (...args: T[]) => boolean;
[7m   [0m [91m                                          ~~~~[0m
[96mnode_modules/@types/lodash/common/util.d.ts[0m:[93m766[0m:[93m46[0m - [91merror[0m[90m TS2304: [0mCannot find name 'Many'.

[7m766[0m         overEvery<TArgs>(...iteratees: Array<Many<(...args: TArgs[]) => boolean>>): Function<(...args: TArgs[]) => boolean>;
[7m   [0m [91m                                             ~~~~[0m
[96mnode_modules/@types/lodash/common/util.d.ts[0m:[93m772[0m:[93m46[0m - [91merror[0m[90m TS2304: [0mCannot find name 'Many'.

[7m772[0m         overEvery<TArgs>(...iteratees: Array<Many<(...args: TArgs[]) => boolean>>): Function<(...args: Parameters<T> | TArgs[]) => boolean>;
[7m   [0m [91m                                             ~~~~[0m
[96mnode_modules/@types/lodash/common/util.d.ts[0m:[93m778[0m:[93m46[0m - [91merror[0m[90m TS2304: [0mCannot find name 'Many'.

[7m778[0m         overEvery<TArgs>(...iteratees: Array<Many<(...args: TArgs[]) => boolean>>): FunctionChain<(...args:  TArgs[]) => boolean>;
[7m   [0m [91m                                             ~~~~[0m
[96mnode_modules/@types/lodash/common/util.d.ts[0m:[93m784[0m:[93m46[0m - [91merror[0m[90m TS2304: [0mCannot find name 'Many'.

[7m784[0m         overEvery<TArgs>(...iteratees: Array<Many<(...args: TArgs[]) => boolean>>): FunctionChain<(...args: Parameters<T> | TArgs[]) => boolean>;
[7m   [0m [91m                                             ~~~~[0m
[96mnode_modules/@types/lodash/common/util.d.ts[0m:[93m799[0m:[93m42[0m - [91merror[0m[90m TS2304: [0mCannot find name 'Many'.

[7m799[0m         overSome<T>(...predicates: Array<Many<(...args: T[]) => boolean>>): (...args: T[]) => boolean;
[7m   [0m [91m                                         ~~~~[0m
[96mnode_modules/@types/lodash/common/util.d.ts[0m:[93m805[0m:[93m45[0m - [91merror[0m[90m TS2304: [0mCannot find name 'Many'.

[7m805[0m         overSome<TArgs>(...iteratees: Array<Many<(...args: TArgs[]) => boolean>>): Function<(...args: TArgs[]) => boolean>;
[7m   [0m [91m                                            ~~~~[0m
[96mnode_modules/@types/lodash/common/util.d.ts[0m:[93m811[0m:[93m45[0m - [91merror[0m[90m TS2304: [0mCannot find name 'Many'.

[7m811[0m         overSome<TArgs>(...iteratees: Array<Many<(...args: TArgs[]) => boolean>>): Function<(...args: Parameters<T> | TArgs[]) => boolean>;
[7m   [0m [91m                                            ~~~~[0m
[96mnode_modules/@types/lodash/common/util.d.ts[0m:[93m817[0m:[93m45[0m - [91merror[0m[90m TS2304: [0mCannot find name 'Many'.

[7m817[0m         overSome<TArgs>(...iteratees: Array<Many<(...args: TArgs[]) => boolean>>): FunctionChain<(...args: TArgs[]) => boolean>;
[7m   [0m [91m                                            ~~~~[0m
[96mnode_modules/@types/lodash/common/util.d.ts[0m:[93m823[0m:[93m45[0m - [91merror[0m[90m TS2304: [0mCannot find name 'Many'.

[7m823[0m         overSome<TArgs>(...iteratees: Array<Many<(...args: TArgs[]) => boolean>>): FunctionChain<(...args: Parameters<T> | TArgs[]) => boolean>;
[7m   [0m [91m                                            ~~~~[0m
[96mnode_modules/@types/lodash/common/util.d.ts[0m:[93m833[0m:[93m39[0m - [91merror[0m[90m TS2304: [0mCannot find name 'PropertyPath'.

[7m833[0m         property<TObj, TResult>(path: PropertyPath): (obj: TObj) => TResult;
[7m   [0m [91m                                      ~~~~~~~~~~~~[0m
[96mnode_modules/@types/lodash/common/util.d.ts[0m:[93m856[0m:[93m53[0m - [91merror[0m[90m TS2304: [0mCannot find name 'PropertyPath'.

[7m856[0m         propertyOf<T extends {}>(object: T): (path: PropertyPath) => any;
[7m   [0m [91m                                                    ~~~~~~~~~~~~[0m
[96mnode_modules/@types/lodash/common/util.d.ts[0m:[93m862[0m:[93m52[0m - [91merror[0m[90m TS2304: [0mCannot find name 'PropertyPath'.

[7m862[0m         propertyOf(): LoDashImplicitWrapper<(path: PropertyPath) => any>;
[7m   [0m [91m                                                   ~~~~~~~~~~~~[0m
[96mnode_modules/@types/lodash/common/util.d.ts[0m:[93m868[0m:[93m52[0m - [91merror[0m[90m TS2304: [0mCannot find name 'PropertyPath'.

[7m868[0m         propertyOf(): LoDashExplicitWrapper<(path: PropertyPath) => any>;
[7m   [0m [91m                                                   ~~~~~~~~~~~~[0m
[96mnode_modules/@types/node/compatibility/iterators.d.ts[0m:[93m17[0m:[93m51[0m - [91merror[0m[90m TS2538: [0mType 'symbol' cannot be used as an index type.

[7m17[0m     type BuiltinIteratorReturn = ReturnType<any[][typeof Symbol.iterator]> extends
[7m  [0m [91m                                                  ~~~~~~~~~~~~~~~~~~~~~~[0m
[96mnode_modules/@types/node/crypto.d.ts[0m:[93m3491[0m:[93m17[0m - [91merror[0m[90m TS1110: [0mType expected.

[7m3491[0m     type UUID = `${string}-${string}-${string}-${string}-${string}`;
[7m    [0m [91m                ~~~[0m
[96mnode_modules/@types/node/crypto.d.ts[0m:[93m3491[0m:[93m20[0m - [91merror[0m[90m TS2693: [0m'string' only refers to a type, but is being used as a value here.

[7m3491[0m     type UUID = `${string}-${string}-${string}-${string}-${string}`;
[7m    [0m [91m                   ~~~~~~[0m
[96mnode_modules/@types/node/crypto.d.ts[0m:[93m3491[0m:[93m30[0m - [91merror[0m[90m TS2693: [0m'string' only refers to a type, but is being used as a value here.

[7m3491[0m     type UUID = `${string}-${string}-${string}-${string}-${string}`;
[7m    [0m [91m                             ~~~~~~[0m
[96mnode_modules/@types/node/crypto.d.ts[0m:[93m3491[0m:[93m40[0m - [91merror[0m[90m TS2693: [0m'string' only refers to a type, but is being used as a value here.

[7m3491[0m     type UUID = `${string}-${string}-${string}-${string}-${string}`;
[7m    [0m [91m                                       ~~~~~~[0m
[96mnode_modules/@types/node/crypto.d.ts[0m:[93m3491[0m:[93m50[0m - [91merror[0m[90m TS2693: [0m'string' only refers to a type, but is being used as a value here.

[7m3491[0m     type UUID = `${string}-${string}-${string}-${string}-${string}`;
[7m    [0m [91m                                                 ~~~~~~[0m
[96mnode_modules/@types/node/crypto.d.ts[0m:[93m3491[0m:[93m60[0m - [91merror[0m[90m TS2693: [0m'string' only refers to a type, but is being used as a value here.

[7m3491[0m     type UUID = `${string}-${string}-${string}-${string}-${string}`;
[7m    [0m [91m                                                           ~~~~~~[0m
[96mnode_modules/@types/node/events.d.ts[0m:[93m64[0m:[93m24[0m - [91merror[0m[90m TS2304: [0mCannot find name 'args'.

[7m64[0m     type AnyRest = [...args: any[]];
[7m  [0m [91m                       ~~~~[0m
[96mnode_modules/@types/node/events.d.ts[0m:[93m64[0m:[93m28[0m - [91merror[0m[90m TS1005: [0m',' expected.

[7m64[0m     type AnyRest = [...args: any[]];
[7m  [0m [91m                           ~[0m
[96mnode_modules/@types/node/events.d.ts[0m:[93m72[0m:[93m43[0m - [91merror[0m[90m TS2370: [0mA rest parameter must be of an array type.

[7m72[0m                 T[K] extends unknown[] ? (...args: T[K]) => void : never
[7m  [0m [91m                                          ~~~~~~~~~~~~~[0m
[96mnode_modules/@types/node/http.d.ts[0m:[93m228[0m:[93m9[0m - [91merror[0m[90m TS2706: [0mRequired type parameters may not follow optional type parameters.

[7m228[0m         Response extends typeof ServerResponse<InstanceType<Request>> = typeof ServerResponse,
[7m   [0m [91m        ~~~~~~~~~~~~~~~~~~~~~~~~~~~~~~~~~~~~~~[0m
[96mnode_modules/@types/node/http.d.ts[0m:[93m228[0m:[93m47[0m - [91merror[0m[90m TS1005: [0m',' expected.

[7m228[0m         Response extends typeof ServerResponse<InstanceType<Request>> = typeof ServerResponse,
[7m   [0m [91m                                              ~[0m
[96mnode_modules/@types/node/http.d.ts[0m:[93m228[0m:[93m61[0m - [91merror[0m[90m TS2344: [0mType 'Request' does not satisfy the constraint 'new (...args: any) => any'.
  Type 'Request' provides no match for the signature 'new (...args: any): any'.

[7m228[0m         Response extends typeof ServerResponse<InstanceType<Request>> = typeof ServerResponse,
[7m   [0m [91m                                                            ~~~~~~~[0m
[96mnode_modules/@types/node/http.d.ts[0m:[93m228[0m:[93m71[0m - [91merror[0m[90m TS1109: [0mExpression expected.

[7m228[0m         Response extends typeof ServerResponse<InstanceType<Request>> = typeof ServerResponse,
[7m   [0m [91m                                                                      ~[0m
[96mnode_modules/@types/node/http.d.ts[0m:[93m228[0m:[93m73[0m - [91merror[0m[90m TS2695: [0mLeft side of comma operator is unused and has no side effects.

[7m228[0m         Response extends typeof ServerResponse<InstanceType<Request>> = typeof ServerResponse,
[7m   [0m [91m                                                                        ~~~~~~~~~~~~~~~~~~~~~[0m
[96mnode_modules/@types/node/http.d.ts[0m:[93m229[0m:[93m5[0m - [91merror[0m[90m TS1109: [0mExpression expected.

[7m229[0m     > {
[7m   [0m [91m    ~[0m
[96mnode_modules/@types/node/http.d.ts[0m:[93m230[0m:[93m27[0m - [91merror[0m[90m TS2362: [0mThe left-hand side of an arithmetic operation must be of type 'any', 'number', 'bigint' or an enum type.

[7m230[0m         IncomingMessage?: Request | undefined;
[7m   [0m [91m                          ~~~~~~~[0m
[96mnode_modules/@types/node/http.d.ts[0m:[93m230[0m:[93m37[0m - [91merror[0m[90m TS2532: [0mObject is possibly 'undefined'.

[7m230[0m         IncomingMessage?: Request | undefined;
[7m   [0m [91m                                    ~~~~~~~~~[0m
[96mnode_modules/@types/node/http.d.ts[0m:[93m230[0m:[93m46[0m - [91merror[0m[90m TS1005: [0m',' expected.

[7m230[0m         IncomingMessage?: Request | undefined;
[7m   [0m [91m                                             ~[0m
[96mnode_modules/@types/node/http.d.ts[0m:[93m231[0m:[93m26[0m - [91merror[0m[90m TS2362: [0mThe left-hand side of an arithmetic operation must be of type 'any', 'number', 'bigint' or an enum type.

[7m231[0m         ServerResponse?: Response | undefined;
[7m   [0m [91m                         ~~~~~~~~[0m
[96mnode_modules/@types/node/http.d.ts[0m:[93m231[0m:[93m37[0m - [91merror[0m[90m TS2532: [0mObject is possibly 'undefined'.

[7m231[0m         ServerResponse?: Response | undefined;
[7m   [0m [91m                                    ~~~~~~~~~[0m
[96mnode_modules/@types/node/http.d.ts[0m:[93m231[0m:[93m46[0m - [91merror[0m[90m TS1005: [0m',' expected.

[7m231[0m         ServerResponse?: Response | undefined;
[7m   [0m [91m                                             ~[0m
[96mnode_modules/@types/node/http.d.ts[0m:[93m238[0m:[93m25[0m - [91merror[0m[90m TS2693: [0m'number' only refers to a type, but is being used as a value here.

[7m238[0m         maxHeaderSize?: number | undefined;
[7m   [0m [91m                        ~~~~~~[0m
[96mnode_modules/@types/node/http.d.ts[0m:[93m238[0m:[93m34[0m - [91merror[0m[90m TS2532: [0mObject is possibly 'undefined'.

[7m238[0m         maxHeaderSize?: number | undefined;
[7m   [0m [91m                                 ~~~~~~~~~[0m
[96mnode_modules/@types/node/http.d.ts[0m:[93m238[0m:[93m43[0m - [91merror[0m[90m TS1005: [0m',' expected.

[7m238[0m         maxHeaderSize?: number | undefined;
[7m   [0m [91m                                          ~[0m
[96mnode_modules/@types/node/http.d.ts[0m:[93m245[0m:[93m30[0m - [91merror[0m[90m TS2693: [0m'boolean' only refers to a type, but is being used as a value here.

[7m245[0m         insecureHTTPParser?: boolean | undefined;
[7m   [0m [91m                             ~~~~~~~[0m
[96mnode_modules/@types/node/http.d.ts[0m:[93m245[0m:[93m40[0m - [91merror[0m[90m TS2532: [0mObject is possibly 'undefined'.

[7m245[0m         insecureHTTPParser?: boolean | undefined;
[7m   [0m [91m                                       ~~~~~~~~~[0m
[96mnode_modules/@types/node/http.d.ts[0m:[93m245[0m:[93m49[0m - [91merror[0m[90m TS1005: [0m',' expected.

[7m245[0m         insecureHTTPParser?: boolean | undefined;
[7m   [0m [91m                                                ~[0m
[96mnode_modules/@types/node/http.d.ts[0m:[93m251[0m:[93m19[0m - [91merror[0m[90m TS2693: [0m'boolean' only refers to a type, but is being used as a value here.

[7m251[0m         noDelay?: boolean | undefined;
[7m   [0m [91m                  ~~~~~~~[0m
[96mnode_modules/@types/node/http.d.ts[0m:[93m251[0m:[93m29[0m - [91merror[0m[90m TS2532: [0mObject is possibly 'undefined'.

[7m251[0m         noDelay?: boolean | undefined;
[7m   [0m [91m                            ~~~~~~~~~[0m
[96mnode_modules/@types/node/http.d.ts[0m:[93m251[0m:[93m38[0m - [91merror[0m[90m TS1005: [0m',' expected.

[7m251[0m         noDelay?: boolean | undefined;
[7m   [0m [91m                                     ~[0m
[96mnode_modules/@types/node/http.d.ts[0m:[93m258[0m:[93m21[0m - [91merror[0m[90m TS2693: [0m'boolean' only refers to a type, but is being used as a value here.

[7m258[0m         keepAlive?: boolean | undefined;
[7m   [0m [91m                    ~~~~~~~[0m
[96mnode_modules/@types/node/http.d.ts[0m:[93m258[0m:[93m31[0m - [91merror[0m[90m TS2532: [0mObject is possibly 'undefined'.

[7m258[0m         keepAlive?: boolean | undefined;
[7m   [0m [91m                              ~~~~~~~~~[0m
[96mnode_modules/@types/node/http.d.ts[0m:[93m258[0m:[93m40[0m - [91merror[0m[90m TS1005: [0m',' expected.

[7m258[0m         keepAlive?: boolean | undefined;
[7m   [0m [91m                                       ~[0m
[96mnode_modules/@types/node/http.d.ts[0m:[93m264[0m:[93m33[0m - [91merror[0m[90m TS2693: [0m'number' only refers to a type, but is being used as a value here.

[7m264[0m         keepAliveInitialDelay?: number | undefined;
[7m   [0m [91m                                ~~~~~~[0m
[96mnode_modules/@types/node/http.d.ts[0m:[93m264[0m:[93m42[0m - [91merror[0m[90m TS2532: [0mObject is possibly 'undefined'.

[7m264[0m         keepAliveInitialDelay?: number | undefined;
[7m   [0m [91m                                         ~~~~~~~~~[0m
[96mnode_modules/@types/node/http.d.ts[0m:[93m264[0m:[93m51[0m - [91merror[0m[90m TS1005: [0m',' expected.

[7m264[0m         keepAliveInitialDelay?: number | undefined;
[7m   [0m [91m                                                  ~[0m
[96mnode_modules/@types/node/http.d.ts[0m:[93m268[0m:[93m9[0m - [91merror[0m[90m TS2706: [0mRequired type parameters may not follow optional type parameters.

[7m268[0m         Response extends typeof ServerResponse<InstanceType<Request>> = typeof ServerResponse,
[7m   [0m [91m        ~~~~~~~~~~~~~~~~~~~~~~~~~~~~~~~~~~~~~~[0m
[96mnode_modules/@types/node/http.d.ts[0m:[93m268[0m:[93m47[0m - [91merror[0m[90m TS1005: [0m',' expected.

[7m268[0m         Response extends typeof ServerResponse<InstanceType<Request>> = typeof ServerResponse,
[7m   [0m [91m                                              ~[0m
[96mnode_modules/@types/node/http.d.ts[0m:[93m268[0m:[93m60[0m - [91merror[0m[90m TS1005: [0m',' expected.

[7m268[0m         Response extends typeof ServerResponse<InstanceType<Request>> = typeof ServerResponse,
[7m   [0m [91m                                                           ~[0m
[96mnode_modules/@types/node/http.d.ts[0m:[93m268[0m:[93m69[0m - [91merror[0m[90m TS1005: [0m'(' expected.

[7m268[0m         Response extends typeof ServerResponse<InstanceType<Request>> = typeof ServerResponse,
[7m   [0m [91m                                                                    ~[0m
[96mnode_modules/@types/node/http.d.ts[0m:[93m268[0m:[93m71[0m - [91merror[0m[90m TS1109: [0mExpression expected.

[7m268[0m         Response extends typeof ServerResponse<InstanceType<Request>> = typeof ServerResponse,
[7m   [0m [91m                                                                      ~[0m
[96mnode_modules/@types/node/http.d.ts[0m:[93m268[0m:[93m73[0m - [91merror[0m[90m TS2695: [0mLeft side of comma operator is unused and has no side effects.

[7m268[0m         Response extends typeof ServerResponse<InstanceType<Request>> = typeof ServerResponse,
[7m   [0m [91m                                                                        ~~~~~~~~~~~~~~~~~~~~~[0m
[96mnode_modules/@types/node/http.d.ts[0m:[93m269[0m:[93m5[0m - [91merror[0m[90m TS1109: [0mExpression expected.

[7m269[0m     > = (req: InstanceType<Request>, res: InstanceType<Response> & { req: InstanceType<Request> }) => void;
[7m   [0m [91m    ~[0m
[96mnode_modules/@types/node/http.d.ts[0m:[93m269[0m:[93m7[0m - [91merror[0m[90m TS1109: [0mExpression expected.

[7m269[0m     > = (req: InstanceType<Request>, res: InstanceType<Response> & { req: InstanceType<Request> }) => void;
[7m   [0m [91m      ~[0m
[96mnode_modules/@types/node/http.d.ts[0m:[93m269[0m:[93m28[0m - [91merror[0m[90m TS2344: [0mType 'Request' does not satisfy the constraint 'new (...args: any) => any'.

[7m269[0m     > = (req: InstanceType<Request>, res: InstanceType<Response> & { req: InstanceType<Request> }) => void;
[7m   [0m [91m                           ~~~~~~~[0m
[96mnode_modules/@types/node/http.d.ts[0m:[93m269[0m:[93m56[0m - [91merror[0m[90m TS2344: [0mType 'Response' does not satisfy the constraint 'new (...args: any) => any'.
  Type 'Response' provides no match for the signature 'new (...args: any): any'.

[7m269[0m     > = (req: InstanceType<Request>, res: InstanceType<Response> & { req: InstanceType<Request> }) => void;
[7m   [0m [91m                                                       ~~~~~~~~[0m
[96mnode_modules/@types/node/http.d.ts[0m:[93m269[0m:[93m88[0m - [91merror[0m[90m TS2344: [0mType 'Request' does not satisfy the constraint 'new (...args: any) => any'.

[7m269[0m     > = (req: InstanceType<Request>, res: InstanceType<Response> & { req: InstanceType<Request> }) => void;
[7m   [0m [91m                                                                                       ~~~~~~~[0m
[96mnode_modules/@types/node/http.d.ts[0m:[93m269[0m:[93m107[0m - [91merror[0m[90m TS1109: [0mExpression expected.

[7m269[0m     > = (req: InstanceType<Request>, res: InstanceType<Response> & { req: InstanceType<Request> }) => void;
[7m   [0m [91m                                                                                                          ~[0m
[96mnode_modules/@types/node/http.d.ts[0m:[93m275[0m:[93m9[0m - [91merror[0m[90m TS2706: [0mRequired type parameters may not follow optional type parameters.

[7m275[0m         Response extends typeof ServerResponse<InstanceType<Request>> = typeof ServerResponse,
[7m   [0m [91m        ~~~~~~~~~~~~~~~~~~~~~~~~~~~~~~~~~~~~~~[0m
[96mnode_modules/@types/node/http.d.ts[0m:[93m275[0m:[93m47[0m - [91merror[0m[90m TS1005: [0m',' expected.

[7m275[0m         Response extends typeof ServerResponse<InstanceType<Request>> = typeof ServerResponse,
[7m   [0m [91m                                              ~[0m
[96mnode_modules/@types/node/http.d.ts[0m:[93m275[0m:[93m61[0m - [91merror[0m[90m TS2344: [0mType 'Request' does not satisfy the constraint 'new (...args: any) => any'.

[7m275[0m         Response extends typeof ServerResponse<InstanceType<Request>> = typeof ServerResponse,
[7m   [0m [91m                                                            ~~~~~~~[0m
[96mnode_modules/@types/node/http.d.ts[0m:[93m275[0m:[93m71[0m - [91merror[0m[90m TS1109: [0mExpression expected.

[7m275[0m         Response extends typeof ServerResponse<InstanceType<Request>> = typeof ServerResponse,
[7m   [0m [91m                                                                      ~[0m
[96mnode_modules/@types/node/http.d.ts[0m:[93m275[0m:[93m73[0m - [91merror[0m[90m TS2695: [0mLeft side of comma operator is unused and has no side effects.

[7m275[0m         Response extends typeof ServerResponse<InstanceType<Request>> = typeof ServerResponse,
[7m   [0m [91m                                                                        ~~~~~~~~~~~~~~~~~~~~~[0m
[96mnode_modules/@types/node/http.d.ts[0m:[93m276[0m:[93m5[0m - [91merror[0m[90m TS1109: [0mExpression expected.

[7m276[0m     > extends NetServer {
[7m   [0m [91m    ~[0m
[96mnode_modules/@types/node/http.d.ts[0m:[93m276[0m:[93m7[0m - [91merror[0m[90m TS1109: [0mExpression expected.

[7m276[0m     > extends NetServer {
[7m   [0m [91m      ~~~~~~~[0m
[96mnode_modules/@types/node/http.d.ts[0m:[93m276[0m:[93m25[0m - [91merror[0m[90m TS1005: [0m';' expected.

[7m276[0m     > extends NetServer {
[7m   [0m [91m                        ~[0m
[96mnode_modules/@types/node/http.d.ts[0m:[93m277[0m:[93m9[0m - [91merror[0m[90m TS2304: [0mCannot find name 'constructor'.

[7m277[0m         constructor(requestListener?: RequestListener<Request, Response>);
[7m   [0m [91m        ~~~~~~~~~~~[0m
[96mnode_modules/@types/node/http.d.ts[0m:[93m277[0m:[93m21[0m - [91merror[0m[90m TS2304: [0mCannot find name 'requestListener'.

[7m277[0m         constructor(requestListener?: RequestListener<Request, Response>);
[7m   [0m [91m                    ~~~~~~~~~~~~~~~[0m
[96mnode_modules/@types/node/http.d.ts[0m:[93m277[0m:[93m37[0m - [91merror[0m[90m TS1109: [0mExpression expected.

[7m277[0m         constructor(requestListener?: RequestListener<Request, Response>);
[7m   [0m [91m                                    ~[0m
[96mnode_modules/@types/node/http.d.ts[0m:[93m277[0m:[93m39[0m - [91merror[0m[90m TS2693: [0m'RequestListener' only refers to a type, but is being used as a value here.

[7m277[0m         constructor(requestListener?: RequestListener<Request, Response>);
[7m   [0m [91m                                      ~~~~~~~~~~~~~~~[0m
[96mnode_modules/@types/node/http.d.ts[0m:[93m277[0m:[93m73[0m - [91merror[0m[90m TS1005: [0m'(' expected.

[7m277[0m         constructor(requestListener?: RequestListener<Request, Response>);
[7m   [0m [91m                                                                        ~[0m
[96mnode_modules/@types/node/http.d.ts[0m:[93m277[0m:[93m74[0m - [91merror[0m[90m TS1005: [0m')' expected.

[7m277[0m         constructor(requestListener?: RequestListener<Request, Response>);
[7m   [0m [91m                                                                         ~[0m
[96mnode_modules/@types/node/http.d.ts[0m:[93m278[0m:[93m9[0m - [91merror[0m[90m TS2304: [0mCannot find name 'constructor'.

[7m278[0m         constructor(options: ServerOptions<Request, Response>, requestListener?: RequestListener<Request, Response>);
[7m   [0m [91m        ~~~~~~~~~~~[0m
[96mnode_modules/@types/node/http.d.ts[0m:[93m278[0m:[93m21[0m - [91merror[0m[90m TS2304: [0mCannot find name 'options'.

[7m278[0m         constructor(options: ServerOptions<Request, Response>, requestListener?: RequestListener<Request, Response>);
[7m   [0m [91m                    ~~~~~~~[0m
[96mnode_modules/@types/node/http.d.ts[0m:[93m278[0m:[93m28[0m - [91merror[0m[90m TS1005: [0m',' expected.

[7m278[0m         constructor(options: ServerOptions<Request, Response>, requestListener?: RequestListener<Request, Response>);
[7m   [0m [91m                           ~[0m
[96mnode_modules/@types/node/http.d.ts[0m:[93m278[0m:[93m30[0m - [91merror[0m[90m TS2693: [0m'ServerOptions' only refers to a type, but is being used as a value here.

[7m278[0m         constructor(options: ServerOptions<Request, Response>, requestListener?: RequestListener<Request, Response>);
[7m   [0m [91m                             ~~~~~~~~~~~~~[0m
[96mnode_modules/@types/node/http.d.ts[0m:[93m278[0m:[93m62[0m - [91merror[0m[90m TS1109: [0mExpression expected.

[7m278[0m         constructor(options: ServerOptions<Request, Response>, requestListener?: RequestListener<Request, Response>);
[7m   [0m [91m                                                             ~[0m
[96mnode_modules/@types/node/http.d.ts[0m:[93m278[0m:[93m64[0m - [91merror[0m[90m TS2304: [0mCannot find name 'requestListener'.

[7m278[0m         constructor(options: ServerOptions<Request, Response>, requestListener?: RequestListener<Request, Response>);
[7m   [0m [91m                                                               ~~~~~~~~~~~~~~~[0m
[96mnode_modules/@types/node/http.d.ts[0m:[93m278[0m:[93m80[0m - [91merror[0m[90m TS1109: [0mExpression expected.

[7m278[0m         constructor(options: ServerOptions<Request, Response>, requestListener?: RequestListener<Request, Response>);
[7m   [0m [91m                                                                               ~[0m
[96mnode_modules/@types/node/http.d.ts[0m:[93m278[0m:[93m82[0m - [91merror[0m[90m TS2693: [0m'RequestListener' only refers to a type, but is being used as a value here.

[7m278[0m         constructor(options: ServerOptions<Request, Response>, requestListener?: RequestListener<Request, Response>);
[7m   [0m [91m                                                                                 ~~~~~~~~~~~~~~~[0m
[96mnode_modules/@types/node/http.d.ts[0m:[93m278[0m:[93m116[0m - [91merror[0m[90m TS1005: [0m'(' expected.

[7m278[0m         constructor(options: ServerOptions<Request, Response>, requestListener?: RequestListener<Request, Response>);
[7m   [0m [91m                                                                                                                   ~[0m
[96mnode_modules/@types/node/http.d.ts[0m:[93m278[0m:[93m117[0m - [91merror[0m[90m TS1005: [0m')' expected.

[7m278[0m         constructor(options: ServerOptions<Request, Response>, requestListener?: RequestListener<Request, Response>);
[7m   [0m [91m                                                                                                                    ~[0m
[96mnode_modules/@types/node/http.d.ts[0m:[93m293[0m:[93m20[0m - [91merror[0m[90m TS2304: [0mCannot find name 'msecs'.

[7m293[0m         setTimeout(msecs?: number, callback?: () => void): this;
[7m   [0m [91m                   ~~~~~[0m
[96mnode_modules/@types/node/http.d.ts[0m:[93m293[0m:[93m26[0m - [91merror[0m[90m TS1109: [0mExpression expected.

[7m293[0m         setTimeout(msecs?: number, callback?: () => void): this;
[7m   [0m [91m                         ~[0m
[96mnode_modules/@types/node/http.d.ts[0m:[93m293[0m:[93m28[0m - [91merror[0m[90m TS2693: [0m'number' only refers to a type, but is being used as a value here.

[7m293[0m         setTimeout(msecs?: number, callback?: () => void): this;
[7m   [0m [91m                           ~~~~~~[0m
[96mnode_modules/@types/node/http.d.ts[0m:[93m293[0m:[93m36[0m - [91merror[0m[90m TS2304: [0mCannot find name 'callback'.

[7m293[0m         setTimeout(msecs?: number, callback?: () => void): this;
[7m   [0m [91m                                   ~~~~~~~~[0m
[96mnode_modules/@types/node/http.d.ts[0m:[93m293[0m:[93m45[0m - [91merror[0m[90m TS1109: [0mExpression expected.

[7m293[0m         setTimeout(msecs?: number, callback?: () => void): this;
[7m   [0m [91m                                            ~[0m
[96mnode_modules/@types/node/http.d.ts[0m:[93m293[0m:[93m57[0m - [91merror[0m[90m TS1109: [0mExpression expected.

[7m293[0m         setTimeout(msecs?: number, callback?: () => void): this;
[7m   [0m [91m                                                        ~[0m
[96mnode_modules/@types/node/http.d.ts[0m:[93m293[0m:[93m58[0m - [91merror[0m[90m TS1005: [0m';' expected.

[7m293[0m         setTimeout(msecs?: number, callback?: () => void): this;
[7m   [0m [91m                                                         ~[0m
[96mnode_modules/@types/node/http.d.ts[0m:[93m293[0m:[93m60[0m - [91merror[0m[90m TS2331: [0m'this' cannot be referenced in a module or namespace body.

[7m293[0m         setTimeout(msecs?: number, callback?: () => void): this;
[7m   [0m [91m                                                           ~~~~[0m
[96mnode_modules/@types/node/http.d.ts[0m:[93m294[0m:[93m20[0m - [91merror[0m[90m TS2304: [0mCannot find name 'callback'.

[7m294[0m         setTimeout(callback: () => void): this;
[7m   [0m [91m                   ~~~~~~~~[0m
[96mnode_modules/@types/node/http.d.ts[0m:[93m294[0m:[93m28[0m - [91merror[0m[90m TS1005: [0m',' expected.

[7m294[0m         setTimeout(callback: () => void): this;
[7m   [0m [91m                           ~[0m
[96mnode_modules/@types/node/http.d.ts[0m:[93m294[0m:[93m30[0m - [91merror[0m[90m TS2769: [0mNo overload matches this call.
  Overload 1 of 3, '(callback: () => void, ms?: number): Timeout', gave the following error.
    Argument of type '() => any' is not assignable to parameter of type 'number'.
  Overload 2 of 3, '(callback: (args: void) => void, ms?: number): Timeout', gave the following error.
    Argument of type '() => any' is not assignable to parameter of type 'number'.
  Overload 3 of 3, '(handler: TimerHandler, timeout?: number, ...arguments: any[]): number', gave the following error.
    Argument of type '() => any' is not assignable to parameter of type 'number'.

[7m294[0m         setTimeout(callback: () => void): this;
[7m   [0m [91m                             ~~~~~~~~~~[0m

[96mnode_modules/@types/node/http.d.ts[0m:[93m294[0m:[93m40[0m - [91merror[0m[90m TS1109: [0mExpression expected.

[7m294[0m         setTimeout(callback: () => void): this;
[7m   [0m [91m                                       ~[0m
[96mnode_modules/@types/node/http.d.ts[0m:[93m294[0m:[93m41[0m - [91merror[0m[90m TS1005: [0m';' expected.

[7m294[0m         setTimeout(callback: () => void): this;
[7m   [0m [91m                                        ~[0m
[96mnode_modules/@types/node/http.d.ts[0m:[93m294[0m:[93m43[0m - [91merror[0m[90m TS2331: [0m'this' cannot be referenced in a module or namespace body.

[7m294[0m         setTimeout(callback: () => void): this;
[7m   [0m [91m                                          ~~~~[0m
[96mnode_modules/@types/node/http.d.ts[0m:[93m299[0m:[93m26[0m - [91merror[0m[90m TS2693: [0m'number' only refers to a type, but is being used as a value here.

[7m299[0m         maxHeadersCount: number | null;
[7m   [0m [91m                         ~~~~~~[0m
[96mnode_modules/@types/node/http.d.ts[0m:[93m299[0m:[93m35[0m - [91merror[0m[90m TS2531: [0mObject is possibly 'null'.

[7m299[0m         maxHeadersCount: number | null;
[7m   [0m [91m                                  ~~~~[0m
[96mnode_modules/@types/node/http.d.ts[0m:[93m311[0m:[93m31[0m - [91merror[0m[90m TS2693: [0m'number' only refers to a type, but is being used as a value here.

[7m311[0m         maxRequestsPerSocket: number | null;
[7m   [0m [91m                              ~~~~~~[0m
[96mnode_modules/@types/node/http.d.ts[0m:[93m311[0m:[93m40[0m - [91merror[0m[90m TS2531: [0mObject is possibly 'null'.

[7m311[0m         maxRequestsPerSocket: number | null;
[7m   [0m [91m                                       ~~~~[0m
[96mnode_modules/@types/node/http.d.ts[0m:[93m322[0m:[93m18[0m - [91merror[0m[90m TS2693: [0m'number' only refers to a type, but is being used as a value here.

[7m322[0m         timeout: number;
[7m   [0m [91m                 ~~~~~~[0m
[96mnode_modules/@types/node/http.d.ts[0m:[93m337[0m:[93m25[0m - [91merror[0m[90m TS2693: [0m'number' only refers to a type, but is being used as a value here.

[7m337[0m         headersTimeout: number;
[7m   [0m [91m                        ~~~~~~[0m
[96mnode_modules/@types/node/http.d.ts[0m:[93m353[0m:[93m27[0m - [91merror[0m[90m TS2693: [0m'number' only refers to a type, but is being used as a value here.

[7m353[0m         keepAliveTimeout: number;
[7m   [0m [91m                          ~~~~~~[0m
[96mnode_modules/@types/node/http.d.ts[0m:[93m366[0m:[93m25[0m - [91merror[0m[90m TS2693: [0m'number' only refers to a type, but is being used as a value here.

[7m366[0m         requestTimeout: number;
[7m   [0m [91m                        ~~~~~~[0m
[96mnode_modules/@types/node/http.d.ts[0m:[93m367[0m:[93m9[0m - [91merror[0m[90m TS2304: [0mCannot find name 'addListener'.

[7m367[0m         addListener(event: string, listener: (...args: any[]) => void): this;
[7m   [0m [91m        ~~~~~~~~~~~[0m
[96mnode_modules/@types/node/http.d.ts[0m:[93m367[0m:[93m26[0m - [91merror[0m[90m TS1005: [0m',' expected.

[7m367[0m         addListener(event: string, listener: (...args: any[]) => void): this;
[7m   [0m [91m                         ~[0m
[96mnode_modules/@types/node/http.d.ts[0m:[93m367[0m:[93m28[0m - [91merror[0m[90m TS2693: [0m'string' only refers to a type, but is being used as a value here.

[7m367[0m         addListener(event: string, listener: (...args: any[]) => void): this;
[7m   [0m [91m                           ~~~~~~[0m
[96mnode_modules/@types/node/http.d.ts[0m:[93m367[0m:[93m36[0m - [91merror[0m[90m TS2304: [0mCannot find name 'listener'.

[7m367[0m         addListener(event: string, listener: (...args: any[]) => void): this;
[7m   [0m [91m                                   ~~~~~~~~[0m
[96mnode_modules/@types/node/http.d.ts[0m:[93m367[0m:[93m44[0m - [91merror[0m[90m TS1005: [0m',' expected.

[7m367[0m         addListener(event: string, listener: (...args: any[]) => void): this;
[7m   [0m [91m                                           ~[0m
[96mnode_modules/@types/node/http.d.ts[0m:[93m367[0m:[93m70[0m - [91merror[0m[90m TS1109: [0mExpression expected.

[7m367[0m         addListener(event: string, listener: (...args: any[]) => void): this;
[7m   [0m [91m                                                                     ~[0m
[96mnode_modules/@types/node/http.d.ts[0m:[93m367[0m:[93m71[0m - [91merror[0m[90m TS1005: [0m';' expected.

[7m367[0m         addListener(event: string, listener: (...args: any[]) => void): this;
[7m   [0m [91m                                                                      ~[0m
[96mnode_modules/@types/node/http.d.ts[0m:[93m367[0m:[93m73[0m - [91merror[0m[90m TS2331: [0m'this' cannot be referenced in a module or namespace body.

[7m367[0m         addListener(event: string, listener: (...args: any[]) => void): this;
[7m   [0m [91m                                                                        ~~~~[0m
[96mnode_modules/@types/node/http.d.ts[0m:[93m368[0m:[93m9[0m - [91merror[0m[90m TS2304: [0mCannot find name 'addListener'.

[7m368[0m         addListener(event: "close", listener: () => void): this;
[7m   [0m [91m        ~~~~~~~~~~~[0m
[96mnode_modules/@types/node/http.d.ts[0m:[93m368[0m:[93m26[0m - [91merror[0m[90m TS1005: [0m',' expected.

[7m368[0m         addListener(event: "close", listener: () => void): this;
[7m   [0m [91m                         ~[0m
[96mnode_modules/@types/node/http.d.ts[0m:[93m368[0m:[93m37[0m - [91merror[0m[90m TS2304: [0mCannot find name 'listener'.

[7m368[0m         addListener(event: "close", listener: () => void): this;
[7m   [0m [91m                                    ~~~~~~~~[0m
[96mnode_modules/@types/node/http.d.ts[0m:[93m368[0m:[93m45[0m - [91merror[0m[90m TS1005: [0m',' expected.

[7m368[0m         addListener(event: "close", listener: () => void): this;
[7m   [0m [91m                                            ~[0m
[96mnode_modules/@types/node/http.d.ts[0m:[93m368[0m:[93m57[0m - [91merror[0m[90m TS1109: [0mExpression expected.

[7m368[0m         addListener(event: "close", listener: () => void): this;
[7m   [0m [91m                                                        ~[0m
[96mnode_modules/@types/node/http.d.ts[0m:[93m368[0m:[93m58[0m - [91merror[0m[90m TS1005: [0m';' expected.

[7m368[0m         addListener(event: "close", listener: () => void): this;
[7m   [0m [91m                                                         ~[0m
[96mnode_modules/@types/node/http.d.ts[0m:[93m368[0m:[93m60[0m - [91merror[0m[90m TS2331: [0m'this' cannot be referenced in a module or namespace body.

[7m368[0m         addListener(event: "close", listener: () => void): this;
[7m   [0m [91m                                                           ~~~~[0m
[96mnode_modules/@types/node/http.d.ts[0m:[93m369[0m:[93m9[0m - [91merror[0m[90m TS2304: [0mCannot find name 'addListener'.

[7m369[0m         addListener(event: "connection", listener: (socket: Socket) => void): this;
[7m   [0m [91m        ~~~~~~~~~~~[0m
[96mnode_modules/@types/node/http.d.ts[0m:[93m369[0m:[93m26[0m - [91merror[0m[90m TS1005: [0m',' expected.

[7m369[0m         addListener(event: "connection", listener: (socket: Socket) => void): this;
[7m   [0m [91m                         ~[0m
[96mnode_modules/@types/node/http.d.ts[0m:[93m369[0m:[93m42[0m - [91merror[0m[90m TS2304: [0mCannot find name 'listener'.

[7m369[0m         addListener(event: "connection", listener: (socket: Socket) => void): this;
[7m   [0m [91m                                         ~~~~~~~~[0m
[96mnode_modules/@types/node/http.d.ts[0m:[93m369[0m:[93m50[0m - [91merror[0m[90m TS1005: [0m',' expected.

[7m369[0m         addListener(event: "connection", listener: (socket: Socket) => void): this;
[7m   [0m [91m                                                 ~[0m
[96mnode_modules/@types/node/http.d.ts[0m:[93m369[0m:[93m76[0m - [91merror[0m[90m TS1109: [0mExpression expected.

[7m369[0m         addListener(event: "connection", listener: (socket: Socket) => void): this;
[7m   [0m [91m                                                                           ~[0m
[96mnode_modules/@types/node/http.d.ts[0m:[93m369[0m:[93m77[0m - [91merror[0m[90m TS1005: [0m';' expected.

[7m369[0m         addListener(event: "connection", listener: (socket: Socket) => void): this;
[7m   [0m [91m                                                                            ~[0m
[96mnode_modules/@types/node/http.d.ts[0m:[93m369[0m:[93m79[0m - [91merror[0m[90m TS2331: [0m'this' cannot be referenced in a module or namespace body.

[7m369[0m         addListener(event: "connection", listener: (socket: Socket) => void): this;
[7m   [0m [91m                                                                              ~~~~[0m
[96mnode_modules/@types/node/http.d.ts[0m:[93m370[0m:[93m9[0m - [91merror[0m[90m TS2304: [0mCannot find name 'addListener'.

[7m370[0m         addListener(event: "error", listener: (err: Error) => void): this;
[7m   [0m [91m        ~~~~~~~~~~~[0m
[96mnode_modules/@types/node/http.d.ts[0m:[93m370[0m:[93m26[0m - [91merror[0m[90m TS1005: [0m',' expected.

[7m370[0m         addListener(event: "error", listener: (err: Error) => void): this;
[7m   [0m [91m                         ~[0m
[96mnode_modules/@types/node/http.d.ts[0m:[93m370[0m:[93m37[0m - [91merror[0m[90m TS2304: [0mCannot find name 'listener'.

[7m370[0m         addListener(event: "error", listener: (err: Error) => void): this;
[7m   [0m [91m                                    ~~~~~~~~[0m
[96mnode_modules/@types/node/http.d.ts[0m:[93m370[0m:[93m45[0m - [91merror[0m[90m TS1005: [0m',' expected.

[7m370[0m         addListener(event: "error", listener: (err: Error) => void): this;
[7m   [0m [91m                                            ~[0m
[96mnode_modules/@types/node/http.d.ts[0m:[93m370[0m:[93m67[0m - [91merror[0m[90m TS1109: [0mExpression expected.

[7m370[0m         addListener(event: "error", listener: (err: Error) => void): this;
[7m   [0m [91m                                                                  ~[0m
[96mnode_modules/@types/node/http.d.ts[0m:[93m370[0m:[93m68[0m - [91merror[0m[90m TS1005: [0m';' expected.

[7m370[0m         addListener(event: "error", listener: (err: Error) => void): this;
[7m   [0m [91m                                                                   ~[0m
[96mnode_modules/@types/node/http.d.ts[0m:[93m370[0m:[93m70[0m - [91merror[0m[90m TS2331: [0m'this' cannot be referenced in a module or namespace body.

[7m370[0m         addListener(event: "error", listener: (err: Error) => void): this;
[7m   [0m [91m                                                                     ~~~~[0m
[96mnode_modules/@types/node/http.d.ts[0m:[93m371[0m:[93m9[0m - [91merror[0m[90m TS2304: [0mCannot find name 'addListener'.

[7m371[0m         addListener(event: "listening", listener: () => void): this;
[7m   [0m [91m        ~~~~~~~~~~~[0m
[96mnode_modules/@types/node/http.d.ts[0m:[93m371[0m:[93m26[0m - [91merror[0m[90m TS1005: [0m',' expected.

[7m371[0m         addListener(event: "listening", listener: () => void): this;
[7m   [0m [91m                         ~[0m
[96mnode_modules/@types/node/http.d.ts[0m:[93m371[0m:[93m41[0m - [91merror[0m[90m TS2304: [0mCannot find name 'listener'.

[7m371[0m         addListener(event: "listening", listener: () => void): this;
[7m   [0m [91m                                        ~~~~~~~~[0m
[96mnode_modules/@types/node/http.d.ts[0m:[93m371[0m:[93m49[0m - [91merror[0m[90m TS1005: [0m',' expected.

[7m371[0m         addListener(event: "listening", listener: () => void): this;
[7m   [0m [91m                                                ~[0m
[96mnode_modules/@types/node/http.d.ts[0m:[93m371[0m:[93m61[0m - [91merror[0m[90m TS1109: [0mExpression expected.

[7m371[0m         addListener(event: "listening", listener: () => void): this;
[7m   [0m [91m                                                            ~[0m
[96mnode_modules/@types/node/http.d.ts[0m:[93m371[0m:[93m62[0m - [91merror[0m[90m TS1005: [0m';' expected.

[7m371[0m         addListener(event: "listening", listener: () => void): this;
[7m   [0m [91m                                                             ~[0m
[96mnode_modules/@types/node/http.d.ts[0m:[93m371[0m:[93m64[0m - [91merror[0m[90m TS2331: [0m'this' cannot be referenced in a module or namespace body.

[7m371[0m         addListener(event: "listening", listener: () => void): this;
[7m   [0m [91m                                                               ~~~~[0m
[96mnode_modules/@types/node/http.d.ts[0m:[93m372[0m:[93m9[0m - [91merror[0m[90m TS2304: [0mCannot find name 'addListener'.

[7m372[0m         addListener(event: "checkContinue", listener: RequestListener<Request, Response>): this;
[7m   [0m [91m        ~~~~~~~~~~~[0m
[96mnode_modules/@types/node/http.d.ts[0m:[93m372[0m:[93m26[0m - [91merror[0m[90m TS1005: [0m',' expected.

[7m372[0m         addListener(event: "checkContinue", listener: RequestListener<Request, Response>): this;
[7m   [0m [91m                         ~[0m
[96mnode_modules/@types/node/http.d.ts[0m:[93m372[0m:[93m45[0m - [91merror[0m[90m TS2304: [0mCannot find name 'listener'.

[7m372[0m         addListener(event: "checkContinue", listener: RequestListener<Request, Response>): this;
[7m   [0m [91m                                            ~~~~~~~~[0m
[96mnode_modules/@types/node/http.d.ts[0m:[93m372[0m:[93m53[0m - [91merror[0m[90m TS1005: [0m',' expected.

[7m372[0m         addListener(event: "checkContinue", listener: RequestListener<Request, Response>): this;
[7m   [0m [91m                                                    ~[0m
[96mnode_modules/@types/node/http.d.ts[0m:[93m372[0m:[93m55[0m - [91merror[0m[90m TS2693: [0m'RequestListener' only refers to a type, but is being used as a value here.

[7m372[0m         addListener(event: "checkContinue", listener: RequestListener<Request, Response>): this;
[7m   [0m [91m                                                      ~~~~~~~~~~~~~~~[0m
[96mnode_modules/@types/node/http.d.ts[0m:[93m372[0m:[93m89[0m - [91merror[0m[90m TS1005: [0m'(' expected.

[7m372[0m         addListener(event: "checkContinue", listener: RequestListener<Request, Response>): this;
[7m   [0m [91m                                                                                        ~[0m
[96mnode_modules/@types/node/http.d.ts[0m:[93m372[0m:[93m90[0m - [91merror[0m[90m TS1005: [0m',' expected.

[7m372[0m         addListener(event: "checkContinue", listener: RequestListener<Request, Response>): this;
[7m   [0m [91m                                                                                         ~[0m
[96mnode_modules/@types/node/http.d.ts[0m:[93m372[0m:[93m92[0m - [91merror[0m[90m TS2331: [0m'this' cannot be referenced in a module or namespace body.

[7m372[0m         addListener(event: "checkContinue", listener: RequestListener<Request, Response>): this;
[7m   [0m [91m                                                                                           ~~~~[0m
[96mnode_modules/@types/node/http.d.ts[0m:[93m372[0m:[93m96[0m - [91merror[0m[90m TS1005: [0m')' expected.

[7m372[0m         addListener(event: "checkContinue", listener: RequestListener<Request, Response>): this;
[7m   [0m [91m                                                                                               ~[0m
[96mnode_modules/@types/node/http.d.ts[0m:[93m373[0m:[93m9[0m - [91merror[0m[90m TS2304: [0mCannot find name 'addListener'.

[7m373[0m         addListener(event: "checkExpectation", listener: RequestListener<Request, Response>): this;
[7m   [0m [91m        ~~~~~~~~~~~[0m
[96mnode_modules/@types/node/http.d.ts[0m:[93m373[0m:[93m26[0m - [91merror[0m[90m TS1005: [0m',' expected.

[7m373[0m         addListener(event: "checkExpectation", listener: RequestListener<Request, Response>): this;
[7m   [0m [91m                         ~[0m
[96mnode_modules/@types/node/http.d.ts[0m:[93m373[0m:[93m48[0m - [91merror[0m[90m TS2304: [0mCannot find name 'listener'.

[7m373[0m         addListener(event: "checkExpectation", listener: RequestListener<Request, Response>): this;
[7m   [0m [91m                                               ~~~~~~~~[0m
[96mnode_modules/@types/node/http.d.ts[0m:[93m373[0m:[93m56[0m - [91merror[0m[90m TS1005: [0m',' expected.

[7m373[0m         addListener(event: "checkExpectation", listener: RequestListener<Request, Response>): this;
[7m   [0m [91m                                                       ~[0m
[96mnode_modules/@types/node/http.d.ts[0m:[93m373[0m:[93m58[0m - [91merror[0m[90m TS2693: [0m'RequestListener' only refers to a type, but is being used as a value here.

[7m373[0m         addListener(event: "checkExpectation", listener: RequestListener<Request, Response>): this;
[7m   [0m [91m                                                         ~~~~~~~~~~~~~~~[0m
[96mnode_modules/@types/node/http.d.ts[0m:[93m373[0m:[93m92[0m - [91merror[0m[90m TS1005: [0m'(' expected.

[7m373[0m         addListener(event: "checkExpectation", listener: RequestListener<Request, Response>): this;
[7m   [0m [91m                                                                                           ~[0m
[96mnode_modules/@types/node/http.d.ts[0m:[93m373[0m:[93m93[0m - [91merror[0m[90m TS1005: [0m',' expected.

[7m373[0m         addListener(event: "checkExpectation", listener: RequestListener<Request, Response>): this;
[7m   [0m [91m                                                                                            ~[0m
[96mnode_modules/@types/node/http.d.ts[0m:[93m373[0m:[93m95[0m - [91merror[0m[90m TS2331: [0m'this' cannot be referenced in a module or namespace body.

[7m373[0m         addListener(event: "checkExpectation", listener: RequestListener<Request, Response>): this;
[7m   [0m [91m                                                                                              ~~~~[0m
[96mnode_modules/@types/node/http.d.ts[0m:[93m373[0m:[93m99[0m - [91merror[0m[90m TS1005: [0m')' expected.

[7m373[0m         addListener(event: "checkExpectation", listener: RequestListener<Request, Response>): this;
[7m   [0m [91m                                                                                                  ~[0m
[96mnode_modules/@types/node/http.d.ts[0m:[93m374[0m:[93m9[0m - [91merror[0m[90m TS2304: [0mCannot find name 'addListener'.

[7m374[0m         addListener(event: "clientError", listener: (err: Error, socket: stream.Duplex) => void): this;
[7m   [0m [91m        ~~~~~~~~~~~[0m
[96mnode_modules/@types/node/http.d.ts[0m:[93m374[0m:[93m26[0m - [91merror[0m[90m TS1005: [0m',' expected.

[7m374[0m         addListener(event: "clientError", listener: (err: Error, socket: stream.Duplex) => void): this;
[7m   [0m [91m                         ~[0m
[96mnode_modules/@types/node/http.d.ts[0m:[93m374[0m:[93m43[0m - [91merror[0m[90m TS2304: [0mCannot find name 'listener'.

[7m374[0m         addListener(event: "clientError", listener: (err: Error, socket: stream.Duplex) => void): this;
[7m   [0m [91m                                          ~~~~~~~~[0m
[96mnode_modules/@types/node/http.d.ts[0m:[93m374[0m:[93m51[0m - [91merror[0m[90m TS1005: [0m',' expected.

[7m374[0m         addListener(event: "clientError", listener: (err: Error, socket: stream.Duplex) => void): this;
[7m   [0m [91m                                                  ~[0m
[96mnode_modules/@types/node/http.d.ts[0m:[93m374[0m:[93m96[0m - [91merror[0m[90m TS1109: [0mExpression expected.

[7m374[0m         addListener(event: "clientError", listener: (err: Error, socket: stream.Duplex) => void): this;
[7m   [0m [91m                                                                                               ~[0m
[96mnode_modules/@types/node/http.d.ts[0m:[93m374[0m:[93m97[0m - [91merror[0m[90m TS1005: [0m';' expected.

[7m374[0m         addListener(event: "clientError", listener: (err: Error, socket: stream.Duplex) => void): this;
[7m   [0m [91m                                                                                                ~[0m
[96mnode_modules/@types/node/http.d.ts[0m:[93m374[0m:[93m99[0m - [91merror[0m[90m TS2331: [0m'this' cannot be referenced in a module or namespace body.

[7m374[0m         addListener(event: "clientError", listener: (err: Error, socket: stream.Duplex) => void): this;
[7m   [0m [91m                                                                                                  ~~~~[0m
[96mnode_modules/@types/node/http.d.ts[0m:[93m375[0m:[93m9[0m - [91merror[0m[90m TS2304: [0mCannot find name 'addListener'.

[7m375[0m         addListener(
[7m   [0m [91m        ~~~~~~~~~~~[0m
[96mnode_modules/@types/node/http.d.ts[0m:[93m376[0m:[93m18[0m - [91merror[0m[90m TS1005: [0m',' expected.

[7m376[0m             event: "connect",
[7m   [0m [91m                 ~[0m
[96mnode_modules/@types/node/http.d.ts[0m:[93m377[0m:[93m13[0m - [91merror[0m[90m TS2304: [0mCannot find name 'listener'.

[7m377[0m             listener: (req: InstanceType<Request>, socket: stream.Duplex, head: Buffer) => void,
[7m   [0m [91m            ~~~~~~~~[0m
[96mnode_modules/@types/node/http.d.ts[0m:[93m377[0m:[93m21[0m - [91merror[0m[90m TS1005: [0m',' expected.

[7m377[0m             listener: (req: InstanceType<Request>, socket: stream.Duplex, head: Buffer) => void,
[7m   [0m [91m                    ~[0m
[96mnode_modules/@types/node/http.d.ts[0m:[93m377[0m:[93m42[0m - [91merror[0m[90m TS2344: [0mType 'Request' does not satisfy the constraint 'new (...args: any) => any'.

[7m377[0m             listener: (req: InstanceType<Request>, socket: stream.Duplex, head: Buffer) => void,
[7m   [0m [91m                                         ~~~~~~~[0m
[96mnode_modules/@types/node/http.d.ts[0m:[93m377[0m:[93m96[0m - [91merror[0m[90m TS1109: [0mExpression expected.

[7m377[0m             listener: (req: InstanceType<Request>, socket: stream.Duplex, head: Buffer) => void,
[7m   [0m [91m                                                                                               ~[0m
[96mnode_modules/@types/node/http.d.ts[0m:[93m378[0m:[93m10[0m - [91merror[0m[90m TS1005: [0m';' expected.

[7m378[0m         ): this;
[7m   [0m [91m         ~[0m
[96mnode_modules/@types/node/http.d.ts[0m:[93m378[0m:[93m12[0m - [91merror[0m[90m TS2331: [0m'this' cannot be referenced in a module or namespace body.

[7m378[0m         ): this;
[7m   [0m [91m           ~~~~[0m
[96mnode_modules/@types/node/http.d.ts[0m:[93m379[0m:[93m9[0m - [91merror[0m[90m TS2304: [0mCannot find name 'addListener'.

[7m379[0m         addListener(event: "request", listener: RequestListener<Request, Response>): this;
[7m   [0m [91m        ~~~~~~~~~~~[0m
[96mnode_modules/@types/node/http.d.ts[0m:[93m379[0m:[93m26[0m - [91merror[0m[90m TS1005: [0m',' expected.

[7m379[0m         addListener(event: "request", listener: RequestListener<Request, Response>): this;
[7m   [0m [91m                         ~[0m
[96mnode_modules/@types/node/http.d.ts[0m:[93m379[0m:[93m39[0m - [91merror[0m[90m TS2304: [0mCannot find name 'listener'.

[7m379[0m         addListener(event: "request", listener: RequestListener<Request, Response>): this;
[7m   [0m [91m                                      ~~~~~~~~[0m
[96mnode_modules/@types/node/http.d.ts[0m:[93m379[0m:[93m47[0m - [91merror[0m[90m TS1005: [0m',' expected.

[7m379[0m         addListener(event: "request", listener: RequestListener<Request, Response>): this;
[7m   [0m [91m                                              ~[0m
[96mnode_modules/@types/node/http.d.ts[0m:[93m379[0m:[93m49[0m - [91merror[0m[90m TS2693: [0m'RequestListener' only refers to a type, but is being used as a value here.

[7m379[0m         addListener(event: "request", listener: RequestListener<Request, Response>): this;
[7m   [0m [91m                                                ~~~~~~~~~~~~~~~[0m
[96mnode_modules/@types/node/http.d.ts[0m:[93m379[0m:[93m83[0m - [91merror[0m[90m TS1005: [0m'(' expected.

[7m379[0m         addListener(event: "request", listener: RequestListener<Request, Response>): this;
[7m   [0m [91m                                                                                  ~[0m
[96mnode_modules/@types/node/http.d.ts[0m:[93m379[0m:[93m84[0m - [91merror[0m[90m TS1005: [0m',' expected.

[7m379[0m         addListener(event: "request", listener: RequestListener<Request, Response>): this;
[7m   [0m [91m                                                                                   ~[0m
[96mnode_modules/@types/node/http.d.ts[0m:[93m379[0m:[93m86[0m - [91merror[0m[90m TS2331: [0m'this' cannot be referenced in a module or namespace body.

[7m379[0m         addListener(event: "request", listener: RequestListener<Request, Response>): this;
[7m   [0m [91m                                                                                     ~~~~[0m
[96mnode_modules/@types/node/http.d.ts[0m:[93m379[0m:[93m90[0m - [91merror[0m[90m TS1005: [0m')' expected.

[7m379[0m         addListener(event: "request", listener: RequestListener<Request, Response>): this;
[7m   [0m [91m                                                                                         ~[0m
[96mnode_modules/@types/node/http.d.ts[0m:[93m380[0m:[93m9[0m - [91merror[0m[90m TS2304: [0mCannot find name 'addListener'.

[7m380[0m         addListener(
[7m   [0m [91m        ~~~~~~~~~~~[0m
[96mnode_modules/@types/node/http.d.ts[0m:[93m381[0m:[93m18[0m - [91merror[0m[90m TS1005: [0m',' expected.

[7m381[0m             event: "upgrade",
[7m   [0m [91m                 ~[0m
[96mnode_modules/@types/node/http.d.ts[0m:[93m382[0m:[93m13[0m - [91merror[0m[90m TS2304: [0mCannot find name 'listener'.

[7m382[0m             listener: (req: InstanceType<Request>, socket: stream.Duplex, head: Buffer) => void,
[7m   [0m [91m            ~~~~~~~~[0m
[96mnode_modules/@types/node/http.d.ts[0m:[93m382[0m:[93m21[0m - [91merror[0m[90m TS1005: [0m',' expected.

[7m382[0m             listener: (req: InstanceType<Request>, socket: stream.Duplex, head: Buffer) => void,
[7m   [0m [91m                    ~[0m
[96mnode_modules/@types/node/http.d.ts[0m:[93m382[0m:[93m42[0m - [91merror[0m[90m TS2344: [0mType 'Request' does not satisfy the constraint 'new (...args: any) => any'.

[7m382[0m             listener: (req: InstanceType<Request>, socket: stream.Duplex, head: Buffer) => void,
[7m   [0m [91m                                         ~~~~~~~[0m
[96mnode_modules/@types/node/http.d.ts[0m:[93m382[0m:[93m96[0m - [91merror[0m[90m TS1109: [0mExpression expected.

[7m382[0m             listener: (req: InstanceType<Request>, socket: stream.Duplex, head: Buffer) => void,
[7m   [0m [91m                                                                                               ~[0m
[96mnode_modules/@types/node/http.d.ts[0m:[93m383[0m:[93m10[0m - [91merror[0m[90m TS1005: [0m';' expected.

[7m383[0m         ): this;
[7m   [0m [91m         ~[0m
[96mnode_modules/@types/node/http.d.ts[0m:[93m383[0m:[93m12[0m - [91merror[0m[90m TS2331: [0m'this' cannot be referenced in a module or namespace body.

[7m383[0m         ): this;
[7m   [0m [91m           ~~~~[0m
[96mnode_modules/@types/node/http.d.ts[0m:[93m384[0m:[93m9[0m - [91merror[0m[90m TS2304: [0mCannot find name 'emit'.

[7m384[0m         emit(event: string, ...args: any[]): boolean;
[7m   [0m [91m        ~~~~[0m
[96mnode_modules/@types/node/http.d.ts[0m:[93m384[0m:[93m19[0m - [91merror[0m[90m TS1005: [0m',' expected.

[7m384[0m         emit(event: string, ...args: any[]): boolean;
[7m   [0m [91m                  ~[0m
[96mnode_modules/@types/node/http.d.ts[0m:[93m384[0m:[93m21[0m - [91merror[0m[90m TS2693: [0m'string' only refers to a type, but is being used as a value here.

[7m384[0m         emit(event: string, ...args: any[]): boolean;
[7m   [0m [91m                    ~~~~~~[0m
[96mnode_modules/@types/node/http.d.ts[0m:[93m384[0m:[93m32[0m - [91merror[0m[90m TS2304: [0mCannot find name 'args'.

[7m384[0m         emit(event: string, ...args: any[]): boolean;
[7m   [0m [91m                               ~~~~[0m
[96mnode_modules/@types/node/http.d.ts[0m:[93m384[0m:[93m36[0m - [91merror[0m[90m TS1005: [0m',' expected.

[7m384[0m         emit(event: string, ...args: any[]): boolean;
[7m   [0m [91m                                   ~[0m
[96mnode_modules/@types/node/http.d.ts[0m:[93m384[0m:[93m38[0m - [91merror[0m[90m TS2693: [0m'any' only refers to a type, but is being used as a value here.

[7m384[0m         emit(event: string, ...args: any[]): boolean;
[7m   [0m [91m                                     ~~~[0m
[96mnode_modules/@types/node/http.d.ts[0m:[93m384[0m:[93m42[0m - [91merror[0m[90m TS1011: [0mAn element access expression should take an argument.

[7m384[0m         emit(event: string, ...args: any[]): boolean;
[7m   [0m [91m                                         [0m
[96mnode_modules/@types/node/http.d.ts[0m:[93m384[0m:[93m44[0m - [91merror[0m[90m TS1005: [0m';' expected.

[7m384[0m         emit(event: string, ...args: any[]): boolean;
[7m   [0m [91m                                           ~[0m
[96mnode_modules/@types/node/http.d.ts[0m:[93m384[0m:[93m46[0m - [91merror[0m[90m TS2693: [0m'boolean' only refers to a type, but is being used as a value here.

[7m384[0m         emit(event: string, ...args: any[]): boolean;
[7m   [0m [91m                                             ~~~~~~~[0m
[96mnode_modules/@types/node/http.d.ts[0m:[93m385[0m:[93m9[0m - [91merror[0m[90m TS2304: [0mCannot find name 'emit'.

[7m385[0m         emit(event: "close"): boolean;
[7m   [0m [91m        ~~~~[0m
[96mnode_modules/@types/node/http.d.ts[0m:[93m385[0m:[93m19[0m - [91merror[0m[90m TS1005: [0m',' expected.

[7m385[0m         emit(event: "close"): boolean;
[7m   [0m [91m                  ~[0m
[96mnode_modules/@types/node/http.d.ts[0m:[93m385[0m:[93m29[0m - [91merror[0m[90m TS1005: [0m';' expected.

[7m385[0m         emit(event: "close"): boolean;
[7m   [0m [91m                            ~[0m
[96mnode_modules/@types/node/http.d.ts[0m:[93m385[0m:[93m31[0m - [91merror[0m[90m TS2693: [0m'boolean' only refers to a type, but is being used as a value here.

[7m385[0m         emit(event: "close"): boolean;
[7m   [0m [91m                              ~~~~~~~[0m
[96mnode_modules/@types/node/http.d.ts[0m:[93m386[0m:[93m9[0m - [91merror[0m[90m TS2304: [0mCannot find name 'emit'.

[7m386[0m         emit(event: "connection", socket: Socket): boolean;
[7m   [0m [91m        ~~~~[0m
[96mnode_modules/@types/node/http.d.ts[0m:[93m386[0m:[93m19[0m - [91merror[0m[90m TS1005: [0m',' expected.

[7m386[0m         emit(event: "connection", socket: Socket): boolean;
[7m   [0m [91m                  ~[0m
[96mnode_modules/@types/node/http.d.ts[0m:[93m386[0m:[93m35[0m - [91merror[0m[90m TS2304: [0mCannot find name 'socket'.

[7m386[0m         emit(event: "connection", socket: Socket): boolean;
[7m   [0m [91m                                  ~~~~~~[0m
[96mnode_modules/@types/node/http.d.ts[0m:[93m386[0m:[93m41[0m - [91merror[0m[90m TS1005: [0m',' expected.

[7m386[0m         emit(event: "connection", socket: Socket): boolean;
[7m   [0m [91m                                        ~[0m
[96mnode_modules/@types/node/http.d.ts[0m:[93m386[0m:[93m50[0m - [91merror[0m[90m TS1005: [0m';' expected.

[7m386[0m         emit(event: "connection", socket: Socket): boolean;
[7m   [0m [91m                                                 ~[0m
[96mnode_modules/@types/node/http.d.ts[0m:[93m386[0m:[93m52[0m - [91merror[0m[90m TS2693: [0m'boolean' only refers to a type, but is being used as a value here.

[7m386[0m         emit(event: "connection", socket: Socket): boolean;
[7m   [0m [91m                                                   ~~~~~~~[0m
[96mnode_modules/@types/node/http.d.ts[0m:[93m387[0m:[93m9[0m - [91merror[0m[90m TS2304: [0mCannot find name 'emit'.

[7m387[0m         emit(event: "error", err: Error): boolean;
[7m   [0m [91m        ~~~~[0m
[96mnode_modules/@types/node/http.d.ts[0m:[93m387[0m:[93m19[0m - [91merror[0m[90m TS1005: [0m',' expected.

[7m387[0m         emit(event: "error", err: Error): boolean;
[7m   [0m [91m                  ~[0m
[96mnode_modules/@types/node/http.d.ts[0m:[93m387[0m:[93m30[0m - [91merror[0m[90m TS2304: [0mCannot find name 'err'.

[7m387[0m         emit(event: "error", err: Error): boolean;
[7m   [0m [91m                             ~~~[0m
[96mnode_modules/@types/node/http.d.ts[0m:[93m387[0m:[93m33[0m - [91merror[0m[90m TS1005: [0m',' expected.

[7m387[0m         emit(event: "error", err: Error): boolean;
[7m   [0m [91m                                ~[0m
[96mnode_modules/@types/node/http.d.ts[0m:[93m387[0m:[93m41[0m - [91merror[0m[90m TS1005: [0m';' expected.

[7m387[0m         emit(event: "error", err: Error): boolean;
[7m   [0m [91m                                        ~[0m
[96mnode_modules/@types/node/http.d.ts[0m:[93m387[0m:[93m43[0m - [91merror[0m[90m TS2693: [0m'boolean' only refers to a type, but is being used as a value here.

[7m387[0m         emit(event: "error", err: Error): boolean;
[7m   [0m [91m                                          ~~~~~~~[0m
[96mnode_modules/@types/node/http.d.ts[0m:[93m388[0m:[93m9[0m - [91merror[0m[90m TS2304: [0mCannot find name 'emit'.

[7m388[0m         emit(event: "listening"): boolean;
[7m   [0m [91m        ~~~~[0m
[96mnode_modules/@types/node/http.d.ts[0m:[93m388[0m:[93m19[0m - [91merror[0m[90m TS1005: [0m',' expected.

[7m388[0m         emit(event: "listening"): boolean;
[7m   [0m [91m                  ~[0m
[96mnode_modules/@types/node/http.d.ts[0m:[93m388[0m:[93m33[0m - [91merror[0m[90m TS1005: [0m';' expected.

[7m388[0m         emit(event: "listening"): boolean;
[7m   [0m [91m                                ~[0m
[96mnode_modules/@types/node/http.d.ts[0m:[93m388[0m:[93m35[0m - [91merror[0m[90m TS2693: [0m'boolean' only refers to a type, but is being used as a value here.

[7m388[0m         emit(event: "listening"): boolean;
[7m   [0m [91m                                  ~~~~~~~[0m
[96mnode_modules/@types/node/http.d.ts[0m:[93m389[0m:[93m9[0m - [91merror[0m[90m TS2304: [0mCannot find name 'emit'.

[7m389[0m         emit(
[7m   [0m [91m        ~~~~[0m
[96mnode_modules/@types/node/http.d.ts[0m:[93m390[0m:[93m18[0m - [91merror[0m[90m TS1005: [0m',' expected.

[7m390[0m             event: "checkContinue",
[7m   [0m [91m                 ~[0m
[96mnode_modules/@types/node/http.d.ts[0m:[93m391[0m:[93m13[0m - [91merror[0m[90m TS2304: [0mCannot find name 'req'.

[7m391[0m             req: InstanceType<Request>,
[7m   [0m [91m            ~~~[0m
[96mnode_modules/@types/node/http.d.ts[0m:[93m391[0m:[93m16[0m - [91merror[0m[90m TS1005: [0m',' expected.

[7m391[0m             req: InstanceType<Request>,
[7m   [0m [91m               ~[0m
[96mnode_modules/@types/node/http.d.ts[0m:[93m391[0m:[93m18[0m - [91merror[0m[90m TS2693: [0m'InstanceType' only refers to a type, but is being used as a value here.

[7m391[0m             req: InstanceType<Request>,
[7m   [0m [91m                 ~~~~~~~~~~~~[0m
[96mnode_modules/@types/node/http.d.ts[0m:[93m391[0m:[93m39[0m - [91merror[0m[90m TS1109: [0mExpression expected.

[7m391[0m             req: InstanceType<Request>,
[7m   [0m [91m                                      ~[0m
[96mnode_modules/@types/node/http.d.ts[0m:[93m392[0m:[93m13[0m - [91merror[0m[90m TS2304: [0mCannot find name 'res'.

[7m392[0m             res: InstanceType<Response> & { req: InstanceType<Request> },
[7m   [0m [91m            ~~~[0m
[96mnode_modules/@types/node/http.d.ts[0m:[93m392[0m:[93m16[0m - [91merror[0m[90m TS1005: [0m',' expected.

[7m392[0m             res: InstanceType<Response> & { req: InstanceType<Request> },
[7m   [0m [91m               ~[0m
[96mnode_modules/@types/node/http.d.ts[0m:[93m392[0m:[93m18[0m - [91merror[0m[90m TS2693: [0m'InstanceType' only refers to a type, but is being used as a value here.

[7m392[0m             res: InstanceType<Response> & { req: InstanceType<Request> },
[7m   [0m [91m                 ~~~~~~~~~~~~[0m
[96mnode_modules/@types/node/http.d.ts[0m:[93m392[0m:[93m41[0m - [91merror[0m[90m TS1005: [0m'(' expected.

[7m392[0m             res: InstanceType<Response> & { req: InstanceType<Request> },
[7m   [0m [91m                                        ~[0m
[96mnode_modules/@types/node/http.d.ts[0m:[93m392[0m:[93m43[0m - [91merror[0m[90m TS2363: [0mThe right-hand side of an arithmetic operation must be of type 'any', 'number', 'bigint' or an enum type.

[7m392[0m             res: InstanceType<Response> & { req: InstanceType<Request> },
[7m   [0m [91m                                          ~~~~~~~~~~~~~~~~~~~~~~~~~~~~~~[0m
[96mnode_modules/@types/node/http.d.ts[0m:[93m392[0m:[93m50[0m - [91merror[0m[90m TS2693: [0m'InstanceType' only refers to a type, but is being used as a value here.

[7m392[0m             res: InstanceType<Response> & { req: InstanceType<Request> },
[7m   [0m [91m                                                 ~~~~~~~~~~~~[0m
[96mnode_modules/@types/node/http.d.ts[0m:[93m392[0m:[93m72[0m - [91merror[0m[90m TS1005: [0m'(' expected.

[7m392[0m             res: InstanceType<Response> & { req: InstanceType<Request> },
[7m   [0m [91m                                                                       ~[0m
[96mnode_modules/@types/node/http.d.ts[0m:[93m393[0m:[93m10[0m - [91merror[0m[90m TS1005: [0m',' expected.

[7m393[0m         ): boolean;
[7m   [0m [91m         ~[0m
[96mnode_modules/@types/node/http.d.ts[0m:[93m393[0m:[93m12[0m - [91merror[0m[90m TS2693: [0m'boolean' only refers to a type, but is being used as a value here.

[7m393[0m         ): boolean;
[7m   [0m [91m           ~~~~~~~[0m
[96mnode_modules/@types/node/http.d.ts[0m:[93m393[0m:[93m19[0m - [91merror[0m[90m TS1005: [0m')' expected.

[7m393[0m         ): boolean;
[7m   [0m [91m                  ~[0m
[96mnode_modules/@types/node/http.d.ts[0m:[93m394[0m:[93m9[0m - [91merror[0m[90m TS2304: [0mCannot find name 'emit'.

[7m394[0m         emit(
[7m   [0m [91m        ~~~~[0m
[96mnode_modules/@types/node/http.d.ts[0m:[93m395[0m:[93m18[0m - [91merror[0m[90m TS1005: [0m',' expected.

[7m395[0m             event: "checkExpectation",
[7m   [0m [91m                 ~[0m
[96mnode_modules/@types/node/http.d.ts[0m:[93m396[0m:[93m13[0m - [91merror[0m[90m TS2304: [0mCannot find name 'req'.

[7m396[0m             req: InstanceType<Request>,
[7m   [0m [91m            ~~~[0m
[96mnode_modules/@types/node/http.d.ts[0m:[93m396[0m:[93m16[0m - [91merror[0m[90m TS1005: [0m',' expected.

[7m396[0m             req: InstanceType<Request>,
[7m   [0m [91m               ~[0m
[96mnode_modules/@types/node/http.d.ts[0m:[93m396[0m:[93m18[0m - [91merror[0m[90m TS2693: [0m'InstanceType' only refers to a type, but is being used as a value here.

[7m396[0m             req: InstanceType<Request>,
[7m   [0m [91m                 ~~~~~~~~~~~~[0m
[96mnode_modules/@types/node/http.d.ts[0m:[93m396[0m:[93m39[0m - [91merror[0m[90m TS1109: [0mExpression expected.

[7m396[0m             req: InstanceType<Request>,
[7m   [0m [91m                                      ~[0m
[96mnode_modules/@types/node/http.d.ts[0m:[93m397[0m:[93m13[0m - [91merror[0m[90m TS2304: [0mCannot find name 'res'.

[7m397[0m             res: InstanceType<Response> & { req: InstanceType<Request> },
[7m   [0m [91m            ~~~[0m
[96mnode_modules/@types/node/http.d.ts[0m:[93m397[0m:[93m16[0m - [91merror[0m[90m TS1005: [0m',' expected.

[7m397[0m             res: InstanceType<Response> & { req: InstanceType<Request> },
[7m   [0m [91m               ~[0m
[96mnode_modules/@types/node/http.d.ts[0m:[93m397[0m:[93m18[0m - [91merror[0m[90m TS2693: [0m'InstanceType' only refers to a type, but is being used as a value here.

[7m397[0m             res: InstanceType<Response> & { req: InstanceType<Request> },
[7m   [0m [91m                 ~~~~~~~~~~~~[0m
[96mnode_modules/@types/node/http.d.ts[0m:[93m397[0m:[93m41[0m - [91merror[0m[90m TS1005: [0m'(' expected.

[7m397[0m             res: InstanceType<Response> & { req: InstanceType<Request> },
[7m   [0m [91m                                        ~[0m
[96mnode_modules/@types/node/http.d.ts[0m:[93m397[0m:[93m43[0m - [91merror[0m[90m TS2363: [0mThe right-hand side of an arithmetic operation must be of type 'any', 'number', 'bigint' or an enum type.

[7m397[0m             res: InstanceType<Response> & { req: InstanceType<Request> },
[7m   [0m [91m                                          ~~~~~~~~~~~~~~~~~~~~~~~~~~~~~~[0m
[96mnode_modules/@types/node/http.d.ts[0m:[93m397[0m:[93m50[0m - [91merror[0m[90m TS2693: [0m'InstanceType' only refers to a type, but is being used as a value here.

[7m397[0m             res: InstanceType<Response> & { req: InstanceType<Request> },
[7m   [0m [91m                                                 ~~~~~~~~~~~~[0m
[96mnode_modules/@types/node/http.d.ts[0m:[93m397[0m:[93m72[0m - [91merror[0m[90m TS1005: [0m'(' expected.

[7m397[0m             res: InstanceType<Response> & { req: InstanceType<Request> },
[7m   [0m [91m                                                                       ~[0m
[96mnode_modules/@types/node/http.d.ts[0m:[93m398[0m:[93m10[0m - [91merror[0m[90m TS1005: [0m',' expected.

[7m398[0m         ): boolean;
[7m   [0m [91m         ~[0m
[96mnode_modules/@types/node/http.d.ts[0m:[93m398[0m:[93m12[0m - [91merror[0m[90m TS2693: [0m'boolean' only refers to a type, but is being used as a value here.

[7m398[0m         ): boolean;
[7m   [0m [91m           ~~~~~~~[0m
[96mnode_modules/@types/node/http.d.ts[0m:[93m398[0m:[93m19[0m - [91merror[0m[90m TS1005: [0m')' expected.

[7m398[0m         ): boolean;
[7m   [0m [91m                  ~[0m
[96mnode_modules/@types/node/http.d.ts[0m:[93m399[0m:[93m9[0m - [91merror[0m[90m TS2304: [0mCannot find name 'emit'.

[7m399[0m         emit(event: "clientError", err: Error, socket: stream.Duplex): boolean;
[7m   [0m [91m        ~~~~[0m
[96mnode_modules/@types/node/http.d.ts[0m:[93m399[0m:[93m19[0m - [91merror[0m[90m TS1005: [0m',' expected.

[7m399[0m         emit(event: "clientError", err: Error, socket: stream.Duplex): boolean;
[7m   [0m [91m                  ~[0m
[96mnode_modules/@types/node/http.d.ts[0m:[93m399[0m:[93m36[0m - [91merror[0m[90m TS2304: [0mCannot find name 'err'.

[7m399[0m         emit(event: "clientError", err: Error, socket: stream.Duplex): boolean;
[7m   [0m [91m                                   ~~~[0m
[96mnode_modules/@types/node/http.d.ts[0m:[93m399[0m:[93m39[0m - [91merror[0m[90m TS1005: [0m',' expected.

[7m399[0m         emit(event: "clientError", err: Error, socket: stream.Duplex): boolean;
[7m   [0m [91m                                      ~[0m
[96mnode_modules/@types/node/http.d.ts[0m:[93m399[0m:[93m48[0m - [91merror[0m[90m TS2304: [0mCannot find name 'socket'.

[7m399[0m         emit(event: "clientError", err: Error, socket: stream.Duplex): boolean;
[7m   [0m [91m                                               ~~~~~~[0m
[96mnode_modules/@types/node/http.d.ts[0m:[93m399[0m:[93m54[0m - [91merror[0m[90m TS1005: [0m',' expected.

[7m399[0m         emit(event: "clientError", err: Error, socket: stream.Duplex): boolean;
[7m   [0m [91m                                                     ~[0m
[96mnode_modules/@types/node/http.d.ts[0m:[93m399[0m:[93m70[0m - [91merror[0m[90m TS1005: [0m';' expected.

[7m399[0m         emit(event: "clientError", err: Error, socket: stream.Duplex): boolean;
[7m   [0m [91m                                                                     ~[0m
[96mnode_modules/@types/node/http.d.ts[0m:[93m399[0m:[93m72[0m - [91merror[0m[90m TS2693: [0m'boolean' only refers to a type, but is being used as a value here.

[7m399[0m         emit(event: "clientError", err: Error, socket: stream.Duplex): boolean;
[7m   [0m [91m                                                                       ~~~~~~~[0m
[96mnode_modules/@types/node/http.d.ts[0m:[93m400[0m:[93m9[0m - [91merror[0m[90m TS2304: [0mCannot find name 'emit'.

[7m400[0m         emit(event: "connect", req: InstanceType<Request>, socket: stream.Duplex, head: Buffer): boolean;
[7m   [0m [91m        ~~~~[0m
[96mnode_modules/@types/node/http.d.ts[0m:[93m400[0m:[93m19[0m - [91merror[0m[90m TS1005: [0m',' expected.

[7m400[0m         emit(event: "connect", req: InstanceType<Request>, socket: stream.Duplex, head: Buffer): boolean;
[7m   [0m [91m                  ~[0m
[96mnode_modules/@types/node/http.d.ts[0m:[93m400[0m:[93m32[0m - [91merror[0m[90m TS2304: [0mCannot find name 'req'.

[7m400[0m         emit(event: "connect", req: InstanceType<Request>, socket: stream.Duplex, head: Buffer): boolean;
[7m   [0m [91m                               ~~~[0m
[96mnode_modules/@types/node/http.d.ts[0m:[93m400[0m:[93m35[0m - [91merror[0m[90m TS1005: [0m',' expected.

[7m400[0m         emit(event: "connect", req: InstanceType<Request>, socket: stream.Duplex, head: Buffer): boolean;
[7m   [0m [91m                                  ~[0m
[96mnode_modules/@types/node/http.d.ts[0m:[93m400[0m:[93m37[0m - [91merror[0m[90m TS2693: [0m'InstanceType' only refers to a type, but is being used as a value here.

[7m400[0m         emit(event: "connect", req: InstanceType<Request>, socket: stream.Duplex, head: Buffer): boolean;
[7m   [0m [91m                                    ~~~~~~~~~~~~[0m
[96mnode_modules/@types/node/http.d.ts[0m:[93m400[0m:[93m58[0m - [91merror[0m[90m TS1109: [0mExpression expected.

[7m400[0m         emit(event: "connect", req: InstanceType<Request>, socket: stream.Duplex, head: Buffer): boolean;
[7m   [0m [91m                                                         ~[0m
[96mnode_modules/@types/node/http.d.ts[0m:[93m400[0m:[93m60[0m - [91merror[0m[90m TS2304: [0mCannot find name 'socket'.

[7m400[0m         emit(event: "connect", req: InstanceType<Request>, socket: stream.Duplex, head: Buffer): boolean;
[7m   [0m [91m                                                           ~~~~~~[0m
[96mnode_modules/@types/node/http.d.ts[0m:[93m400[0m:[93m66[0m - [91merror[0m[90m TS1005: [0m',' expected.

[7m400[0m         emit(event: "connect", req: InstanceType<Request>, socket: stream.Duplex, head: Buffer): boolean;
[7m   [0m [91m                                                                 ~[0m
[96mnode_modules/@types/node/http.d.ts[0m:[93m400[0m:[93m83[0m - [91merror[0m[90m TS2304: [0mCannot find name 'head'.

[7m400[0m         emit(event: "connect", req: InstanceType<Request>, socket: stream.Duplex, head: Buffer): boolean;
[7m   [0m [91m                                                                                  ~~~~[0m
[96mnode_modules/@types/node/http.d.ts[0m:[93m400[0m:[93m87[0m - [91merror[0m[90m TS1005: [0m',' expected.

[7m400[0m         emit(event: "connect", req: InstanceType<Request>, socket: stream.Duplex, head: Buffer): boolean;
[7m   [0m [91m                                                                                      ~[0m
[96mnode_modules/@types/node/http.d.ts[0m:[93m400[0m:[93m96[0m - [91merror[0m[90m TS1005: [0m';' expected.

[7m400[0m         emit(event: "connect", req: InstanceType<Request>, socket: stream.Duplex, head: Buffer): boolean;
[7m   [0m [91m                                                                                               ~[0m
[96mnode_modules/@types/node/http.d.ts[0m:[93m400[0m:[93m98[0m - [91merror[0m[90m TS2693: [0m'boolean' only refers to a type, but is being used as a value here.

[7m400[0m         emit(event: "connect", req: InstanceType<Request>, socket: stream.Duplex, head: Buffer): boolean;
[7m   [0m [91m                                                                                                 ~~~~~~~[0m
[96mnode_modules/@types/node/http.d.ts[0m:[93m401[0m:[93m9[0m - [91merror[0m[90m TS2304: [0mCannot find name 'emit'.

[7m401[0m         emit(
[7m   [0m [91m        ~~~~[0m
[96mnode_modules/@types/node/http.d.ts[0m:[93m402[0m:[93m18[0m - [91merror[0m[90m TS1005: [0m',' expected.

[7m402[0m             event: "request",
[7m   [0m [91m                 ~[0m
[96mnode_modules/@types/node/http.d.ts[0m:[93m403[0m:[93m13[0m - [91merror[0m[90m TS2304: [0mCannot find name 'req'.

[7m403[0m             req: InstanceType<Request>,
[7m   [0m [91m            ~~~[0m
[96mnode_modules/@types/node/http.d.ts[0m:[93m403[0m:[93m16[0m - [91merror[0m[90m TS1005: [0m',' expected.

[7m403[0m             req: InstanceType<Request>,
[7m   [0m [91m               ~[0m
[96mnode_modules/@types/node/http.d.ts[0m:[93m403[0m:[93m18[0m - [91merror[0m[90m TS2693: [0m'InstanceType' only refers to a type, but is being used as a value here.

[7m403[0m             req: InstanceType<Request>,
[7m   [0m [91m                 ~~~~~~~~~~~~[0m
[96mnode_modules/@types/node/http.d.ts[0m:[93m403[0m:[93m39[0m - [91merror[0m[90m TS1109: [0mExpression expected.

[7m403[0m             req: InstanceType<Request>,
[7m   [0m [91m                                      ~[0m
[96mnode_modules/@types/node/http.d.ts[0m:[93m404[0m:[93m13[0m - [91merror[0m[90m TS2304: [0mCannot find name 'res'.

[7m404[0m             res: InstanceType<Response> & { req: InstanceType<Request> },
[7m   [0m [91m            ~~~[0m
[96mnode_modules/@types/node/http.d.ts[0m:[93m404[0m:[93m16[0m - [91merror[0m[90m TS1005: [0m',' expected.

[7m404[0m             res: InstanceType<Response> & { req: InstanceType<Request> },
[7m   [0m [91m               ~[0m
[96mnode_modules/@types/node/http.d.ts[0m:[93m404[0m:[93m18[0m - [91merror[0m[90m TS2693: [0m'InstanceType' only refers to a type, but is being used as a value here.

[7m404[0m             res: InstanceType<Response> & { req: InstanceType<Request> },
[7m   [0m [91m                 ~~~~~~~~~~~~[0m
[96mnode_modules/@types/node/http.d.ts[0m:[93m404[0m:[93m41[0m - [91merror[0m[90m TS1005: [0m'(' expected.

[7m404[0m             res: InstanceType<Response> & { req: InstanceType<Request> },
[7m   [0m [91m                                        ~[0m
[96mnode_modules/@types/node/http.d.ts[0m:[93m404[0m:[93m43[0m - [91merror[0m[90m TS2363: [0mThe right-hand side of an arithmetic operation must be of type 'any', 'number', 'bigint' or an enum type.

[7m404[0m             res: InstanceType<Response> & { req: InstanceType<Request> },
[7m   [0m [91m                                          ~~~~~~~~~~~~~~~~~~~~~~~~~~~~~~[0m
[96mnode_modules/@types/node/http.d.ts[0m:[93m404[0m:[93m50[0m - [91merror[0m[90m TS2693: [0m'InstanceType' only refers to a type, but is being used as a value here.

[7m404[0m             res: InstanceType<Response> & { req: InstanceType<Request> },
[7m   [0m [91m                                                 ~~~~~~~~~~~~[0m
[96mnode_modules/@types/node/http.d.ts[0m:[93m404[0m:[93m72[0m - [91merror[0m[90m TS1005: [0m'(' expected.

[7m404[0m             res: InstanceType<Response> & { req: InstanceType<Request> },
[7m   [0m [91m                                                                       ~[0m
[96mnode_modules/@types/node/http.d.ts[0m:[93m405[0m:[93m10[0m - [91merror[0m[90m TS1005: [0m',' expected.

[7m405[0m         ): boolean;
[7m   [0m [91m         ~[0m
[96mnode_modules/@types/node/http.d.ts[0m:[93m405[0m:[93m12[0m - [91merror[0m[90m TS2693: [0m'boolean' only refers to a type, but is being used as a value here.

[7m405[0m         ): boolean;
[7m   [0m [91m           ~~~~~~~[0m
[96mnode_modules/@types/node/http.d.ts[0m:[93m405[0m:[93m19[0m - [91merror[0m[90m TS1005: [0m')' expected.

[7m405[0m         ): boolean;
[7m   [0m [91m                  ~[0m
[96mnode_modules/@types/node/http.d.ts[0m:[93m406[0m:[93m9[0m - [91merror[0m[90m TS2304: [0mCannot find name 'emit'.

[7m406[0m         emit(event: "upgrade", req: InstanceType<Request>, socket: stream.Duplex, head: Buffer): boolean;
[7m   [0m [91m        ~~~~[0m
[96mnode_modules/@types/node/http.d.ts[0m:[93m406[0m:[93m19[0m - [91merror[0m[90m TS1005: [0m',' expected.

[7m406[0m         emit(event: "upgrade", req: InstanceType<Request>, socket: stream.Duplex, head: Buffer): boolean;
[7m   [0m [91m                  ~[0m
[96mnode_modules/@types/node/http.d.ts[0m:[93m406[0m:[93m32[0m - [91merror[0m[90m TS2304: [0mCannot find name 'req'.

[7m406[0m         emit(event: "upgrade", req: InstanceType<Request>, socket: stream.Duplex, head: Buffer): boolean;
[7m   [0m [91m                               ~~~[0m
[96mnode_modules/@types/node/http.d.ts[0m:[93m406[0m:[93m35[0m - [91merror[0m[90m TS1005: [0m',' expected.

[7m406[0m         emit(event: "upgrade", req: InstanceType<Request>, socket: stream.Duplex, head: Buffer): boolean;
[7m   [0m [91m                                  ~[0m
[96mnode_modules/@types/node/http.d.ts[0m:[93m406[0m:[93m37[0m - [91merror[0m[90m TS2693: [0m'InstanceType' only refers to a type, but is being used as a value here.

[7m406[0m         emit(event: "upgrade", req: InstanceType<Request>, socket: stream.Duplex, head: Buffer): boolean;
[7m   [0m [91m                                    ~~~~~~~~~~~~[0m
[96mnode_modules/@types/node/http.d.ts[0m:[93m406[0m:[93m58[0m - [91merror[0m[90m TS1109: [0mExpression expected.

[7m406[0m         emit(event: "upgrade", req: InstanceType<Request>, socket: stream.Duplex, head: Buffer): boolean;
[7m   [0m [91m                                                         ~[0m
[96mnode_modules/@types/node/http.d.ts[0m:[93m406[0m:[93m60[0m - [91merror[0m[90m TS2304: [0mCannot find name 'socket'.

[7m406[0m         emit(event: "upgrade", req: InstanceType<Request>, socket: stream.Duplex, head: Buffer): boolean;
[7m   [0m [91m                                                           ~~~~~~[0m
[96mnode_modules/@types/node/http.d.ts[0m:[93m406[0m:[93m66[0m - [91merror[0m[90m TS1005: [0m',' expected.

[7m406[0m         emit(event: "upgrade", req: InstanceType<Request>, socket: stream.Duplex, head: Buffer): boolean;
[7m   [0m [91m                                                                 ~[0m
[96mnode_modules/@types/node/http.d.ts[0m:[93m406[0m:[93m83[0m - [91merror[0m[90m TS2304: [0mCannot find name 'head'.

[7m406[0m         emit(event: "upgrade", req: InstanceType<Request>, socket: stream.Duplex, head: Buffer): boolean;
[7m   [0m [91m                                                                                  ~~~~[0m
[96mnode_modules/@types/node/http.d.ts[0m:[93m406[0m:[93m87[0m - [91merror[0m[90m TS1005: [0m',' expected.

[7m406[0m         emit(event: "upgrade", req: InstanceType<Request>, socket: stream.Duplex, head: Buffer): boolean;
[7m   [0m [91m                                                                                      ~[0m
[96mnode_modules/@types/node/http.d.ts[0m:[93m406[0m:[93m96[0m - [91merror[0m[90m TS1005: [0m';' expected.

[7m406[0m         emit(event: "upgrade", req: InstanceType<Request>, socket: stream.Duplex, head: Buffer): boolean;
[7m   [0m [91m                                                                                               ~[0m
[96mnode_modules/@types/node/http.d.ts[0m:[93m406[0m:[93m98[0m - [91merror[0m[90m TS2693: [0m'boolean' only refers to a type, but is being used as a value here.

[7m406[0m         emit(event: "upgrade", req: InstanceType<Request>, socket: stream.Duplex, head: Buffer): boolean;
[7m   [0m [91m                                                                                                 ~~~~~~~[0m
[96mnode_modules/@types/node/http.d.ts[0m:[93m407[0m:[93m9[0m - [91merror[0m[90m TS2304: [0mCannot find name 'on'.

[7m407[0m         on(event: string, listener: (...args: any[]) => void): this;
[7m   [0m [91m        ~~[0m
[96mnode_modules/@types/node/http.d.ts[0m:[93m407[0m:[93m17[0m - [91merror[0m[90m TS1005: [0m',' expected.

[7m407[0m         on(event: string, listener: (...args: any[]) => void): this;
[7m   [0m [91m                ~[0m
[96mnode_modules/@types/node/http.d.ts[0m:[93m407[0m:[93m19[0m - [91merror[0m[90m TS2693: [0m'string' only refers to a type, but is being used as a value here.

[7m407[0m         on(event: string, listener: (...args: any[]) => void): this;
[7m   [0m [91m                  ~~~~~~[0m
[96mnode_modules/@types/node/http.d.ts[0m:[93m407[0m:[93m27[0m - [91merror[0m[90m TS2304: [0mCannot find name 'listener'.

[7m407[0m         on(event: string, listener: (...args: any[]) => void): this;
[7m   [0m [91m                          ~~~~~~~~[0m
[96mnode_modules/@types/node/http.d.ts[0m:[93m407[0m:[93m35[0m - [91merror[0m[90m TS1005: [0m',' expected.

[7m407[0m         on(event: string, listener: (...args: any[]) => void): this;
[7m   [0m [91m                                  ~[0m
[96mnode_modules/@types/node/http.d.ts[0m:[93m407[0m:[93m61[0m - [91merror[0m[90m TS1109: [0mExpression expected.

[7m407[0m         on(event: string, listener: (...args: any[]) => void): this;
[7m   [0m [91m                                                            ~[0m
[96mnode_modules/@types/node/http.d.ts[0m:[93m407[0m:[93m62[0m - [91merror[0m[90m TS1005: [0m';' expected.

[7m407[0m         on(event: string, listener: (...args: any[]) => void): this;
[7m   [0m [91m                                                             ~[0m
[96mnode_modules/@types/node/http.d.ts[0m:[93m407[0m:[93m64[0m - [91merror[0m[90m TS2331: [0m'this' cannot be referenced in a module or namespace body.

[7m407[0m         on(event: string, listener: (...args: any[]) => void): this;
[7m   [0m [91m                                                               ~~~~[0m
[96mnode_modules/@types/node/http.d.ts[0m:[93m408[0m:[93m9[0m - [91merror[0m[90m TS2304: [0mCannot find name 'on'.

[7m408[0m         on(event: "close", listener: () => void): this;
[7m   [0m [91m        ~~[0m
[96mnode_modules/@types/node/http.d.ts[0m:[93m408[0m:[93m17[0m - [91merror[0m[90m TS1005: [0m',' expected.

[7m408[0m         on(event: "close", listener: () => void): this;
[7m   [0m [91m                ~[0m
[96mnode_modules/@types/node/http.d.ts[0m:[93m408[0m:[93m28[0m - [91merror[0m[90m TS2304: [0mCannot find name 'listener'.

[7m408[0m         on(event: "close", listener: () => void): this;
[7m   [0m [91m                           ~~~~~~~~[0m
[96mnode_modules/@types/node/http.d.ts[0m:[93m408[0m:[93m36[0m - [91merror[0m[90m TS1005: [0m',' expected.

[7m408[0m         on(event: "close", listener: () => void): this;
[7m   [0m [91m                                   ~[0m
[96mnode_modules/@types/node/http.d.ts[0m:[93m408[0m:[93m48[0m - [91merror[0m[90m TS1109: [0mExpression expected.

[7m408[0m         on(event: "close", listener: () => void): this;
[7m   [0m [91m                                               ~[0m
[96mnode_modules/@types/node/http.d.ts[0m:[93m408[0m:[93m49[0m - [91merror[0m[90m TS1005: [0m';' expected.

[7m408[0m         on(event: "close", listener: () => void): this;
[7m   [0m [91m                                                ~[0m
[96mnode_modules/@types/node/http.d.ts[0m:[93m408[0m:[93m51[0m - [91merror[0m[90m TS2331: [0m'this' cannot be referenced in a module or namespace body.

[7m408[0m         on(event: "close", listener: () => void): this;
[7m   [0m [91m                                                  ~~~~[0m
[96mnode_modules/@types/node/http.d.ts[0m:[93m409[0m:[93m9[0m - [91merror[0m[90m TS2304: [0mCannot find name 'on'.

[7m409[0m         on(event: "connection", listener: (socket: Socket) => void): this;
[7m   [0m [91m        ~~[0m
[96mnode_modules/@types/node/http.d.ts[0m:[93m409[0m:[93m17[0m - [91merror[0m[90m TS1005: [0m',' expected.

[7m409[0m         on(event: "connection", listener: (socket: Socket) => void): this;
[7m   [0m [91m                ~[0m
[96mnode_modules/@types/node/http.d.ts[0m:[93m409[0m:[93m33[0m - [91merror[0m[90m TS2304: [0mCannot find name 'listener'.

[7m409[0m         on(event: "connection", listener: (socket: Socket) => void): this;
[7m   [0m [91m                                ~~~~~~~~[0m
[96mnode_modules/@types/node/http.d.ts[0m:[93m409[0m:[93m41[0m - [91merror[0m[90m TS1005: [0m',' expected.

[7m409[0m         on(event: "connection", listener: (socket: Socket) => void): this;
[7m   [0m [91m                                        ~[0m
[96mnode_modules/@types/node/http.d.ts[0m:[93m409[0m:[93m67[0m - [91merror[0m[90m TS1109: [0mExpression expected.

[7m409[0m         on(event: "connection", listener: (socket: Socket) => void): this;
[7m   [0m [91m                                                                  ~[0m
[96mnode_modules/@types/node/http.d.ts[0m:[93m409[0m:[93m68[0m - [91merror[0m[90m TS1005: [0m';' expected.

[7m409[0m         on(event: "connection", listener: (socket: Socket) => void): this;
[7m   [0m [91m                                                                   ~[0m
[96mnode_modules/@types/node/http.d.ts[0m:[93m409[0m:[93m70[0m - [91merror[0m[90m TS2331: [0m'this' cannot be referenced in a module or namespace body.

[7m409[0m         on(event: "connection", listener: (socket: Socket) => void): this;
[7m   [0m [91m                                                                     ~~~~[0m
[96mnode_modules/@types/node/http.d.ts[0m:[93m410[0m:[93m9[0m - [91merror[0m[90m TS2304: [0mCannot find name 'on'.

[7m410[0m         on(event: "error", listener: (err: Error) => void): this;
[7m   [0m [91m        ~~[0m
[96mnode_modules/@types/node/http.d.ts[0m:[93m410[0m:[93m17[0m - [91merror[0m[90m TS1005: [0m',' expected.

[7m410[0m         on(event: "error", listener: (err: Error) => void): this;
[7m   [0m [91m                ~[0m
[96mnode_modules/@types/node/http.d.ts[0m:[93m410[0m:[93m28[0m - [91merror[0m[90m TS2304: [0mCannot find name 'listener'.

[7m410[0m         on(event: "error", listener: (err: Error) => void): this;
[7m   [0m [91m                           ~~~~~~~~[0m
[96mnode_modules/@types/node/http.d.ts[0m:[93m410[0m:[93m36[0m - [91merror[0m[90m TS1005: [0m',' expected.

[7m410[0m         on(event: "error", listener: (err: Error) => void): this;
[7m   [0m [91m                                   ~[0m
[96mnode_modules/@types/node/http.d.ts[0m:[93m410[0m:[93m58[0m - [91merror[0m[90m TS1109: [0mExpression expected.

[7m410[0m         on(event: "error", listener: (err: Error) => void): this;
[7m   [0m [91m                                                         ~[0m
[96mnode_modules/@types/node/http.d.ts[0m:[93m410[0m:[93m59[0m - [91merror[0m[90m TS1005: [0m';' expected.

[7m410[0m         on(event: "error", listener: (err: Error) => void): this;
[7m   [0m [91m                                                          ~[0m
[96mnode_modules/@types/node/http.d.ts[0m:[93m410[0m:[93m61[0m - [91merror[0m[90m TS2331: [0m'this' cannot be referenced in a module or namespace body.

[7m410[0m         on(event: "error", listener: (err: Error) => void): this;
[7m   [0m [91m                                                            ~~~~[0m
[96mnode_modules/@types/node/http.d.ts[0m:[93m411[0m:[93m9[0m - [91merror[0m[90m TS2304: [0mCannot find name 'on'.

[7m411[0m         on(event: "listening", listener: () => void): this;
[7m   [0m [91m        ~~[0m
[96mnode_modules/@types/node/http.d.ts[0m:[93m411[0m:[93m17[0m - [91merror[0m[90m TS1005: [0m',' expected.

[7m411[0m         on(event: "listening", listener: () => void): this;
[7m   [0m [91m                ~[0m
[96mnode_modules/@types/node/http.d.ts[0m:[93m411[0m:[93m32[0m - [91merror[0m[90m TS2304: [0mCannot find name 'listener'.

[7m411[0m         on(event: "listening", listener: () => void): this;
[7m   [0m [91m                               ~~~~~~~~[0m
[96mnode_modules/@types/node/http.d.ts[0m:[93m411[0m:[93m40[0m - [91merror[0m[90m TS1005: [0m',' expected.

[7m411[0m         on(event: "listening", listener: () => void): this;
[7m   [0m [91m                                       ~[0m
[96mnode_modules/@types/node/http.d.ts[0m:[93m411[0m:[93m52[0m - [91merror[0m[90m TS1109: [0mExpression expected.

[7m411[0m         on(event: "listening", listener: () => void): this;
[7m   [0m [91m                                                   ~[0m
[96mnode_modules/@types/node/http.d.ts[0m:[93m411[0m:[93m53[0m - [91merror[0m[90m TS1005: [0m';' expected.

[7m411[0m         on(event: "listening", listener: () => void): this;
[7m   [0m [91m                                                    ~[0m
[96mnode_modules/@types/node/http.d.ts[0m:[93m411[0m:[93m55[0m - [91merror[0m[90m TS2331: [0m'this' cannot be referenced in a module or namespace body.

[7m411[0m         on(event: "listening", listener: () => void): this;
[7m   [0m [91m                                                      ~~~~[0m
[96mnode_modules/@types/node/http.d.ts[0m:[93m412[0m:[93m9[0m - [91merror[0m[90m TS2304: [0mCannot find name 'on'.

[7m412[0m         on(event: "checkContinue", listener: RequestListener<Request, Response>): this;
[7m   [0m [91m        ~~[0m
[96mnode_modules/@types/node/http.d.ts[0m:[93m412[0m:[93m17[0m - [91merror[0m[90m TS1005: [0m',' expected.

[7m412[0m         on(event: "checkContinue", listener: RequestListener<Request, Response>): this;
[7m   [0m [91m                ~[0m
[96mnode_modules/@types/node/http.d.ts[0m:[93m412[0m:[93m36[0m - [91merror[0m[90m TS2304: [0mCannot find name 'listener'.

[7m412[0m         on(event: "checkContinue", listener: RequestListener<Request, Response>): this;
[7m   [0m [91m                                   ~~~~~~~~[0m
[96mnode_modules/@types/node/http.d.ts[0m:[93m412[0m:[93m44[0m - [91merror[0m[90m TS1005: [0m',' expected.

[7m412[0m         on(event: "checkContinue", listener: RequestListener<Request, Response>): this;
[7m   [0m [91m                                           ~[0m
[96mnode_modules/@types/node/http.d.ts[0m:[93m412[0m:[93m46[0m - [91merror[0m[90m TS2693: [0m'RequestListener' only refers to a type, but is being used as a value here.

[7m412[0m         on(event: "checkContinue", listener: RequestListener<Request, Response>): this;
[7m   [0m [91m                                             ~~~~~~~~~~~~~~~[0m
[96mnode_modules/@types/node/http.d.ts[0m:[93m412[0m:[93m80[0m - [91merror[0m[90m TS1005: [0m'(' expected.

[7m412[0m         on(event: "checkContinue", listener: RequestListener<Request, Response>): this;
[7m   [0m [91m                                                                               ~[0m
[96mnode_modules/@types/node/http.d.ts[0m:[93m412[0m:[93m81[0m - [91merror[0m[90m TS1005: [0m',' expected.

[7m412[0m         on(event: "checkContinue", listener: RequestListener<Request, Response>): this;
[7m   [0m [91m                                                                                ~[0m
[96mnode_modules/@types/node/http.d.ts[0m:[93m412[0m:[93m83[0m - [91merror[0m[90m TS2331: [0m'this' cannot be referenced in a module or namespace body.

[7m412[0m         on(event: "checkContinue", listener: RequestListener<Request, Response>): this;
[7m   [0m [91m                                                                                  ~~~~[0m
[96mnode_modules/@types/node/http.d.ts[0m:[93m412[0m:[93m87[0m - [91merror[0m[90m TS1005: [0m')' expected.

[7m412[0m         on(event: "checkContinue", listener: RequestListener<Request, Response>): this;
[7m   [0m [91m                                                                                      ~[0m
[96mnode_modules/@types/node/http.d.ts[0m:[93m413[0m:[93m9[0m - [91merror[0m[90m TS2304: [0mCannot find name 'on'.

[7m413[0m         on(event: "checkExpectation", listener: RequestListener<Request, Response>): this;
[7m   [0m [91m        ~~[0m
[96mnode_modules/@types/node/http.d.ts[0m:[93m413[0m:[93m17[0m - [91merror[0m[90m TS1005: [0m',' expected.

[7m413[0m         on(event: "checkExpectation", listener: RequestListener<Request, Response>): this;
[7m   [0m [91m                ~[0m
[96mnode_modules/@types/node/http.d.ts[0m:[93m413[0m:[93m39[0m - [91merror[0m[90m TS2304: [0mCannot find name 'listener'.

[7m413[0m         on(event: "checkExpectation", listener: RequestListener<Request, Response>): this;
[7m   [0m [91m                                      ~~~~~~~~[0m
[96mnode_modules/@types/node/http.d.ts[0m:[93m413[0m:[93m47[0m - [91merror[0m[90m TS1005: [0m',' expected.

[7m413[0m         on(event: "checkExpectation", listener: RequestListener<Request, Response>): this;
[7m   [0m [91m                                              ~[0m
[96mnode_modules/@types/node/http.d.ts[0m:[93m413[0m:[93m49[0m - [91merror[0m[90m TS2693: [0m'RequestListener' only refers to a type, but is being used as a value here.

[7m413[0m         on(event: "checkExpectation", listener: RequestListener<Request, Response>): this;
[7m   [0m [91m                                                ~~~~~~~~~~~~~~~[0m
[96mnode_modules/@types/node/http.d.ts[0m:[93m413[0m:[93m83[0m - [91merror[0m[90m TS1005: [0m'(' expected.

[7m413[0m         on(event: "checkExpectation", listener: RequestListener<Request, Response>): this;
[7m   [0m [91m                                                                                  ~[0m
[96mnode_modules/@types/node/http.d.ts[0m:[93m413[0m:[93m84[0m - [91merror[0m[90m TS1005: [0m',' expected.

[7m413[0m         on(event: "checkExpectation", listener: RequestListener<Request, Response>): this;
[7m   [0m [91m                                                                                   ~[0m
[96mnode_modules/@types/node/http.d.ts[0m:[93m413[0m:[93m86[0m - [91merror[0m[90m TS2331: [0m'this' cannot be referenced in a module or namespace body.

[7m413[0m         on(event: "checkExpectation", listener: RequestListener<Request, Response>): this;
[7m   [0m [91m                                                                                     ~~~~[0m
[96mnode_modules/@types/node/http.d.ts[0m:[93m413[0m:[93m90[0m - [91merror[0m[90m TS1005: [0m')' expected.

[7m413[0m         on(event: "checkExpectation", listener: RequestListener<Request, Response>): this;
[7m   [0m [91m                                                                                         ~[0m
[96mnode_modules/@types/node/http.d.ts[0m:[93m414[0m:[93m9[0m - [91merror[0m[90m TS2304: [0mCannot find name 'on'.

[7m414[0m         on(event: "clientError", listener: (err: Error, socket: stream.Duplex) => void): this;
[7m   [0m [91m        ~~[0m
[96mnode_modules/@types/node/http.d.ts[0m:[93m414[0m:[93m17[0m - [91merror[0m[90m TS1005: [0m',' expected.

[7m414[0m         on(event: "clientError", listener: (err: Error, socket: stream.Duplex) => void): this;
[7m   [0m [91m                ~[0m
[96mnode_modules/@types/node/http.d.ts[0m:[93m414[0m:[93m34[0m - [91merror[0m[90m TS2304: [0mCannot find name 'listener'.

[7m414[0m         on(event: "clientError", listener: (err: Error, socket: stream.Duplex) => void): this;
[7m   [0m [91m                                 ~~~~~~~~[0m
[96mnode_modules/@types/node/http.d.ts[0m:[93m414[0m:[93m42[0m - [91merror[0m[90m TS1005: [0m',' expected.

[7m414[0m         on(event: "clientError", listener: (err: Error, socket: stream.Duplex) => void): this;
[7m   [0m [91m                                         ~[0m
[96mnode_modules/@types/node/http.d.ts[0m:[93m414[0m:[93m87[0m - [91merror[0m[90m TS1109: [0mExpression expected.

[7m414[0m         on(event: "clientError", listener: (err: Error, socket: stream.Duplex) => void): this;
[7m   [0m [91m                                                                                      ~[0m
[96mnode_modules/@types/node/http.d.ts[0m:[93m414[0m:[93m88[0m - [91merror[0m[90m TS1005: [0m';' expected.

[7m414[0m         on(event: "clientError", listener: (err: Error, socket: stream.Duplex) => void): this;
[7m   [0m [91m                                                                                       ~[0m
[96mnode_modules/@types/node/http.d.ts[0m:[93m414[0m:[93m90[0m - [91merror[0m[90m TS2331: [0m'this' cannot be referenced in a module or namespace body.

[7m414[0m         on(event: "clientError", listener: (err: Error, socket: stream.Duplex) => void): this;
[7m   [0m [91m                                                                                         ~~~~[0m
[96mnode_modules/@types/node/http.d.ts[0m:[93m415[0m:[93m9[0m - [91merror[0m[90m TS2304: [0mCannot find name 'on'.

[7m415[0m         on(event: "connect", listener: (req: InstanceType<Request>, socket: stream.Duplex, head: Buffer) => void): this;
[7m   [0m [91m        ~~[0m
[96mnode_modules/@types/node/http.d.ts[0m:[93m415[0m:[93m17[0m - [91merror[0m[90m TS1005: [0m',' expected.

[7m415[0m         on(event: "connect", listener: (req: InstanceType<Request>, socket: stream.Duplex, head: Buffer) => void): this;
[7m   [0m [91m                ~[0m
[96mnode_modules/@types/node/http.d.ts[0m:[93m415[0m:[93m30[0m - [91merror[0m[90m TS2304: [0mCannot find name 'listener'.

[7m415[0m         on(event: "connect", listener: (req: InstanceType<Request>, socket: stream.Duplex, head: Buffer) => void): this;
[7m   [0m [91m                             ~~~~~~~~[0m
[96mnode_modules/@types/node/http.d.ts[0m:[93m415[0m:[93m38[0m - [91merror[0m[90m TS1005: [0m',' expected.

[7m415[0m         on(event: "connect", listener: (req: InstanceType<Request>, socket: stream.Duplex, head: Buffer) => void): this;
[7m   [0m [91m                                     ~[0m
[96mnode_modules/@types/node/http.d.ts[0m:[93m415[0m:[93m59[0m - [91merror[0m[90m TS2344: [0mType 'Request' does not satisfy the constraint 'new (...args: any) => any'.

[7m415[0m         on(event: "connect", listener: (req: InstanceType<Request>, socket: stream.Duplex, head: Buffer) => void): this;
[7m   [0m [91m                                                          ~~~~~~~[0m
[96mnode_modules/@types/node/http.d.ts[0m:[93m415[0m:[93m113[0m - [91merror[0m[90m TS1109: [0mExpression expected.

[7m415[0m         on(event: "connect", listener: (req: InstanceType<Request>, socket: stream.Duplex, head: Buffer) => void): this;
[7m   [0m [91m                                                                                                                ~[0m
[96mnode_modules/@types/node/http.d.ts[0m:[93m415[0m:[93m114[0m - [91merror[0m[90m TS1005: [0m';' expected.

[7m415[0m         on(event: "connect", listener: (req: InstanceType<Request>, socket: stream.Duplex, head: Buffer) => void): this;
[7m   [0m [91m                                                                                                                 ~[0m
[96mnode_modules/@types/node/http.d.ts[0m:[93m415[0m:[93m116[0m - [91merror[0m[90m TS2331: [0m'this' cannot be referenced in a module or namespace body.

[7m415[0m         on(event: "connect", listener: (req: InstanceType<Request>, socket: stream.Duplex, head: Buffer) => void): this;
[7m   [0m [91m                                                                                                                   ~~~~[0m
[96mnode_modules/@types/node/http.d.ts[0m:[93m416[0m:[93m9[0m - [91merror[0m[90m TS2304: [0mCannot find name 'on'.

[7m416[0m         on(event: "request", listener: RequestListener<Request, Response>): this;
[7m   [0m [91m        ~~[0m
[96mnode_modules/@types/node/http.d.ts[0m:[93m416[0m:[93m17[0m - [91merror[0m[90m TS1005: [0m',' expected.

[7m416[0m         on(event: "request", listener: RequestListener<Request, Response>): this;
[7m   [0m [91m                ~[0m
[96mnode_modules/@types/node/http.d.ts[0m:[93m416[0m:[93m30[0m - [91merror[0m[90m TS2304: [0mCannot find name 'listener'.

[7m416[0m         on(event: "request", listener: RequestListener<Request, Response>): this;
[7m   [0m [91m                             ~~~~~~~~[0m
[96mnode_modules/@types/node/http.d.ts[0m:[93m416[0m:[93m38[0m - [91merror[0m[90m TS1005: [0m',' expected.

[7m416[0m         on(event: "request", listener: RequestListener<Request, Response>): this;
[7m   [0m [91m                                     ~[0m
[96mnode_modules/@types/node/http.d.ts[0m:[93m416[0m:[93m40[0m - [91merror[0m[90m TS2693: [0m'RequestListener' only refers to a type, but is being used as a value here.

[7m416[0m         on(event: "request", listener: RequestListener<Request, Response>): this;
[7m   [0m [91m                                       ~~~~~~~~~~~~~~~[0m
[96mnode_modules/@types/node/http.d.ts[0m:[93m416[0m:[93m74[0m - [91merror[0m[90m TS1005: [0m'(' expected.

[7m416[0m         on(event: "request", listener: RequestListener<Request, Response>): this;
[7m   [0m [91m                                                                         ~[0m
[96mnode_modules/@types/node/http.d.ts[0m:[93m416[0m:[93m75[0m - [91merror[0m[90m TS1005: [0m',' expected.

[7m416[0m         on(event: "request", listener: RequestListener<Request, Response>): this;
[7m   [0m [91m                                                                          ~[0m
[96mnode_modules/@types/node/http.d.ts[0m:[93m416[0m:[93m77[0m - [91merror[0m[90m TS2331: [0m'this' cannot be referenced in a module or namespace body.

[7m416[0m         on(event: "request", listener: RequestListener<Request, Response>): this;
[7m   [0m [91m                                                                            ~~~~[0m
[96mnode_modules/@types/node/http.d.ts[0m:[93m416[0m:[93m81[0m - [91merror[0m[90m TS1005: [0m')' expected.

[7m416[0m         on(event: "request", listener: RequestListener<Request, Response>): this;
[7m   [0m [91m                                                                                ~[0m
[96mnode_modules/@types/node/http.d.ts[0m:[93m417[0m:[93m9[0m - [91merror[0m[90m TS2304: [0mCannot find name 'on'.

[7m417[0m         on(event: "upgrade", listener: (req: InstanceType<Request>, socket: stream.Duplex, head: Buffer) => void): this;
[7m   [0m [91m        ~~[0m
[96mnode_modules/@types/node/http.d.ts[0m:[93m417[0m:[93m17[0m - [91merror[0m[90m TS1005: [0m',' expected.

[7m417[0m         on(event: "upgrade", listener: (req: InstanceType<Request>, socket: stream.Duplex, head: Buffer) => void): this;
[7m   [0m [91m                ~[0m
[96mnode_modules/@types/node/http.d.ts[0m:[93m417[0m:[93m30[0m - [91merror[0m[90m TS2304: [0mCannot find name 'listener'.

[7m417[0m         on(event: "upgrade", listener: (req: InstanceType<Request>, socket: stream.Duplex, head: Buffer) => void): this;
[7m   [0m [91m                             ~~~~~~~~[0m
[96mnode_modules/@types/node/http.d.ts[0m:[93m417[0m:[93m38[0m - [91merror[0m[90m TS1005: [0m',' expected.

[7m417[0m         on(event: "upgrade", listener: (req: InstanceType<Request>, socket: stream.Duplex, head: Buffer) => void): this;
[7m   [0m [91m                                     ~[0m
[96mnode_modules/@types/node/http.d.ts[0m:[93m417[0m:[93m59[0m - [91merror[0m[90m TS2344: [0mType 'Request' does not satisfy the constraint 'new (...args: any) => any'.

[7m417[0m         on(event: "upgrade", listener: (req: InstanceType<Request>, socket: stream.Duplex, head: Buffer) => void): this;
[7m   [0m [91m                                                          ~~~~~~~[0m
[96mnode_modules/@types/node/http.d.ts[0m:[93m417[0m:[93m113[0m - [91merror[0m[90m TS1109: [0mExpression expected.

[7m417[0m         on(event: "upgrade", listener: (req: InstanceType<Request>, socket: stream.Duplex, head: Buffer) => void): this;
[7m   [0m [91m                                                                                                                ~[0m
[96mnode_modules/@types/node/http.d.ts[0m:[93m417[0m:[93m114[0m - [91merror[0m[90m TS1005: [0m';' expected.

[7m417[0m         on(event: "upgrade", listener: (req: InstanceType<Request>, socket: stream.Duplex, head: Buffer) => void): this;
[7m   [0m [91m                                                                                                                 ~[0m
[96mnode_modules/@types/node/http.d.ts[0m:[93m417[0m:[93m116[0m - [91merror[0m[90m TS2331: [0m'this' cannot be referenced in a module or namespace body.

[7m417[0m         on(event: "upgrade", listener: (req: InstanceType<Request>, socket: stream.Duplex, head: Buffer) => void): this;
[7m   [0m [91m                                                                                                                   ~~~~[0m
[96mnode_modules/@types/node/http.d.ts[0m:[93m418[0m:[93m9[0m - [91merror[0m[90m TS2304: [0mCannot find name 'once'.

[7m418[0m         once(event: string, listener: (...args: any[]) => void): this;
[7m   [0m [91m        ~~~~[0m
[96mnode_modules/@types/node/http.d.ts[0m:[93m418[0m:[93m19[0m - [91merror[0m[90m TS1005: [0m',' expected.

[7m418[0m         once(event: string, listener: (...args: any[]) => void): this;
[7m   [0m [91m                  ~[0m
[96mnode_modules/@types/node/http.d.ts[0m:[93m418[0m:[93m21[0m - [91merror[0m[90m TS2693: [0m'string' only refers to a type, but is being used as a value here.

[7m418[0m         once(event: string, listener: (...args: any[]) => void): this;
[7m   [0m [91m                    ~~~~~~[0m
[96mnode_modules/@types/node/http.d.ts[0m:[93m418[0m:[93m29[0m - [91merror[0m[90m TS2304: [0mCannot find name 'listener'.

[7m418[0m         once(event: string, listener: (...args: any[]) => void): this;
[7m   [0m [91m                            ~~~~~~~~[0m
[96mnode_modules/@types/node/http.d.ts[0m:[93m418[0m:[93m37[0m - [91merror[0m[90m TS1005: [0m',' expected.

[7m418[0m         once(event: string, listener: (...args: any[]) => void): this;
[7m   [0m [91m                                    ~[0m
[96mnode_modules/@types/node/http.d.ts[0m:[93m418[0m:[93m63[0m - [91merror[0m[90m TS1109: [0mExpression expected.

[7m418[0m         once(event: string, listener: (...args: any[]) => void): this;
[7m   [0m [91m                                                              ~[0m
[96mnode_modules/@types/node/http.d.ts[0m:[93m418[0m:[93m64[0m - [91merror[0m[90m TS1005: [0m';' expected.

[7m418[0m         once(event: string, listener: (...args: any[]) => void): this;
[7m   [0m [91m                                                               ~[0m
[96mnode_modules/@types/node/http.d.ts[0m:[93m418[0m:[93m66[0m - [91merror[0m[90m TS2331: [0m'this' cannot be referenced in a module or namespace body.

[7m418[0m         once(event: string, listener: (...args: any[]) => void): this;
[7m   [0m [91m                                                                 ~~~~[0m
[96mnode_modules/@types/node/http.d.ts[0m:[93m419[0m:[93m9[0m - [91merror[0m[90m TS2304: [0mCannot find name 'once'.

[7m419[0m         once(event: "close", listener: () => void): this;
[7m   [0m [91m        ~~~~[0m
[96mnode_modules/@types/node/http.d.ts[0m:[93m419[0m:[93m19[0m - [91merror[0m[90m TS1005: [0m',' expected.

[7m419[0m         once(event: "close", listener: () => void): this;
[7m   [0m [91m                  ~[0m
[96mnode_modules/@types/node/http.d.ts[0m:[93m419[0m:[93m30[0m - [91merror[0m[90m TS2304: [0mCannot find name 'listener'.

[7m419[0m         once(event: "close", listener: () => void): this;
[7m   [0m [91m                             ~~~~~~~~[0m
[96mnode_modules/@types/node/http.d.ts[0m:[93m419[0m:[93m38[0m - [91merror[0m[90m TS1005: [0m',' expected.

[7m419[0m         once(event: "close", listener: () => void): this;
[7m   [0m [91m                                     ~[0m
[96mnode_modules/@types/node/http.d.ts[0m:[93m419[0m:[93m50[0m - [91merror[0m[90m TS1109: [0mExpression expected.

[7m419[0m         once(event: "close", listener: () => void): this;
[7m   [0m [91m                                                 ~[0m
[96mnode_modules/@types/node/http.d.ts[0m:[93m419[0m:[93m51[0m - [91merror[0m[90m TS1005: [0m';' expected.

[7m419[0m         once(event: "close", listener: () => void): this;
[7m   [0m [91m                                                  ~[0m
[96mnode_modules/@types/node/http.d.ts[0m:[93m419[0m:[93m53[0m - [91merror[0m[90m TS2331: [0m'this' cannot be referenced in a module or namespace body.

[7m419[0m         once(event: "close", listener: () => void): this;
[7m   [0m [91m                                                    ~~~~[0m
[96mnode_modules/@types/node/http.d.ts[0m:[93m420[0m:[93m9[0m - [91merror[0m[90m TS2304: [0mCannot find name 'once'.

[7m420[0m         once(event: "connection", listener: (socket: Socket) => void): this;
[7m   [0m [91m        ~~~~[0m
[96mnode_modules/@types/node/http.d.ts[0m:[93m420[0m:[93m19[0m - [91merror[0m[90m TS1005: [0m',' expected.

[7m420[0m         once(event: "connection", listener: (socket: Socket) => void): this;
[7m   [0m [91m                  ~[0m
[96mnode_modules/@types/node/http.d.ts[0m:[93m420[0m:[93m35[0m - [91merror[0m[90m TS2304: [0mCannot find name 'listener'.

[7m420[0m         once(event: "connection", listener: (socket: Socket) => void): this;
[7m   [0m [91m                                  ~~~~~~~~[0m
[96mnode_modules/@types/node/http.d.ts[0m:[93m420[0m:[93m43[0m - [91merror[0m[90m TS1005: [0m',' expected.

[7m420[0m         once(event: "connection", listener: (socket: Socket) => void): this;
[7m   [0m [91m                                          ~[0m
[96mnode_modules/@types/node/http.d.ts[0m:[93m420[0m:[93m69[0m - [91merror[0m[90m TS1109: [0mExpression expected.

[7m420[0m         once(event: "connection", listener: (socket: Socket) => void): this;
[7m   [0m [91m                                                                    ~[0m
[96mnode_modules/@types/node/http.d.ts[0m:[93m420[0m:[93m70[0m - [91merror[0m[90m TS1005: [0m';' expected.

[7m420[0m         once(event: "connection", listener: (socket: Socket) => void): this;
[7m   [0m [91m                                                                     ~[0m
[96mnode_modules/@types/node/http.d.ts[0m:[93m420[0m:[93m72[0m - [91merror[0m[90m TS2331: [0m'this' cannot be referenced in a module or namespace body.

[7m420[0m         once(event: "connection", listener: (socket: Socket) => void): this;
[7m   [0m [91m                                                                       ~~~~[0m
[96mnode_modules/@types/node/http.d.ts[0m:[93m421[0m:[93m9[0m - [91merror[0m[90m TS2304: [0mCannot find name 'once'.

[7m421[0m         once(event: "error", listener: (err: Error) => void): this;
[7m   [0m [91m        ~~~~[0m
[96mnode_modules/@types/node/http.d.ts[0m:[93m421[0m:[93m19[0m - [91merror[0m[90m TS1005: [0m',' expected.

[7m421[0m         once(event: "error", listener: (err: Error) => void): this;
[7m   [0m [91m                  ~[0m
[96mnode_modules/@types/node/http.d.ts[0m:[93m421[0m:[93m30[0m - [91merror[0m[90m TS2304: [0mCannot find name 'listener'.

[7m421[0m         once(event: "error", listener: (err: Error) => void): this;
[7m   [0m [91m                             ~~~~~~~~[0m
[96mnode_modules/@types/node/http.d.ts[0m:[93m421[0m:[93m38[0m - [91merror[0m[90m TS1005: [0m',' expected.

[7m421[0m         once(event: "error", listener: (err: Error) => void): this;
[7m   [0m [91m                                     ~[0m
[96mnode_modules/@types/node/http.d.ts[0m:[93m421[0m:[93m60[0m - [91merror[0m[90m TS1109: [0mExpression expected.

[7m421[0m         once(event: "error", listener: (err: Error) => void): this;
[7m   [0m [91m                                                           ~[0m
[96mnode_modules/@types/node/http.d.ts[0m:[93m421[0m:[93m61[0m - [91merror[0m[90m TS1005: [0m';' expected.

[7m421[0m         once(event: "error", listener: (err: Error) => void): this;
[7m   [0m [91m                                                            ~[0m
[96mnode_modules/@types/node/http.d.ts[0m:[93m421[0m:[93m63[0m - [91merror[0m[90m TS2331: [0m'this' cannot be referenced in a module or namespace body.

[7m421[0m         once(event: "error", listener: (err: Error) => void): this;
[7m   [0m [91m                                                              ~~~~[0m
[96mnode_modules/@types/node/http.d.ts[0m:[93m422[0m:[93m9[0m - [91merror[0m[90m TS2304: [0mCannot find name 'once'.

[7m422[0m         once(event: "listening", listener: () => void): this;
[7m   [0m [91m        ~~~~[0m
[96mnode_modules/@types/node/http.d.ts[0m:[93m422[0m:[93m19[0m - [91merror[0m[90m TS1005: [0m',' expected.

[7m422[0m         once(event: "listening", listener: () => void): this;
[7m   [0m [91m                  ~[0m
[96mnode_modules/@types/node/http.d.ts[0m:[93m422[0m:[93m34[0m - [91merror[0m[90m TS2304: [0mCannot find name 'listener'.

[7m422[0m         once(event: "listening", listener: () => void): this;
[7m   [0m [91m                                 ~~~~~~~~[0m
[96mnode_modules/@types/node/http.d.ts[0m:[93m422[0m:[93m42[0m - [91merror[0m[90m TS1005: [0m',' expected.

[7m422[0m         once(event: "listening", listener: () => void): this;
[7m   [0m [91m                                         ~[0m
[96mnode_modules/@types/node/http.d.ts[0m:[93m422[0m:[93m54[0m - [91merror[0m[90m TS1109: [0mExpression expected.

[7m422[0m         once(event: "listening", listener: () => void): this;
[7m   [0m [91m                                                     ~[0m
[96mnode_modules/@types/node/http.d.ts[0m:[93m422[0m:[93m55[0m - [91merror[0m[90m TS1005: [0m';' expected.

[7m422[0m         once(event: "listening", listener: () => void): this;
[7m   [0m [91m                                                      ~[0m
[96mnode_modules/@types/node/http.d.ts[0m:[93m422[0m:[93m57[0m - [91merror[0m[90m TS2331: [0m'this' cannot be referenced in a module or namespace body.

[7m422[0m         once(event: "listening", listener: () => void): this;
[7m   [0m [91m                                                        ~~~~[0m
[96mnode_modules/@types/node/http.d.ts[0m:[93m423[0m:[93m9[0m - [91merror[0m[90m TS2304: [0mCannot find name 'once'.

[7m423[0m         once(event: "checkContinue", listener: RequestListener<Request, Response>): this;
[7m   [0m [91m        ~~~~[0m
[96mnode_modules/@types/node/http.d.ts[0m:[93m423[0m:[93m19[0m - [91merror[0m[90m TS1005: [0m',' expected.

[7m423[0m         once(event: "checkContinue", listener: RequestListener<Request, Response>): this;
[7m   [0m [91m                  ~[0m
[96mnode_modules/@types/node/http.d.ts[0m:[93m423[0m:[93m38[0m - [91merror[0m[90m TS2304: [0mCannot find name 'listener'.

[7m423[0m         once(event: "checkContinue", listener: RequestListener<Request, Response>): this;
[7m   [0m [91m                                     ~~~~~~~~[0m
[96mnode_modules/@types/node/http.d.ts[0m:[93m423[0m:[93m46[0m - [91merror[0m[90m TS1005: [0m',' expected.

[7m423[0m         once(event: "checkContinue", listener: RequestListener<Request, Response>): this;
[7m   [0m [91m                                             ~[0m
[96mnode_modules/@types/node/http.d.ts[0m:[93m423[0m:[93m48[0m - [91merror[0m[90m TS2693: [0m'RequestListener' only refers to a type, but is being used as a value here.

[7m423[0m         once(event: "checkContinue", listener: RequestListener<Request, Response>): this;
[7m   [0m [91m                                               ~~~~~~~~~~~~~~~[0m
[96mnode_modules/@types/node/http.d.ts[0m:[93m423[0m:[93m82[0m - [91merror[0m[90m TS1005: [0m'(' expected.

[7m423[0m         once(event: "checkContinue", listener: RequestListener<Request, Response>): this;
[7m   [0m [91m                                                                                 ~[0m
[96mnode_modules/@types/node/http.d.ts[0m:[93m423[0m:[93m83[0m - [91merror[0m[90m TS1005: [0m',' expected.

[7m423[0m         once(event: "checkContinue", listener: RequestListener<Request, Response>): this;
[7m   [0m [91m                                                                                  ~[0m
[96mnode_modules/@types/node/http.d.ts[0m:[93m423[0m:[93m85[0m - [91merror[0m[90m TS2331: [0m'this' cannot be referenced in a module or namespace body.

[7m423[0m         once(event: "checkContinue", listener: RequestListener<Request, Response>): this;
[7m   [0m [91m                                                                                    ~~~~[0m
[96mnode_modules/@types/node/http.d.ts[0m:[93m423[0m:[93m89[0m - [91merror[0m[90m TS1005: [0m')' expected.

[7m423[0m         once(event: "checkContinue", listener: RequestListener<Request, Response>): this;
[7m   [0m [91m                                                                                        ~[0m
[96mnode_modules/@types/node/http.d.ts[0m:[93m424[0m:[93m9[0m - [91merror[0m[90m TS2304: [0mCannot find name 'once'.

[7m424[0m         once(event: "checkExpectation", listener: RequestListener<Request, Response>): this;
[7m   [0m [91m        ~~~~[0m
[96mnode_modules/@types/node/http.d.ts[0m:[93m424[0m:[93m19[0m - [91merror[0m[90m TS1005: [0m',' expected.

[7m424[0m         once(event: "checkExpectation", listener: RequestListener<Request, Response>): this;
[7m   [0m [91m                  ~[0m
[96mnode_modules/@types/node/http.d.ts[0m:[93m424[0m:[93m41[0m - [91merror[0m[90m TS2304: [0mCannot find name 'listener'.

[7m424[0m         once(event: "checkExpectation", listener: RequestListener<Request, Response>): this;
[7m   [0m [91m                                        ~~~~~~~~[0m
[96mnode_modules/@types/node/http.d.ts[0m:[93m424[0m:[93m49[0m - [91merror[0m[90m TS1005: [0m',' expected.

[7m424[0m         once(event: "checkExpectation", listener: RequestListener<Request, Response>): this;
[7m   [0m [91m                                                ~[0m
[96mnode_modules/@types/node/http.d.ts[0m:[93m424[0m:[93m51[0m - [91merror[0m[90m TS2693: [0m'RequestListener' only refers to a type, but is being used as a value here.

[7m424[0m         once(event: "checkExpectation", listener: RequestListener<Request, Response>): this;
[7m   [0m [91m                                                  ~~~~~~~~~~~~~~~[0m
[96mnode_modules/@types/node/http.d.ts[0m:[93m424[0m:[93m85[0m - [91merror[0m[90m TS1005: [0m'(' expected.

[7m424[0m         once(event: "checkExpectation", listener: RequestListener<Request, Response>): this;
[7m   [0m [91m                                                                                    ~[0m
[96mnode_modules/@types/node/http.d.ts[0m:[93m424[0m:[93m86[0m - [91merror[0m[90m TS1005: [0m',' expected.

[7m424[0m         once(event: "checkExpectation", listener: RequestListener<Request, Response>): this;
[7m   [0m [91m                                                                                     ~[0m
[96mnode_modules/@types/node/http.d.ts[0m:[93m424[0m:[93m88[0m - [91merror[0m[90m TS2331: [0m'this' cannot be referenced in a module or namespace body.

[7m424[0m         once(event: "checkExpectation", listener: RequestListener<Request, Response>): this;
[7m   [0m [91m                                                                                       ~~~~[0m
[96mnode_modules/@types/node/http.d.ts[0m:[93m424[0m:[93m92[0m - [91merror[0m[90m TS1005: [0m')' expected.

[7m424[0m         once(event: "checkExpectation", listener: RequestListener<Request, Response>): this;
[7m   [0m [91m                                                                                           ~[0m
[96mnode_modules/@types/node/http.d.ts[0m:[93m425[0m:[93m9[0m - [91merror[0m[90m TS2304: [0mCannot find name 'once'.

[7m425[0m         once(event: "clientError", listener: (err: Error, socket: stream.Duplex) => void): this;
[7m   [0m [91m        ~~~~[0m
[96mnode_modules/@types/node/http.d.ts[0m:[93m425[0m:[93m19[0m - [91merror[0m[90m TS1005: [0m',' expected.

[7m425[0m         once(event: "clientError", listener: (err: Error, socket: stream.Duplex) => void): this;
[7m   [0m [91m                  ~[0m
[96mnode_modules/@types/node/http.d.ts[0m:[93m425[0m:[93m36[0m - [91merror[0m[90m TS2304: [0mCannot find name 'listener'.

[7m425[0m         once(event: "clientError", listener: (err: Error, socket: stream.Duplex) => void): this;
[7m   [0m [91m                                   ~~~~~~~~[0m
[96mnode_modules/@types/node/http.d.ts[0m:[93m425[0m:[93m44[0m - [91merror[0m[90m TS1005: [0m',' expected.

[7m425[0m         once(event: "clientError", listener: (err: Error, socket: stream.Duplex) => void): this;
[7m   [0m [91m                                           ~[0m
[96mnode_modules/@types/node/http.d.ts[0m:[93m425[0m:[93m89[0m - [91merror[0m[90m TS1109: [0mExpression expected.

[7m425[0m         once(event: "clientError", listener: (err: Error, socket: stream.Duplex) => void): this;
[7m   [0m [91m                                                                                        ~[0m
[96mnode_modules/@types/node/http.d.ts[0m:[93m425[0m:[93m90[0m - [91merror[0m[90m TS1005: [0m';' expected.

[7m425[0m         once(event: "clientError", listener: (err: Error, socket: stream.Duplex) => void): this;
[7m   [0m [91m                                                                                         ~[0m
[96mnode_modules/@types/node/http.d.ts[0m:[93m425[0m:[93m92[0m - [91merror[0m[90m TS2331: [0m'this' cannot be referenced in a module or namespace body.

[7m425[0m         once(event: "clientError", listener: (err: Error, socket: stream.Duplex) => void): this;
[7m   [0m [91m                                                                                           ~~~~[0m
[96mnode_modules/@types/node/http.d.ts[0m:[93m426[0m:[93m9[0m - [91merror[0m[90m TS2304: [0mCannot find name 'once'.

[7m426[0m         once(
[7m   [0m [91m        ~~~~[0m
[96mnode_modules/@types/node/http.d.ts[0m:[93m427[0m:[93m18[0m - [91merror[0m[90m TS1005: [0m',' expected.

[7m427[0m             event: "connect",
[7m   [0m [91m                 ~[0m
[96mnode_modules/@types/node/http.d.ts[0m:[93m428[0m:[93m13[0m - [91merror[0m[90m TS2304: [0mCannot find name 'listener'.

[7m428[0m             listener: (req: InstanceType<Request>, socket: stream.Duplex, head: Buffer) => void,
[7m   [0m [91m            ~~~~~~~~[0m
[96mnode_modules/@types/node/http.d.ts[0m:[93m428[0m:[93m21[0m - [91merror[0m[90m TS1005: [0m',' expected.

[7m428[0m             listener: (req: InstanceType<Request>, socket: stream.Duplex, head: Buffer) => void,
[7m   [0m [91m                    ~[0m
[96mnode_modules/@types/node/http.d.ts[0m:[93m428[0m:[93m42[0m - [91merror[0m[90m TS2344: [0mType 'Request' does not satisfy the constraint 'new (...args: any) => any'.

[7m428[0m             listener: (req: InstanceType<Request>, socket: stream.Duplex, head: Buffer) => void,
[7m   [0m [91m                                         ~~~~~~~[0m
[96mnode_modules/@types/node/http.d.ts[0m:[93m428[0m:[93m96[0m - [91merror[0m[90m TS1109: [0mExpression expected.

[7m428[0m             listener: (req: InstanceType<Request>, socket: stream.Duplex, head: Buffer) => void,
[7m   [0m [91m                                                                                               ~[0m
[96mnode_modules/@types/node/http.d.ts[0m:[93m429[0m:[93m10[0m - [91merror[0m[90m TS1005: [0m';' expected.

[7m429[0m         ): this;
[7m   [0m [91m         ~[0m
[96mnode_modules/@types/node/http.d.ts[0m:[93m429[0m:[93m12[0m - [91merror[0m[90m TS2331: [0m'this' cannot be referenced in a module or namespace body.

[7m429[0m         ): this;
[7m   [0m [91m           ~~~~[0m
[96mnode_modules/@types/node/http.d.ts[0m:[93m430[0m:[93m9[0m - [91merror[0m[90m TS2304: [0mCannot find name 'once'.

[7m430[0m         once(event: "request", listener: RequestListener<Request, Response>): this;
[7m   [0m [91m        ~~~~[0m
[96mnode_modules/@types/node/http.d.ts[0m:[93m430[0m:[93m19[0m - [91merror[0m[90m TS1005: [0m',' expected.

[7m430[0m         once(event: "request", listener: RequestListener<Request, Response>): this;
[7m   [0m [91m                  ~[0m
[96mnode_modules/@types/node/http.d.ts[0m:[93m430[0m:[93m32[0m - [91merror[0m[90m TS2304: [0mCannot find name 'listener'.

[7m430[0m         once(event: "request", listener: RequestListener<Request, Response>): this;
[7m   [0m [91m                               ~~~~~~~~[0m
[96mnode_modules/@types/node/http.d.ts[0m:[93m430[0m:[93m40[0m - [91merror[0m[90m TS1005: [0m',' expected.

[7m430[0m         once(event: "request", listener: RequestListener<Request, Response>): this;
[7m   [0m [91m                                       ~[0m
[96mnode_modules/@types/node/http.d.ts[0m:[93m430[0m:[93m42[0m - [91merror[0m[90m TS2693: [0m'RequestListener' only refers to a type, but is being used as a value here.

[7m430[0m         once(event: "request", listener: RequestListener<Request, Response>): this;
[7m   [0m [91m                                         ~~~~~~~~~~~~~~~[0m
[96mnode_modules/@types/node/http.d.ts[0m:[93m430[0m:[93m76[0m - [91merror[0m[90m TS1005: [0m'(' expected.

[7m430[0m         once(event: "request", listener: RequestListener<Request, Response>): this;
[7m   [0m [91m                                                                           ~[0m
[96mnode_modules/@types/node/http.d.ts[0m:[93m430[0m:[93m77[0m - [91merror[0m[90m TS1005: [0m',' expected.

[7m430[0m         once(event: "request", listener: RequestListener<Request, Response>): this;
[7m   [0m [91m                                                                            ~[0m
[96mnode_modules/@types/node/http.d.ts[0m:[93m430[0m:[93m79[0m - [91merror[0m[90m TS2331: [0m'this' cannot be referenced in a module or namespace body.

[7m430[0m         once(event: "request", listener: RequestListener<Request, Response>): this;
[7m   [0m [91m                                                                              ~~~~[0m
[96mnode_modules/@types/node/http.d.ts[0m:[93m430[0m:[93m83[0m - [91merror[0m[90m TS1005: [0m')' expected.

[7m430[0m         once(event: "request", listener: RequestListener<Request, Response>): this;
[7m   [0m [91m                                                                                  ~[0m
[96mnode_modules/@types/node/http.d.ts[0m:[93m431[0m:[93m9[0m - [91merror[0m[90m TS2304: [0mCannot find name 'once'.

[7m431[0m         once(
[7m   [0m [91m        ~~~~[0m
[96mnode_modules/@types/node/http.d.ts[0m:[93m432[0m:[93m18[0m - [91merror[0m[90m TS1005: [0m',' expected.

[7m432[0m             event: "upgrade",
[7m   [0m [91m                 ~[0m
[96mnode_modules/@types/node/http.d.ts[0m:[93m433[0m:[93m13[0m - [91merror[0m[90m TS2304: [0mCannot find name 'listener'.

[7m433[0m             listener: (req: InstanceType<Request>, socket: stream.Duplex, head: Buffer) => void,
[7m   [0m [91m            ~~~~~~~~[0m
[96mnode_modules/@types/node/http.d.ts[0m:[93m433[0m:[93m21[0m - [91merror[0m[90m TS1005: [0m',' expected.

[7m433[0m             listener: (req: InstanceType<Request>, socket: stream.Duplex, head: Buffer) => void,
[7m   [0m [91m                    ~[0m
[96mnode_modules/@types/node/http.d.ts[0m:[93m433[0m:[93m42[0m - [91merror[0m[90m TS2344: [0mType 'Request' does not satisfy the constraint 'new (...args: any) => any'.

[7m433[0m             listener: (req: InstanceType<Request>, socket: stream.Duplex, head: Buffer) => void,
[7m   [0m [91m                                         ~~~~~~~[0m
[96mnode_modules/@types/node/http.d.ts[0m:[93m433[0m:[93m96[0m - [91merror[0m[90m TS1109: [0mExpression expected.

[7m433[0m             listener: (req: InstanceType<Request>, socket: stream.Duplex, head: Buffer) => void,
[7m   [0m [91m                                                                                               ~[0m
[96mnode_modules/@types/node/http.d.ts[0m:[93m434[0m:[93m10[0m - [91merror[0m[90m TS1005: [0m';' expected.

[7m434[0m         ): this;
[7m   [0m [91m         ~[0m
[96mnode_modules/@types/node/http.d.ts[0m:[93m434[0m:[93m12[0m - [91merror[0m[90m TS2331: [0m'this' cannot be referenced in a module or namespace body.

[7m434[0m         ): this;
[7m   [0m [91m           ~~~~[0m
[96mnode_modules/@types/node/http.d.ts[0m:[93m435[0m:[93m9[0m - [91merror[0m[90m TS2304: [0mCannot find name 'prependListener'.

[7m435[0m         prependListener(event: string, listener: (...args: any[]) => void): this;
[7m   [0m [91m        ~~~~~~~~~~~~~~~[0m
[96mnode_modules/@types/node/http.d.ts[0m:[93m435[0m:[93m30[0m - [91merror[0m[90m TS1005: [0m',' expected.

[7m435[0m         prependListener(event: string, listener: (...args: any[]) => void): this;
[7m   [0m [91m                             ~[0m
[96mnode_modules/@types/node/http.d.ts[0m:[93m435[0m:[93m32[0m - [91merror[0m[90m TS2693: [0m'string' only refers to a type, but is being used as a value here.

[7m435[0m         prependListener(event: string, listener: (...args: any[]) => void): this;
[7m   [0m [91m                               ~~~~~~[0m
[96mnode_modules/@types/node/http.d.ts[0m:[93m435[0m:[93m40[0m - [91merror[0m[90m TS2304: [0mCannot find name 'listener'.

[7m435[0m         prependListener(event: string, listener: (...args: any[]) => void): this;
[7m   [0m [91m                                       ~~~~~~~~[0m
[96mnode_modules/@types/node/http.d.ts[0m:[93m435[0m:[93m48[0m - [91merror[0m[90m TS1005: [0m',' expected.

[7m435[0m         prependListener(event: string, listener: (...args: any[]) => void): this;
[7m   [0m [91m                                               ~[0m
[96mnode_modules/@types/node/http.d.ts[0m:[93m435[0m:[93m74[0m - [91merror[0m[90m TS1109: [0mExpression expected.

[7m435[0m         prependListener(event: string, listener: (...args: any[]) => void): this;
[7m   [0m [91m                                                                         ~[0m
[96mnode_modules/@types/node/http.d.ts[0m:[93m435[0m:[93m75[0m - [91merror[0m[90m TS1005: [0m';' expected.

[7m435[0m         prependListener(event: string, listener: (...args: any[]) => void): this;
[7m   [0m [91m                                                                          ~[0m
[96mnode_modules/@types/node/http.d.ts[0m:[93m435[0m:[93m77[0m - [91merror[0m[90m TS2331: [0m'this' cannot be referenced in a module or namespace body.

[7m435[0m         prependListener(event: string, listener: (...args: any[]) => void): this;
[7m   [0m [91m                                                                            ~~~~[0m
[96mnode_modules/@types/node/http.d.ts[0m:[93m436[0m:[93m9[0m - [91merror[0m[90m TS2304: [0mCannot find name 'prependListener'.

[7m436[0m         prependListener(event: "close", listener: () => void): this;
[7m   [0m [91m        ~~~~~~~~~~~~~~~[0m
[96mnode_modules/@types/node/http.d.ts[0m:[93m436[0m:[93m30[0m - [91merror[0m[90m TS1005: [0m',' expected.

[7m436[0m         prependListener(event: "close", listener: () => void): this;
[7m   [0m [91m                             ~[0m
[96mnode_modules/@types/node/http.d.ts[0m:[93m436[0m:[93m41[0m - [91merror[0m[90m TS2304: [0mCannot find name 'listener'.

[7m436[0m         prependListener(event: "close", listener: () => void): this;
[7m   [0m [91m                                        ~~~~~~~~[0m
[96mnode_modules/@types/node/http.d.ts[0m:[93m436[0m:[93m49[0m - [91merror[0m[90m TS1005: [0m',' expected.

[7m436[0m         prependListener(event: "close", listener: () => void): this;
[7m   [0m [91m                                                ~[0m
[96mnode_modules/@types/node/http.d.ts[0m:[93m436[0m:[93m61[0m - [91merror[0m[90m TS1109: [0mExpression expected.

[7m436[0m         prependListener(event: "close", listener: () => void): this;
[7m   [0m [91m                                                            ~[0m
[96mnode_modules/@types/node/http.d.ts[0m:[93m436[0m:[93m62[0m - [91merror[0m[90m TS1005: [0m';' expected.

[7m436[0m         prependListener(event: "close", listener: () => void): this;
[7m   [0m [91m                                                             ~[0m
[96mnode_modules/@types/node/http.d.ts[0m:[93m436[0m:[93m64[0m - [91merror[0m[90m TS2331: [0m'this' cannot be referenced in a module or namespace body.

[7m436[0m         prependListener(event: "close", listener: () => void): this;
[7m   [0m [91m                                                               ~~~~[0m
[96mnode_modules/@types/node/http.d.ts[0m:[93m437[0m:[93m9[0m - [91merror[0m[90m TS2304: [0mCannot find name 'prependListener'.

[7m437[0m         prependListener(event: "connection", listener: (socket: Socket) => void): this;
[7m   [0m [91m        ~~~~~~~~~~~~~~~[0m
[96mnode_modules/@types/node/http.d.ts[0m:[93m437[0m:[93m30[0m - [91merror[0m[90m TS1005: [0m',' expected.

[7m437[0m         prependListener(event: "connection", listener: (socket: Socket) => void): this;
[7m   [0m [91m                             ~[0m
[96mnode_modules/@types/node/http.d.ts[0m:[93m437[0m:[93m46[0m - [91merror[0m[90m TS2304: [0mCannot find name 'listener'.

[7m437[0m         prependListener(event: "connection", listener: (socket: Socket) => void): this;
[7m   [0m [91m                                             ~~~~~~~~[0m
[96mnode_modules/@types/node/http.d.ts[0m:[93m437[0m:[93m54[0m - [91merror[0m[90m TS1005: [0m',' expected.

[7m437[0m         prependListener(event: "connection", listener: (socket: Socket) => void): this;
[7m   [0m [91m                                                     ~[0m
[96mnode_modules/@types/node/http.d.ts[0m:[93m437[0m:[93m80[0m - [91merror[0m[90m TS1109: [0mExpression expected.

[7m437[0m         prependListener(event: "connection", listener: (socket: Socket) => void): this;
[7m   [0m [91m                                                                               ~[0m
[96mnode_modules/@types/node/http.d.ts[0m:[93m437[0m:[93m81[0m - [91merror[0m[90m TS1005: [0m';' expected.

[7m437[0m         prependListener(event: "connection", listener: (socket: Socket) => void): this;
[7m   [0m [91m                                                                                ~[0m
[96mnode_modules/@types/node/http.d.ts[0m:[93m437[0m:[93m83[0m - [91merror[0m[90m TS2331: [0m'this' cannot be referenced in a module or namespace body.

[7m437[0m         prependListener(event: "connection", listener: (socket: Socket) => void): this;
[7m   [0m [91m                                                                                  ~~~~[0m
[96mnode_modules/@types/node/http.d.ts[0m:[93m438[0m:[93m9[0m - [91merror[0m[90m TS2304: [0mCannot find name 'prependListener'.

[7m438[0m         prependListener(event: "error", listener: (err: Error) => void): this;
[7m   [0m [91m        ~~~~~~~~~~~~~~~[0m
[96mnode_modules/@types/node/http.d.ts[0m:[93m438[0m:[93m30[0m - [91merror[0m[90m TS1005: [0m',' expected.

[7m438[0m         prependListener(event: "error", listener: (err: Error) => void): this;
[7m   [0m [91m                             ~[0m
[96mnode_modules/@types/node/http.d.ts[0m:[93m438[0m:[93m41[0m - [91merror[0m[90m TS2304: [0mCannot find name 'listener'.

[7m438[0m         prependListener(event: "error", listener: (err: Error) => void): this;
[7m   [0m [91m                                        ~~~~~~~~[0m
[96mnode_modules/@types/node/http.d.ts[0m:[93m438[0m:[93m49[0m - [91merror[0m[90m TS1005: [0m',' expected.

[7m438[0m         prependListener(event: "error", listener: (err: Error) => void): this;
[7m   [0m [91m                                                ~[0m
[96mnode_modules/@types/node/http.d.ts[0m:[93m438[0m:[93m71[0m - [91merror[0m[90m TS1109: [0mExpression expected.

[7m438[0m         prependListener(event: "error", listener: (err: Error) => void): this;
[7m   [0m [91m                                                                      ~[0m
[96mnode_modules/@types/node/http.d.ts[0m:[93m438[0m:[93m72[0m - [91merror[0m[90m TS1005: [0m';' expected.

[7m438[0m         prependListener(event: "error", listener: (err: Error) => void): this;
[7m   [0m [91m                                                                       ~[0m
[96mnode_modules/@types/node/http.d.ts[0m:[93m438[0m:[93m74[0m - [91merror[0m[90m TS2331: [0m'this' cannot be referenced in a module or namespace body.

[7m438[0m         prependListener(event: "error", listener: (err: Error) => void): this;
[7m   [0m [91m                                                                         ~~~~[0m
[96mnode_modules/@types/node/http.d.ts[0m:[93m439[0m:[93m9[0m - [91merror[0m[90m TS2304: [0mCannot find name 'prependListener'.

[7m439[0m         prependListener(event: "listening", listener: () => void): this;
[7m   [0m [91m        ~~~~~~~~~~~~~~~[0m
[96mnode_modules/@types/node/http.d.ts[0m:[93m439[0m:[93m30[0m - [91merror[0m[90m TS1005: [0m',' expected.

[7m439[0m         prependListener(event: "listening", listener: () => void): this;
[7m   [0m [91m                             ~[0m
[96mnode_modules/@types/node/http.d.ts[0m:[93m439[0m:[93m45[0m - [91merror[0m[90m TS2304: [0mCannot find name 'listener'.

[7m439[0m         prependListener(event: "listening", listener: () => void): this;
[7m   [0m [91m                                            ~~~~~~~~[0m
[96mnode_modules/@types/node/http.d.ts[0m:[93m439[0m:[93m53[0m - [91merror[0m[90m TS1005: [0m',' expected.

[7m439[0m         prependListener(event: "listening", listener: () => void): this;
[7m   [0m [91m                                                    ~[0m
[96mnode_modules/@types/node/http.d.ts[0m:[93m439[0m:[93m65[0m - [91merror[0m[90m TS1109: [0mExpression expected.

[7m439[0m         prependListener(event: "listening", listener: () => void): this;
[7m   [0m [91m                                                                ~[0m
[96mnode_modules/@types/node/http.d.ts[0m:[93m439[0m:[93m66[0m - [91merror[0m[90m TS1005: [0m';' expected.

[7m439[0m         prependListener(event: "listening", listener: () => void): this;
[7m   [0m [91m                                                                 ~[0m
[96mnode_modules/@types/node/http.d.ts[0m:[93m439[0m:[93m68[0m - [91merror[0m[90m TS2331: [0m'this' cannot be referenced in a module or namespace body.

[7m439[0m         prependListener(event: "listening", listener: () => void): this;
[7m   [0m [91m                                                                   ~~~~[0m
[96mnode_modules/@types/node/http.d.ts[0m:[93m440[0m:[93m9[0m - [91merror[0m[90m TS2304: [0mCannot find name 'prependListener'.

[7m440[0m         prependListener(event: "checkContinue", listener: RequestListener<Request, Response>): this;
[7m   [0m [91m        ~~~~~~~~~~~~~~~[0m
[96mnode_modules/@types/node/http.d.ts[0m:[93m440[0m:[93m30[0m - [91merror[0m[90m TS1005: [0m',' expected.

[7m440[0m         prependListener(event: "checkContinue", listener: RequestListener<Request, Response>): this;
[7m   [0m [91m                             ~[0m
[96mnode_modules/@types/node/http.d.ts[0m:[93m440[0m:[93m49[0m - [91merror[0m[90m TS2304: [0mCannot find name 'listener'.

[7m440[0m         prependListener(event: "checkContinue", listener: RequestListener<Request, Response>): this;
[7m   [0m [91m                                                ~~~~~~~~[0m
[96mnode_modules/@types/node/http.d.ts[0m:[93m440[0m:[93m57[0m - [91merror[0m[90m TS1005: [0m',' expected.

[7m440[0m         prependListener(event: "checkContinue", listener: RequestListener<Request, Response>): this;
[7m   [0m [91m                                                        ~[0m
[96mnode_modules/@types/node/http.d.ts[0m:[93m440[0m:[93m59[0m - [91merror[0m[90m TS2693: [0m'RequestListener' only refers to a type, but is being used as a value here.

[7m440[0m         prependListener(event: "checkContinue", listener: RequestListener<Request, Response>): this;
[7m   [0m [91m                                                          ~~~~~~~~~~~~~~~[0m
[96mnode_modules/@types/node/http.d.ts[0m:[93m440[0m:[93m93[0m - [91merror[0m[90m TS1005: [0m'(' expected.

[7m440[0m         prependListener(event: "checkContinue", listener: RequestListener<Request, Response>): this;
[7m   [0m [91m                                                                                            ~[0m
[96mnode_modules/@types/node/http.d.ts[0m:[93m440[0m:[93m94[0m - [91merror[0m[90m TS1005: [0m',' expected.

[7m440[0m         prependListener(event: "checkContinue", listener: RequestListener<Request, Response>): this;
[7m   [0m [91m                                                                                             ~[0m
[96mnode_modules/@types/node/http.d.ts[0m:[93m440[0m:[93m96[0m - [91merror[0m[90m TS2331: [0m'this' cannot be referenced in a module or namespace body.

[7m440[0m         prependListener(event: "checkContinue", listener: RequestListener<Request, Response>): this;
[7m   [0m [91m                                                                                               ~~~~[0m
[96mnode_modules/@types/node/http.d.ts[0m:[93m440[0m:[93m100[0m - [91merror[0m[90m TS1005: [0m')' expected.

[7m440[0m         prependListener(event: "checkContinue", listener: RequestListener<Request, Response>): this;
[7m   [0m [91m                                                                                                   ~[0m
[96mnode_modules/@types/node/http.d.ts[0m:[93m441[0m:[93m9[0m - [91merror[0m[90m TS2304: [0mCannot find name 'prependListener'.

[7m441[0m         prependListener(event: "checkExpectation", listener: RequestListener<Request, Response>): this;
[7m   [0m [91m        ~~~~~~~~~~~~~~~[0m
[96mnode_modules/@types/node/http.d.ts[0m:[93m441[0m:[93m30[0m - [91merror[0m[90m TS1005: [0m',' expected.

[7m441[0m         prependListener(event: "checkExpectation", listener: RequestListener<Request, Response>): this;
[7m   [0m [91m                             ~[0m
[96mnode_modules/@types/node/http.d.ts[0m:[93m441[0m:[93m52[0m - [91merror[0m[90m TS2304: [0mCannot find name 'listener'.

[7m441[0m         prependListener(event: "checkExpectation", listener: RequestListener<Request, Response>): this;
[7m   [0m [91m                                                   ~~~~~~~~[0m
[96mnode_modules/@types/node/http.d.ts[0m:[93m441[0m:[93m60[0m - [91merror[0m[90m TS1005: [0m',' expected.

[7m441[0m         prependListener(event: "checkExpectation", listener: RequestListener<Request, Response>): this;
[7m   [0m [91m                                                           ~[0m
[96mnode_modules/@types/node/http.d.ts[0m:[93m441[0m:[93m62[0m - [91merror[0m[90m TS2693: [0m'RequestListener' only refers to a type, but is being used as a value here.

[7m441[0m         prependListener(event: "checkExpectation", listener: RequestListener<Request, Response>): this;
[7m   [0m [91m                                                             ~~~~~~~~~~~~~~~[0m
[96mnode_modules/@types/node/http.d.ts[0m:[93m441[0m:[93m96[0m - [91merror[0m[90m TS1005: [0m'(' expected.

[7m441[0m         prependListener(event: "checkExpectation", listener: RequestListener<Request, Response>): this;
[7m   [0m [91m                                                                                               ~[0m
[96mnode_modules/@types/node/http.d.ts[0m:[93m441[0m:[93m97[0m - [91merror[0m[90m TS1005: [0m',' expected.

[7m441[0m         prependListener(event: "checkExpectation", listener: RequestListener<Request, Response>): this;
[7m   [0m [91m                                                                                                ~[0m
[96mnode_modules/@types/node/http.d.ts[0m:[93m441[0m:[93m99[0m - [91merror[0m[90m TS2331: [0m'this' cannot be referenced in a module or namespace body.

[7m441[0m         prependListener(event: "checkExpectation", listener: RequestListener<Request, Response>): this;
[7m   [0m [91m                                                                                                  ~~~~[0m
[96mnode_modules/@types/node/http.d.ts[0m:[93m441[0m:[93m103[0m - [91merror[0m[90m TS1005: [0m')' expected.

[7m441[0m         prependListener(event: "checkExpectation", listener: RequestListener<Request, Response>): this;
[7m   [0m [91m                                                                                                      ~[0m
[96mnode_modules/@types/node/http.d.ts[0m:[93m442[0m:[93m9[0m - [91merror[0m[90m TS2304: [0mCannot find name 'prependListener'.

[7m442[0m         prependListener(event: "clientError", listener: (err: Error, socket: stream.Duplex) => void): this;
[7m   [0m [91m        ~~~~~~~~~~~~~~~[0m
[96mnode_modules/@types/node/http.d.ts[0m:[93m442[0m:[93m30[0m - [91merror[0m[90m TS1005: [0m',' expected.

[7m442[0m         prependListener(event: "clientError", listener: (err: Error, socket: stream.Duplex) => void): this;
[7m   [0m [91m                             ~[0m
[96mnode_modules/@types/node/http.d.ts[0m:[93m442[0m:[93m47[0m - [91merror[0m[90m TS2304: [0mCannot find name 'listener'.

[7m442[0m         prependListener(event: "clientError", listener: (err: Error, socket: stream.Duplex) => void): this;
[7m   [0m [91m                                              ~~~~~~~~[0m
[96mnode_modules/@types/node/http.d.ts[0m:[93m442[0m:[93m55[0m - [91merror[0m[90m TS1005: [0m',' expected.

[7m442[0m         prependListener(event: "clientError", listener: (err: Error, socket: stream.Duplex) => void): this;
[7m   [0m [91m                                                      ~[0m
[96mnode_modules/@types/node/http.d.ts[0m:[93m442[0m:[93m100[0m - [91merror[0m[90m TS1109: [0mExpression expected.

[7m442[0m         prependListener(event: "clientError", listener: (err: Error, socket: stream.Duplex) => void): this;
[7m   [0m [91m                                                                                                   ~[0m
[96mnode_modules/@types/node/http.d.ts[0m:[93m442[0m:[93m101[0m - [91merror[0m[90m TS1005: [0m';' expected.

[7m442[0m         prependListener(event: "clientError", listener: (err: Error, socket: stream.Duplex) => void): this;
[7m   [0m [91m                                                                                                    ~[0m
[96mnode_modules/@types/node/http.d.ts[0m:[93m442[0m:[93m103[0m - [91merror[0m[90m TS2331: [0m'this' cannot be referenced in a module or namespace body.

[7m442[0m         prependListener(event: "clientError", listener: (err: Error, socket: stream.Duplex) => void): this;
[7m   [0m [91m                                                                                                      ~~~~[0m
[96mnode_modules/@types/node/http.d.ts[0m:[93m443[0m:[93m9[0m - [91merror[0m[90m TS2304: [0mCannot find name 'prependListener'.

[7m443[0m         prependListener(
[7m   [0m [91m        ~~~~~~~~~~~~~~~[0m
[96mnode_modules/@types/node/http.d.ts[0m:[93m444[0m:[93m18[0m - [91merror[0m[90m TS1005: [0m',' expected.

[7m444[0m             event: "connect",
[7m   [0m [91m                 ~[0m
[96mnode_modules/@types/node/http.d.ts[0m:[93m445[0m:[93m13[0m - [91merror[0m[90m TS2304: [0mCannot find name 'listener'.

[7m445[0m             listener: (req: InstanceType<Request>, socket: stream.Duplex, head: Buffer) => void,
[7m   [0m [91m            ~~~~~~~~[0m
[96mnode_modules/@types/node/http.d.ts[0m:[93m445[0m:[93m21[0m - [91merror[0m[90m TS1005: [0m',' expected.

[7m445[0m             listener: (req: InstanceType<Request>, socket: stream.Duplex, head: Buffer) => void,
[7m   [0m [91m                    ~[0m
[96mnode_modules/@types/node/http.d.ts[0m:[93m445[0m:[93m42[0m - [91merror[0m[90m TS2344: [0mType 'Request' does not satisfy the constraint 'new (...args: any) => any'.

[7m445[0m             listener: (req: InstanceType<Request>, socket: stream.Duplex, head: Buffer) => void,
[7m   [0m [91m                                         ~~~~~~~[0m
[96mnode_modules/@types/node/http.d.ts[0m:[93m445[0m:[93m96[0m - [91merror[0m[90m TS1109: [0mExpression expected.

[7m445[0m             listener: (req: InstanceType<Request>, socket: stream.Duplex, head: Buffer) => void,
[7m   [0m [91m                                                                                               ~[0m
[96mnode_modules/@types/node/http.d.ts[0m:[93m446[0m:[93m10[0m - [91merror[0m[90m TS1005: [0m';' expected.

[7m446[0m         ): this;
[7m   [0m [91m         ~[0m
[96mnode_modules/@types/node/http.d.ts[0m:[93m446[0m:[93m12[0m - [91merror[0m[90m TS2331: [0m'this' cannot be referenced in a module or namespace body.

[7m446[0m         ): this;
[7m   [0m [91m           ~~~~[0m
[96mnode_modules/@types/node/http.d.ts[0m:[93m447[0m:[93m9[0m - [91merror[0m[90m TS2304: [0mCannot find name 'prependListener'.

[7m447[0m         prependListener(event: "request", listener: RequestListener<Request, Response>): this;
[7m   [0m [91m        ~~~~~~~~~~~~~~~[0m
[96mnode_modules/@types/node/http.d.ts[0m:[93m447[0m:[93m30[0m - [91merror[0m[90m TS1005: [0m',' expected.

[7m447[0m         prependListener(event: "request", listener: RequestListener<Request, Response>): this;
[7m   [0m [91m                             ~[0m
[96mnode_modules/@types/node/http.d.ts[0m:[93m447[0m:[93m43[0m - [91merror[0m[90m TS2304: [0mCannot find name 'listener'.

[7m447[0m         prependListener(event: "request", listener: RequestListener<Request, Response>): this;
[7m   [0m [91m                                          ~~~~~~~~[0m
[96mnode_modules/@types/node/http.d.ts[0m:[93m447[0m:[93m51[0m - [91merror[0m[90m TS1005: [0m',' expected.

[7m447[0m         prependListener(event: "request", listener: RequestListener<Request, Response>): this;
[7m   [0m [91m                                                  ~[0m
[96mnode_modules/@types/node/http.d.ts[0m:[93m447[0m:[93m53[0m - [91merror[0m[90m TS2693: [0m'RequestListener' only refers to a type, but is being used as a value here.

[7m447[0m         prependListener(event: "request", listener: RequestListener<Request, Response>): this;
[7m   [0m [91m                                                    ~~~~~~~~~~~~~~~[0m
[96mnode_modules/@types/node/http.d.ts[0m:[93m447[0m:[93m87[0m - [91merror[0m[90m TS1005: [0m'(' expected.

[7m447[0m         prependListener(event: "request", listener: RequestListener<Request, Response>): this;
[7m   [0m [91m                                                                                      ~[0m
[96mnode_modules/@types/node/http.d.ts[0m:[93m447[0m:[93m88[0m - [91merror[0m[90m TS1005: [0m',' expected.

[7m447[0m         prependListener(event: "request", listener: RequestListener<Request, Response>): this;
[7m   [0m [91m                                                                                       ~[0m
[96mnode_modules/@types/node/http.d.ts[0m:[93m447[0m:[93m90[0m - [91merror[0m[90m TS2331: [0m'this' cannot be referenced in a module or namespace body.

[7m447[0m         prependListener(event: "request", listener: RequestListener<Request, Response>): this;
[7m   [0m [91m                                                                                         ~~~~[0m
[96mnode_modules/@types/node/http.d.ts[0m:[93m447[0m:[93m94[0m - [91merror[0m[90m TS1005: [0m')' expected.

[7m447[0m         prependListener(event: "request", listener: RequestListener<Request, Response>): this;
[7m   [0m [91m                                                                                             ~[0m
[96mnode_modules/@types/node/http.d.ts[0m:[93m448[0m:[93m9[0m - [91merror[0m[90m TS2304: [0mCannot find name 'prependListener'.

[7m448[0m         prependListener(
[7m   [0m [91m        ~~~~~~~~~~~~~~~[0m
[96mnode_modules/@types/node/http.d.ts[0m:[93m449[0m:[93m18[0m - [91merror[0m[90m TS1005: [0m',' expected.

[7m449[0m             event: "upgrade",
[7m   [0m [91m                 ~[0m
[96mnode_modules/@types/node/http.d.ts[0m:[93m450[0m:[93m13[0m - [91merror[0m[90m TS2304: [0mCannot find name 'listener'.

[7m450[0m             listener: (req: InstanceType<Request>, socket: stream.Duplex, head: Buffer) => void,
[7m   [0m [91m            ~~~~~~~~[0m
[96mnode_modules/@types/node/http.d.ts[0m:[93m450[0m:[93m21[0m - [91merror[0m[90m TS1005: [0m',' expected.

[7m450[0m             listener: (req: InstanceType<Request>, socket: stream.Duplex, head: Buffer) => void,
[7m   [0m [91m                    ~[0m
[96mnode_modules/@types/node/http.d.ts[0m:[93m450[0m:[93m42[0m - [91merror[0m[90m TS2344: [0mType 'Request' does not satisfy the constraint 'new (...args: any) => any'.

[7m450[0m             listener: (req: InstanceType<Request>, socket: stream.Duplex, head: Buffer) => void,
[7m   [0m [91m                                         ~~~~~~~[0m
[96mnode_modules/@types/node/http.d.ts[0m:[93m450[0m:[93m96[0m - [91merror[0m[90m TS1109: [0mExpression expected.

[7m450[0m             listener: (req: InstanceType<Request>, socket: stream.Duplex, head: Buffer) => void,
[7m   [0m [91m                                                                                               ~[0m
[96mnode_modules/@types/node/http.d.ts[0m:[93m451[0m:[93m10[0m - [91merror[0m[90m TS1005: [0m';' expected.

[7m451[0m         ): this;
[7m   [0m [91m         ~[0m
[96mnode_modules/@types/node/http.d.ts[0m:[93m451[0m:[93m12[0m - [91merror[0m[90m TS2331: [0m'this' cannot be referenced in a module or namespace body.

[7m451[0m         ): this;
[7m   [0m [91m           ~~~~[0m
[96mnode_modules/@types/node/http.d.ts[0m:[93m452[0m:[93m9[0m - [91merror[0m[90m TS2304: [0mCannot find name 'prependOnceListener'.

[7m452[0m         prependOnceListener(event: string, listener: (...args: any[]) => void): this;
[7m   [0m [91m        ~~~~~~~~~~~~~~~~~~~[0m
[96mnode_modules/@types/node/http.d.ts[0m:[93m452[0m:[93m34[0m - [91merror[0m[90m TS1005: [0m',' expected.

[7m452[0m         prependOnceListener(event: string, listener: (...args: any[]) => void): this;
[7m   [0m [91m                                 ~[0m
[96mnode_modules/@types/node/http.d.ts[0m:[93m452[0m:[93m36[0m - [91merror[0m[90m TS2693: [0m'string' only refers to a type, but is being used as a value here.

[7m452[0m         prependOnceListener(event: string, listener: (...args: any[]) => void): this;
[7m   [0m [91m                                   ~~~~~~[0m
[96mnode_modules/@types/node/http.d.ts[0m:[93m452[0m:[93m44[0m - [91merror[0m[90m TS2304: [0mCannot find name 'listener'.

[7m452[0m         prependOnceListener(event: string, listener: (...args: any[]) => void): this;
[7m   [0m [91m                                           ~~~~~~~~[0m
[96mnode_modules/@types/node/http.d.ts[0m:[93m452[0m:[93m52[0m - [91merror[0m[90m TS1005: [0m',' expected.

[7m452[0m         prependOnceListener(event: string, listener: (...args: any[]) => void): this;
[7m   [0m [91m                                                   ~[0m
[96mnode_modules/@types/node/http.d.ts[0m:[93m452[0m:[93m78[0m - [91merror[0m[90m TS1109: [0mExpression expected.

[7m452[0m         prependOnceListener(event: string, listener: (...args: any[]) => void): this;
[7m   [0m [91m                                                                             ~[0m
[96mnode_modules/@types/node/http.d.ts[0m:[93m452[0m:[93m79[0m - [91merror[0m[90m TS1005: [0m';' expected.

[7m452[0m         prependOnceListener(event: string, listener: (...args: any[]) => void): this;
[7m   [0m [91m                                                                              ~[0m
[96mnode_modules/@types/node/http.d.ts[0m:[93m452[0m:[93m81[0m - [91merror[0m[90m TS2331: [0m'this' cannot be referenced in a module or namespace body.

[7m452[0m         prependOnceListener(event: string, listener: (...args: any[]) => void): this;
[7m   [0m [91m                                                                                ~~~~[0m
[96mnode_modules/@types/node/http.d.ts[0m:[93m453[0m:[93m9[0m - [91merror[0m[90m TS2304: [0mCannot find name 'prependOnceListener'.

[7m453[0m         prependOnceListener(event: "close", listener: () => void): this;
[7m   [0m [91m        ~~~~~~~~~~~~~~~~~~~[0m
[96mnode_modules/@types/node/http.d.ts[0m:[93m453[0m:[93m34[0m - [91merror[0m[90m TS1005: [0m',' expected.

[7m453[0m         prependOnceListener(event: "close", listener: () => void): this;
[7m   [0m [91m                                 ~[0m
[96mnode_modules/@types/node/http.d.ts[0m:[93m453[0m:[93m45[0m - [91merror[0m[90m TS2304: [0mCannot find name 'listener'.

[7m453[0m         prependOnceListener(event: "close", listener: () => void): this;
[7m   [0m [91m                                            ~~~~~~~~[0m
[96mnode_modules/@types/node/http.d.ts[0m:[93m453[0m:[93m53[0m - [91merror[0m[90m TS1005: [0m',' expected.

[7m453[0m         prependOnceListener(event: "close", listener: () => void): this;
[7m   [0m [91m                                                    ~[0m
[96mnode_modules/@types/node/http.d.ts[0m:[93m453[0m:[93m65[0m - [91merror[0m[90m TS1109: [0mExpression expected.

[7m453[0m         prependOnceListener(event: "close", listener: () => void): this;
[7m   [0m [91m                                                                ~[0m
[96mnode_modules/@types/node/http.d.ts[0m:[93m453[0m:[93m66[0m - [91merror[0m[90m TS1005: [0m';' expected.

[7m453[0m         prependOnceListener(event: "close", listener: () => void): this;
[7m   [0m [91m                                                                 ~[0m
[96mnode_modules/@types/node/http.d.ts[0m:[93m453[0m:[93m68[0m - [91merror[0m[90m TS2331: [0m'this' cannot be referenced in a module or namespace body.

[7m453[0m         prependOnceListener(event: "close", listener: () => void): this;
[7m   [0m [91m                                                                   ~~~~[0m
[96mnode_modules/@types/node/http.d.ts[0m:[93m454[0m:[93m9[0m - [91merror[0m[90m TS2304: [0mCannot find name 'prependOnceListener'.

[7m454[0m         prependOnceListener(event: "connection", listener: (socket: Socket) => void): this;
[7m   [0m [91m        ~~~~~~~~~~~~~~~~~~~[0m
[96mnode_modules/@types/node/http.d.ts[0m:[93m454[0m:[93m34[0m - [91merror[0m[90m TS1005: [0m',' expected.

[7m454[0m         prependOnceListener(event: "connection", listener: (socket: Socket) => void): this;
[7m   [0m [91m                                 ~[0m
[96mnode_modules/@types/node/http.d.ts[0m:[93m454[0m:[93m50[0m - [91merror[0m[90m TS2304: [0mCannot find name 'listener'.

[7m454[0m         prependOnceListener(event: "connection", listener: (socket: Socket) => void): this;
[7m   [0m [91m                                                 ~~~~~~~~[0m
[96mnode_modules/@types/node/http.d.ts[0m:[93m454[0m:[93m58[0m - [91merror[0m[90m TS1005: [0m',' expected.

[7m454[0m         prependOnceListener(event: "connection", listener: (socket: Socket) => void): this;
[7m   [0m [91m                                                         ~[0m
[96mnode_modules/@types/node/http.d.ts[0m:[93m454[0m:[93m84[0m - [91merror[0m[90m TS1109: [0mExpression expected.

[7m454[0m         prependOnceListener(event: "connection", listener: (socket: Socket) => void): this;
[7m   [0m [91m                                                                                   ~[0m
[96mnode_modules/@types/node/http.d.ts[0m:[93m454[0m:[93m85[0m - [91merror[0m[90m TS1005: [0m';' expected.

[7m454[0m         prependOnceListener(event: "connection", listener: (socket: Socket) => void): this;
[7m   [0m [91m                                                                                    ~[0m
[96mnode_modules/@types/node/http.d.ts[0m:[93m454[0m:[93m87[0m - [91merror[0m[90m TS2331: [0m'this' cannot be referenced in a module or namespace body.

[7m454[0m         prependOnceListener(event: "connection", listener: (socket: Socket) => void): this;
[7m   [0m [91m                                                                                      ~~~~[0m
[96mnode_modules/@types/node/http.d.ts[0m:[93m455[0m:[93m9[0m - [91merror[0m[90m TS2304: [0mCannot find name 'prependOnceListener'.

[7m455[0m         prependOnceListener(event: "error", listener: (err: Error) => void): this;
[7m   [0m [91m        ~~~~~~~~~~~~~~~~~~~[0m
[96mnode_modules/@types/node/http.d.ts[0m:[93m455[0m:[93m34[0m - [91merror[0m[90m TS1005: [0m',' expected.

[7m455[0m         prependOnceListener(event: "error", listener: (err: Error) => void): this;
[7m   [0m [91m                                 ~[0m
[96mnode_modules/@types/node/http.d.ts[0m:[93m455[0m:[93m45[0m - [91merror[0m[90m TS2304: [0mCannot find name 'listener'.

[7m455[0m         prependOnceListener(event: "error", listener: (err: Error) => void): this;
[7m   [0m [91m                                            ~~~~~~~~[0m
[96mnode_modules/@types/node/http.d.ts[0m:[93m455[0m:[93m53[0m - [91merror[0m[90m TS1005: [0m',' expected.

[7m455[0m         prependOnceListener(event: "error", listener: (err: Error) => void): this;
[7m   [0m [91m                                                    ~[0m
[96mnode_modules/@types/node/http.d.ts[0m:[93m455[0m:[93m75[0m - [91merror[0m[90m TS1109: [0mExpression expected.

[7m455[0m         prependOnceListener(event: "error", listener: (err: Error) => void): this;
[7m   [0m [91m                                                                          ~[0m
[96mnode_modules/@types/node/http.d.ts[0m:[93m455[0m:[93m76[0m - [91merror[0m[90m TS1005: [0m';' expected.

[7m455[0m         prependOnceListener(event: "error", listener: (err: Error) => void): this;
[7m   [0m [91m                                                                           ~[0m
[96mnode_modules/@types/node/http.d.ts[0m:[93m455[0m:[93m78[0m - [91merror[0m[90m TS2331: [0m'this' cannot be referenced in a module or namespace body.

[7m455[0m         prependOnceListener(event: "error", listener: (err: Error) => void): this;
[7m   [0m [91m                                                                             ~~~~[0m
[96mnode_modules/@types/node/http.d.ts[0m:[93m456[0m:[93m9[0m - [91merror[0m[90m TS2304: [0mCannot find name 'prependOnceListener'.

[7m456[0m         prependOnceListener(event: "listening", listener: () => void): this;
[7m   [0m [91m        ~~~~~~~~~~~~~~~~~~~[0m
[96mnode_modules/@types/node/http.d.ts[0m:[93m456[0m:[93m34[0m - [91merror[0m[90m TS1005: [0m',' expected.

[7m456[0m         prependOnceListener(event: "listening", listener: () => void): this;
[7m   [0m [91m                                 ~[0m
[96mnode_modules/@types/node/http.d.ts[0m:[93m456[0m:[93m49[0m - [91merror[0m[90m TS2304: [0mCannot find name 'listener'.

[7m456[0m         prependOnceListener(event: "listening", listener: () => void): this;
[7m   [0m [91m                                                ~~~~~~~~[0m
[96mnode_modules/@types/node/http.d.ts[0m:[93m456[0m:[93m57[0m - [91merror[0m[90m TS1005: [0m',' expected.

[7m456[0m         prependOnceListener(event: "listening", listener: () => void): this;
[7m   [0m [91m                                                        ~[0m
[96mnode_modules/@types/node/http.d.ts[0m:[93m456[0m:[93m69[0m - [91merror[0m[90m TS1109: [0mExpression expected.

[7m456[0m         prependOnceListener(event: "listening", listener: () => void): this;
[7m   [0m [91m                                                                    ~[0m
[96mnode_modules/@types/node/http.d.ts[0m:[93m456[0m:[93m70[0m - [91merror[0m[90m TS1005: [0m';' expected.

[7m456[0m         prependOnceListener(event: "listening", listener: () => void): this;
[7m   [0m [91m                                                                     ~[0m
[96mnode_modules/@types/node/http.d.ts[0m:[93m456[0m:[93m72[0m - [91merror[0m[90m TS2331: [0m'this' cannot be referenced in a module or namespace body.

[7m456[0m         prependOnceListener(event: "listening", listener: () => void): this;
[7m   [0m [91m                                                                       ~~~~[0m
[96mnode_modules/@types/node/http.d.ts[0m:[93m457[0m:[93m9[0m - [91merror[0m[90m TS2304: [0mCannot find name 'prependOnceListener'.

[7m457[0m         prependOnceListener(event: "checkContinue", listener: RequestListener<Request, Response>): this;
[7m   [0m [91m        ~~~~~~~~~~~~~~~~~~~[0m
[96mnode_modules/@types/node/http.d.ts[0m:[93m457[0m:[93m34[0m - [91merror[0m[90m TS1005: [0m',' expected.

[7m457[0m         prependOnceListener(event: "checkContinue", listener: RequestListener<Request, Response>): this;
[7m   [0m [91m                                 ~[0m
[96mnode_modules/@types/node/http.d.ts[0m:[93m457[0m:[93m53[0m - [91merror[0m[90m TS2304: [0mCannot find name 'listener'.

[7m457[0m         prependOnceListener(event: "checkContinue", listener: RequestListener<Request, Response>): this;
[7m   [0m [91m                                                    ~~~~~~~~[0m
[96mnode_modules/@types/node/http.d.ts[0m:[93m457[0m:[93m61[0m - [91merror[0m[90m TS1005: [0m',' expected.

[7m457[0m         prependOnceListener(event: "checkContinue", listener: RequestListener<Request, Response>): this;
[7m   [0m [91m                                                            ~[0m
[96mnode_modules/@types/node/http.d.ts[0m:[93m457[0m:[93m63[0m - [91merror[0m[90m TS2693: [0m'RequestListener' only refers to a type, but is being used as a value here.

[7m457[0m         prependOnceListener(event: "checkContinue", listener: RequestListener<Request, Response>): this;
[7m   [0m [91m                                                              ~~~~~~~~~~~~~~~[0m
[96mnode_modules/@types/node/http.d.ts[0m:[93m457[0m:[93m97[0m - [91merror[0m[90m TS1005: [0m'(' expected.

[7m457[0m         prependOnceListener(event: "checkContinue", listener: RequestListener<Request, Response>): this;
[7m   [0m [91m                                                                                                ~[0m
[96mnode_modules/@types/node/http.d.ts[0m:[93m457[0m:[93m98[0m - [91merror[0m[90m TS1005: [0m',' expected.

[7m457[0m         prependOnceListener(event: "checkContinue", listener: RequestListener<Request, Response>): this;
[7m   [0m [91m                                                                                                 ~[0m
[96mnode_modules/@types/node/http.d.ts[0m:[93m457[0m:[93m100[0m - [91merror[0m[90m TS2331: [0m'this' cannot be referenced in a module or namespace body.

[7m457[0m         prependOnceListener(event: "checkContinue", listener: RequestListener<Request, Response>): this;
[7m   [0m [91m                                                                                                   ~~~~[0m
[96mnode_modules/@types/node/http.d.ts[0m:[93m457[0m:[93m104[0m - [91merror[0m[90m TS1005: [0m')' expected.

[7m457[0m         prependOnceListener(event: "checkContinue", listener: RequestListener<Request, Response>): this;
[7m   [0m [91m                                                                                                       ~[0m
[96mnode_modules/@types/node/http.d.ts[0m:[93m458[0m:[93m9[0m - [91merror[0m[90m TS2304: [0mCannot find name 'prependOnceListener'.

[7m458[0m         prependOnceListener(event: "checkExpectation", listener: RequestListener<Request, Response>): this;
[7m   [0m [91m        ~~~~~~~~~~~~~~~~~~~[0m
[96mnode_modules/@types/node/http.d.ts[0m:[93m458[0m:[93m34[0m - [91merror[0m[90m TS1005: [0m',' expected.

[7m458[0m         prependOnceListener(event: "checkExpectation", listener: RequestListener<Request, Response>): this;
[7m   [0m [91m                                 ~[0m
[96mnode_modules/@types/node/http.d.ts[0m:[93m458[0m:[93m56[0m - [91merror[0m[90m TS2304: [0mCannot find name 'listener'.

[7m458[0m         prependOnceListener(event: "checkExpectation", listener: RequestListener<Request, Response>): this;
[7m   [0m [91m                                                       ~~~~~~~~[0m
[96mnode_modules/@types/node/http.d.ts[0m:[93m458[0m:[93m64[0m - [91merror[0m[90m TS1005: [0m',' expected.

[7m458[0m         prependOnceListener(event: "checkExpectation", listener: RequestListener<Request, Response>): this;
[7m   [0m [91m                                                               ~[0m
[96mnode_modules/@types/node/http.d.ts[0m:[93m458[0m:[93m66[0m - [91merror[0m[90m TS2693: [0m'RequestListener' only refers to a type, but is being used as a value here.

[7m458[0m         prependOnceListener(event: "checkExpectation", listener: RequestListener<Request, Response>): this;
[7m   [0m [91m                                                                 ~~~~~~~~~~~~~~~[0m
[96mnode_modules/@types/node/http.d.ts[0m:[93m458[0m:[93m100[0m - [91merror[0m[90m TS1005: [0m'(' expected.

[7m458[0m         prependOnceListener(event: "checkExpectation", listener: RequestListener<Request, Response>): this;
[7m   [0m [91m                                                                                                   ~[0m
[96mnode_modules/@types/node/http.d.ts[0m:[93m458[0m:[93m101[0m - [91merror[0m[90m TS1005: [0m',' expected.

[7m458[0m         prependOnceListener(event: "checkExpectation", listener: RequestListener<Request, Response>): this;
[7m   [0m [91m                                                                                                    ~[0m
[96mnode_modules/@types/node/http.d.ts[0m:[93m458[0m:[93m103[0m - [91merror[0m[90m TS2331: [0m'this' cannot be referenced in a module or namespace body.

[7m458[0m         prependOnceListener(event: "checkExpectation", listener: RequestListener<Request, Response>): this;
[7m   [0m [91m                                                                                                      ~~~~[0m
[96mnode_modules/@types/node/http.d.ts[0m:[93m458[0m:[93m107[0m - [91merror[0m[90m TS1005: [0m')' expected.

[7m458[0m         prependOnceListener(event: "checkExpectation", listener: RequestListener<Request, Response>): this;
[7m   [0m [91m                                                                                                          ~[0m
[96mnode_modules/@types/node/http.d.ts[0m:[93m459[0m:[93m9[0m - [91merror[0m[90m TS2304: [0mCannot find name 'prependOnceListener'.

[7m459[0m         prependOnceListener(event: "clientError", listener: (err: Error, socket: stream.Duplex) => void): this;
[7m   [0m [91m        ~~~~~~~~~~~~~~~~~~~[0m
[96mnode_modules/@types/node/http.d.ts[0m:[93m459[0m:[93m34[0m - [91merror[0m[90m TS1005: [0m',' expected.

[7m459[0m         prependOnceListener(event: "clientError", listener: (err: Error, socket: stream.Duplex) => void): this;
[7m   [0m [91m                                 ~[0m
[96mnode_modules/@types/node/http.d.ts[0m:[93m459[0m:[93m51[0m - [91merror[0m[90m TS2304: [0mCannot find name 'listener'.

[7m459[0m         prependOnceListener(event: "clientError", listener: (err: Error, socket: stream.Duplex) => void): this;
[7m   [0m [91m                                                  ~~~~~~~~[0m
[96mnode_modules/@types/node/http.d.ts[0m:[93m459[0m:[93m59[0m - [91merror[0m[90m TS1005: [0m',' expected.

[7m459[0m         prependOnceListener(event: "clientError", listener: (err: Error, socket: stream.Duplex) => void): this;
[7m   [0m [91m                                                          ~[0m
[96mnode_modules/@types/node/http.d.ts[0m:[93m459[0m:[93m104[0m - [91merror[0m[90m TS1109: [0mExpression expected.

[7m459[0m         prependOnceListener(event: "clientError", listener: (err: Error, socket: stream.Duplex) => void): this;
[7m   [0m [91m                                                                                                       ~[0m
[96mnode_modules/@types/node/http.d.ts[0m:[93m459[0m:[93m105[0m - [91merror[0m[90m TS1005: [0m';' expected.

[7m459[0m         prependOnceListener(event: "clientError", listener: (err: Error, socket: stream.Duplex) => void): this;
[7m   [0m [91m                                                                                                        ~[0m
[96mnode_modules/@types/node/http.d.ts[0m:[93m459[0m:[93m107[0m - [91merror[0m[90m TS2331: [0m'this' cannot be referenced in a module or namespace body.

[7m459[0m         prependOnceListener(event: "clientError", listener: (err: Error, socket: stream.Duplex) => void): this;
[7m   [0m [91m                                                                                                          ~~~~[0m
[96mnode_modules/@types/node/http.d.ts[0m:[93m460[0m:[93m9[0m - [91merror[0m[90m TS2304: [0mCannot find name 'prependOnceListener'.

[7m460[0m         prependOnceListener(
[7m   [0m [91m        ~~~~~~~~~~~~~~~~~~~[0m
[96mnode_modules/@types/node/http.d.ts[0m:[93m461[0m:[93m18[0m - [91merror[0m[90m TS1005: [0m',' expected.

[7m461[0m             event: "connect",
[7m   [0m [91m                 ~[0m
[96mnode_modules/@types/node/http.d.ts[0m:[93m462[0m:[93m13[0m - [91merror[0m[90m TS2304: [0mCannot find name 'listener'.

[7m462[0m             listener: (req: InstanceType<Request>, socket: stream.Duplex, head: Buffer) => void,
[7m   [0m [91m            ~~~~~~~~[0m
[96mnode_modules/@types/node/http.d.ts[0m:[93m462[0m:[93m21[0m - [91merror[0m[90m TS1005: [0m',' expected.

[7m462[0m             listener: (req: InstanceType<Request>, socket: stream.Duplex, head: Buffer) => void,
[7m   [0m [91m                    ~[0m
[96mnode_modules/@types/node/http.d.ts[0m:[93m462[0m:[93m42[0m - [91merror[0m[90m TS2344: [0mType 'Request' does not satisfy the constraint 'new (...args: any) => any'.

[7m462[0m             listener: (req: InstanceType<Request>, socket: stream.Duplex, head: Buffer) => void,
[7m   [0m [91m                                         ~~~~~~~[0m
[96mnode_modules/@types/node/http.d.ts[0m:[93m462[0m:[93m96[0m - [91merror[0m[90m TS1109: [0mExpression expected.

[7m462[0m             listener: (req: InstanceType<Request>, socket: stream.Duplex, head: Buffer) => void,
[7m   [0m [91m                                                                                               ~[0m
[96mnode_modules/@types/node/http.d.ts[0m:[93m463[0m:[93m10[0m - [91merror[0m[90m TS1005: [0m';' expected.

[7m463[0m         ): this;
[7m   [0m [91m         ~[0m
[96mnode_modules/@types/node/http.d.ts[0m:[93m463[0m:[93m12[0m - [91merror[0m[90m TS2331: [0m'this' cannot be referenced in a module or namespace body.

[7m463[0m         ): this;
[7m   [0m [91m           ~~~~[0m
[96mnode_modules/@types/node/http.d.ts[0m:[93m464[0m:[93m9[0m - [91merror[0m[90m TS2304: [0mCannot find name 'prependOnceListener'.

[7m464[0m         prependOnceListener(event: "request", listener: RequestListener<Request, Response>): this;
[7m   [0m [91m        ~~~~~~~~~~~~~~~~~~~[0m
[96mnode_modules/@types/node/http.d.ts[0m:[93m464[0m:[93m34[0m - [91merror[0m[90m TS1005: [0m',' expected.

[7m464[0m         prependOnceListener(event: "request", listener: RequestListener<Request, Response>): this;
[7m   [0m [91m                                 ~[0m
[96mnode_modules/@types/node/http.d.ts[0m:[93m464[0m:[93m47[0m - [91merror[0m[90m TS2304: [0mCannot find name 'listener'.

[7m464[0m         prependOnceListener(event: "request", listener: RequestListener<Request, Response>): this;
[7m   [0m [91m                                              ~~~~~~~~[0m
[96mnode_modules/@types/node/http.d.ts[0m:[93m464[0m:[93m55[0m - [91merror[0m[90m TS1005: [0m',' expected.

[7m464[0m         prependOnceListener(event: "request", listener: RequestListener<Request, Response>): this;
[7m   [0m [91m                                                      ~[0m
[96mnode_modules/@types/node/http.d.ts[0m:[93m464[0m:[93m57[0m - [91merror[0m[90m TS2693: [0m'RequestListener' only refers to a type, but is being used as a value here.

[7m464[0m         prependOnceListener(event: "request", listener: RequestListener<Request, Response>): this;
[7m   [0m [91m                                                        ~~~~~~~~~~~~~~~[0m
[96mnode_modules/@types/node/http.d.ts[0m:[93m464[0m:[93m91[0m - [91merror[0m[90m TS1005: [0m'(' expected.

[7m464[0m         prependOnceListener(event: "request", listener: RequestListener<Request, Response>): this;
[7m   [0m [91m                                                                                          ~[0m
[96mnode_modules/@types/node/http.d.ts[0m:[93m464[0m:[93m92[0m - [91merror[0m[90m TS1005: [0m',' expected.

[7m464[0m         prependOnceListener(event: "request", listener: RequestListener<Request, Response>): this;
[7m   [0m [91m                                                                                           ~[0m
[96mnode_modules/@types/node/http.d.ts[0m:[93m464[0m:[93m94[0m - [91merror[0m[90m TS2331: [0m'this' cannot be referenced in a module or namespace body.

[7m464[0m         prependOnceListener(event: "request", listener: RequestListener<Request, Response>): this;
[7m   [0m [91m                                                                                             ~~~~[0m
[96mnode_modules/@types/node/http.d.ts[0m:[93m464[0m:[93m98[0m - [91merror[0m[90m TS1005: [0m')' expected.

[7m464[0m         prependOnceListener(event: "request", listener: RequestListener<Request, Response>): this;
[7m   [0m [91m                                                                                                 ~[0m
[96mnode_modules/@types/node/http.d.ts[0m:[93m465[0m:[93m9[0m - [91merror[0m[90m TS2304: [0mCannot find name 'prependOnceListener'.

[7m465[0m         prependOnceListener(
[7m   [0m [91m        ~~~~~~~~~~~~~~~~~~~[0m
[96mnode_modules/@types/node/http.d.ts[0m:[93m466[0m:[93m18[0m - [91merror[0m[90m TS1005: [0m',' expected.

[7m466[0m             event: "upgrade",
[7m   [0m [91m                 ~[0m
[96mnode_modules/@types/node/http.d.ts[0m:[93m467[0m:[93m13[0m - [91merror[0m[90m TS2304: [0mCannot find name 'listener'.

[7m467[0m             listener: (req: InstanceType<Request>, socket: stream.Duplex, head: Buffer) => void,
[7m   [0m [91m            ~~~~~~~~[0m
[96mnode_modules/@types/node/http.d.ts[0m:[93m467[0m:[93m21[0m - [91merror[0m[90m TS1005: [0m',' expected.

[7m467[0m             listener: (req: InstanceType<Request>, socket: stream.Duplex, head: Buffer) => void,
[7m   [0m [91m                    ~[0m
[96mnode_modules/@types/node/http.d.ts[0m:[93m467[0m:[93m42[0m - [91merror[0m[90m TS2344: [0mType 'Request' does not satisfy the constraint 'new (...args: any) => any'.

[7m467[0m             listener: (req: InstanceType<Request>, socket: stream.Duplex, head: Buffer) => void,
[7m   [0m [91m                                         ~~~~~~~[0m
[96mnode_modules/@types/node/http.d.ts[0m:[93m467[0m:[93m96[0m - [91merror[0m[90m TS1109: [0mExpression expected.

[7m467[0m             listener: (req: InstanceType<Request>, socket: stream.Duplex, head: Buffer) => void,
[7m   [0m [91m                                                                                               ~[0m
[96mnode_modules/@types/node/http.d.ts[0m:[93m468[0m:[93m10[0m - [91merror[0m[90m TS1005: [0m';' expected.

[7m468[0m         ): this;
[7m   [0m [91m         ~[0m
[96mnode_modules/@types/node/http.d.ts[0m:[93m468[0m:[93m12[0m - [91merror[0m[90m TS2331: [0m'this' cannot be referenced in a module or namespace body.

[7m468[0m         ): this;
[7m   [0m [91m           ~~~~[0m
[96mnode_modules/@types/node/http.d.ts[0m:[93m1290[0m:[93m9[0m - [91merror[0m[90m TS2706: [0mRequired type parameters may not follow optional type parameters.

[7m1290[0m         Response extends typeof ServerResponse<InstanceType<Request>> = typeof ServerResponse,
[7m    [0m [91m        ~~~~~~~~~~~~~~~~~~~~~~~~~~~~~~~~~~~~~~[0m
[96mnode_modules/@types/node/http.d.ts[0m:[93m1290[0m:[93m47[0m - [91merror[0m[90m TS1005: [0m',' expected.

[7m1290[0m         Response extends typeof ServerResponse<InstanceType<Request>> = typeof ServerResponse,
[7m    [0m [91m                                              ~[0m
[96mnode_modules/@types/node/http.d.ts[0m:[93m1290[0m:[93m61[0m - [91merror[0m[90m TS2344: [0mType 'Request' does not satisfy the constraint 'new (...args: any) => any'.

[7m1290[0m         Response extends typeof ServerResponse<InstanceType<Request>> = typeof ServerResponse,
[7m    [0m [91m                                                            ~~~~~~~[0m
[96mnode_modules/@types/node/http.d.ts[0m:[93m1290[0m:[93m71[0m - [91merror[0m[90m TS1109: [0mExpression expected.

[7m1290[0m         Response extends typeof ServerResponse<InstanceType<Request>> = typeof ServerResponse,
[7m    [0m [91m                                                                      ~[0m
[96mnode_modules/@types/node/http.d.ts[0m:[93m1290[0m:[93m73[0m - [91merror[0m[90m TS2695: [0mLeft side of comma operator is unused and has no side effects.

[7m1290[0m         Response extends typeof ServerResponse<InstanceType<Request>> = typeof ServerResponse,
[7m    [0m [91m                                                                        ~~~~~~~~~~~~~~~~~~~~~[0m
[96mnode_modules/@types/node/http.d.ts[0m:[93m1291[0m:[93m5[0m - [91merror[0m[90m TS1109: [0mExpression expected.

[7m1291[0m     >(requestListener?: RequestListener<Request, Response>): Server<Request, Response>;
[7m    [0m [91m    ~[0m
[96mnode_modules/@types/node/http.d.ts[0m:[93m1291[0m:[93m7[0m - [91merror[0m[90m TS2304: [0mCannot find name 'requestListener'.

[7m1291[0m     >(requestListener?: RequestListener<Request, Response>): Server<Request, Response>;
[7m    [0m [91m      ~~~~~~~~~~~~~~~[0m
[96mnode_modules/@types/node/http.d.ts[0m:[93m1291[0m:[93m23[0m - [91merror[0m[90m TS1109: [0mExpression expected.

[7m1291[0m     >(requestListener?: RequestListener<Request, Response>): Server<Request, Response>;
[7m    [0m [91m                      ~[0m
[96mnode_modules/@types/node/http.d.ts[0m:[93m1291[0m:[93m25[0m - [91merror[0m[90m TS2693: [0m'RequestListener' only refers to a type, but is being used as a value here.

[7m1291[0m     >(requestListener?: RequestListener<Request, Response>): Server<Request, Response>;
[7m    [0m [91m                        ~~~~~~~~~~~~~~~[0m
[96mnode_modules/@types/node/http.d.ts[0m:[93m1291[0m:[93m59[0m - [91merror[0m[90m TS1005: [0m'(' expected.

[7m1291[0m     >(requestListener?: RequestListener<Request, Response>): Server<Request, Response>;
[7m    [0m [91m                                                          ~[0m
[96mnode_modules/@types/node/http.d.ts[0m:[93m1291[0m:[93m60[0m - [91merror[0m[90m TS1005: [0m')' expected.

[7m1291[0m     >(requestListener?: RequestListener<Request, Response>): Server<Request, Response>;
[7m    [0m [91m                                                           ~[0m
[96mnode_modules/@types/node/http.d.ts[0m:[93m1291[0m:[93m62[0m - [91merror[0m[90m TS2348: [0mValue of type 'typeof Server' is not callable. Did you mean to include 'new'?

[7m1291[0m     >(requestListener?: RequestListener<Request, Response>): Server<Request, Response>;
[7m    [0m [91m                                                             ~~~~~~~~~~~~~~~~~~~~~~~~~[0m
[96mnode_modules/@types/node/http.d.ts[0m:[93m1291[0m:[93m87[0m - [91merror[0m[90m TS1005: [0m'(' expected.

[7m1291[0m     >(requestListener?: RequestListener<Request, Response>): Server<Request, Response>;
[7m    [0m [91m                                                                                      ~[0m
[96mnode_modules/@types/node/http.d.ts[0m:[93m1294[0m:[93m9[0m - [91merror[0m[90m TS2706: [0mRequired type parameters may not follow optional type parameters.

[7m1294[0m         Response extends typeof ServerResponse<InstanceType<Request>> = typeof ServerResponse,
[7m    [0m [91m        ~~~~~~~~~~~~~~~~~~~~~~~~~~~~~~~~~~~~~~[0m
[96mnode_modules/@types/node/http.d.ts[0m:[93m1294[0m:[93m47[0m - [91merror[0m[90m TS1005: [0m',' expected.

[7m1294[0m         Response extends typeof ServerResponse<InstanceType<Request>> = typeof ServerResponse,
[7m    [0m [91m                                              ~[0m
[96mnode_modules/@types/node/http.d.ts[0m:[93m1294[0m:[93m61[0m - [91merror[0m[90m TS2344: [0mType 'Request' does not satisfy the constraint 'new (...args: any) => any'.

[7m1294[0m         Response extends typeof ServerResponse<InstanceType<Request>> = typeof ServerResponse,
[7m    [0m [91m                                                            ~~~~~~~[0m
[96mnode_modules/@types/node/http.d.ts[0m:[93m1294[0m:[93m71[0m - [91merror[0m[90m TS1109: [0mExpression expected.

[7m1294[0m         Response extends typeof ServerResponse<InstanceType<Request>> = typeof ServerResponse,
[7m    [0m [91m                                                                      ~[0m
[96mnode_modules/@types/node/http.d.ts[0m:[93m1294[0m:[93m73[0m - [91merror[0m[90m TS2695: [0mLeft side of comma operator is unused and has no side effects.

[7m1294[0m         Response extends typeof ServerResponse<InstanceType<Request>> = typeof ServerResponse,
[7m    [0m [91m                                                                        ~~~~~~~~~~~~~~~~~~~~~[0m
[96mnode_modules/@types/node/http.d.ts[0m:[93m1295[0m:[93m5[0m - [91merror[0m[90m TS1109: [0mExpression expected.

[7m1295[0m     >(
[7m    [0m [91m    ~[0m
[96mnode_modules/@types/node/http.d.ts[0m:[93m1296[0m:[93m9[0m - [91merror[0m[90m TS2304: [0mCannot find name 'options'.

[7m1296[0m         options: ServerOptions<Request, Response>,
[7m    [0m [91m        ~~~~~~~[0m
[96mnode_modules/@types/node/http.d.ts[0m:[93m1296[0m:[93m16[0m - [91merror[0m[90m TS1005: [0m')' expected.

[7m1296[0m         options: ServerOptions<Request, Response>,
[7m    [0m [91m               ~[0m
[96mnode_modules/@types/node/http.d.ts[0m:[93m1296[0m:[93m18[0m - [91merror[0m[90m TS2693: [0m'ServerOptions' only refers to a type, but is being used as a value here.

[7m1296[0m         options: ServerOptions<Request, Response>,
[7m    [0m [91m                 ~~~~~~~~~~~~~[0m
[96mnode_modules/@types/node/http.d.ts[0m:[93m1296[0m:[93m18[0m - [91merror[0m[90m TS2695: [0mLeft side of comma operator is unused and has no side effects.

[7m1296[0m         options: ServerOptions<Request, Response>,
[7m    [0m [91m                 ~~~~~~~~~~~~~~~~~~~~~[0m
[96mnode_modules/@types/node/http.d.ts[0m:[93m1296[0m:[93m18[0m - [91merror[0m[90m TS2695: [0mLeft side of comma operator is unused and has no side effects.

[7m1296[0m         options: ServerOptions<Request, Response>,
[7m    [0m [91m                 ~~~~~~~~~~~~~~~~~~~~~~~~~~~~~~~~[0m
[96mnode_modules/@types/node/http.d.ts[0m:[93m1296[0m:[93m18[0m - [91merror[0m[90m TS2695: [0mLeft side of comma operator is unused and has no side effects.

[7m1296[0m         options: ServerOptions<Request, Response>,
[7m    [0m [91m                 ~~~~~~~~~~~~~~~~~~~~~~~~~~~~~~~~~[0m
[7m1297[0m         requestListener?: RequestListener<Request, Response>,
[7m    [0m [91m~~~~~~~~~~~~~~~~~~~~~~~~~~~~~~~~~~~~~~~~~~~~~~~~~[0m
[96mnode_modules/@types/node/http.d.ts[0m:[93m1296[0m:[93m18[0m - [91merror[0m[90m TS2695: [0mLeft side of comma operator is unused and has no side effects.

[7m1296[0m         options: ServerOptions<Request, Response>,
[7m    [0m [91m                 ~~~~~~~~~~~~~~~~~~~~~~~~~~~~~~~~~[0m
[7m1297[0m         requestListener?: RequestListener<Request, Response>,
[7m    [0m [91m~~~~~~~~~~~~~~~~~~~~~~~~~~~~~~~~~~~~~~~~~~~~~~~~~~~~~~~~~~~~[0m
[96mnode_modules/@types/node/http.d.ts[0m:[93m1296[0m:[93m50[0m - [91merror[0m[90m TS1109: [0mExpression expected.

[7m1296[0m         options: ServerOptions<Request, Response>,
[7m    [0m [91m                                                 ~[0m
[96mnode_modules/@types/node/http.d.ts[0m:[93m1297[0m:[93m9[0m - [91merror[0m[90m TS2304: [0mCannot find name 'requestListener'.

[7m1297[0m         requestListener?: RequestListener<Request, Response>,
[7m    [0m [91m        ~~~~~~~~~~~~~~~[0m
[96mnode_modules/@types/node/http.d.ts[0m:[93m1297[0m:[93m25[0m - [91merror[0m[90m TS1109: [0mExpression expected.

[7m1297[0m         requestListener?: RequestListener<Request, Response>,
[7m    [0m [91m                        ~[0m
[96mnode_modules/@types/node/http.d.ts[0m:[93m1297[0m:[93m27[0m - [91merror[0m[90m TS2693: [0m'RequestListener' only refers to a type, but is being used as a value here.

[7m1297[0m         requestListener?: RequestListener<Request, Response>,
[7m    [0m [91m                          ~~~~~~~~~~~~~~~[0m
[96mnode_modules/@types/node/http.d.ts[0m:[93m1297[0m:[93m61[0m - [91merror[0m[90m TS1109: [0mExpression expected.

[7m1297[0m         requestListener?: RequestListener<Request, Response>,
[7m    [0m [91m                                                            ~[0m
[96mnode_modules/@types/node/http.d.ts[0m:[93m1298[0m:[93m5[0m - [91merror[0m[90m TS1109: [0mExpression expected.

[7m1298[0m     ): Server<Request, Response>;
[7m    [0m [91m    ~[0m
[96mnode_modules/@types/node/http.d.ts[0m:[93m1298[0m:[93m6[0m - [91merror[0m[90m TS1128: [0mDeclaration or statement expected.

[7m1298[0m     ): Server<Request, Response>;
[7m    [0m [91m     ~[0m
[96mnode_modules/@types/node/http.d.ts[0m:[93m1298[0m:[93m8[0m - [91merror[0m[90m TS2348: [0mValue of type 'typeof Server' is not callable. Did you mean to include 'new'?

[7m1298[0m     ): Server<Request, Response>;
[7m    [0m [91m       ~~~~~~~~~~~~~~~~~~~~~~~~~[0m
[96mnode_modules/@types/node/http.d.ts[0m:[93m1298[0m:[93m33[0m - [91merror[0m[90m TS1005: [0m'(' expected.

[7m1298[0m     ): Server<Request, Response>;
[7m    [0m [91m                                ~[0m
[96mnode_modules/@types/node/http2.d.ts[0m:[93m1052[0m:[93m9[0m - [91merror[0m[90m TS2706: [0mRequired type parameters may not follow optional type parameters.

[7m1052[0m         Http1Response extends typeof ServerResponse<InstanceType<Http1Request>> = typeof ServerResponse,
[7m    [0m [91m        ~~~~~~~~~~~~~~~~~~~~~~~~~~~~~~~~~~~~~~~~~~~[0m
[96mnode_modules/@types/node/http2.d.ts[0m:[93m1052[0m:[93m52[0m - [91merror[0m[90m TS1005: [0m',' expected.

[7m1052[0m         Http1Response extends typeof ServerResponse<InstanceType<Http1Request>> = typeof ServerResponse,
[7m    [0m [91m                                                   ~[0m
[96mnode_modules/@types/node/http2.d.ts[0m:[93m1052[0m:[93m66[0m - [91merror[0m[90m TS2304: [0mCannot find name 'Http1Request'.

[7m1052[0m         Http1Response extends typeof ServerResponse<InstanceType<Http1Request>> = typeof ServerResponse,
[7m    [0m [91m                                                                 ~~~~~~~~~~~~[0m
[96mnode_modules/@types/node/http2.d.ts[0m:[93m1052[0m:[93m81[0m - [91merror[0m[90m TS1109: [0mExpression expected.

[7m1052[0m         Http1Response extends typeof ServerResponse<InstanceType<Http1Request>> = typeof ServerResponse,
[7m    [0m [91m                                                                                ~[0m
[96mnode_modules/@types/node/http2.d.ts[0m:[93m1052[0m:[93m83[0m - [91merror[0m[90m TS2695: [0mLeft side of comma operator is unused and has no side effects.

[7m1052[0m         Http1Response extends typeof ServerResponse<InstanceType<Http1Request>> = typeof ServerResponse,
[7m    [0m [91m                                                                                  ~~~~~~~~~~~~~~~~~~~~~[0m
[96mnode_modules/@types/node/http2.d.ts[0m:[93m1053[0m:[93m9[0m - [91merror[0m[90m TS2304: [0mCannot find name 'Http2Request'.

[7m1053[0m         Http2Request extends typeof Http2ServerRequest = typeof Http2ServerRequest,
[7m    [0m [91m        ~~~~~~~~~~~~[0m
[96mnode_modules/@types/node/http2.d.ts[0m:[93m1053[0m:[93m22[0m - [91merror[0m[90m TS1005: [0m';' expected.

[7m1053[0m         Http2Request extends typeof Http2ServerRequest = typeof Http2ServerRequest,
[7m    [0m [91m                     ~~~~~~~[0m
[96mnode_modules/@types/node/http2.d.ts[0m:[93m1053[0m:[93m56[0m - [91merror[0m[90m TS1005: [0m';' expected.

[7m1053[0m         Http2Request extends typeof Http2ServerRequest = typeof Http2ServerRequest,
[7m    [0m [91m                                                       ~[0m
[96mnode_modules/@types/node/http2.d.ts[0m:[93m1053[0m:[93m58[0m - [91merror[0m[90m TS2695: [0mLeft side of comma operator is unused and has no side effects.

[7m1053[0m         Http2Request extends typeof Http2ServerRequest = typeof Http2ServerRequest,
[7m    [0m [91m                                                         ~~~~~~~~~~~~~~~~~~~~~~~~~[0m
[96mnode_modules/@types/node/http2.d.ts[0m:[93m1054[0m:[93m9[0m - [91merror[0m[90m TS2304: [0mCannot find name 'Http2Response'.

[7m1054[0m         Http2Response extends typeof Http2ServerResponse<InstanceType<Http2Request>> = typeof Http2ServerResponse,
[7m    [0m [91m        ~~~~~~~~~~~~~[0m
[96mnode_modules/@types/node/http2.d.ts[0m:[93m1054[0m:[93m23[0m - [91merror[0m[90m TS1005: [0m';' expected.

[7m1054[0m         Http2Response extends typeof Http2ServerResponse<InstanceType<Http2Request>> = typeof Http2ServerResponse,
[7m    [0m [91m                      ~~~~~~~[0m
[96mnode_modules/@types/node/http2.d.ts[0m:[93m1054[0m:[93m31[0m - [91merror[0m[90m TS2365: [0mOperator '<' cannot be applied to types 'boolean' and 'number'.

[7m1054[0m         Http2Response extends typeof Http2ServerResponse<InstanceType<Http2Request>> = typeof Http2ServerResponse,
[7m    [0m [91m                              ~~~~~~~~~~~~~~~~~~~~~~~~~~~~~~~~~~~~~~~~~~~~~~~~~~~~~~[0m
[96mnode_modules/@types/node/http2.d.ts[0m:[93m1054[0m:[93m58[0m - [91merror[0m[90m TS2693: [0m'InstanceType' only refers to a type, but is being used as a value here.

[7m1054[0m         Http2Response extends typeof Http2ServerResponse<InstanceType<Http2Request>> = typeof Http2ServerResponse,
[7m    [0m [91m                                                         ~~~~~~~~~~~~[0m
[96mnode_modules/@types/node/http2.d.ts[0m:[93m1054[0m:[93m71[0m - [91merror[0m[90m TS2304: [0mCannot find name 'Http2Request'.

[7m1054[0m         Http2Response extends typeof Http2ServerResponse<InstanceType<Http2Request>> = typeof Http2ServerResponse,
[7m    [0m [91m                                                                      ~~~~~~~~~~~~[0m
[96mnode_modules/@types/node/http2.d.ts[0m:[93m1054[0m:[93m86[0m - [91merror[0m[90m TS1109: [0mExpression expected.

[7m1054[0m         Http2Response extends typeof Http2ServerResponse<InstanceType<Http2Request>> = typeof Http2ServerResponse,
[7m    [0m [91m                                                                                     ~[0m
[96mnode_modules/@types/node/http2.d.ts[0m:[93m1054[0m:[93m88[0m - [91merror[0m[90m TS2695: [0mLeft side of comma operator is unused and has no side effects.

[7m1054[0m         Http2Response extends typeof Http2ServerResponse<InstanceType<Http2Request>> = typeof Http2ServerResponse,
[7m    [0m [91m                                                                                       ~~~~~~~~~~~~~~~~~~~~~~~~~~[0m
[96mnode_modules/@types/node/http2.d.ts[0m:[93m1055[0m:[93m5[0m - [91merror[0m[90m TS1109: [0mExpression expected.

[7m1055[0m     > extends Http2Session {
[7m    [0m [91m    ~[0m
[96mnode_modules/@types/node/http2.d.ts[0m:[93m1055[0m:[93m7[0m - [91merror[0m[90m TS1109: [0mExpression expected.

[7m1055[0m     > extends Http2Session {
[7m    [0m [91m      ~~~~~~~[0m
[96mnode_modules/@types/node/http2.d.ts[0m:[93m1055[0m:[93m15[0m - [91merror[0m[90m TS2693: [0m'Http2Session' only refers to a type, but is being used as a value here.

[7m1055[0m     > extends Http2Session {
[7m    [0m [91m              ~~~~~~~~~~~~[0m
[96mnode_modules/@types/node/http2.d.ts[0m:[93m1055[0m:[93m28[0m - [91merror[0m[90m TS1005: [0m';' expected.

[7m1055[0m     > extends Http2Session {
[7m    [0m [91m                           ~[0m
[96mnode_modules/@types/node/http2.d.ts[0m:[93m1056[0m:[93m9[0m - [91merror[0m[90m TS1128: [0mDeclaration or statement expected.

[7m1056[0m         readonly server:
[7m    [0m [91m        ~~~~~~~~[0m
[96mnode_modules/@types/node/http2.d.ts[0m:[93m1057[0m:[93m13[0m - [91merror[0m[90m TS1109: [0mExpression expected.

[7m1057[0m             | Http2Server<Http1Request, Http1Response, Http2Request, Http2Response>
[7m    [0m [91m            ~[0m
[96mnode_modules/@types/node/http2.d.ts[0m:[93m1057[0m:[93m15[0m - [91merror[0m[90m TS2693: [0m'Http2Server' only refers to a type, but is being used as a value here.

[7m1057[0m             | Http2Server<Http1Request, Http1Response, Http2Request, Http2Response>
[7m    [0m [91m              ~~~~~~~~~~~[0m
[96mnode_modules/@types/node/http2.d.ts[0m:[93m1057[0m:[93m27[0m - [91merror[0m[90m TS2304: [0mCannot find name 'Http1Request'.

[7m1057[0m             | Http2Server<Http1Request, Http1Response, Http2Request, Http2Response>
[7m    [0m [91m                          ~~~~~~~~~~~~[0m
[96mnode_modules/@types/node/http2.d.ts[0m:[93m1057[0m:[93m41[0m - [91merror[0m[90m TS2304: [0mCannot find name 'Http1Response'.

[7m1057[0m             | Http2Server<Http1Request, Http1Response, Http2Request, Http2Response>
[7m    [0m [91m                                        ~~~~~~~~~~~~~[0m
[96mnode_modules/@types/node/http2.d.ts[0m:[93m1057[0m:[93m56[0m - [91merror[0m[90m TS2304: [0mCannot find name 'Http2Request'.

[7m1057[0m             | Http2Server<Http1Request, Http1Response, Http2Request, Http2Response>
[7m    [0m [91m                                                       ~~~~~~~~~~~~[0m
[96mnode_modules/@types/node/http2.d.ts[0m:[93m1057[0m:[93m70[0m - [91merror[0m[90m TS2304: [0mCannot find name 'Http2Response'.

[7m1057[0m             | Http2Server<Http1Request, Http1Response, Http2Request, Http2Response>
[7m    [0m [91m                                                                     ~~~~~~~~~~~~~[0m
[96mnode_modules/@types/node/http2.d.ts[0m:[93m1058[0m:[93m13[0m - [91merror[0m[90m TS1005: [0m'(' expected.

[7m1058[0m             | Http2SecureServer<Http1Request, Http1Response, Http2Request, Http2Response>;
[7m    [0m [91m            ~[0m
[96mnode_modules/@types/node/http2.d.ts[0m:[93m1058[0m:[93m15[0m - [91merror[0m[90m TS2693: [0m'Http2SecureServer' only refers to a type, but is being used as a value here.

[7m1058[0m             | Http2SecureServer<Http1Request, Http1Response, Http2Request, Http2Response>;
[7m    [0m [91m              ~~~~~~~~~~~~~~~~~[0m
[96mnode_modules/@types/node/http2.d.ts[0m:[93m1058[0m:[93m33[0m - [91merror[0m[90m TS2304: [0mCannot find name 'Http1Request'.

[7m1058[0m             | Http2SecureServer<Http1Request, Http1Response, Http2Request, Http2Response>;
[7m    [0m [91m                                ~~~~~~~~~~~~[0m
[96mnode_modules/@types/node/http2.d.ts[0m:[93m1058[0m:[93m47[0m - [91merror[0m[90m TS2304: [0mCannot find name 'Http1Response'.

[7m1058[0m             | Http2SecureServer<Http1Request, Http1Response, Http2Request, Http2Response>;
[7m    [0m [91m                                              ~~~~~~~~~~~~~[0m
[96mnode_modules/@types/node/http2.d.ts[0m:[93m1058[0m:[93m62[0m - [91merror[0m[90m TS2304: [0mCannot find name 'Http2Request'.

[7m1058[0m             | Http2SecureServer<Http1Request, Http1Response, Http2Request, Http2Response>;
[7m    [0m [91m                                                             ~~~~~~~~~~~~[0m
[96mnode_modules/@types/node/http2.d.ts[0m:[93m1058[0m:[93m76[0m - [91merror[0m[90m TS2304: [0mCannot find name 'Http2Response'.

[7m1058[0m             | Http2SecureServer<Http1Request, Http1Response, Http2Request, Http2Response>;
[7m    [0m [91m                                                                           ~~~~~~~~~~~~~[0m
[96mnode_modules/@types/node/http2.d.ts[0m:[93m1058[0m:[93m90[0m - [91merror[0m[90m TS1005: [0m'(' expected.

[7m1058[0m             | Http2SecureServer<Http1Request, Http1Response, Http2Request, Http2Response>;
[7m    [0m [91m                                                                                         ~[0m
[96mnode_modules/@types/node/http2.d.ts[0m:[93m1097[0m:[93m9[0m - [91merror[0m[90m TS2304: [0mCannot find name 'altsvc'.

[7m1097[0m         altsvc(alt: string, originOrStream: number | string | url.URL | AlternativeServiceOptions): void;
[7m    [0m [91m        ~~~~~~[0m
[96mnode_modules/@types/node/http2.d.ts[0m:[93m1097[0m:[93m16[0m - [91merror[0m[90m TS2304: [0mCannot find name 'alt'.

[7m1097[0m         altsvc(alt: string, originOrStream: number | string | url.URL | AlternativeServiceOptions): void;
[7m    [0m [91m               ~~~[0m
[96mnode_modules/@types/node/http2.d.ts[0m:[93m1097[0m:[93m19[0m - [91merror[0m[90m TS1005: [0m',' expected.

[7m1097[0m         altsvc(alt: string, originOrStream: number | string | url.URL | AlternativeServiceOptions): void;
[7m    [0m [91m                  ~[0m
[96mnode_modules/@types/node/http2.d.ts[0m:[93m1097[0m:[93m21[0m - [91merror[0m[90m TS2693: [0m'string' only refers to a type, but is being used as a value here.

[7m1097[0m         altsvc(alt: string, originOrStream: number | string | url.URL | AlternativeServiceOptions): void;
[7m    [0m [91m                    ~~~~~~[0m
[96mnode_modules/@types/node/http2.d.ts[0m:[93m1097[0m:[93m29[0m - [91merror[0m[90m TS2304: [0mCannot find name 'originOrStream'.

[7m1097[0m         altsvc(alt: string, originOrStream: number | string | url.URL | AlternativeServiceOptions): void;
[7m    [0m [91m                            ~~~~~~~~~~~~~~[0m
[96mnode_modules/@types/node/http2.d.ts[0m:[93m1097[0m:[93m43[0m - [91merror[0m[90m TS1005: [0m',' expected.

[7m1097[0m         altsvc(alt: string, originOrStream: number | string | url.URL | AlternativeServiceOptions): void;
[7m    [0m [91m                                          ~[0m
[96mnode_modules/@types/node/http2.d.ts[0m:[93m1097[0m:[93m45[0m - [91merror[0m[90m TS2693: [0m'number' only refers to a type, but is being used as a value here.

[7m1097[0m         altsvc(alt: string, originOrStream: number | string | url.URL | AlternativeServiceOptions): void;
[7m    [0m [91m                                            ~~~~~~[0m
[96mnode_modules/@types/node/http2.d.ts[0m:[93m1097[0m:[93m54[0m - [91merror[0m[90m TS2693: [0m'string' only refers to a type, but is being used as a value here.

[7m1097[0m         altsvc(alt: string, originOrStream: number | string | url.URL | AlternativeServiceOptions): void;
[7m    [0m [91m                                                     ~~~~~~[0m
[96mnode_modules/@types/node/http2.d.ts[0m:[93m1097[0m:[93m63[0m - [91merror[0m[90m TS2363: [0mThe right-hand side of an arithmetic operation must be of type 'any', 'number', 'bigint' or an enum type.

[7m1097[0m         altsvc(alt: string, originOrStream: number | string | url.URL | AlternativeServiceOptions): void;
[7m    [0m [91m                                                              ~~~~~~~[0m
[96mnode_modules/@types/node/http2.d.ts[0m:[93m1097[0m:[93m73[0m - [91merror[0m[90m TS2693: [0m'AlternativeServiceOptions' only refers to a type, but is being used as a value here.

[7m1097[0m         altsvc(alt: string, originOrStream: number | string | url.URL | AlternativeServiceOptions): void;
[7m    [0m [91m                                                                        ~~~~~~~~~~~~~~~~~~~~~~~~~[0m
[96mnode_modules/@types/node/http2.d.ts[0m:[93m1097[0m:[93m99[0m - [91merror[0m[90m TS1005: [0m';' expected.

[7m1097[0m         altsvc(alt: string, originOrStream: number | string | url.URL | AlternativeServiceOptions): void;
[7m    [0m [91m                                                                                                  ~[0m
[96mnode_modules/@types/node/http2.d.ts[0m:[93m1097[0m:[93m105[0m - [91merror[0m[90m TS1109: [0mExpression expected.

[7m1097[0m         altsvc(alt: string, originOrStream: number | string | url.URL | AlternativeServiceOptions): void;
[7m    [0m [91m                                                                                                        ~[0m
[96mnode_modules/@types/node/http2.d.ts[0m:[93m1142[0m:[93m9[0m - [91merror[0m[90m TS2349: [0mThis expression is not callable.
  Type 'String' has no call signatures.

[7m1142[0m         origin(
[7m    [0m [91m        ~~~~~~[0m
[96mnode_modules/@types/node/http2.d.ts[0m:[93m1143[0m:[93m16[0m - [91merror[0m[90m TS2304: [0mCannot find name 'origins'.

[7m1143[0m             ...origins: Array<
[7m    [0m [91m               ~~~~~~~[0m
[96mnode_modules/@types/node/http2.d.ts[0m:[93m1143[0m:[93m23[0m - [91merror[0m[90m TS1005: [0m',' expected.

[7m1143[0m             ...origins: Array<
[7m    [0m [91m                      ~[0m
[96mnode_modules/@types/node/http2.d.ts[0m:[93m1150[0m:[93m9[0m - [91merror[0m[90m TS1005: [0m'(' expected.

[7m1150[0m         ): void;
[7m    [0m [91m        ~[0m
[96mnode_modules/@types/node/http2.d.ts[0m:[93m1150[0m:[93m10[0m - [91merror[0m[90m TS1005: [0m',' expected.

[7m1150[0m         ): void;
[7m    [0m [91m         ~[0m
[96mnode_modules/@types/node/http2.d.ts[0m:[93m1150[0m:[93m16[0m - [91merror[0m[90m TS1109: [0mExpression expected.

[7m1150[0m         ): void;
[7m    [0m [91m               ~[0m
[96mnode_modules/@types/node/http2.d.ts[0m:[93m1151[0m:[93m9[0m - [91merror[0m[90m TS2304: [0mCannot find name 'addListener'.

[7m1151[0m         addListener(
[7m    [0m [91m        ~~~~~~~~~~~[0m
[96mnode_modules/@types/node/http2.d.ts[0m:[93m1152[0m:[93m18[0m - [91merror[0m[90m TS1005: [0m',' expected.

[7m1152[0m             event: "connect",
[7m    [0m [91m                 ~[0m
[96mnode_modules/@types/node/http2.d.ts[0m:[93m1153[0m:[93m13[0m - [91merror[0m[90m TS2304: [0mCannot find name 'listener'.

[7m1153[0m             listener: (
[7m    [0m [91m            ~~~~~~~~[0m
[96mnode_modules/@types/node/http2.d.ts[0m:[93m1153[0m:[93m21[0m - [91merror[0m[90m TS1005: [0m',' expected.

[7m1153[0m             listener: (
[7m    [0m [91m                    ~[0m
[96mnode_modules/@types/node/http2.d.ts[0m:[93m1154[0m:[93m26[0m - [91merror[0m[90m TS2314: [0mGeneric type 'ServerHttp2Session<Http1Request, Http1Response>' requires 2 type argument(s).

[7m1154[0m                 session: ServerHttp2Session<Http1Request, Http1Response, Http2Request, Http2Response>,
[7m    [0m [91m                         ~~~~~~~~~~~~~~~~~~~~~~~~~~~~~~~~~~~~~~~~~~~~~~~~~~~~~~~~~~~~~~~~~~~~~~~~~~~~[0m
[96mnode_modules/@types/node/http2.d.ts[0m:[93m1154[0m:[93m45[0m - [91merror[0m[90m TS2304: [0mCannot find name 'Http1Request'.

[7m1154[0m                 session: ServerHttp2Session<Http1Request, Http1Response, Http2Request, Http2Response>,
[7m    [0m [91m                                            ~~~~~~~~~~~~[0m
[96mnode_modules/@types/node/http2.d.ts[0m:[93m1154[0m:[93m59[0m - [91merror[0m[90m TS2304: [0mCannot find name 'Http1Response'.

[7m1154[0m                 session: ServerHttp2Session<Http1Request, Http1Response, Http2Request, Http2Response>,
[7m    [0m [91m                                                          ~~~~~~~~~~~~~[0m
[96mnode_modules/@types/node/http2.d.ts[0m:[93m1154[0m:[93m74[0m - [91merror[0m[90m TS2304: [0mCannot find name 'Http2Request'.

[7m1154[0m                 session: ServerHttp2Session<Http1Request, Http1Response, Http2Request, Http2Response>,
[7m    [0m [91m                                                                         ~~~~~~~~~~~~[0m
[96mnode_modules/@types/node/http2.d.ts[0m:[93m1154[0m:[93m88[0m - [91merror[0m[90m TS2304: [0mCannot find name 'Http2Response'.

[7m1154[0m                 session: ServerHttp2Session<Http1Request, Http1Response, Http2Request, Http2Response>,
[7m    [0m [91m                                                                                       ~~~~~~~~~~~~~[0m
[96mnode_modules/@types/node/http2.d.ts[0m:[93m1156[0m:[93m22[0m - [91merror[0m[90m TS1109: [0mExpression expected.

[7m1156[0m             ) => void,
[7m    [0m [91m                     ~[0m
[96mnode_modules/@types/node/http2.d.ts[0m:[93m1157[0m:[93m10[0m - [91merror[0m[90m TS1005: [0m';' expected.

[7m1157[0m         ): this;
[7m    [0m [91m         ~[0m
[96mnode_modules/@types/node/http2.d.ts[0m:[93m1157[0m:[93m12[0m - [91merror[0m[90m TS2331: [0m'this' cannot be referenced in a module or namespace body.

[7m1157[0m         ): this;
[7m    [0m [91m           ~~~~[0m
[96mnode_modules/@types/node/http2.d.ts[0m:[93m1158[0m:[93m9[0m - [91merror[0m[90m TS2304: [0mCannot find name 'addListener'.

[7m1158[0m         addListener(
[7m    [0m [91m        ~~~~~~~~~~~[0m
[96mnode_modules/@types/node/http2.d.ts[0m:[93m1159[0m:[93m18[0m - [91merror[0m[90m TS1005: [0m',' expected.

[7m1159[0m             event: "stream",
[7m    [0m [91m                 ~[0m
[96mnode_modules/@types/node/http2.d.ts[0m:[93m1160[0m:[93m13[0m - [91merror[0m[90m TS2304: [0mCannot find name 'listener'.

[7m1160[0m             listener: (stream: ServerHttp2Stream, headers: IncomingHttpHeaders, flags: number) => void,
[7m    [0m [91m            ~~~~~~~~[0m
[96mnode_modules/@types/node/http2.d.ts[0m:[93m1160[0m:[93m21[0m - [91merror[0m[90m TS1005: [0m',' expected.

[7m1160[0m             listener: (stream: ServerHttp2Stream, headers: IncomingHttpHeaders, flags: number) => void,
[7m    [0m [91m                    ~[0m
[96mnode_modules/@types/node/http2.d.ts[0m:[93m1160[0m:[93m103[0m - [91merror[0m[90m TS1109: [0mExpression expected.

[7m1160[0m             listener: (stream: ServerHttp2Stream, headers: IncomingHttpHeaders, flags: number) => void,
[7m    [0m [91m                                                                                                      ~[0m
[96mnode_modules/@types/node/http2.d.ts[0m:[93m1161[0m:[93m10[0m - [91merror[0m[90m TS1005: [0m';' expected.

[7m1161[0m         ): this;
[7m    [0m [91m         ~[0m
[96mnode_modules/@types/node/http2.d.ts[0m:[93m1161[0m:[93m12[0m - [91merror[0m[90m TS2331: [0m'this' cannot be referenced in a module or namespace body.

[7m1161[0m         ): this;
[7m    [0m [91m           ~~~~[0m
[96mnode_modules/@types/node/http2.d.ts[0m:[93m1162[0m:[93m9[0m - [91merror[0m[90m TS2304: [0mCannot find name 'addListener'.

[7m1162[0m         addListener(event: string | symbol, listener: (...args: any[]) => void): this;
[7m    [0m [91m        ~~~~~~~~~~~[0m
[96mnode_modules/@types/node/http2.d.ts[0m:[93m1162[0m:[93m26[0m - [91merror[0m[90m TS1005: [0m',' expected.

[7m1162[0m         addListener(event: string | symbol, listener: (...args: any[]) => void): this;
[7m    [0m [91m                         ~[0m
[96mnode_modules/@types/node/http2.d.ts[0m:[93m1162[0m:[93m28[0m - [91merror[0m[90m TS2693: [0m'string' only refers to a type, but is being used as a value here.

[7m1162[0m         addListener(event: string | symbol, listener: (...args: any[]) => void): this;
[7m    [0m [91m                           ~~~~~~[0m
[96mnode_modules/@types/node/http2.d.ts[0m:[93m1162[0m:[93m37[0m - [91merror[0m[90m TS2304: [0mCannot find name 'symbol'.

[7m1162[0m         addListener(event: string | symbol, listener: (...args: any[]) => void): this;
[7m    [0m [91m                                    ~~~~~~[0m
[96mnode_modules/@types/node/http2.d.ts[0m:[93m1162[0m:[93m45[0m - [91merror[0m[90m TS2304: [0mCannot find name 'listener'.

[7m1162[0m         addListener(event: string | symbol, listener: (...args: any[]) => void): this;
[7m    [0m [91m                                            ~~~~~~~~[0m
[96mnode_modules/@types/node/http2.d.ts[0m:[93m1162[0m:[93m53[0m - [91merror[0m[90m TS1005: [0m',' expected.

[7m1162[0m         addListener(event: string | symbol, listener: (...args: any[]) => void): this;
[7m    [0m [91m                                                    ~[0m
[96mnode_modules/@types/node/http2.d.ts[0m:[93m1162[0m:[93m79[0m - [91merror[0m[90m TS1109: [0mExpression expected.

[7m1162[0m         addListener(event: string | symbol, listener: (...args: any[]) => void): this;
[7m    [0m [91m                                                                              ~[0m
[96mnode_modules/@types/node/http2.d.ts[0m:[93m1162[0m:[93m80[0m - [91merror[0m[90m TS1005: [0m';' expected.

[7m1162[0m         addListener(event: string | symbol, listener: (...args: any[]) => void): this;
[7m    [0m [91m                                                                               ~[0m
[96mnode_modules/@types/node/http2.d.ts[0m:[93m1162[0m:[93m82[0m - [91merror[0m[90m TS2331: [0m'this' cannot be referenced in a module or namespace body.

[7m1162[0m         addListener(event: string | symbol, listener: (...args: any[]) => void): this;
[7m    [0m [91m                                                                                 ~~~~[0m
[96mnode_modules/@types/node/http2.d.ts[0m:[93m1163[0m:[93m9[0m - [91merror[0m[90m TS2304: [0mCannot find name 'emit'.

[7m1163[0m         emit(
[7m    [0m [91m        ~~~~[0m
[96mnode_modules/@types/node/http2.d.ts[0m:[93m1164[0m:[93m18[0m - [91merror[0m[90m TS1005: [0m',' expected.

[7m1164[0m             event: "connect",
[7m    [0m [91m                 ~[0m
[96mnode_modules/@types/node/http2.d.ts[0m:[93m1165[0m:[93m13[0m - [91merror[0m[90m TS2304: [0mCannot find name 'session'.

[7m1165[0m             session: ServerHttp2Session<Http1Request, Http1Response, Http2Request, Http2Response>,
[7m    [0m [91m            ~~~~~~~[0m
[96mnode_modules/@types/node/http2.d.ts[0m:[93m1165[0m:[93m20[0m - [91merror[0m[90m TS1005: [0m',' expected.

[7m1165[0m             session: ServerHttp2Session<Http1Request, Http1Response, Http2Request, Http2Response>,
[7m    [0m [91m                   ~[0m
[96mnode_modules/@types/node/http2.d.ts[0m:[93m1165[0m:[93m22[0m - [91merror[0m[90m TS2693: [0m'ServerHttp2Session' only refers to a type, but is being used as a value here.

[7m1165[0m             session: ServerHttp2Session<Http1Request, Http1Response, Http2Request, Http2Response>,
[7m    [0m [91m                     ~~~~~~~~~~~~~~~~~~[0m
[96mnode_modules/@types/node/http2.d.ts[0m:[93m1165[0m:[93m41[0m - [91merror[0m[90m TS2304: [0mCannot find name 'Http1Request'.

[7m1165[0m             session: ServerHttp2Session<Http1Request, Http1Response, Http2Request, Http2Response>,
[7m    [0m [91m                                        ~~~~~~~~~~~~[0m
[96mnode_modules/@types/node/http2.d.ts[0m:[93m1165[0m:[93m55[0m - [91merror[0m[90m TS2304: [0mCannot find name 'Http1Response'.

[7m1165[0m             session: ServerHttp2Session<Http1Request, Http1Response, Http2Request, Http2Response>,
[7m    [0m [91m                                                      ~~~~~~~~~~~~~[0m
[96mnode_modules/@types/node/http2.d.ts[0m:[93m1165[0m:[93m70[0m - [91merror[0m[90m TS2304: [0mCannot find name 'Http2Request'.

[7m1165[0m             session: ServerHttp2Session<Http1Request, Http1Response, Http2Request, Http2Response>,
[7m    [0m [91m                                                                     ~~~~~~~~~~~~[0m
[96mnode_modules/@types/node/http2.d.ts[0m:[93m1165[0m:[93m84[0m - [91merror[0m[90m TS2304: [0mCannot find name 'Http2Response'.

[7m1165[0m             session: ServerHttp2Session<Http1Request, Http1Response, Http2Request, Http2Response>,
[7m    [0m [91m                                                                                   ~~~~~~~~~~~~~[0m
[96mnode_modules/@types/node/http2.d.ts[0m:[93m1165[0m:[93m98[0m - [91merror[0m[90m TS1109: [0mExpression expected.

[7m1165[0m             session: ServerHttp2Session<Http1Request, Http1Response, Http2Request, Http2Response>,
[7m    [0m [91m                                                                                                 ~[0m
[96mnode_modules/@types/node/http2.d.ts[0m:[93m1166[0m:[93m13[0m - [91merror[0m[90m TS2304: [0mCannot find name 'socket'.

[7m1166[0m             socket: net.Socket | tls.TLSSocket,
[7m    [0m [91m            ~~~~~~[0m
[96mnode_modules/@types/node/http2.d.ts[0m:[93m1166[0m:[93m19[0m - [91merror[0m[90m TS1005: [0m',' expected.

[7m1166[0m             socket: net.Socket | tls.TLSSocket,
[7m    [0m [91m                  ~[0m
[96mnode_modules/@types/node/http2.d.ts[0m:[93m1166[0m:[93m21[0m - [91merror[0m[90m TS2362: [0mThe left-hand side of an arithmetic operation must be of type 'any', 'number', 'bigint' or an enum type.

[7m1166[0m             socket: net.Socket | tls.TLSSocket,
[7m    [0m [91m                    ~~~~~~~~~~[0m
[96mnode_modules/@types/node/http2.d.ts[0m:[93m1166[0m:[93m34[0m - [91merror[0m[90m TS2363: [0mThe right-hand side of an arithmetic operation must be of type 'any', 'number', 'bigint' or an enum type.

[7m1166[0m             socket: net.Socket | tls.TLSSocket,
[7m    [0m [91m                                 ~~~~~~~~~~~~~[0m
[96mnode_modules/@types/node/http2.d.ts[0m:[93m1167[0m:[93m10[0m - [91merror[0m[90m TS1005: [0m';' expected.

[7m1167[0m         ): boolean;
[7m    [0m [91m         ~[0m
[96mnode_modules/@types/node/http2.d.ts[0m:[93m1167[0m:[93m12[0m - [91merror[0m[90m TS2693: [0m'boolean' only refers to a type, but is being used as a value here.

[7m1167[0m         ): boolean;
[7m    [0m [91m           ~~~~~~~[0m
[96mnode_modules/@types/node/http2.d.ts[0m:[93m1168[0m:[93m9[0m - [91merror[0m[90m TS2304: [0mCannot find name 'emit'.

[7m1168[0m         emit(event: "stream", stream: ServerHttp2Stream, headers: IncomingHttpHeaders, flags: number): boolean;
[7m    [0m [91m        ~~~~[0m
[96mnode_modules/@types/node/http2.d.ts[0m:[93m1168[0m:[93m19[0m - [91merror[0m[90m TS1005: [0m',' expected.

[7m1168[0m         emit(event: "stream", stream: ServerHttp2Stream, headers: IncomingHttpHeaders, flags: number): boolean;
[7m    [0m [91m                  ~[0m
[96mnode_modules/@types/node/http2.d.ts[0m:[93m1168[0m:[93m37[0m - [91merror[0m[90m TS1005: [0m',' expected.

[7m1168[0m         emit(event: "stream", stream: ServerHttp2Stream, headers: IncomingHttpHeaders, flags: number): boolean;
[7m    [0m [91m                                    ~[0m
[96mnode_modules/@types/node/http2.d.ts[0m:[93m1168[0m:[93m39[0m - [91merror[0m[90m TS2693: [0m'ServerHttp2Stream' only refers to a type, but is being used as a value here.

[7m1168[0m         emit(event: "stream", stream: ServerHttp2Stream, headers: IncomingHttpHeaders, flags: number): boolean;
[7m    [0m [91m                                      ~~~~~~~~~~~~~~~~~[0m
[96mnode_modules/@types/node/http2.d.ts[0m:[93m1168[0m:[93m58[0m - [91merror[0m[90m TS2304: [0mCannot find name 'headers'.

[7m1168[0m         emit(event: "stream", stream: ServerHttp2Stream, headers: IncomingHttpHeaders, flags: number): boolean;
[7m    [0m [91m                                                         ~~~~~~~[0m
[96mnode_modules/@types/node/http2.d.ts[0m:[93m1168[0m:[93m65[0m - [91merror[0m[90m TS1005: [0m',' expected.

[7m1168[0m         emit(event: "stream", stream: ServerHttp2Stream, headers: IncomingHttpHeaders, flags: number): boolean;
[7m    [0m [91m                                                                ~[0m
[96mnode_modules/@types/node/http2.d.ts[0m:[93m1168[0m:[93m67[0m - [91merror[0m[90m TS2693: [0m'IncomingHttpHeaders' only refers to a type, but is being used as a value here.

[7m1168[0m         emit(event: "stream", stream: ServerHttp2Stream, headers: IncomingHttpHeaders, flags: number): boolean;
[7m    [0m [91m                                                                  ~~~~~~~~~~~~~~~~~~~[0m
[96mnode_modules/@types/node/http2.d.ts[0m:[93m1168[0m:[93m88[0m - [91merror[0m[90m TS2304: [0mCannot find name 'flags'.

[7m1168[0m         emit(event: "stream", stream: ServerHttp2Stream, headers: IncomingHttpHeaders, flags: number): boolean;
[7m    [0m [91m                                                                                       ~~~~~[0m
[96mnode_modules/@types/node/http2.d.ts[0m:[93m1168[0m:[93m93[0m - [91merror[0m[90m TS1005: [0m',' expected.

[7m1168[0m         emit(event: "stream", stream: ServerHttp2Stream, headers: IncomingHttpHeaders, flags: number): boolean;
[7m    [0m [91m                                                                                            ~[0m
[96mnode_modules/@types/node/http2.d.ts[0m:[93m1168[0m:[93m95[0m - [91merror[0m[90m TS2693: [0m'number' only refers to a type, but is being used as a value here.

[7m1168[0m         emit(event: "stream", stream: ServerHttp2Stream, headers: IncomingHttpHeaders, flags: number): boolean;
[7m    [0m [91m                                                                                              ~~~~~~[0m
[96mnode_modules/@types/node/http2.d.ts[0m:[93m1168[0m:[93m102[0m - [91merror[0m[90m TS1005: [0m';' expected.

[7m1168[0m         emit(event: "stream", stream: ServerHttp2Stream, headers: IncomingHttpHeaders, flags: number): boolean;
[7m    [0m [91m                                                                                                     ~[0m
[96mnode_modules/@types/node/http2.d.ts[0m:[93m1168[0m:[93m104[0m - [91merror[0m[90m TS2693: [0m'boolean' only refers to a type, but is being used as a value here.

[7m1168[0m         emit(event: "stream", stream: ServerHttp2Stream, headers: IncomingHttpHeaders, flags: number): boolean;
[7m    [0m [91m                                                                                                       ~~~~~~~[0m
[96mnode_modules/@types/node/http2.d.ts[0m:[93m1169[0m:[93m9[0m - [91merror[0m[90m TS2304: [0mCannot find name 'emit'.

[7m1169[0m         emit(event: string | symbol, ...args: any[]): boolean;
[7m    [0m [91m        ~~~~[0m
[96mnode_modules/@types/node/http2.d.ts[0m:[93m1169[0m:[93m19[0m - [91merror[0m[90m TS1005: [0m',' expected.

[7m1169[0m         emit(event: string | symbol, ...args: any[]): boolean;
[7m    [0m [91m                  ~[0m
[96mnode_modules/@types/node/http2.d.ts[0m:[93m1169[0m:[93m21[0m - [91merror[0m[90m TS2693: [0m'string' only refers to a type, but is being used as a value here.

[7m1169[0m         emit(event: string | symbol, ...args: any[]): boolean;
[7m    [0m [91m                    ~~~~~~[0m
[96mnode_modules/@types/node/http2.d.ts[0m:[93m1169[0m:[93m30[0m - [91merror[0m[90m TS2304: [0mCannot find name 'symbol'.

[7m1169[0m         emit(event: string | symbol, ...args: any[]): boolean;
[7m    [0m [91m                             ~~~~~~[0m
[96mnode_modules/@types/node/http2.d.ts[0m:[93m1169[0m:[93m41[0m - [91merror[0m[90m TS2304: [0mCannot find name 'args'.

[7m1169[0m         emit(event: string | symbol, ...args: any[]): boolean;
[7m    [0m [91m                                        ~~~~[0m
[96mnode_modules/@types/node/http2.d.ts[0m:[93m1169[0m:[93m45[0m - [91merror[0m[90m TS1005: [0m',' expected.

[7m1169[0m         emit(event: string | symbol, ...args: any[]): boolean;
[7m    [0m [91m                                            ~[0m
[96mnode_modules/@types/node/http2.d.ts[0m:[93m1169[0m:[93m47[0m - [91merror[0m[90m TS2693: [0m'any' only refers to a type, but is being used as a value here.

[7m1169[0m         emit(event: string | symbol, ...args: any[]): boolean;
[7m    [0m [91m                                              ~~~[0m
[96mnode_modules/@types/node/http2.d.ts[0m:[93m1169[0m:[93m51[0m - [91merror[0m[90m TS1011: [0mAn element access expression should take an argument.

[7m1169[0m         emit(event: string | symbol, ...args: any[]): boolean;
[7m    [0m [91m                                                  [0m
[96mnode_modules/@types/node/http2.d.ts[0m:[93m1169[0m:[93m53[0m - [91merror[0m[90m TS1005: [0m';' expected.

[7m1169[0m         emit(event: string | symbol, ...args: any[]): boolean;
[7m    [0m [91m                                                    ~[0m
[96mnode_modules/@types/node/http2.d.ts[0m:[93m1169[0m:[93m55[0m - [91merror[0m[90m TS2693: [0m'boolean' only refers to a type, but is being used as a value here.

[7m1169[0m         emit(event: string | symbol, ...args: any[]): boolean;
[7m    [0m [91m                                                      ~~~~~~~[0m
[96mnode_modules/@types/node/http2.d.ts[0m:[93m1170[0m:[93m9[0m - [91merror[0m[90m TS2304: [0mCannot find name 'on'.

[7m1170[0m         on(
[7m    [0m [91m        ~~[0m
[96mnode_modules/@types/node/http2.d.ts[0m:[93m1171[0m:[93m18[0m - [91merror[0m[90m TS1005: [0m',' expected.

[7m1171[0m             event: "connect",
[7m    [0m [91m                 ~[0m
[96mnode_modules/@types/node/http2.d.ts[0m:[93m1172[0m:[93m13[0m - [91merror[0m[90m TS2304: [0mCannot find name 'listener'.

[7m1172[0m             listener: (
[7m    [0m [91m            ~~~~~~~~[0m
[96mnode_modules/@types/node/http2.d.ts[0m:[93m1172[0m:[93m21[0m - [91merror[0m[90m TS1005: [0m',' expected.

[7m1172[0m             listener: (
[7m    [0m [91m                    ~[0m
[96mnode_modules/@types/node/http2.d.ts[0m:[93m1173[0m:[93m26[0m - [91merror[0m[90m TS2314: [0mGeneric type 'ServerHttp2Session<Http1Request, Http1Response>' requires 2 type argument(s).

[7m1173[0m                 session: ServerHttp2Session<Http1Request, Http1Response, Http2Request, Http2Response>,
[7m    [0m [91m                         ~~~~~~~~~~~~~~~~~~~~~~~~~~~~~~~~~~~~~~~~~~~~~~~~~~~~~~~~~~~~~~~~~~~~~~~~~~~~[0m
[96mnode_modules/@types/node/http2.d.ts[0m:[93m1173[0m:[93m45[0m - [91merror[0m[90m TS2304: [0mCannot find name 'Http1Request'.

[7m1173[0m                 session: ServerHttp2Session<Http1Request, Http1Response, Http2Request, Http2Response>,
[7m    [0m [91m                                            ~~~~~~~~~~~~[0m
[96mnode_modules/@types/node/http2.d.ts[0m:[93m1173[0m:[93m59[0m - [91merror[0m[90m TS2304: [0mCannot find name 'Http1Response'.

[7m1173[0m                 session: ServerHttp2Session<Http1Request, Http1Response, Http2Request, Http2Response>,
[7m    [0m [91m                                                          ~~~~~~~~~~~~~[0m
[96mnode_modules/@types/node/http2.d.ts[0m:[93m1173[0m:[93m74[0m - [91merror[0m[90m TS2304: [0mCannot find name 'Http2Request'.

[7m1173[0m                 session: ServerHttp2Session<Http1Request, Http1Response, Http2Request, Http2Response>,
[7m    [0m [91m                                                                         ~~~~~~~~~~~~[0m
[96mnode_modules/@types/node/http2.d.ts[0m:[93m1173[0m:[93m88[0m - [91merror[0m[90m TS2304: [0mCannot find name 'Http2Response'.

[7m1173[0m                 session: ServerHttp2Session<Http1Request, Http1Response, Http2Request, Http2Response>,
[7m    [0m [91m                                                                                       ~~~~~~~~~~~~~[0m
[96mnode_modules/@types/node/http2.d.ts[0m:[93m1175[0m:[93m22[0m - [91merror[0m[90m TS1109: [0mExpression expected.

[7m1175[0m             ) => void,
[7m    [0m [91m                     ~[0m
[96mnode_modules/@types/node/http2.d.ts[0m:[93m1176[0m:[93m10[0m - [91merror[0m[90m TS1005: [0m';' expected.

[7m1176[0m         ): this;
[7m    [0m [91m         ~[0m
[96mnode_modules/@types/node/http2.d.ts[0m:[93m1176[0m:[93m12[0m - [91merror[0m[90m TS2331: [0m'this' cannot be referenced in a module or namespace body.

[7m1176[0m         ): this;
[7m    [0m [91m           ~~~~[0m
[96mnode_modules/@types/node/http2.d.ts[0m:[93m1177[0m:[93m9[0m - [91merror[0m[90m TS2304: [0mCannot find name 'on'.

[7m1177[0m         on(
[7m    [0m [91m        ~~[0m
[96mnode_modules/@types/node/http2.d.ts[0m:[93m1178[0m:[93m18[0m - [91merror[0m[90m TS1005: [0m',' expected.

[7m1178[0m             event: "stream",
[7m    [0m [91m                 ~[0m
[96mnode_modules/@types/node/http2.d.ts[0m:[93m1179[0m:[93m13[0m - [91merror[0m[90m TS2304: [0mCannot find name 'listener'.

[7m1179[0m             listener: (stream: ServerHttp2Stream, headers: IncomingHttpHeaders, flags: number) => void,
[7m    [0m [91m            ~~~~~~~~[0m
[96mnode_modules/@types/node/http2.d.ts[0m:[93m1179[0m:[93m21[0m - [91merror[0m[90m TS1005: [0m',' expected.

[7m1179[0m             listener: (stream: ServerHttp2Stream, headers: IncomingHttpHeaders, flags: number) => void,
[7m    [0m [91m                    ~[0m
[96mnode_modules/@types/node/http2.d.ts[0m:[93m1179[0m:[93m103[0m - [91merror[0m[90m TS1109: [0mExpression expected.

[7m1179[0m             listener: (stream: ServerHttp2Stream, headers: IncomingHttpHeaders, flags: number) => void,
[7m    [0m [91m                                                                                                      ~[0m
[96mnode_modules/@types/node/http2.d.ts[0m:[93m1180[0m:[93m10[0m - [91merror[0m[90m TS1005: [0m';' expected.

[7m1180[0m         ): this;
[7m    [0m [91m         ~[0m
[96mnode_modules/@types/node/http2.d.ts[0m:[93m1180[0m:[93m12[0m - [91merror[0m[90m TS2331: [0m'this' cannot be referenced in a module or namespace body.

[7m1180[0m         ): this;
[7m    [0m [91m           ~~~~[0m
[96mnode_modules/@types/node/http2.d.ts[0m:[93m1181[0m:[93m9[0m - [91merror[0m[90m TS2304: [0mCannot find name 'on'.

[7m1181[0m         on(event: string | symbol, listener: (...args: any[]) => void): this;
[7m    [0m [91m        ~~[0m
[96mnode_modules/@types/node/http2.d.ts[0m:[93m1181[0m:[93m17[0m - [91merror[0m[90m TS1005: [0m',' expected.

[7m1181[0m         on(event: string | symbol, listener: (...args: any[]) => void): this;
[7m    [0m [91m                ~[0m
[96mnode_modules/@types/node/http2.d.ts[0m:[93m1181[0m:[93m19[0m - [91merror[0m[90m TS2693: [0m'string' only refers to a type, but is being used as a value here.

[7m1181[0m         on(event: string | symbol, listener: (...args: any[]) => void): this;
[7m    [0m [91m                  ~~~~~~[0m
[96mnode_modules/@types/node/http2.d.ts[0m:[93m1181[0m:[93m28[0m - [91merror[0m[90m TS2304: [0mCannot find name 'symbol'.

[7m1181[0m         on(event: string | symbol, listener: (...args: any[]) => void): this;
[7m    [0m [91m                           ~~~~~~[0m
[96mnode_modules/@types/node/http2.d.ts[0m:[93m1181[0m:[93m36[0m - [91merror[0m[90m TS2304: [0mCannot find name 'listener'.

[7m1181[0m         on(event: string | symbol, listener: (...args: any[]) => void): this;
[7m    [0m [91m                                   ~~~~~~~~[0m
[96mnode_modules/@types/node/http2.d.ts[0m:[93m1181[0m:[93m44[0m - [91merror[0m[90m TS1005: [0m',' expected.

[7m1181[0m         on(event: string | symbol, listener: (...args: any[]) => void): this;
[7m    [0m [91m                                           ~[0m
[96mnode_modules/@types/node/http2.d.ts[0m:[93m1181[0m:[93m70[0m - [91merror[0m[90m TS1109: [0mExpression expected.

[7m1181[0m         on(event: string | symbol, listener: (...args: any[]) => void): this;
[7m    [0m [91m                                                                     ~[0m
[96mnode_modules/@types/node/http2.d.ts[0m:[93m1181[0m:[93m71[0m - [91merror[0m[90m TS1005: [0m';' expected.

[7m1181[0m         on(event: string | symbol, listener: (...args: any[]) => void): this;
[7m    [0m [91m                                                                      ~[0m
[96mnode_modules/@types/node/http2.d.ts[0m:[93m1181[0m:[93m73[0m - [91merror[0m[90m TS2331: [0m'this' cannot be referenced in a module or namespace body.

[7m1181[0m         on(event: string | symbol, listener: (...args: any[]) => void): this;
[7m    [0m [91m                                                                        ~~~~[0m
[96mnode_modules/@types/node/http2.d.ts[0m:[93m1182[0m:[93m9[0m - [91merror[0m[90m TS2304: [0mCannot find name 'once'.

[7m1182[0m         once(
[7m    [0m [91m        ~~~~[0m
[96mnode_modules/@types/node/http2.d.ts[0m:[93m1183[0m:[93m18[0m - [91merror[0m[90m TS1005: [0m',' expected.

[7m1183[0m             event: "connect",
[7m    [0m [91m                 ~[0m
[96mnode_modules/@types/node/http2.d.ts[0m:[93m1184[0m:[93m13[0m - [91merror[0m[90m TS2304: [0mCannot find name 'listener'.

[7m1184[0m             listener: (
[7m    [0m [91m            ~~~~~~~~[0m
[96mnode_modules/@types/node/http2.d.ts[0m:[93m1184[0m:[93m21[0m - [91merror[0m[90m TS1005: [0m',' expected.

[7m1184[0m             listener: (
[7m    [0m [91m                    ~[0m
[96mnode_modules/@types/node/http2.d.ts[0m:[93m1185[0m:[93m26[0m - [91merror[0m[90m TS2314: [0mGeneric type 'ServerHttp2Session<Http1Request, Http1Response>' requires 2 type argument(s).

[7m1185[0m                 session: ServerHttp2Session<Http1Request, Http1Response, Http2Request, Http2Response>,
[7m    [0m [91m                         ~~~~~~~~~~~~~~~~~~~~~~~~~~~~~~~~~~~~~~~~~~~~~~~~~~~~~~~~~~~~~~~~~~~~~~~~~~~~[0m
[96mnode_modules/@types/node/http2.d.ts[0m:[93m1185[0m:[93m45[0m - [91merror[0m[90m TS2304: [0mCannot find name 'Http1Request'.

[7m1185[0m                 session: ServerHttp2Session<Http1Request, Http1Response, Http2Request, Http2Response>,
[7m    [0m [91m                                            ~~~~~~~~~~~~[0m
[96mnode_modules/@types/node/http2.d.ts[0m:[93m1185[0m:[93m59[0m - [91merror[0m[90m TS2304: [0mCannot find name 'Http1Response'.

[7m1185[0m                 session: ServerHttp2Session<Http1Request, Http1Response, Http2Request, Http2Response>,
[7m    [0m [91m                                                          ~~~~~~~~~~~~~[0m
[96mnode_modules/@types/node/http2.d.ts[0m:[93m1185[0m:[93m74[0m - [91merror[0m[90m TS2304: [0mCannot find name 'Http2Request'.

[7m1185[0m                 session: ServerHttp2Session<Http1Request, Http1Response, Http2Request, Http2Response>,
[7m    [0m [91m                                                                         ~~~~~~~~~~~~[0m
[96mnode_modules/@types/node/http2.d.ts[0m:[93m1185[0m:[93m88[0m - [91merror[0m[90m TS2304: [0mCannot find name 'Http2Response'.

[7m1185[0m                 session: ServerHttp2Session<Http1Request, Http1Response, Http2Request, Http2Response>,
[7m    [0m [91m                                                                                       ~~~~~~~~~~~~~[0m
[96mnode_modules/@types/node/http2.d.ts[0m:[93m1187[0m:[93m22[0m - [91merror[0m[90m TS1109: [0mExpression expected.

[7m1187[0m             ) => void,
[7m    [0m [91m                     ~[0m
[96mnode_modules/@types/node/http2.d.ts[0m:[93m1188[0m:[93m10[0m - [91merror[0m[90m TS1005: [0m';' expected.

[7m1188[0m         ): this;
[7m    [0m [91m         ~[0m
[96mnode_modules/@types/node/http2.d.ts[0m:[93m1188[0m:[93m12[0m - [91merror[0m[90m TS2331: [0m'this' cannot be referenced in a module or namespace body.

[7m1188[0m         ): this;
[7m    [0m [91m           ~~~~[0m
[96mnode_modules/@types/node/http2.d.ts[0m:[93m1189[0m:[93m9[0m - [91merror[0m[90m TS2304: [0mCannot find name 'once'.

[7m1189[0m         once(
[7m    [0m [91m        ~~~~[0m
[96mnode_modules/@types/node/http2.d.ts[0m:[93m1190[0m:[93m18[0m - [91merror[0m[90m TS1005: [0m',' expected.

[7m1190[0m             event: "stream",
[7m    [0m [91m                 ~[0m
[96mnode_modules/@types/node/http2.d.ts[0m:[93m1191[0m:[93m13[0m - [91merror[0m[90m TS2304: [0mCannot find name 'listener'.

[7m1191[0m             listener: (stream: ServerHttp2Stream, headers: IncomingHttpHeaders, flags: number) => void,
[7m    [0m [91m            ~~~~~~~~[0m
[96mnode_modules/@types/node/http2.d.ts[0m:[93m1191[0m:[93m21[0m - [91merror[0m[90m TS1005: [0m',' expected.

[7m1191[0m             listener: (stream: ServerHttp2Stream, headers: IncomingHttpHeaders, flags: number) => void,
[7m    [0m [91m                    ~[0m
[96mnode_modules/@types/node/http2.d.ts[0m:[93m1191[0m:[93m103[0m - [91merror[0m[90m TS1109: [0mExpression expected.

[7m1191[0m             listener: (stream: ServerHttp2Stream, headers: IncomingHttpHeaders, flags: number) => void,
[7m    [0m [91m                                                                                                      ~[0m
[96mnode_modules/@types/node/http2.d.ts[0m:[93m1192[0m:[93m10[0m - [91merror[0m[90m TS1005: [0m';' expected.

[7m1192[0m         ): this;
[7m    [0m [91m         ~[0m
[96mnode_modules/@types/node/http2.d.ts[0m:[93m1192[0m:[93m12[0m - [91merror[0m[90m TS2331: [0m'this' cannot be referenced in a module or namespace body.

[7m1192[0m         ): this;
[7m    [0m [91m           ~~~~[0m
[96mnode_modules/@types/node/http2.d.ts[0m:[93m1193[0m:[93m9[0m - [91merror[0m[90m TS2304: [0mCannot find name 'once'.

[7m1193[0m         once(event: string | symbol, listener: (...args: any[]) => void): this;
[7m    [0m [91m        ~~~~[0m
[96mnode_modules/@types/node/http2.d.ts[0m:[93m1193[0m:[93m19[0m - [91merror[0m[90m TS1005: [0m',' expected.

[7m1193[0m         once(event: string | symbol, listener: (...args: any[]) => void): this;
[7m    [0m [91m                  ~[0m
[96mnode_modules/@types/node/http2.d.ts[0m:[93m1193[0m:[93m21[0m - [91merror[0m[90m TS2693: [0m'string' only refers to a type, but is being used as a value here.

[7m1193[0m         once(event: string | symbol, listener: (...args: any[]) => void): this;
[7m    [0m [91m                    ~~~~~~[0m
[96mnode_modules/@types/node/http2.d.ts[0m:[93m1193[0m:[93m30[0m - [91merror[0m[90m TS2304: [0mCannot find name 'symbol'.

[7m1193[0m         once(event: string | symbol, listener: (...args: any[]) => void): this;
[7m    [0m [91m                             ~~~~~~[0m
[96mnode_modules/@types/node/http2.d.ts[0m:[93m1193[0m:[93m38[0m - [91merror[0m[90m TS2304: [0mCannot find name 'listener'.

[7m1193[0m         once(event: string | symbol, listener: (...args: any[]) => void): this;
[7m    [0m [91m                                     ~~~~~~~~[0m
[96mnode_modules/@types/node/http2.d.ts[0m:[93m1193[0m:[93m46[0m - [91merror[0m[90m TS1005: [0m',' expected.

[7m1193[0m         once(event: string | symbol, listener: (...args: any[]) => void): this;
[7m    [0m [91m                                             ~[0m
[96mnode_modules/@types/node/http2.d.ts[0m:[93m1193[0m:[93m72[0m - [91merror[0m[90m TS1109: [0mExpression expected.

[7m1193[0m         once(event: string | symbol, listener: (...args: any[]) => void): this;
[7m    [0m [91m                                                                       ~[0m
[96mnode_modules/@types/node/http2.d.ts[0m:[93m1193[0m:[93m73[0m - [91merror[0m[90m TS1005: [0m';' expected.

[7m1193[0m         once(event: string | symbol, listener: (...args: any[]) => void): this;
[7m    [0m [91m                                                                        ~[0m
[96mnode_modules/@types/node/http2.d.ts[0m:[93m1193[0m:[93m75[0m - [91merror[0m[90m TS2331: [0m'this' cannot be referenced in a module or namespace body.

[7m1193[0m         once(event: string | symbol, listener: (...args: any[]) => void): this;
[7m    [0m [91m                                                                          ~~~~[0m
[96mnode_modules/@types/node/http2.d.ts[0m:[93m1194[0m:[93m9[0m - [91merror[0m[90m TS2304: [0mCannot find name 'prependListener'.

[7m1194[0m         prependListener(
[7m    [0m [91m        ~~~~~~~~~~~~~~~[0m
[96mnode_modules/@types/node/http2.d.ts[0m:[93m1195[0m:[93m18[0m - [91merror[0m[90m TS1005: [0m',' expected.

[7m1195[0m             event: "connect",
[7m    [0m [91m                 ~[0m
[96mnode_modules/@types/node/http2.d.ts[0m:[93m1196[0m:[93m13[0m - [91merror[0m[90m TS2304: [0mCannot find name 'listener'.

[7m1196[0m             listener: (
[7m    [0m [91m            ~~~~~~~~[0m
[96mnode_modules/@types/node/http2.d.ts[0m:[93m1196[0m:[93m21[0m - [91merror[0m[90m TS1005: [0m',' expected.

[7m1196[0m             listener: (
[7m    [0m [91m                    ~[0m
[96mnode_modules/@types/node/http2.d.ts[0m:[93m1197[0m:[93m26[0m - [91merror[0m[90m TS2314: [0mGeneric type 'ServerHttp2Session<Http1Request, Http1Response>' requires 2 type argument(s).

[7m1197[0m                 session: ServerHttp2Session<Http1Request, Http1Response, Http2Request, Http2Response>,
[7m    [0m [91m                         ~~~~~~~~~~~~~~~~~~~~~~~~~~~~~~~~~~~~~~~~~~~~~~~~~~~~~~~~~~~~~~~~~~~~~~~~~~~~[0m
[96mnode_modules/@types/node/http2.d.ts[0m:[93m1197[0m:[93m45[0m - [91merror[0m[90m TS2304: [0mCannot find name 'Http1Request'.

[7m1197[0m                 session: ServerHttp2Session<Http1Request, Http1Response, Http2Request, Http2Response>,
[7m    [0m [91m                                            ~~~~~~~~~~~~[0m
[96mnode_modules/@types/node/http2.d.ts[0m:[93m1197[0m:[93m59[0m - [91merror[0m[90m TS2304: [0mCannot find name 'Http1Response'.

[7m1197[0m                 session: ServerHttp2Session<Http1Request, Http1Response, Http2Request, Http2Response>,
[7m    [0m [91m                                                          ~~~~~~~~~~~~~[0m
[96mnode_modules/@types/node/http2.d.ts[0m:[93m1197[0m:[93m74[0m - [91merror[0m[90m TS2304: [0mCannot find name 'Http2Request'.

[7m1197[0m                 session: ServerHttp2Session<Http1Request, Http1Response, Http2Request, Http2Response>,
[7m    [0m [91m                                                                         ~~~~~~~~~~~~[0m
[96mnode_modules/@types/node/http2.d.ts[0m:[93m1197[0m:[93m88[0m - [91merror[0m[90m TS2304: [0mCannot find name 'Http2Response'.

[7m1197[0m                 session: ServerHttp2Session<Http1Request, Http1Response, Http2Request, Http2Response>,
[7m    [0m [91m                                                                                       ~~~~~~~~~~~~~[0m
[96mnode_modules/@types/node/http2.d.ts[0m:[93m1199[0m:[93m22[0m - [91merror[0m[90m TS1109: [0mExpression expected.

[7m1199[0m             ) => void,
[7m    [0m [91m                     ~[0m
[96mnode_modules/@types/node/http2.d.ts[0m:[93m1200[0m:[93m10[0m - [91merror[0m[90m TS1005: [0m';' expected.

[7m1200[0m         ): this;
[7m    [0m [91m         ~[0m
[96mnode_modules/@types/node/http2.d.ts[0m:[93m1200[0m:[93m12[0m - [91merror[0m[90m TS2331: [0m'this' cannot be referenced in a module or namespace body.

[7m1200[0m         ): this;
[7m    [0m [91m           ~~~~[0m
[96mnode_modules/@types/node/http2.d.ts[0m:[93m1201[0m:[93m9[0m - [91merror[0m[90m TS2304: [0mCannot find name 'prependListener'.

[7m1201[0m         prependListener(
[7m    [0m [91m        ~~~~~~~~~~~~~~~[0m
[96mnode_modules/@types/node/http2.d.ts[0m:[93m1202[0m:[93m18[0m - [91merror[0m[90m TS1005: [0m',' expected.

[7m1202[0m             event: "stream",
[7m    [0m [91m                 ~[0m
[96mnode_modules/@types/node/http2.d.ts[0m:[93m1203[0m:[93m13[0m - [91merror[0m[90m TS2304: [0mCannot find name 'listener'.

[7m1203[0m             listener: (stream: ServerHttp2Stream, headers: IncomingHttpHeaders, flags: number) => void,
[7m    [0m [91m            ~~~~~~~~[0m
[96mnode_modules/@types/node/http2.d.ts[0m:[93m1203[0m:[93m21[0m - [91merror[0m[90m TS1005: [0m',' expected.

[7m1203[0m             listener: (stream: ServerHttp2Stream, headers: IncomingHttpHeaders, flags: number) => void,
[7m    [0m [91m                    ~[0m
[96mnode_modules/@types/node/http2.d.ts[0m:[93m1203[0m:[93m103[0m - [91merror[0m[90m TS1109: [0mExpression expected.

[7m1203[0m             listener: (stream: ServerHttp2Stream, headers: IncomingHttpHeaders, flags: number) => void,
[7m    [0m [91m                                                                                                      ~[0m
[96mnode_modules/@types/node/http2.d.ts[0m:[93m1204[0m:[93m10[0m - [91merror[0m[90m TS1005: [0m';' expected.

[7m1204[0m         ): this;
[7m    [0m [91m         ~[0m
[96mnode_modules/@types/node/http2.d.ts[0m:[93m1204[0m:[93m12[0m - [91merror[0m[90m TS2331: [0m'this' cannot be referenced in a module or namespace body.

[7m1204[0m         ): this;
[7m    [0m [91m           ~~~~[0m
[96mnode_modules/@types/node/http2.d.ts[0m:[93m1205[0m:[93m9[0m - [91merror[0m[90m TS2304: [0mCannot find name 'prependListener'.

[7m1205[0m         prependListener(event: string | symbol, listener: (...args: any[]) => void): this;
[7m    [0m [91m        ~~~~~~~~~~~~~~~[0m
[96mnode_modules/@types/node/http2.d.ts[0m:[93m1205[0m:[93m30[0m - [91merror[0m[90m TS1005: [0m',' expected.

[7m1205[0m         prependListener(event: string | symbol, listener: (...args: any[]) => void): this;
[7m    [0m [91m                             ~[0m
[96mnode_modules/@types/node/http2.d.ts[0m:[93m1205[0m:[93m32[0m - [91merror[0m[90m TS2693: [0m'string' only refers to a type, but is being used as a value here.

[7m1205[0m         prependListener(event: string | symbol, listener: (...args: any[]) => void): this;
[7m    [0m [91m                               ~~~~~~[0m
[96mnode_modules/@types/node/http2.d.ts[0m:[93m1205[0m:[93m41[0m - [91merror[0m[90m TS2304: [0mCannot find name 'symbol'.

[7m1205[0m         prependListener(event: string | symbol, listener: (...args: any[]) => void): this;
[7m    [0m [91m                                        ~~~~~~[0m
[96mnode_modules/@types/node/http2.d.ts[0m:[93m1205[0m:[93m49[0m - [91merror[0m[90m TS2304: [0mCannot find name 'listener'.

[7m1205[0m         prependListener(event: string | symbol, listener: (...args: any[]) => void): this;
[7m    [0m [91m                                                ~~~~~~~~[0m
[96mnode_modules/@types/node/http2.d.ts[0m:[93m1205[0m:[93m57[0m - [91merror[0m[90m TS1005: [0m',' expected.

[7m1205[0m         prependListener(event: string | symbol, listener: (...args: any[]) => void): this;
[7m    [0m [91m                                                        ~[0m
[96mnode_modules/@types/node/http2.d.ts[0m:[93m1205[0m:[93m83[0m - [91merror[0m[90m TS1109: [0mExpression expected.

[7m1205[0m         prependListener(event: string | symbol, listener: (...args: any[]) => void): this;
[7m    [0m [91m                                                                                  ~[0m
[96mnode_modules/@types/node/http2.d.ts[0m:[93m1205[0m:[93m84[0m - [91merror[0m[90m TS1005: [0m';' expected.

[7m1205[0m         prependListener(event: string | symbol, listener: (...args: any[]) => void): this;
[7m    [0m [91m                                                                                   ~[0m
[96mnode_modules/@types/node/http2.d.ts[0m:[93m1205[0m:[93m86[0m - [91merror[0m[90m TS2331: [0m'this' cannot be referenced in a module or namespace body.

[7m1205[0m         prependListener(event: string | symbol, listener: (...args: any[]) => void): this;
[7m    [0m [91m                                                                                     ~~~~[0m
[96mnode_modules/@types/node/http2.d.ts[0m:[93m1206[0m:[93m9[0m - [91merror[0m[90m TS2304: [0mCannot find name 'prependOnceListener'.

[7m1206[0m         prependOnceListener(
[7m    [0m [91m        ~~~~~~~~~~~~~~~~~~~[0m
[96mnode_modules/@types/node/http2.d.ts[0m:[93m1207[0m:[93m18[0m - [91merror[0m[90m TS1005: [0m',' expected.

[7m1207[0m             event: "connect",
[7m    [0m [91m                 ~[0m
[96mnode_modules/@types/node/http2.d.ts[0m:[93m1208[0m:[93m13[0m - [91merror[0m[90m TS2304: [0mCannot find name 'listener'.

[7m1208[0m             listener: (
[7m    [0m [91m            ~~~~~~~~[0m
[96mnode_modules/@types/node/http2.d.ts[0m:[93m1208[0m:[93m21[0m - [91merror[0m[90m TS1005: [0m',' expected.

[7m1208[0m             listener: (
[7m    [0m [91m                    ~[0m
[96mnode_modules/@types/node/http2.d.ts[0m:[93m1209[0m:[93m26[0m - [91merror[0m[90m TS2314: [0mGeneric type 'ServerHttp2Session<Http1Request, Http1Response>' requires 2 type argument(s).

[7m1209[0m                 session: ServerHttp2Session<Http1Request, Http1Response, Http2Request, Http2Response>,
[7m    [0m [91m                         ~~~~~~~~~~~~~~~~~~~~~~~~~~~~~~~~~~~~~~~~~~~~~~~~~~~~~~~~~~~~~~~~~~~~~~~~~~~~[0m
[96mnode_modules/@types/node/http2.d.ts[0m:[93m1209[0m:[93m45[0m - [91merror[0m[90m TS2304: [0mCannot find name 'Http1Request'.

[7m1209[0m                 session: ServerHttp2Session<Http1Request, Http1Response, Http2Request, Http2Response>,
[7m    [0m [91m                                            ~~~~~~~~~~~~[0m
[96mnode_modules/@types/node/http2.d.ts[0m:[93m1209[0m:[93m59[0m - [91merror[0m[90m TS2304: [0mCannot find name 'Http1Response'.

[7m1209[0m                 session: ServerHttp2Session<Http1Request, Http1Response, Http2Request, Http2Response>,
[7m    [0m [91m                                                          ~~~~~~~~~~~~~[0m
[96mnode_modules/@types/node/http2.d.ts[0m:[93m1209[0m:[93m74[0m - [91merror[0m[90m TS2304: [0mCannot find name 'Http2Request'.

[7m1209[0m                 session: ServerHttp2Session<Http1Request, Http1Response, Http2Request, Http2Response>,
[7m    [0m [91m                                                                         ~~~~~~~~~~~~[0m
[96mnode_modules/@types/node/http2.d.ts[0m:[93m1209[0m:[93m88[0m - [91merror[0m[90m TS2304: [0mCannot find name 'Http2Response'.

[7m1209[0m                 session: ServerHttp2Session<Http1Request, Http1Response, Http2Request, Http2Response>,
[7m    [0m [91m                                                                                       ~~~~~~~~~~~~~[0m
[96mnode_modules/@types/node/http2.d.ts[0m:[93m1211[0m:[93m22[0m - [91merror[0m[90m TS1109: [0mExpression expected.

[7m1211[0m             ) => void,
[7m    [0m [91m                     ~[0m
[96mnode_modules/@types/node/http2.d.ts[0m:[93m1212[0m:[93m10[0m - [91merror[0m[90m TS1005: [0m';' expected.

[7m1212[0m         ): this;
[7m    [0m [91m         ~[0m
[96mnode_modules/@types/node/http2.d.ts[0m:[93m1212[0m:[93m12[0m - [91merror[0m[90m TS2331: [0m'this' cannot be referenced in a module or namespace body.

[7m1212[0m         ): this;
[7m    [0m [91m           ~~~~[0m
[96mnode_modules/@types/node/http2.d.ts[0m:[93m1213[0m:[93m9[0m - [91merror[0m[90m TS2304: [0mCannot find name 'prependOnceListener'.

[7m1213[0m         prependOnceListener(
[7m    [0m [91m        ~~~~~~~~~~~~~~~~~~~[0m
[96mnode_modules/@types/node/http2.d.ts[0m:[93m1214[0m:[93m18[0m - [91merror[0m[90m TS1005: [0m',' expected.

[7m1214[0m             event: "stream",
[7m    [0m [91m                 ~[0m
[96mnode_modules/@types/node/http2.d.ts[0m:[93m1215[0m:[93m13[0m - [91merror[0m[90m TS2304: [0mCannot find name 'listener'.

[7m1215[0m             listener: (stream: ServerHttp2Stream, headers: IncomingHttpHeaders, flags: number) => void,
[7m    [0m [91m            ~~~~~~~~[0m
[96mnode_modules/@types/node/http2.d.ts[0m:[93m1215[0m:[93m21[0m - [91merror[0m[90m TS1005: [0m',' expected.

[7m1215[0m             listener: (stream: ServerHttp2Stream, headers: IncomingHttpHeaders, flags: number) => void,
[7m    [0m [91m                    ~[0m
[96mnode_modules/@types/node/http2.d.ts[0m:[93m1215[0m:[93m103[0m - [91merror[0m[90m TS1109: [0mExpression expected.

[7m1215[0m             listener: (stream: ServerHttp2Stream, headers: IncomingHttpHeaders, flags: number) => void,
[7m    [0m [91m                                                                                                      ~[0m
[96mnode_modules/@types/node/http2.d.ts[0m:[93m1216[0m:[93m10[0m - [91merror[0m[90m TS1005: [0m';' expected.

[7m1216[0m         ): this;
[7m    [0m [91m         ~[0m
[96mnode_modules/@types/node/http2.d.ts[0m:[93m1216[0m:[93m12[0m - [91merror[0m[90m TS2331: [0m'this' cannot be referenced in a module or namespace body.

[7m1216[0m         ): this;
[7m    [0m [91m           ~~~~[0m
[96mnode_modules/@types/node/http2.d.ts[0m:[93m1217[0m:[93m9[0m - [91merror[0m[90m TS2304: [0mCannot find name 'prependOnceListener'.

[7m1217[0m         prependOnceListener(event: string | symbol, listener: (...args: any[]) => void): this;
[7m    [0m [91m        ~~~~~~~~~~~~~~~~~~~[0m
[96mnode_modules/@types/node/http2.d.ts[0m:[93m1217[0m:[93m34[0m - [91merror[0m[90m TS1005: [0m',' expected.

[7m1217[0m         prependOnceListener(event: string | symbol, listener: (...args: any[]) => void): this;
[7m    [0m [91m                                 ~[0m
[96mnode_modules/@types/node/http2.d.ts[0m:[93m1217[0m:[93m36[0m - [91merror[0m[90m TS2693: [0m'string' only refers to a type, but is being used as a value here.

[7m1217[0m         prependOnceListener(event: string | symbol, listener: (...args: any[]) => void): this;
[7m    [0m [91m                                   ~~~~~~[0m
[96mnode_modules/@types/node/http2.d.ts[0m:[93m1217[0m:[93m45[0m - [91merror[0m[90m TS2304: [0mCannot find name 'symbol'.

[7m1217[0m         prependOnceListener(event: string | symbol, listener: (...args: any[]) => void): this;
[7m    [0m [91m                                            ~~~~~~[0m
[96mnode_modules/@types/node/http2.d.ts[0m:[93m1217[0m:[93m53[0m - [91merror[0m[90m TS2304: [0mCannot find name 'listener'.

[7m1217[0m         prependOnceListener(event: string | symbol, listener: (...args: any[]) => void): this;
[7m    [0m [91m                                                    ~~~~~~~~[0m
[96mnode_modules/@types/node/http2.d.ts[0m:[93m1217[0m:[93m61[0m - [91merror[0m[90m TS1005: [0m',' expected.

[7m1217[0m         prependOnceListener(event: string | symbol, listener: (...args: any[]) => void): this;
[7m    [0m [91m                                                            ~[0m
[96mnode_modules/@types/node/http2.d.ts[0m:[93m1217[0m:[93m87[0m - [91merror[0m[90m TS1109: [0mExpression expected.

[7m1217[0m         prependOnceListener(event: string | symbol, listener: (...args: any[]) => void): this;
[7m    [0m [91m                                                                                      ~[0m
[96mnode_modules/@types/node/http2.d.ts[0m:[93m1217[0m:[93m88[0m - [91merror[0m[90m TS1005: [0m';' expected.

[7m1217[0m         prependOnceListener(event: string | symbol, listener: (...args: any[]) => void): this;
[7m    [0m [91m                                                                                       ~[0m
[96mnode_modules/@types/node/http2.d.ts[0m:[93m1217[0m:[93m90[0m - [91merror[0m[90m TS2331: [0m'this' cannot be referenced in a module or namespace body.

[7m1217[0m         prependOnceListener(event: string | symbol, listener: (...args: any[]) => void): this;
[7m    [0m [91m                                                                                         ~~~~[0m
[96mnode_modules/@types/node/http2.d.ts[0m:[93m1245[0m:[93m9[0m - [91merror[0m[90m TS2706: [0mRequired type parameters may not follow optional type parameters.

[7m1245[0m         Http1Response extends typeof ServerResponse<InstanceType<Http1Request>> = typeof ServerResponse,
[7m    [0m [91m        ~~~~~~~~~~~~~~~~~~~~~~~~~~~~~~~~~~~~~~~~~~~[0m
[96mnode_modules/@types/node/http2.d.ts[0m:[93m1245[0m:[93m52[0m - [91merror[0m[90m TS1005: [0m',' expected.

[7m1245[0m         Http1Response extends typeof ServerResponse<InstanceType<Http1Request>> = typeof ServerResponse,
[7m    [0m [91m                                                   ~[0m
[96mnode_modules/@types/node/http2.d.ts[0m:[93m1245[0m:[93m66[0m - [91merror[0m[90m TS2304: [0mCannot find name 'Http1Request'.

[7m1245[0m         Http1Response extends typeof ServerResponse<InstanceType<Http1Request>> = typeof ServerResponse,
[7m    [0m [91m                                                                 ~~~~~~~~~~~~[0m
[96mnode_modules/@types/node/http2.d.ts[0m:[93m1245[0m:[93m81[0m - [91merror[0m[90m TS1109: [0mExpression expected.

[7m1245[0m         Http1Response extends typeof ServerResponse<InstanceType<Http1Request>> = typeof ServerResponse,
[7m    [0m [91m                                                                                ~[0m
[96mnode_modules/@types/node/http2.d.ts[0m:[93m1245[0m:[93m83[0m - [91merror[0m[90m TS2695: [0mLeft side of comma operator is unused and has no side effects.

[7m1245[0m         Http1Response extends typeof ServerResponse<InstanceType<Http1Request>> = typeof ServerResponse,
[7m    [0m [91m                                                                                  ~~~~~~~~~~~~~~~~~~~~~[0m
[96mnode_modules/@types/node/http2.d.ts[0m:[93m1246[0m:[93m9[0m - [91merror[0m[90m TS2304: [0mCannot find name 'Http2Request'.

[7m1246[0m         Http2Request extends typeof Http2ServerRequest = typeof Http2ServerRequest,
[7m    [0m [91m        ~~~~~~~~~~~~[0m
[96mnode_modules/@types/node/http2.d.ts[0m:[93m1246[0m:[93m22[0m - [91merror[0m[90m TS1005: [0m';' expected.

[7m1246[0m         Http2Request extends typeof Http2ServerRequest = typeof Http2ServerRequest,
[7m    [0m [91m                     ~~~~~~~[0m
[96mnode_modules/@types/node/http2.d.ts[0m:[93m1246[0m:[93m56[0m - [91merror[0m[90m TS1005: [0m';' expected.

[7m1246[0m         Http2Request extends typeof Http2ServerRequest = typeof Http2ServerRequest,
[7m    [0m [91m                                                       ~[0m
[96mnode_modules/@types/node/http2.d.ts[0m:[93m1246[0m:[93m58[0m - [91merror[0m[90m TS2695: [0mLeft side of comma operator is unused and has no side effects.

[7m1246[0m         Http2Request extends typeof Http2ServerRequest = typeof Http2ServerRequest,
[7m    [0m [91m                                                         ~~~~~~~~~~~~~~~~~~~~~~~~~[0m
[96mnode_modules/@types/node/http2.d.ts[0m:[93m1247[0m:[93m9[0m - [91merror[0m[90m TS2304: [0mCannot find name 'Http2Response'.

[7m1247[0m         Http2Response extends typeof Http2ServerResponse<InstanceType<Http2Request>> = typeof Http2ServerResponse,
[7m    [0m [91m        ~~~~~~~~~~~~~[0m
[96mnode_modules/@types/node/http2.d.ts[0m:[93m1247[0m:[93m23[0m - [91merror[0m[90m TS1005: [0m';' expected.

[7m1247[0m         Http2Response extends typeof Http2ServerResponse<InstanceType<Http2Request>> = typeof Http2ServerResponse,
[7m    [0m [91m                      ~~~~~~~[0m
[96mnode_modules/@types/node/http2.d.ts[0m:[93m1247[0m:[93m31[0m - [91merror[0m[90m TS2365: [0mOperator '<' cannot be applied to types 'boolean' and 'number'.

[7m1247[0m         Http2Response extends typeof Http2ServerResponse<InstanceType<Http2Request>> = typeof Http2ServerResponse,
[7m    [0m [91m                              ~~~~~~~~~~~~~~~~~~~~~~~~~~~~~~~~~~~~~~~~~~~~~~~~~~~~~~[0m
[96mnode_modules/@types/node/http2.d.ts[0m:[93m1247[0m:[93m58[0m - [91merror[0m[90m TS2693: [0m'InstanceType' only refers to a type, but is being used as a value here.

[7m1247[0m         Http2Response extends typeof Http2ServerResponse<InstanceType<Http2Request>> = typeof Http2ServerResponse,
[7m    [0m [91m                                                         ~~~~~~~~~~~~[0m
[96mnode_modules/@types/node/http2.d.ts[0m:[93m1247[0m:[93m71[0m - [91merror[0m[90m TS2304: [0mCannot find name 'Http2Request'.

[7m1247[0m         Http2Response extends typeof Http2ServerResponse<InstanceType<Http2Request>> = typeof Http2ServerResponse,
[7m    [0m [91m                                                                      ~~~~~~~~~~~~[0m
[96mnode_modules/@types/node/http2.d.ts[0m:[93m1247[0m:[93m86[0m - [91merror[0m[90m TS1109: [0mExpression expected.

[7m1247[0m         Http2Response extends typeof Http2ServerResponse<InstanceType<Http2Request>> = typeof Http2ServerResponse,
[7m    [0m [91m                                                                                     ~[0m
[96mnode_modules/@types/node/http2.d.ts[0m:[93m1247[0m:[93m88[0m - [91merror[0m[90m TS2695: [0mLeft side of comma operator is unused and has no side effects.

[7m1247[0m         Http2Response extends typeof Http2ServerResponse<InstanceType<Http2Request>> = typeof Http2ServerResponse,
[7m    [0m [91m                                                                                       ~~~~~~~~~~~~~~~~~~~~~~~~~~[0m
[96mnode_modules/@types/node/http2.d.ts[0m:[93m1248[0m:[93m5[0m - [91merror[0m[90m TS1109: [0mExpression expected.

[7m1248[0m     > extends SessionOptions {
[7m    [0m [91m    ~[0m
[96mnode_modules/@types/node/http2.d.ts[0m:[93m1248[0m:[93m7[0m - [91merror[0m[90m TS1109: [0mExpression expected.

[7m1248[0m     > extends SessionOptions {
[7m    [0m [91m      ~~~~~~~[0m
[96mnode_modules/@types/node/http2.d.ts[0m:[93m1248[0m:[93m15[0m - [91merror[0m[90m TS2693: [0m'SessionOptions' only refers to a type, but is being used as a value here.

[7m1248[0m     > extends SessionOptions {
[7m    [0m [91m              ~~~~~~~~~~~~~~[0m
[96mnode_modules/@types/node/http2.d.ts[0m:[93m1248[0m:[93m30[0m - [91merror[0m[90m TS1005: [0m';' expected.

[7m1248[0m     > extends SessionOptions {
[7m    [0m [91m                             ~[0m
[96mnode_modules/@types/node/http2.d.ts[0m:[93m1249[0m:[93m9[0m - [91merror[0m[90m TS2304: [0mCannot find name 'Http1IncomingMessage'.

[7m1249[0m         Http1IncomingMessage?: Http1Request | undefined;
[7m    [0m [91m        ~~~~~~~~~~~~~~~~~~~~[0m
[96mnode_modules/@types/node/http2.d.ts[0m:[93m1249[0m:[93m30[0m - [91merror[0m[90m TS1109: [0mExpression expected.

[7m1249[0m         Http1IncomingMessage?: Http1Request | undefined;
[7m    [0m [91m                             ~[0m
[96mnode_modules/@types/node/http2.d.ts[0m:[93m1249[0m:[93m32[0m - [91merror[0m[90m TS2304: [0mCannot find name 'Http1Request'.

[7m1249[0m         Http1IncomingMessage?: Http1Request | undefined;
[7m    [0m [91m                               ~~~~~~~~~~~~[0m
[96mnode_modules/@types/node/http2.d.ts[0m:[93m1249[0m:[93m47[0m - [91merror[0m[90m TS2532: [0mObject is possibly 'undefined'.

[7m1249[0m         Http1IncomingMessage?: Http1Request | undefined;
[7m    [0m [91m                                              ~~~~~~~~~[0m
[96mnode_modules/@types/node/http2.d.ts[0m:[93m1250[0m:[93m9[0m - [91merror[0m[90m TS2304: [0mCannot find name 'Http1ServerResponse'.

[7m1250[0m         Http1ServerResponse?: Http1Response | undefined;
[7m    [0m [91m        ~~~~~~~~~~~~~~~~~~~[0m
[96mnode_modules/@types/node/http2.d.ts[0m:[93m1250[0m:[93m29[0m - [91merror[0m[90m TS1109: [0mExpression expected.

[7m1250[0m         Http1ServerResponse?: Http1Response | undefined;
[7m    [0m [91m                            ~[0m
[96mnode_modules/@types/node/http2.d.ts[0m:[93m1250[0m:[93m31[0m - [91merror[0m[90m TS2304: [0mCannot find name 'Http1Response'.

[7m1250[0m         Http1ServerResponse?: Http1Response | undefined;
[7m    [0m [91m                              ~~~~~~~~~~~~~[0m
[96mnode_modules/@types/node/http2.d.ts[0m:[93m1250[0m:[93m47[0m - [91merror[0m[90m TS2532: [0mObject is possibly 'undefined'.

[7m1250[0m         Http1ServerResponse?: Http1Response | undefined;
[7m    [0m [91m                                              ~~~~~~~~~[0m
[96mnode_modules/@types/node/http2.d.ts[0m:[93m1251[0m:[93m28[0m - [91merror[0m[90m TS1109: [0mExpression expected.

[7m1251[0m         Http2ServerRequest?: Http2Request | undefined;
[7m    [0m [91m                           ~[0m
[96mnode_modules/@types/node/http2.d.ts[0m:[93m1251[0m:[93m30[0m - [91merror[0m[90m TS2304: [0mCannot find name 'Http2Request'.

[7m1251[0m         Http2ServerRequest?: Http2Request | undefined;
[7m    [0m [91m                             ~~~~~~~~~~~~[0m
[96mnode_modules/@types/node/http2.d.ts[0m:[93m1251[0m:[93m45[0m - [91merror[0m[90m TS2532: [0mObject is possibly 'undefined'.

[7m1251[0m         Http2ServerRequest?: Http2Request | undefined;
[7m    [0m [91m                                            ~~~~~~~~~[0m
[96mnode_modules/@types/node/http2.d.ts[0m:[93m1252[0m:[93m29[0m - [91merror[0m[90m TS1109: [0mExpression expected.

[7m1252[0m         Http2ServerResponse?: Http2Response | undefined;
[7m    [0m [91m                            ~[0m
[96mnode_modules/@types/node/http2.d.ts[0m:[93m1252[0m:[93m31[0m - [91merror[0m[90m TS2304: [0mCannot find name 'Http2Response'.

[7m1252[0m         Http2ServerResponse?: Http2Response | undefined;
[7m    [0m [91m                              ~~~~~~~~~~~~~[0m
[96mnode_modules/@types/node/http2.d.ts[0m:[93m1252[0m:[93m47[0m - [91merror[0m[90m TS2532: [0mObject is possibly 'undefined'.

[7m1252[0m         Http2ServerResponse?: Http2Response | undefined;
[7m    [0m [91m                                              ~~~~~~~~~[0m
[96mnode_modules/@types/node/http2.d.ts[0m:[93m1257[0m:[93m9[0m - [91merror[0m[90m TS2706: [0mRequired type parameters may not follow optional type parameters.

[7m1257[0m         Http1Response extends typeof ServerResponse<InstanceType<Http1Request>> = typeof ServerResponse,
[7m    [0m [91m        ~~~~~~~~~~~~~~~~~~~~~~~~~~~~~~~~~~~~~~~~~~~[0m
[96mnode_modules/@types/node/http2.d.ts[0m:[93m1257[0m:[93m52[0m - [91merror[0m[90m TS1005: [0m',' expected.

[7m1257[0m         Http1Response extends typeof ServerResponse<InstanceType<Http1Request>> = typeof ServerResponse,
[7m    [0m [91m                                                   ~[0m
[96mnode_modules/@types/node/http2.d.ts[0m:[93m1257[0m:[93m66[0m - [91merror[0m[90m TS2304: [0mCannot find name 'Http1Request'.

[7m1257[0m         Http1Response extends typeof ServerResponse<InstanceType<Http1Request>> = typeof ServerResponse,
[7m    [0m [91m                                                                 ~~~~~~~~~~~~[0m
[96mnode_modules/@types/node/http2.d.ts[0m:[93m1257[0m:[93m81[0m - [91merror[0m[90m TS1109: [0mExpression expected.

[7m1257[0m         Http1Response extends typeof ServerResponse<InstanceType<Http1Request>> = typeof ServerResponse,
[7m    [0m [91m                                                                                ~[0m
[96mnode_modules/@types/node/http2.d.ts[0m:[93m1257[0m:[93m83[0m - [91merror[0m[90m TS2695: [0mLeft side of comma operator is unused and has no side effects.

[7m1257[0m         Http1Response extends typeof ServerResponse<InstanceType<Http1Request>> = typeof ServerResponse,
[7m    [0m [91m                                                                                  ~~~~~~~~~~~~~~~~~~~~~[0m
[96mnode_modules/@types/node/http2.d.ts[0m:[93m1258[0m:[93m9[0m - [91merror[0m[90m TS2304: [0mCannot find name 'Http2Request'.

[7m1258[0m         Http2Request extends typeof Http2ServerRequest = typeof Http2ServerRequest,
[7m    [0m [91m        ~~~~~~~~~~~~[0m
[96mnode_modules/@types/node/http2.d.ts[0m:[93m1258[0m:[93m22[0m - [91merror[0m[90m TS1005: [0m';' expected.

[7m1258[0m         Http2Request extends typeof Http2ServerRequest = typeof Http2ServerRequest,
[7m    [0m [91m                     ~~~~~~~[0m
[96mnode_modules/@types/node/http2.d.ts[0m:[93m1258[0m:[93m56[0m - [91merror[0m[90m TS1005: [0m';' expected.

[7m1258[0m         Http2Request extends typeof Http2ServerRequest = typeof Http2ServerRequest,
[7m    [0m [91m                                                       ~[0m
[96mnode_modules/@types/node/http2.d.ts[0m:[93m1258[0m:[93m58[0m - [91merror[0m[90m TS2695: [0mLeft side of comma operator is unused and has no side effects.

[7m1258[0m         Http2Request extends typeof Http2ServerRequest = typeof Http2ServerRequest,
[7m    [0m [91m                                                         ~~~~~~~~~~~~~~~~~~~~~~~~~[0m
[96mnode_modules/@types/node/http2.d.ts[0m:[93m1259[0m:[93m9[0m - [91merror[0m[90m TS2304: [0mCannot find name 'Http2Response'.

[7m1259[0m         Http2Response extends typeof Http2ServerResponse<InstanceType<Http2Request>> = typeof Http2ServerResponse,
[7m    [0m [91m        ~~~~~~~~~~~~~[0m
[96mnode_modules/@types/node/http2.d.ts[0m:[93m1259[0m:[93m23[0m - [91merror[0m[90m TS1005: [0m';' expected.

[7m1259[0m         Http2Response extends typeof Http2ServerResponse<InstanceType<Http2Request>> = typeof Http2ServerResponse,
[7m    [0m [91m                      ~~~~~~~[0m
[96mnode_modules/@types/node/http2.d.ts[0m:[93m1259[0m:[93m31[0m - [91merror[0m[90m TS2365: [0mOperator '<' cannot be applied to types 'boolean' and 'number'.

[7m1259[0m         Http2Response extends typeof Http2ServerResponse<InstanceType<Http2Request>> = typeof Http2ServerResponse,
[7m    [0m [91m                              ~~~~~~~~~~~~~~~~~~~~~~~~~~~~~~~~~~~~~~~~~~~~~~~~~~~~~~[0m
[96mnode_modules/@types/node/http2.d.ts[0m:[93m1259[0m:[93m58[0m - [91merror[0m[90m TS2693: [0m'InstanceType' only refers to a type, but is being used as a value here.

[7m1259[0m         Http2Response extends typeof Http2ServerResponse<InstanceType<Http2Request>> = typeof Http2ServerResponse,
[7m    [0m [91m                                                         ~~~~~~~~~~~~[0m
[96mnode_modules/@types/node/http2.d.ts[0m:[93m1259[0m:[93m71[0m - [91merror[0m[90m TS2304: [0mCannot find name 'Http2Request'.

[7m1259[0m         Http2Response extends typeof Http2ServerResponse<InstanceType<Http2Request>> = typeof Http2ServerResponse,
[7m    [0m [91m                                                                      ~~~~~~~~~~~~[0m
[96mnode_modules/@types/node/http2.d.ts[0m:[93m1259[0m:[93m86[0m - [91merror[0m[90m TS1109: [0mExpression expected.

[7m1259[0m         Http2Response extends typeof Http2ServerResponse<InstanceType<Http2Request>> = typeof Http2ServerResponse,
[7m    [0m [91m                                                                                     ~[0m
[96mnode_modules/@types/node/http2.d.ts[0m:[93m1259[0m:[93m88[0m - [91merror[0m[90m TS2695: [0mLeft side of comma operator is unused and has no side effects.

[7m1259[0m         Http2Response extends typeof Http2ServerResponse<InstanceType<Http2Request>> = typeof Http2ServerResponse,
[7m    [0m [91m                                                                                       ~~~~~~~~~~~~~~~~~~~~~~~~~~[0m
[96mnode_modules/@types/node/http2.d.ts[0m:[93m1260[0m:[93m5[0m - [91merror[0m[90m TS1109: [0mExpression expected.

[7m1260[0m     > extends ServerSessionOptions<Http1Request, Http1Response, Http2Request, Http2Response>, tls.TlsOptions {}
[7m    [0m [91m    ~[0m
[96mnode_modules/@types/node/http2.d.ts[0m:[93m1260[0m:[93m7[0m - [91merror[0m[90m TS1109: [0mExpression expected.

[7m1260[0m     > extends ServerSessionOptions<Http1Request, Http1Response, Http2Request, Http2Response>, tls.TlsOptions {}
[7m    [0m [91m      ~~~~~~~[0m
[96mnode_modules/@types/node/http2.d.ts[0m:[93m1260[0m:[93m15[0m - [91merror[0m[90m TS2693: [0m'ServerSessionOptions' only refers to a type, but is being used as a value here.

[7m1260[0m     > extends ServerSessionOptions<Http1Request, Http1Response, Http2Request, Http2Response>, tls.TlsOptions {}
[7m    [0m [91m              ~~~~~~~~~~~~~~~~~~~~[0m
[96mnode_modules/@types/node/http2.d.ts[0m:[93m1260[0m:[93m15[0m - [91merror[0m[90m TS2695: [0mLeft side of comma operator is unused and has no side effects.

[7m1260[0m     > extends ServerSessionOptions<Http1Request, Http1Response, Http2Request, Http2Response>, tls.TlsOptions {}
[7m    [0m [91m              ~~~~~~~~~~~~~~~~~~~~~~~~~~~~~~~~~[0m
[96mnode_modules/@types/node/http2.d.ts[0m:[93m1260[0m:[93m15[0m - [91merror[0m[90m TS2695: [0mLeft side of comma operator is unused and has no side effects.

[7m1260[0m     > extends ServerSessionOptions<Http1Request, Http1Response, Http2Request, Http2Response>, tls.TlsOptions {}
[7m    [0m [91m              ~~~~~~~~~~~~~~~~~~~~~~~~~~~~~~~~~~~~~~~~~~~~~~~~[0m
[96mnode_modules/@types/node/http2.d.ts[0m:[93m1260[0m:[93m15[0m - [91merror[0m[90m TS2695: [0mLeft side of comma operator is unused and has no side effects.

[7m1260[0m     > extends ServerSessionOptions<Http1Request, Http1Response, Http2Request, Http2Response>, tls.TlsOptions {}
[7m    [0m [91m              ~~~~~~~~~~~~~~~~~~~~~~~~~~~~~~~~~~~~~~~~~~~~~~~~~~~~~~~~~~~~~~[0m
[96mnode_modules/@types/node/http2.d.ts[0m:[93m1260[0m:[93m15[0m - [91merror[0m[90m TS2695: [0mLeft side of comma operator is unused and has no side effects.

[7m1260[0m     > extends ServerSessionOptions<Http1Request, Http1Response, Http2Request, Http2Response>, tls.TlsOptions {}
[7m    [0m [91m              ~~~~~~~~~~~~~~~~~~~~~~~~~~~~~~~~~~~~~~~~~~~~~~~~~~~~~~~~~~~~~~~~~~~~~~~~~~~~~~[0m
[96mnode_modules/@types/node/http2.d.ts[0m:[93m1260[0m:[93m36[0m - [91merror[0m[90m TS2304: [0mCannot find name 'Http1Request'.

[7m1260[0m     > extends ServerSessionOptions<Http1Request, Http1Response, Http2Request, Http2Response>, tls.TlsOptions {}
[7m    [0m [91m                                   ~~~~~~~~~~~~[0m
[96mnode_modules/@types/node/http2.d.ts[0m:[93m1260[0m:[93m50[0m - [91merror[0m[90m TS2304: [0mCannot find name 'Http1Response'.

[7m1260[0m     > extends ServerSessionOptions<Http1Request, Http1Response, Http2Request, Http2Response>, tls.TlsOptions {}
[7m    [0m [91m                                                 ~~~~~~~~~~~~~[0m
[96mnode_modules/@types/node/http2.d.ts[0m:[93m1260[0m:[93m65[0m - [91merror[0m[90m TS2304: [0mCannot find name 'Http2Request'.

[7m1260[0m     > extends ServerSessionOptions<Http1Request, Http1Response, Http2Request, Http2Response>, tls.TlsOptions {}
[7m    [0m [91m                                                                ~~~~~~~~~~~~[0m
[96mnode_modules/@types/node/http2.d.ts[0m:[93m1260[0m:[93m79[0m - [91merror[0m[90m TS2304: [0mCannot find name 'Http2Response'.

[7m1260[0m     > extends ServerSessionOptions<Http1Request, Http1Response, Http2Request, Http2Response>, tls.TlsOptions {}
[7m    [0m [91m                                                                              ~~~~~~~~~~~~~[0m
[96mnode_modules/@types/node/http2.d.ts[0m:[93m1260[0m:[93m93[0m - [91merror[0m[90m TS1109: [0mExpression expected.

[7m1260[0m     > extends ServerSessionOptions<Http1Request, Http1Response, Http2Request, Http2Response>, tls.TlsOptions {}
[7m    [0m [91m                                                                                            ~[0m
[96mnode_modules/@types/node/http2.d.ts[0m:[93m1260[0m:[93m99[0m - [91merror[0m[90m TS2339: [0mProperty 'TlsOptions' does not exist on type 'typeof import("node:tls")'.

[7m1260[0m     > extends ServerSessionOptions<Http1Request, Http1Response, Http2Request, Http2Response>, tls.TlsOptions {}
[7m    [0m [91m                                                                                                  ~~~~~~~~~~[0m
[96mnode_modules/@types/node/http2.d.ts[0m:[93m1260[0m:[93m110[0m - [91merror[0m[90m TS1005: [0m';' expected.

[7m1260[0m     > extends ServerSessionOptions<Http1Request, Http1Response, Http2Request, Http2Response>, tls.TlsOptions {}
[7m    [0m [91m                                                                                                             ~[0m
[96mnode_modules/@types/node/http2.d.ts[0m:[93m1263[0m:[93m9[0m - [91merror[0m[90m TS2706: [0mRequired type parameters may not follow optional type parameters.

[7m1263[0m         Http1Response extends typeof ServerResponse<InstanceType<Http1Request>> = typeof ServerResponse,
[7m    [0m [91m        ~~~~~~~~~~~~~~~~~~~~~~~~~~~~~~~~~~~~~~~~~~~[0m
[96mnode_modules/@types/node/http2.d.ts[0m:[93m1263[0m:[93m52[0m - [91merror[0m[90m TS1005: [0m',' expected.

[7m1263[0m         Http1Response extends typeof ServerResponse<InstanceType<Http1Request>> = typeof ServerResponse,
[7m    [0m [91m                                                   ~[0m
[96mnode_modules/@types/node/http2.d.ts[0m:[93m1263[0m:[93m66[0m - [91merror[0m[90m TS2304: [0mCannot find name 'Http1Request'.

[7m1263[0m         Http1Response extends typeof ServerResponse<InstanceType<Http1Request>> = typeof ServerResponse,
[7m    [0m [91m                                                                 ~~~~~~~~~~~~[0m
[96mnode_modules/@types/node/http2.d.ts[0m:[93m1263[0m:[93m81[0m - [91merror[0m[90m TS1109: [0mExpression expected.

[7m1263[0m         Http1Response extends typeof ServerResponse<InstanceType<Http1Request>> = typeof ServerResponse,
[7m    [0m [91m                                                                                ~[0m
[96mnode_modules/@types/node/http2.d.ts[0m:[93m1263[0m:[93m83[0m - [91merror[0m[90m TS2695: [0mLeft side of comma operator is unused and has no side effects.

[7m1263[0m         Http1Response extends typeof ServerResponse<InstanceType<Http1Request>> = typeof ServerResponse,
[7m    [0m [91m                                                                                  ~~~~~~~~~~~~~~~~~~~~~[0m
[96mnode_modules/@types/node/http2.d.ts[0m:[93m1264[0m:[93m9[0m - [91merror[0m[90m TS2304: [0mCannot find name 'Http2Request'.

[7m1264[0m         Http2Request extends typeof Http2ServerRequest = typeof Http2ServerRequest,
[7m    [0m [91m        ~~~~~~~~~~~~[0m
[96mnode_modules/@types/node/http2.d.ts[0m:[93m1264[0m:[93m22[0m - [91merror[0m[90m TS1005: [0m';' expected.

[7m1264[0m         Http2Request extends typeof Http2ServerRequest = typeof Http2ServerRequest,
[7m    [0m [91m                     ~~~~~~~[0m
[96mnode_modules/@types/node/http2.d.ts[0m:[93m1264[0m:[93m56[0m - [91merror[0m[90m TS1005: [0m';' expected.

[7m1264[0m         Http2Request extends typeof Http2ServerRequest = typeof Http2ServerRequest,
[7m    [0m [91m                                                       ~[0m
[96mnode_modules/@types/node/http2.d.ts[0m:[93m1264[0m:[93m58[0m - [91merror[0m[90m TS2695: [0mLeft side of comma operator is unused and has no side effects.

[7m1264[0m         Http2Request extends typeof Http2ServerRequest = typeof Http2ServerRequest,
[7m    [0m [91m                                                         ~~~~~~~~~~~~~~~~~~~~~~~~~[0m
[96mnode_modules/@types/node/http2.d.ts[0m:[93m1265[0m:[93m9[0m - [91merror[0m[90m TS2304: [0mCannot find name 'Http2Response'.

[7m1265[0m         Http2Response extends typeof Http2ServerResponse<InstanceType<Http2Request>> = typeof Http2ServerResponse,
[7m    [0m [91m        ~~~~~~~~~~~~~[0m
[96mnode_modules/@types/node/http2.d.ts[0m:[93m1265[0m:[93m23[0m - [91merror[0m[90m TS1005: [0m';' expected.

[7m1265[0m         Http2Response extends typeof Http2ServerResponse<InstanceType<Http2Request>> = typeof Http2ServerResponse,
[7m    [0m [91m                      ~~~~~~~[0m
[96mnode_modules/@types/node/http2.d.ts[0m:[93m1265[0m:[93m31[0m - [91merror[0m[90m TS2365: [0mOperator '<' cannot be applied to types 'boolean' and 'number'.

[7m1265[0m         Http2Response extends typeof Http2ServerResponse<InstanceType<Http2Request>> = typeof Http2ServerResponse,
[7m    [0m [91m                              ~~~~~~~~~~~~~~~~~~~~~~~~~~~~~~~~~~~~~~~~~~~~~~~~~~~~~~[0m
[96mnode_modules/@types/node/http2.d.ts[0m:[93m1265[0m:[93m58[0m - [91merror[0m[90m TS2693: [0m'InstanceType' only refers to a type, but is being used as a value here.

[7m1265[0m         Http2Response extends typeof Http2ServerResponse<InstanceType<Http2Request>> = typeof Http2ServerResponse,
[7m    [0m [91m                                                         ~~~~~~~~~~~~[0m
[96mnode_modules/@types/node/http2.d.ts[0m:[93m1265[0m:[93m71[0m - [91merror[0m[90m TS2304: [0mCannot find name 'Http2Request'.

[7m1265[0m         Http2Response extends typeof Http2ServerResponse<InstanceType<Http2Request>> = typeof Http2ServerResponse,
[7m    [0m [91m                                                                      ~~~~~~~~~~~~[0m
[96mnode_modules/@types/node/http2.d.ts[0m:[93m1265[0m:[93m86[0m - [91merror[0m[90m TS1109: [0mExpression expected.

[7m1265[0m         Http2Response extends typeof Http2ServerResponse<InstanceType<Http2Request>> = typeof Http2ServerResponse,
[7m    [0m [91m                                                                                     ~[0m
[96mnode_modules/@types/node/http2.d.ts[0m:[93m1265[0m:[93m88[0m - [91merror[0m[90m TS2695: [0mLeft side of comma operator is unused and has no side effects.

[7m1265[0m         Http2Response extends typeof Http2ServerResponse<InstanceType<Http2Request>> = typeof Http2ServerResponse,
[7m    [0m [91m                                                                                       ~~~~~~~~~~~~~~~~~~~~~~~~~~[0m
[96mnode_modules/@types/node/http2.d.ts[0m:[93m1266[0m:[93m5[0m - [91merror[0m[90m TS1109: [0mExpression expected.

[7m1266[0m     > extends ServerSessionOptions<Http1Request, Http1Response, Http2Request, Http2Response> {}
[7m    [0m [91m    ~[0m
[96mnode_modules/@types/node/http2.d.ts[0m:[93m1266[0m:[93m7[0m - [91merror[0m[90m TS1109: [0mExpression expected.

[7m1266[0m     > extends ServerSessionOptions<Http1Request, Http1Response, Http2Request, Http2Response> {}
[7m    [0m [91m      ~~~~~~~[0m
[96mnode_modules/@types/node/http2.d.ts[0m:[93m1266[0m:[93m15[0m - [91merror[0m[90m TS2693: [0m'ServerSessionOptions' only refers to a type, but is being used as a value here.

[7m1266[0m     > extends ServerSessionOptions<Http1Request, Http1Response, Http2Request, Http2Response> {}
[7m    [0m [91m              ~~~~~~~~~~~~~~~~~~~~[0m
[96mnode_modules/@types/node/http2.d.ts[0m:[93m1266[0m:[93m15[0m - [91merror[0m[90m TS2695: [0mLeft side of comma operator is unused and has no side effects.

[7m1266[0m     > extends ServerSessionOptions<Http1Request, Http1Response, Http2Request, Http2Response> {}
[7m    [0m [91m              ~~~~~~~~~~~~~~~~~~~~~~~~~~~~~~~~~[0m
[96mnode_modules/@types/node/http2.d.ts[0m:[93m1266[0m:[93m15[0m - [91merror[0m[90m TS2695: [0mLeft side of comma operator is unused and has no side effects.

[7m1266[0m     > extends ServerSessionOptions<Http1Request, Http1Response, Http2Request, Http2Response> {}
[7m    [0m [91m              ~~~~~~~~~~~~~~~~~~~~~~~~~~~~~~~~~~~~~~~~~~~~~~~~[0m
[96mnode_modules/@types/node/http2.d.ts[0m:[93m1266[0m:[93m15[0m - [91merror[0m[90m TS2695: [0mLeft side of comma operator is unused and has no side effects.

[7m1266[0m     > extends ServerSessionOptions<Http1Request, Http1Response, Http2Request, Http2Response> {}
[7m    [0m [91m              ~~~~~~~~~~~~~~~~~~~~~~~~~~~~~~~~~~~~~~~~~~~~~~~~~~~~~~~~~~~~~~[0m
[96mnode_modules/@types/node/http2.d.ts[0m:[93m1266[0m:[93m36[0m - [91merror[0m[90m TS2304: [0mCannot find name 'Http1Request'.

[7m1266[0m     > extends ServerSessionOptions<Http1Request, Http1Response, Http2Request, Http2Response> {}
[7m    [0m [91m                                   ~~~~~~~~~~~~[0m
[96mnode_modules/@types/node/http2.d.ts[0m:[93m1266[0m:[93m50[0m - [91merror[0m[90m TS2304: [0mCannot find name 'Http1Response'.

[7m1266[0m     > extends ServerSessionOptions<Http1Request, Http1Response, Http2Request, Http2Response> {}
[7m    [0m [91m                                                 ~~~~~~~~~~~~~[0m
[96mnode_modules/@types/node/http2.d.ts[0m:[93m1266[0m:[93m65[0m - [91merror[0m[90m TS2304: [0mCannot find name 'Http2Request'.

[7m1266[0m     > extends ServerSessionOptions<Http1Request, Http1Response, Http2Request, Http2Response> {}
[7m    [0m [91m                                                                ~~~~~~~~~~~~[0m
[96mnode_modules/@types/node/http2.d.ts[0m:[93m1266[0m:[93m79[0m - [91merror[0m[90m TS2304: [0mCannot find name 'Http2Response'.

[7m1266[0m     > extends ServerSessionOptions<Http1Request, Http1Response, Http2Request, Http2Response> {}
[7m    [0m [91m                                                                              ~~~~~~~~~~~~~[0m
[96mnode_modules/@types/node/http2.d.ts[0m:[93m1269[0m:[93m9[0m - [91merror[0m[90m TS2706: [0mRequired type parameters may not follow optional type parameters.

[7m1269[0m         Http1Response extends typeof ServerResponse<InstanceType<Http1Request>> = typeof ServerResponse,
[7m    [0m [91m        ~~~~~~~~~~~~~~~~~~~~~~~~~~~~~~~~~~~~~~~~~~~[0m
[96mnode_modules/@types/node/http2.d.ts[0m:[93m1269[0m:[93m52[0m - [91merror[0m[90m TS1005: [0m',' expected.

[7m1269[0m         Http1Response extends typeof ServerResponse<InstanceType<Http1Request>> = typeof ServerResponse,
[7m    [0m [91m                                                   ~[0m
[96mnode_modules/@types/node/http2.d.ts[0m:[93m1269[0m:[93m66[0m - [91merror[0m[90m TS2304: [0mCannot find name 'Http1Request'.

[7m1269[0m         Http1Response extends typeof ServerResponse<InstanceType<Http1Request>> = typeof ServerResponse,
[7m    [0m [91m                                                                 ~~~~~~~~~~~~[0m
[96mnode_modules/@types/node/http2.d.ts[0m:[93m1269[0m:[93m81[0m - [91merror[0m[90m TS1109: [0mExpression expected.

[7m1269[0m         Http1Response extends typeof ServerResponse<InstanceType<Http1Request>> = typeof ServerResponse,
[7m    [0m [91m                                                                                ~[0m
[96mnode_modules/@types/node/http2.d.ts[0m:[93m1269[0m:[93m83[0m - [91merror[0m[90m TS2695: [0mLeft side of comma operator is unused and has no side effects.

[7m1269[0m         Http1Response extends typeof ServerResponse<InstanceType<Http1Request>> = typeof ServerResponse,
[7m    [0m [91m                                                                                  ~~~~~~~~~~~~~~~~~~~~~[0m
[96mnode_modules/@types/node/http2.d.ts[0m:[93m1270[0m:[93m9[0m - [91merror[0m[90m TS2304: [0mCannot find name 'Http2Request'.

[7m1270[0m         Http2Request extends typeof Http2ServerRequest = typeof Http2ServerRequest,
[7m    [0m [91m        ~~~~~~~~~~~~[0m
[96mnode_modules/@types/node/http2.d.ts[0m:[93m1270[0m:[93m22[0m - [91merror[0m[90m TS1005: [0m';' expected.

[7m1270[0m         Http2Request extends typeof Http2ServerRequest = typeof Http2ServerRequest,
[7m    [0m [91m                     ~~~~~~~[0m
[96mnode_modules/@types/node/http2.d.ts[0m:[93m1270[0m:[93m56[0m - [91merror[0m[90m TS1005: [0m';' expected.

[7m1270[0m         Http2Request extends typeof Http2ServerRequest = typeof Http2ServerRequest,
[7m    [0m [91m                                                       ~[0m
[96mnode_modules/@types/node/http2.d.ts[0m:[93m1270[0m:[93m58[0m - [91merror[0m[90m TS2695: [0mLeft side of comma operator is unused and has no side effects.

[7m1270[0m         Http2Request extends typeof Http2ServerRequest = typeof Http2ServerRequest,
[7m    [0m [91m                                                         ~~~~~~~~~~~~~~~~~~~~~~~~~[0m
[96mnode_modules/@types/node/http2.d.ts[0m:[93m1271[0m:[93m9[0m - [91merror[0m[90m TS2304: [0mCannot find name 'Http2Response'.

[7m1271[0m         Http2Response extends typeof Http2ServerResponse<InstanceType<Http2Request>> = typeof Http2ServerResponse,
[7m    [0m [91m        ~~~~~~~~~~~~~[0m
[96mnode_modules/@types/node/http2.d.ts[0m:[93m1271[0m:[93m23[0m - [91merror[0m[90m TS1005: [0m';' expected.

[7m1271[0m         Http2Response extends typeof Http2ServerResponse<InstanceType<Http2Request>> = typeof Http2ServerResponse,
[7m    [0m [91m                      ~~~~~~~[0m
[96mnode_modules/@types/node/http2.d.ts[0m:[93m1271[0m:[93m31[0m - [91merror[0m[90m TS2365: [0mOperator '<' cannot be applied to types 'boolean' and 'number'.

[7m1271[0m         Http2Response extends typeof Http2ServerResponse<InstanceType<Http2Request>> = typeof Http2ServerResponse,
[7m    [0m [91m                              ~~~~~~~~~~~~~~~~~~~~~~~~~~~~~~~~~~~~~~~~~~~~~~~~~~~~~~[0m
[96mnode_modules/@types/node/http2.d.ts[0m:[93m1271[0m:[93m58[0m - [91merror[0m[90m TS2693: [0m'InstanceType' only refers to a type, but is being used as a value here.

[7m1271[0m         Http2Response extends typeof Http2ServerResponse<InstanceType<Http2Request>> = typeof Http2ServerResponse,
[7m    [0m [91m                                                         ~~~~~~~~~~~~[0m
[96mnode_modules/@types/node/http2.d.ts[0m:[93m1271[0m:[93m71[0m - [91merror[0m[90m TS2304: [0mCannot find name 'Http2Request'.

[7m1271[0m         Http2Response extends typeof Http2ServerResponse<InstanceType<Http2Request>> = typeof Http2ServerResponse,
[7m    [0m [91m                                                                      ~~~~~~~~~~~~[0m
[96mnode_modules/@types/node/http2.d.ts[0m:[93m1271[0m:[93m86[0m - [91merror[0m[90m TS1109: [0mExpression expected.

[7m1271[0m         Http2Response extends typeof Http2ServerResponse<InstanceType<Http2Request>> = typeof Http2ServerResponse,
[7m    [0m [91m                                                                                     ~[0m
[96mnode_modules/@types/node/http2.d.ts[0m:[93m1271[0m:[93m88[0m - [91merror[0m[90m TS2695: [0mLeft side of comma operator is unused and has no side effects.

[7m1271[0m         Http2Response extends typeof Http2ServerResponse<InstanceType<Http2Request>> = typeof Http2ServerResponse,
[7m    [0m [91m                                                                                       ~~~~~~~~~~~~~~~~~~~~~~~~~~[0m
[96mnode_modules/@types/node/http2.d.ts[0m:[93m1272[0m:[93m5[0m - [91merror[0m[90m TS1109: [0mExpression expected.

[7m1272[0m     > extends SecureServerSessionOptions<Http1Request, Http1Response, Http2Request, Http2Response> {
[7m    [0m [91m    ~[0m
[96mnode_modules/@types/node/http2.d.ts[0m:[93m1272[0m:[93m7[0m - [91merror[0m[90m TS1109: [0mExpression expected.

[7m1272[0m     > extends SecureServerSessionOptions<Http1Request, Http1Response, Http2Request, Http2Response> {
[7m    [0m [91m      ~~~~~~~[0m
[96mnode_modules/@types/node/http2.d.ts[0m:[93m1272[0m:[93m15[0m - [91merror[0m[90m TS2693: [0m'SecureServerSessionOptions' only refers to a type, but is being used as a value here.

[7m1272[0m     > extends SecureServerSessionOptions<Http1Request, Http1Response, Http2Request, Http2Response> {
[7m    [0m [91m              ~~~~~~~~~~~~~~~~~~~~~~~~~~[0m
[96mnode_modules/@types/node/http2.d.ts[0m:[93m1272[0m:[93m15[0m - [91merror[0m[90m TS2695: [0mLeft side of comma operator is unused and has no side effects.

[7m1272[0m     > extends SecureServerSessionOptions<Http1Request, Http1Response, Http2Request, Http2Response> {
[7m    [0m [91m              ~~~~~~~~~~~~~~~~~~~~~~~~~~~~~~~~~~~~~~~[0m
[96mnode_modules/@types/node/http2.d.ts[0m:[93m1272[0m:[93m15[0m - [91merror[0m[90m TS2695: [0mLeft side of comma operator is unused and has no side effects.

[7m1272[0m     > extends SecureServerSessionOptions<Http1Request, Http1Response, Http2Request, Http2Response> {
[7m    [0m [91m              ~~~~~~~~~~~~~~~~~~~~~~~~~~~~~~~~~~~~~~~~~~~~~~~~~~~~~~[0m
[96mnode_modules/@types/node/http2.d.ts[0m:[93m1272[0m:[93m15[0m - [91merror[0m[90m TS2695: [0mLeft side of comma operator is unused and has no side effects.

[7m1272[0m     > extends SecureServerSessionOptions<Http1Request, Http1Response, Http2Request, Http2Response> {
[7m    [0m [91m              ~~~~~~~~~~~~~~~~~~~~~~~~~~~~~~~~~~~~~~~~~~~~~~~~~~~~~~~~~~~~~~~~~~~~[0m
[96mnode_modules/@types/node/http2.d.ts[0m:[93m1272[0m:[93m42[0m - [91merror[0m[90m TS2304: [0mCannot find name 'Http1Request'.

[7m1272[0m     > extends SecureServerSessionOptions<Http1Request, Http1Response, Http2Request, Http2Response> {
[7m    [0m [91m                                         ~~~~~~~~~~~~[0m
[96mnode_modules/@types/node/http2.d.ts[0m:[93m1272[0m:[93m56[0m - [91merror[0m[90m TS2304: [0mCannot find name 'Http1Response'.

[7m1272[0m     > extends SecureServerSessionOptions<Http1Request, Http1Response, Http2Request, Http2Response> {
[7m    [0m [91m                                                       ~~~~~~~~~~~~~[0m
[96mnode_modules/@types/node/http2.d.ts[0m:[93m1272[0m:[93m71[0m - [91merror[0m[90m TS2304: [0mCannot find name 'Http2Request'.

[7m1272[0m     > extends SecureServerSessionOptions<Http1Request, Http1Response, Http2Request, Http2Response> {
[7m    [0m [91m                                                                      ~~~~~~~~~~~~[0m
[96mnode_modules/@types/node/http2.d.ts[0m:[93m1272[0m:[93m85[0m - [91merror[0m[90m TS2304: [0mCannot find name 'Http2Response'.

[7m1272[0m     > extends SecureServerSessionOptions<Http1Request, Http1Response, Http2Request, Http2Response> {
[7m    [0m [91m                                                                                    ~~~~~~~~~~~~~[0m
[96mnode_modules/@types/node/http2.d.ts[0m:[93m1273[0m:[93m22[0m - [91merror[0m[90m TS2693: [0m'boolean' only refers to a type, but is being used as a value here.

[7m1273[0m         allowHTTP1?: boolean | undefined;
[7m    [0m [91m                     ~~~~~~~[0m
[96mnode_modules/@types/node/http2.d.ts[0m:[93m1273[0m:[93m32[0m - [91merror[0m[90m TS2532: [0mObject is possibly 'undefined'.

[7m1273[0m         allowHTTP1?: boolean | undefined;
[7m    [0m [91m                               ~~~~~~~~~[0m
[96mnode_modules/@types/node/http2.d.ts[0m:[93m1273[0m:[93m41[0m - [91merror[0m[90m TS1005: [0m',' expected.

[7m1273[0m         allowHTTP1?: boolean | undefined;
[7m    [0m [91m                                        ~[0m
[96mnode_modules/@types/node/http2.d.ts[0m:[93m1274[0m:[93m19[0m - [91merror[0m[90m TS2693: [0m'string' only refers to a type, but is being used as a value here.

[7m1274[0m         origins?: string[] | undefined;
[7m    [0m [91m                  ~~~~~~[0m
[96mnode_modules/@types/node/http2.d.ts[0m:[93m1274[0m:[93m26[0m - [91merror[0m[90m TS1011: [0mAn element access expression should take an argument.

[7m1274[0m         origins?: string[] | undefined;
[7m    [0m [91m                         [0m
[96mnode_modules/@types/node/http2.d.ts[0m:[93m1274[0m:[93m30[0m - [91merror[0m[90m TS2532: [0mObject is possibly 'undefined'.

[7m1274[0m         origins?: string[] | undefined;
[7m    [0m [91m                             ~~~~~~~~~[0m
[96mnode_modules/@types/node/http2.d.ts[0m:[93m1274[0m:[93m39[0m - [91merror[0m[90m TS1005: [0m',' expected.

[7m1274[0m         origins?: string[] | undefined;
[7m    [0m [91m                                      ~[0m
[96mnode_modules/@types/node/http2.d.ts[0m:[93m1286[0m:[93m9[0m - [91merror[0m[90m TS2706: [0mRequired type parameters may not follow optional type parameters.

[7m1286[0m         Http1Response extends typeof ServerResponse<InstanceType<Http1Request>> = typeof ServerResponse,
[7m    [0m [91m        ~~~~~~~~~~~~~~~~~~~~~~~~~~~~~~~~~~~~~~~~~~~[0m
[96mnode_modules/@types/node/http2.d.ts[0m:[93m1286[0m:[93m52[0m - [91merror[0m[90m TS1005: [0m',' expected.

[7m1286[0m         Http1Response extends typeof ServerResponse<InstanceType<Http1Request>> = typeof ServerResponse,
[7m    [0m [91m                                                   ~[0m
[96mnode_modules/@types/node/http2.d.ts[0m:[93m1286[0m:[93m66[0m - [91merror[0m[90m TS2304: [0mCannot find name 'Http1Request'.

[7m1286[0m         Http1Response extends typeof ServerResponse<InstanceType<Http1Request>> = typeof ServerResponse,
[7m    [0m [91m                                                                 ~~~~~~~~~~~~[0m
[96mnode_modules/@types/node/http2.d.ts[0m:[93m1286[0m:[93m81[0m - [91merror[0m[90m TS1109: [0mExpression expected.

[7m1286[0m         Http1Response extends typeof ServerResponse<InstanceType<Http1Request>> = typeof ServerResponse,
[7m    [0m [91m                                                                                ~[0m
[96mnode_modules/@types/node/http2.d.ts[0m:[93m1286[0m:[93m83[0m - [91merror[0m[90m TS2695: [0mLeft side of comma operator is unused and has no side effects.

[7m1286[0m         Http1Response extends typeof ServerResponse<InstanceType<Http1Request>> = typeof ServerResponse,
[7m    [0m [91m                                                                                  ~~~~~~~~~~~~~~~~~~~~~[0m
[96mnode_modules/@types/node/http2.d.ts[0m:[93m1287[0m:[93m9[0m - [91merror[0m[90m TS2304: [0mCannot find name 'Http2Request'.

[7m1287[0m         Http2Request extends typeof Http2ServerRequest = typeof Http2ServerRequest,
[7m    [0m [91m        ~~~~~~~~~~~~[0m
[96mnode_modules/@types/node/http2.d.ts[0m:[93m1287[0m:[93m22[0m - [91merror[0m[90m TS1005: [0m';' expected.

[7m1287[0m         Http2Request extends typeof Http2ServerRequest = typeof Http2ServerRequest,
[7m    [0m [91m                     ~~~~~~~[0m
[96mnode_modules/@types/node/http2.d.ts[0m:[93m1287[0m:[93m56[0m - [91merror[0m[90m TS1005: [0m';' expected.

[7m1287[0m         Http2Request extends typeof Http2ServerRequest = typeof Http2ServerRequest,
[7m    [0m [91m                                                       ~[0m
[96mnode_modules/@types/node/http2.d.ts[0m:[93m1287[0m:[93m58[0m - [91merror[0m[90m TS2695: [0mLeft side of comma operator is unused and has no side effects.

[7m1287[0m         Http2Request extends typeof Http2ServerRequest = typeof Http2ServerRequest,
[7m    [0m [91m                                                         ~~~~~~~~~~~~~~~~~~~~~~~~~[0m
[96mnode_modules/@types/node/http2.d.ts[0m:[93m1288[0m:[93m9[0m - [91merror[0m[90m TS2304: [0mCannot find name 'Http2Response'.

[7m1288[0m         Http2Response extends typeof Http2ServerResponse<InstanceType<Http2Request>> = typeof Http2ServerResponse,
[7m    [0m [91m        ~~~~~~~~~~~~~[0m
[96mnode_modules/@types/node/http2.d.ts[0m:[93m1288[0m:[93m23[0m - [91merror[0m[90m TS1005: [0m';' expected.

[7m1288[0m         Http2Response extends typeof Http2ServerResponse<InstanceType<Http2Request>> = typeof Http2ServerResponse,
[7m    [0m [91m                      ~~~~~~~[0m
[96mnode_modules/@types/node/http2.d.ts[0m:[93m1288[0m:[93m31[0m - [91merror[0m[90m TS2365: [0mOperator '<' cannot be applied to types 'boolean' and 'number'.

[7m1288[0m         Http2Response extends typeof Http2ServerResponse<InstanceType<Http2Request>> = typeof Http2ServerResponse,
[7m    [0m [91m                              ~~~~~~~~~~~~~~~~~~~~~~~~~~~~~~~~~~~~~~~~~~~~~~~~~~~~~~[0m
[96mnode_modules/@types/node/http2.d.ts[0m:[93m1288[0m:[93m58[0m - [91merror[0m[90m TS2693: [0m'InstanceType' only refers to a type, but is being used as a value here.

[7m1288[0m         Http2Response extends typeof Http2ServerResponse<InstanceType<Http2Request>> = typeof Http2ServerResponse,
[7m    [0m [91m                                                         ~~~~~~~~~~~~[0m
[96mnode_modules/@types/node/http2.d.ts[0m:[93m1288[0m:[93m71[0m - [91merror[0m[90m TS2304: [0mCannot find name 'Http2Request'.

[7m1288[0m         Http2Response extends typeof Http2ServerResponse<InstanceType<Http2Request>> = typeof Http2ServerResponse,
[7m    [0m [91m                                                                      ~~~~~~~~~~~~[0m
[96mnode_modules/@types/node/http2.d.ts[0m:[93m1288[0m:[93m86[0m - [91merror[0m[90m TS1109: [0mExpression expected.

[7m1288[0m         Http2Response extends typeof Http2ServerResponse<InstanceType<Http2Request>> = typeof Http2ServerResponse,
[7m    [0m [91m                                                                                     ~[0m
[96mnode_modules/@types/node/http2.d.ts[0m:[93m1288[0m:[93m88[0m - [91merror[0m[90m TS2695: [0mLeft side of comma operator is unused and has no side effects.

[7m1288[0m         Http2Response extends typeof Http2ServerResponse<InstanceType<Http2Request>> = typeof Http2ServerResponse,
[7m    [0m [91m                                                                                       ~~~~~~~~~~~~~~~~~~~~~~~~~~[0m
[96mnode_modules/@types/node/http2.d.ts[0m:[93m1289[0m:[93m5[0m - [91merror[0m[90m TS1109: [0mExpression expected.

[7m1289[0m     > extends net.Server, HTTP2ServerCommon {
[7m    [0m [91m    ~[0m
[96mnode_modules/@types/node/http2.d.ts[0m:[93m1289[0m:[93m7[0m - [91merror[0m[90m TS1109: [0mExpression expected.

[7m1289[0m     > extends net.Server, HTTP2ServerCommon {
[7m    [0m [91m      ~~~~~~~[0m
[96mnode_modules/@types/node/http2.d.ts[0m:[93m1289[0m:[93m27[0m - [91merror[0m[90m TS2693: [0m'HTTP2ServerCommon' only refers to a type, but is being used as a value here.

[7m1289[0m     > extends net.Server, HTTP2ServerCommon {
[7m    [0m [91m                          ~~~~~~~~~~~~~~~~~[0m
[96mnode_modules/@types/node/http2.d.ts[0m:[93m1289[0m:[93m45[0m - [91merror[0m[90m TS1005: [0m';' expected.

[7m1289[0m     > extends net.Server, HTTP2ServerCommon {
[7m    [0m [91m                                            ~[0m
[96mnode_modules/@types/node/http2.d.ts[0m:[93m1290[0m:[93m9[0m - [91merror[0m[90m TS2304: [0mCannot find name 'addListener'.

[7m1290[0m         addListener(
[7m    [0m [91m        ~~~~~~~~~~~[0m
[96mnode_modules/@types/node/http2.d.ts[0m:[93m1291[0m:[93m18[0m - [91merror[0m[90m TS1005: [0m',' expected.

[7m1291[0m             event: "checkContinue",
[7m    [0m [91m                 ~[0m
[96mnode_modules/@types/node/http2.d.ts[0m:[93m1292[0m:[93m13[0m - [91merror[0m[90m TS2304: [0mCannot find name 'listener'.

[7m1292[0m             listener: (request: InstanceType<Http2Request>, response: InstanceType<Http2Response>) => void,
[7m    [0m [91m            ~~~~~~~~[0m
[96mnode_modules/@types/node/http2.d.ts[0m:[93m1292[0m:[93m21[0m - [91merror[0m[90m TS1005: [0m',' expected.

[7m1292[0m             listener: (request: InstanceType<Http2Request>, response: InstanceType<Http2Response>) => void,
[7m    [0m [91m                    ~[0m
[96mnode_modules/@types/node/http2.d.ts[0m:[93m1292[0m:[93m46[0m - [91merror[0m[90m TS2304: [0mCannot find name 'Http2Request'.

[7m1292[0m             listener: (request: InstanceType<Http2Request>, response: InstanceType<Http2Response>) => void,
[7m    [0m [91m                                             ~~~~~~~~~~~~[0m
[96mnode_modules/@types/node/http2.d.ts[0m:[93m1292[0m:[93m84[0m - [91merror[0m[90m TS2304: [0mCannot find name 'Http2Response'.

[7m1292[0m             listener: (request: InstanceType<Http2Request>, response: InstanceType<Http2Response>) => void,
[7m    [0m [91m                                                                                   ~~~~~~~~~~~~~[0m
[96mnode_modules/@types/node/http2.d.ts[0m:[93m1292[0m:[93m107[0m - [91merror[0m[90m TS1109: [0mExpression expected.

[7m1292[0m             listener: (request: InstanceType<Http2Request>, response: InstanceType<Http2Response>) => void,
[7m    [0m [91m                                                                                                          ~[0m
[96mnode_modules/@types/node/http2.d.ts[0m:[93m1293[0m:[93m10[0m - [91merror[0m[90m TS1005: [0m';' expected.

[7m1293[0m         ): this;
[7m    [0m [91m         ~[0m
[96mnode_modules/@types/node/http2.d.ts[0m:[93m1293[0m:[93m12[0m - [91merror[0m[90m TS2331: [0m'this' cannot be referenced in a module or namespace body.

[7m1293[0m         ): this;
[7m    [0m [91m           ~~~~[0m
[96mnode_modules/@types/node/http2.d.ts[0m:[93m1294[0m:[93m9[0m - [91merror[0m[90m TS2304: [0mCannot find name 'addListener'.

[7m1294[0m         addListener(
[7m    [0m [91m        ~~~~~~~~~~~[0m
[96mnode_modules/@types/node/http2.d.ts[0m:[93m1295[0m:[93m18[0m - [91merror[0m[90m TS1005: [0m',' expected.

[7m1295[0m             event: "request",
[7m    [0m [91m                 ~[0m
[96mnode_modules/@types/node/http2.d.ts[0m:[93m1296[0m:[93m13[0m - [91merror[0m[90m TS2304: [0mCannot find name 'listener'.

[7m1296[0m             listener: (request: InstanceType<Http2Request>, response: InstanceType<Http2Response>) => void,
[7m    [0m [91m            ~~~~~~~~[0m
[96mnode_modules/@types/node/http2.d.ts[0m:[93m1296[0m:[93m21[0m - [91merror[0m[90m TS1005: [0m',' expected.

[7m1296[0m             listener: (request: InstanceType<Http2Request>, response: InstanceType<Http2Response>) => void,
[7m    [0m [91m                    ~[0m
[96mnode_modules/@types/node/http2.d.ts[0m:[93m1296[0m:[93m46[0m - [91merror[0m[90m TS2304: [0mCannot find name 'Http2Request'.

[7m1296[0m             listener: (request: InstanceType<Http2Request>, response: InstanceType<Http2Response>) => void,
[7m    [0m [91m                                             ~~~~~~~~~~~~[0m
[96mnode_modules/@types/node/http2.d.ts[0m:[93m1296[0m:[93m84[0m - [91merror[0m[90m TS2304: [0mCannot find name 'Http2Response'.

[7m1296[0m             listener: (request: InstanceType<Http2Request>, response: InstanceType<Http2Response>) => void,
[7m    [0m [91m                                                                                   ~~~~~~~~~~~~~[0m
[96mnode_modules/@types/node/http2.d.ts[0m:[93m1296[0m:[93m107[0m - [91merror[0m[90m TS1109: [0mExpression expected.

[7m1296[0m             listener: (request: InstanceType<Http2Request>, response: InstanceType<Http2Response>) => void,
[7m    [0m [91m                                                                                                          ~[0m
[96mnode_modules/@types/node/http2.d.ts[0m:[93m1297[0m:[93m10[0m - [91merror[0m[90m TS1005: [0m';' expected.

[7m1297[0m         ): this;
[7m    [0m [91m         ~[0m
[96mnode_modules/@types/node/http2.d.ts[0m:[93m1297[0m:[93m12[0m - [91merror[0m[90m TS2331: [0m'this' cannot be referenced in a module or namespace body.

[7m1297[0m         ): this;
[7m    [0m [91m           ~~~~[0m
[96mnode_modules/@types/node/http2.d.ts[0m:[93m1298[0m:[93m9[0m - [91merror[0m[90m TS2304: [0mCannot find name 'addListener'.

[7m1298[0m         addListener(
[7m    [0m [91m        ~~~~~~~~~~~[0m
[96mnode_modules/@types/node/http2.d.ts[0m:[93m1299[0m:[93m18[0m - [91merror[0m[90m TS1005: [0m',' expected.

[7m1299[0m             event: "session",
[7m    [0m [91m                 ~[0m
[96mnode_modules/@types/node/http2.d.ts[0m:[93m1300[0m:[93m13[0m - [91merror[0m[90m TS2304: [0mCannot find name 'listener'.

[7m1300[0m             listener: (session: ServerHttp2Session<Http1Request, Http1Response, Http2Request, Http2Response>) => void,
[7m    [0m [91m            ~~~~~~~~[0m
[96mnode_modules/@types/node/http2.d.ts[0m:[93m1300[0m:[93m21[0m - [91merror[0m[90m TS1005: [0m',' expected.

[7m1300[0m             listener: (session: ServerHttp2Session<Http1Request, Http1Response, Http2Request, Http2Response>) => void,
[7m    [0m [91m                    ~[0m
[96mnode_modules/@types/node/http2.d.ts[0m:[93m1300[0m:[93m33[0m - [91merror[0m[90m TS2314: [0mGeneric type 'ServerHttp2Session<Http1Request, Http1Response>' requires 2 type argument(s).

[7m1300[0m             listener: (session: ServerHttp2Session<Http1Request, Http1Response, Http2Request, Http2Response>) => void,
[7m    [0m [91m                                ~~~~~~~~~~~~~~~~~~~~~~~~~~~~~~~~~~~~~~~~~~~~~~~~~~~~~~~~~~~~~~~~~~~~~~~~~~~~[0m
[96mnode_modules/@types/node/http2.d.ts[0m:[93m1300[0m:[93m52[0m - [91merror[0m[90m TS2304: [0mCannot find name 'Http1Request'.

[7m1300[0m             listener: (session: ServerHttp2Session<Http1Request, Http1Response, Http2Request, Http2Response>) => void,
[7m    [0m [91m                                                   ~~~~~~~~~~~~[0m
[96mnode_modules/@types/node/http2.d.ts[0m:[93m1300[0m:[93m66[0m - [91merror[0m[90m TS2304: [0mCannot find name 'Http1Response'.

[7m1300[0m             listener: (session: ServerHttp2Session<Http1Request, Http1Response, Http2Request, Http2Response>) => void,
[7m    [0m [91m                                                                 ~~~~~~~~~~~~~[0m
[96mnode_modules/@types/node/http2.d.ts[0m:[93m1300[0m:[93m81[0m - [91merror[0m[90m TS2304: [0mCannot find name 'Http2Request'.

[7m1300[0m             listener: (session: ServerHttp2Session<Http1Request, Http1Response, Http2Request, Http2Response>) => void,
[7m    [0m [91m                                                                                ~~~~~~~~~~~~[0m
[96mnode_modules/@types/node/http2.d.ts[0m:[93m1300[0m:[93m95[0m - [91merror[0m[90m TS2304: [0mCannot find name 'Http2Response'.

[7m1300[0m             listener: (session: ServerHttp2Session<Http1Request, Http1Response, Http2Request, Http2Response>) => void,
[7m    [0m [91m                                                                                              ~~~~~~~~~~~~~[0m
[96mnode_modules/@types/node/http2.d.ts[0m:[93m1300[0m:[93m118[0m - [91merror[0m[90m TS1109: [0mExpression expected.

[7m1300[0m             listener: (session: ServerHttp2Session<Http1Request, Http1Response, Http2Request, Http2Response>) => void,
[7m    [0m [91m                                                                                                                     ~[0m
[96mnode_modules/@types/node/http2.d.ts[0m:[93m1301[0m:[93m10[0m - [91merror[0m[90m TS1005: [0m';' expected.

[7m1301[0m         ): this;
[7m    [0m [91m         ~[0m
[96mnode_modules/@types/node/http2.d.ts[0m:[93m1301[0m:[93m12[0m - [91merror[0m[90m TS2331: [0m'this' cannot be referenced in a module or namespace body.

[7m1301[0m         ): this;
[7m    [0m [91m           ~~~~[0m
[96mnode_modules/@types/node/http2.d.ts[0m:[93m1302[0m:[93m9[0m - [91merror[0m[90m TS2304: [0mCannot find name 'addListener'.

[7m1302[0m         addListener(event: "sessionError", listener: (err: Error) => void): this;
[7m    [0m [91m        ~~~~~~~~~~~[0m
[96mnode_modules/@types/node/http2.d.ts[0m:[93m1302[0m:[93m26[0m - [91merror[0m[90m TS1005: [0m',' expected.

[7m1302[0m         addListener(event: "sessionError", listener: (err: Error) => void): this;
[7m    [0m [91m                         ~[0m
[96mnode_modules/@types/node/http2.d.ts[0m:[93m1302[0m:[93m44[0m - [91merror[0m[90m TS2304: [0mCannot find name 'listener'.

[7m1302[0m         addListener(event: "sessionError", listener: (err: Error) => void): this;
[7m    [0m [91m                                           ~~~~~~~~[0m
[96mnode_modules/@types/node/http2.d.ts[0m:[93m1302[0m:[93m52[0m - [91merror[0m[90m TS1005: [0m',' expected.

[7m1302[0m         addListener(event: "sessionError", listener: (err: Error) => void): this;
[7m    [0m [91m                                                   ~[0m
[96mnode_modules/@types/node/http2.d.ts[0m:[93m1302[0m:[93m74[0m - [91merror[0m[90m TS1109: [0mExpression expected.

[7m1302[0m         addListener(event: "sessionError", listener: (err: Error) => void): this;
[7m    [0m [91m                                                                         ~[0m
[96mnode_modules/@types/node/http2.d.ts[0m:[93m1302[0m:[93m75[0m - [91merror[0m[90m TS1005: [0m';' expected.

[7m1302[0m         addListener(event: "sessionError", listener: (err: Error) => void): this;
[7m    [0m [91m                                                                          ~[0m
[96mnode_modules/@types/node/http2.d.ts[0m:[93m1302[0m:[93m77[0m - [91merror[0m[90m TS2331: [0m'this' cannot be referenced in a module or namespace body.

[7m1302[0m         addListener(event: "sessionError", listener: (err: Error) => void): this;
[7m    [0m [91m                                                                            ~~~~[0m
[96mnode_modules/@types/node/http2.d.ts[0m:[93m1303[0m:[93m9[0m - [91merror[0m[90m TS2304: [0mCannot find name 'addListener'.

[7m1303[0m         addListener(
[7m    [0m [91m        ~~~~~~~~~~~[0m
[96mnode_modules/@types/node/http2.d.ts[0m:[93m1304[0m:[93m18[0m - [91merror[0m[90m TS1005: [0m',' expected.

[7m1304[0m             event: "stream",
[7m    [0m [91m                 ~[0m
[96mnode_modules/@types/node/http2.d.ts[0m:[93m1305[0m:[93m13[0m - [91merror[0m[90m TS2304: [0mCannot find name 'listener'.

[7m1305[0m             listener: (stream: ServerHttp2Stream, headers: IncomingHttpHeaders, flags: number) => void,
[7m    [0m [91m            ~~~~~~~~[0m
[96mnode_modules/@types/node/http2.d.ts[0m:[93m1305[0m:[93m21[0m - [91merror[0m[90m TS1005: [0m',' expected.

[7m1305[0m             listener: (stream: ServerHttp2Stream, headers: IncomingHttpHeaders, flags: number) => void,
[7m    [0m [91m                    ~[0m
[96mnode_modules/@types/node/http2.d.ts[0m:[93m1305[0m:[93m103[0m - [91merror[0m[90m TS1109: [0mExpression expected.

[7m1305[0m             listener: (stream: ServerHttp2Stream, headers: IncomingHttpHeaders, flags: number) => void,
[7m    [0m [91m                                                                                                      ~[0m
[96mnode_modules/@types/node/http2.d.ts[0m:[93m1306[0m:[93m10[0m - [91merror[0m[90m TS1005: [0m';' expected.

[7m1306[0m         ): this;
[7m    [0m [91m         ~[0m
[96mnode_modules/@types/node/http2.d.ts[0m:[93m1306[0m:[93m12[0m - [91merror[0m[90m TS2331: [0m'this' cannot be referenced in a module or namespace body.

[7m1306[0m         ): this;
[7m    [0m [91m           ~~~~[0m
[96mnode_modules/@types/node/http2.d.ts[0m:[93m1307[0m:[93m9[0m - [91merror[0m[90m TS2304: [0mCannot find name 'addListener'.

[7m1307[0m         addListener(event: "timeout", listener: () => void): this;
[7m    [0m [91m        ~~~~~~~~~~~[0m
[96mnode_modules/@types/node/http2.d.ts[0m:[93m1307[0m:[93m26[0m - [91merror[0m[90m TS1005: [0m',' expected.

[7m1307[0m         addListener(event: "timeout", listener: () => void): this;
[7m    [0m [91m                         ~[0m
[96mnode_modules/@types/node/http2.d.ts[0m:[93m1307[0m:[93m39[0m - [91merror[0m[90m TS2304: [0mCannot find name 'listener'.

[7m1307[0m         addListener(event: "timeout", listener: () => void): this;
[7m    [0m [91m                                      ~~~~~~~~[0m
[96mnode_modules/@types/node/http2.d.ts[0m:[93m1307[0m:[93m47[0m - [91merror[0m[90m TS1005: [0m',' expected.

[7m1307[0m         addListener(event: "timeout", listener: () => void): this;
[7m    [0m [91m                                              ~[0m
[96mnode_modules/@types/node/http2.d.ts[0m:[93m1307[0m:[93m59[0m - [91merror[0m[90m TS1109: [0mExpression expected.

[7m1307[0m         addListener(event: "timeout", listener: () => void): this;
[7m    [0m [91m                                                          ~[0m
[96mnode_modules/@types/node/http2.d.ts[0m:[93m1307[0m:[93m60[0m - [91merror[0m[90m TS1005: [0m';' expected.

[7m1307[0m         addListener(event: "timeout", listener: () => void): this;
[7m    [0m [91m                                                           ~[0m
[96mnode_modules/@types/node/http2.d.ts[0m:[93m1307[0m:[93m62[0m - [91merror[0m[90m TS2331: [0m'this' cannot be referenced in a module or namespace body.

[7m1307[0m         addListener(event: "timeout", listener: () => void): this;
[7m    [0m [91m                                                             ~~~~[0m
[96mnode_modules/@types/node/http2.d.ts[0m:[93m1308[0m:[93m9[0m - [91merror[0m[90m TS2304: [0mCannot find name 'addListener'.

[7m1308[0m         addListener(event: string | symbol, listener: (...args: any[]) => void): this;
[7m    [0m [91m        ~~~~~~~~~~~[0m
[96mnode_modules/@types/node/http2.d.ts[0m:[93m1308[0m:[93m26[0m - [91merror[0m[90m TS1005: [0m',' expected.

[7m1308[0m         addListener(event: string | symbol, listener: (...args: any[]) => void): this;
[7m    [0m [91m                         ~[0m
[96mnode_modules/@types/node/http2.d.ts[0m:[93m1308[0m:[93m28[0m - [91merror[0m[90m TS2693: [0m'string' only refers to a type, but is being used as a value here.

[7m1308[0m         addListener(event: string | symbol, listener: (...args: any[]) => void): this;
[7m    [0m [91m                           ~~~~~~[0m
[96mnode_modules/@types/node/http2.d.ts[0m:[93m1308[0m:[93m37[0m - [91merror[0m[90m TS2304: [0mCannot find name 'symbol'.

[7m1308[0m         addListener(event: string | symbol, listener: (...args: any[]) => void): this;
[7m    [0m [91m                                    ~~~~~~[0m
[96mnode_modules/@types/node/http2.d.ts[0m:[93m1308[0m:[93m45[0m - [91merror[0m[90m TS2304: [0mCannot find name 'listener'.

[7m1308[0m         addListener(event: string | symbol, listener: (...args: any[]) => void): this;
[7m    [0m [91m                                            ~~~~~~~~[0m
[96mnode_modules/@types/node/http2.d.ts[0m:[93m1308[0m:[93m53[0m - [91merror[0m[90m TS1005: [0m',' expected.

[7m1308[0m         addListener(event: string | symbol, listener: (...args: any[]) => void): this;
[7m    [0m [91m                                                    ~[0m
[96mnode_modules/@types/node/http2.d.ts[0m:[93m1308[0m:[93m79[0m - [91merror[0m[90m TS1109: [0mExpression expected.

[7m1308[0m         addListener(event: string | symbol, listener: (...args: any[]) => void): this;
[7m    [0m [91m                                                                              ~[0m
[96mnode_modules/@types/node/http2.d.ts[0m:[93m1308[0m:[93m80[0m - [91merror[0m[90m TS1005: [0m';' expected.

[7m1308[0m         addListener(event: string | symbol, listener: (...args: any[]) => void): this;
[7m    [0m [91m                                                                               ~[0m
[96mnode_modules/@types/node/http2.d.ts[0m:[93m1308[0m:[93m82[0m - [91merror[0m[90m TS2331: [0m'this' cannot be referenced in a module or namespace body.

[7m1308[0m         addListener(event: string | symbol, listener: (...args: any[]) => void): this;
[7m    [0m [91m                                                                                 ~~~~[0m
[96mnode_modules/@types/node/http2.d.ts[0m:[93m1309[0m:[93m9[0m - [91merror[0m[90m TS2304: [0mCannot find name 'emit'.

[7m1309[0m         emit(
[7m    [0m [91m        ~~~~[0m
[96mnode_modules/@types/node/http2.d.ts[0m:[93m1310[0m:[93m18[0m - [91merror[0m[90m TS1005: [0m',' expected.

[7m1310[0m             event: "checkContinue",
[7m    [0m [91m                 ~[0m
[96mnode_modules/@types/node/http2.d.ts[0m:[93m1311[0m:[93m13[0m - [91merror[0m[90m TS2304: [0mCannot find name 'request'.

[7m1311[0m             request: InstanceType<Http2Request>,
[7m    [0m [91m            ~~~~~~~[0m
[96mnode_modules/@types/node/http2.d.ts[0m:[93m1311[0m:[93m20[0m - [91merror[0m[90m TS1005: [0m',' expected.

[7m1311[0m             request: InstanceType<Http2Request>,
[7m    [0m [91m                   ~[0m
[96mnode_modules/@types/node/http2.d.ts[0m:[93m1311[0m:[93m22[0m - [91merror[0m[90m TS2693: [0m'InstanceType' only refers to a type, but is being used as a value here.

[7m1311[0m             request: InstanceType<Http2Request>,
[7m    [0m [91m                     ~~~~~~~~~~~~[0m
[96mnode_modules/@types/node/http2.d.ts[0m:[93m1311[0m:[93m35[0m - [91merror[0m[90m TS2304: [0mCannot find name 'Http2Request'.

[7m1311[0m             request: InstanceType<Http2Request>,
[7m    [0m [91m                                  ~~~~~~~~~~~~[0m
[96mnode_modules/@types/node/http2.d.ts[0m:[93m1311[0m:[93m48[0m - [91merror[0m[90m TS1109: [0mExpression expected.

[7m1311[0m             request: InstanceType<Http2Request>,
[7m    [0m [91m                                               ~[0m
[96mnode_modules/@types/node/http2.d.ts[0m:[93m1312[0m:[93m13[0m - [91merror[0m[90m TS2304: [0mCannot find name 'response'.

[7m1312[0m             response: InstanceType<Http2Response>,
[7m    [0m [91m            ~~~~~~~~[0m
[96mnode_modules/@types/node/http2.d.ts[0m:[93m1312[0m:[93m21[0m - [91merror[0m[90m TS1005: [0m',' expected.

[7m1312[0m             response: InstanceType<Http2Response>,
[7m    [0m [91m                    ~[0m
[96mnode_modules/@types/node/http2.d.ts[0m:[93m1312[0m:[93m23[0m - [91merror[0m[90m TS2693: [0m'InstanceType' only refers to a type, but is being used as a value here.

[7m1312[0m             response: InstanceType<Http2Response>,
[7m    [0m [91m                      ~~~~~~~~~~~~[0m
[96mnode_modules/@types/node/http2.d.ts[0m:[93m1312[0m:[93m36[0m - [91merror[0m[90m TS2304: [0mCannot find name 'Http2Response'.

[7m1312[0m             response: InstanceType<Http2Response>,
[7m    [0m [91m                                   ~~~~~~~~~~~~~[0m
[96mnode_modules/@types/node/http2.d.ts[0m:[93m1312[0m:[93m50[0m - [91merror[0m[90m TS1109: [0mExpression expected.

[7m1312[0m             response: InstanceType<Http2Response>,
[7m    [0m [91m                                                 ~[0m
[96mnode_modules/@types/node/http2.d.ts[0m:[93m1313[0m:[93m10[0m - [91merror[0m[90m TS1005: [0m';' expected.

[7m1313[0m         ): boolean;
[7m    [0m [91m         ~[0m
[96mnode_modules/@types/node/http2.d.ts[0m:[93m1313[0m:[93m12[0m - [91merror[0m[90m TS2693: [0m'boolean' only refers to a type, but is being used as a value here.

[7m1313[0m         ): boolean;
[7m    [0m [91m           ~~~~~~~[0m
[96mnode_modules/@types/node/http2.d.ts[0m:[93m1314[0m:[93m9[0m - [91merror[0m[90m TS2304: [0mCannot find name 'emit'.

[7m1314[0m         emit(event: "request", request: InstanceType<Http2Request>, response: InstanceType<Http2Response>): boolean;
[7m    [0m [91m        ~~~~[0m
[96mnode_modules/@types/node/http2.d.ts[0m:[93m1314[0m:[93m19[0m - [91merror[0m[90m TS1005: [0m',' expected.

[7m1314[0m         emit(event: "request", request: InstanceType<Http2Request>, response: InstanceType<Http2Response>): boolean;
[7m    [0m [91m                  ~[0m
[96mnode_modules/@types/node/http2.d.ts[0m:[93m1314[0m:[93m32[0m - [91merror[0m[90m TS2304: [0mCannot find name 'request'.

[7m1314[0m         emit(event: "request", request: InstanceType<Http2Request>, response: InstanceType<Http2Response>): boolean;
[7m    [0m [91m                               ~~~~~~~[0m
[96mnode_modules/@types/node/http2.d.ts[0m:[93m1314[0m:[93m39[0m - [91merror[0m[90m TS1005: [0m',' expected.

[7m1314[0m         emit(event: "request", request: InstanceType<Http2Request>, response: InstanceType<Http2Response>): boolean;
[7m    [0m [91m                                      ~[0m
[96mnode_modules/@types/node/http2.d.ts[0m:[93m1314[0m:[93m41[0m - [91merror[0m[90m TS2693: [0m'InstanceType' only refers to a type, but is being used as a value here.

[7m1314[0m         emit(event: "request", request: InstanceType<Http2Request>, response: InstanceType<Http2Response>): boolean;
[7m    [0m [91m                                        ~~~~~~~~~~~~[0m
[96mnode_modules/@types/node/http2.d.ts[0m:[93m1314[0m:[93m54[0m - [91merror[0m[90m TS2304: [0mCannot find name 'Http2Request'.

[7m1314[0m         emit(event: "request", request: InstanceType<Http2Request>, response: InstanceType<Http2Response>): boolean;
[7m    [0m [91m                                                     ~~~~~~~~~~~~[0m
[96mnode_modules/@types/node/http2.d.ts[0m:[93m1314[0m:[93m67[0m - [91merror[0m[90m TS1109: [0mExpression expected.

[7m1314[0m         emit(event: "request", request: InstanceType<Http2Request>, response: InstanceType<Http2Response>): boolean;
[7m    [0m [91m                                                                  ~[0m
[96mnode_modules/@types/node/http2.d.ts[0m:[93m1314[0m:[93m69[0m - [91merror[0m[90m TS2304: [0mCannot find name 'response'.

[7m1314[0m         emit(event: "request", request: InstanceType<Http2Request>, response: InstanceType<Http2Response>): boolean;
[7m    [0m [91m                                                                    ~~~~~~~~[0m
[96mnode_modules/@types/node/http2.d.ts[0m:[93m1314[0m:[93m77[0m - [91merror[0m[90m TS1005: [0m',' expected.

[7m1314[0m         emit(event: "request", request: InstanceType<Http2Request>, response: InstanceType<Http2Response>): boolean;
[7m    [0m [91m                                                                            ~[0m
[96mnode_modules/@types/node/http2.d.ts[0m:[93m1314[0m:[93m79[0m - [91merror[0m[90m TS2693: [0m'InstanceType' only refers to a type, but is being used as a value here.

[7m1314[0m         emit(event: "request", request: InstanceType<Http2Request>, response: InstanceType<Http2Response>): boolean;
[7m    [0m [91m                                                                              ~~~~~~~~~~~~[0m
[96mnode_modules/@types/node/http2.d.ts[0m:[93m1314[0m:[93m92[0m - [91merror[0m[90m TS2304: [0mCannot find name 'Http2Response'.

[7m1314[0m         emit(event: "request", request: InstanceType<Http2Request>, response: InstanceType<Http2Response>): boolean;
[7m    [0m [91m                                                                                           ~~~~~~~~~~~~~[0m
[96mnode_modules/@types/node/http2.d.ts[0m:[93m1314[0m:[93m106[0m - [91merror[0m[90m TS1005: [0m'(' expected.

[7m1314[0m         emit(event: "request", request: InstanceType<Http2Request>, response: InstanceType<Http2Response>): boolean;
[7m    [0m [91m                                                                                                         ~[0m
[96mnode_modules/@types/node/http2.d.ts[0m:[93m1314[0m:[93m107[0m - [91merror[0m[90m TS1005: [0m',' expected.

[7m1314[0m         emit(event: "request", request: InstanceType<Http2Request>, response: InstanceType<Http2Response>): boolean;
[7m    [0m [91m                                                                                                          ~[0m
[96mnode_modules/@types/node/http2.d.ts[0m:[93m1314[0m:[93m109[0m - [91merror[0m[90m TS2693: [0m'boolean' only refers to a type, but is being used as a value here.

[7m1314[0m         emit(event: "request", request: InstanceType<Http2Request>, response: InstanceType<Http2Response>): boolean;
[7m    [0m [91m                                                                                                            ~~~~~~~[0m
[96mnode_modules/@types/node/http2.d.ts[0m:[93m1314[0m:[93m116[0m - [91merror[0m[90m TS1005: [0m')' expected.

[7m1314[0m         emit(event: "request", request: InstanceType<Http2Request>, response: InstanceType<Http2Response>): boolean;
[7m    [0m [91m                                                                                                                   ~[0m
[96mnode_modules/@types/node/http2.d.ts[0m:[93m1315[0m:[93m9[0m - [91merror[0m[90m TS2304: [0mCannot find name 'emit'.

[7m1315[0m         emit(
[7m    [0m [91m        ~~~~[0m
[96mnode_modules/@types/node/http2.d.ts[0m:[93m1316[0m:[93m18[0m - [91merror[0m[90m TS1005: [0m',' expected.

[7m1316[0m             event: "session",
[7m    [0m [91m                 ~[0m
[96mnode_modules/@types/node/http2.d.ts[0m:[93m1317[0m:[93m13[0m - [91merror[0m[90m TS2304: [0mCannot find name 'session'.

[7m1317[0m             session: ServerHttp2Session<Http1Request, Http1Response, Http2Request, Http2Response>,
[7m    [0m [91m            ~~~~~~~[0m
[96mnode_modules/@types/node/http2.d.ts[0m:[93m1317[0m:[93m20[0m - [91merror[0m[90m TS1005: [0m',' expected.

[7m1317[0m             session: ServerHttp2Session<Http1Request, Http1Response, Http2Request, Http2Response>,
[7m    [0m [91m                   ~[0m
[96mnode_modules/@types/node/http2.d.ts[0m:[93m1317[0m:[93m22[0m - [91merror[0m[90m TS2693: [0m'ServerHttp2Session' only refers to a type, but is being used as a value here.

[7m1317[0m             session: ServerHttp2Session<Http1Request, Http1Response, Http2Request, Http2Response>,
[7m    [0m [91m                     ~~~~~~~~~~~~~~~~~~[0m
[96mnode_modules/@types/node/http2.d.ts[0m:[93m1317[0m:[93m41[0m - [91merror[0m[90m TS2304: [0mCannot find name 'Http1Request'.

[7m1317[0m             session: ServerHttp2Session<Http1Request, Http1Response, Http2Request, Http2Response>,
[7m    [0m [91m                                        ~~~~~~~~~~~~[0m
[96mnode_modules/@types/node/http2.d.ts[0m:[93m1317[0m:[93m55[0m - [91merror[0m[90m TS2304: [0mCannot find name 'Http1Response'.

[7m1317[0m             session: ServerHttp2Session<Http1Request, Http1Response, Http2Request, Http2Response>,
[7m    [0m [91m                                                      ~~~~~~~~~~~~~[0m
[96mnode_modules/@types/node/http2.d.ts[0m:[93m1317[0m:[93m70[0m - [91merror[0m[90m TS2304: [0mCannot find name 'Http2Request'.

[7m1317[0m             session: ServerHttp2Session<Http1Request, Http1Response, Http2Request, Http2Response>,
[7m    [0m [91m                                                                     ~~~~~~~~~~~~[0m
[96mnode_modules/@types/node/http2.d.ts[0m:[93m1317[0m:[93m84[0m - [91merror[0m[90m TS2304: [0mCannot find name 'Http2Response'.

[7m1317[0m             session: ServerHttp2Session<Http1Request, Http1Response, Http2Request, Http2Response>,
[7m    [0m [91m                                                                                   ~~~~~~~~~~~~~[0m
[96mnode_modules/@types/node/http2.d.ts[0m:[93m1317[0m:[93m98[0m - [91merror[0m[90m TS1109: [0mExpression expected.

[7m1317[0m             session: ServerHttp2Session<Http1Request, Http1Response, Http2Request, Http2Response>,
[7m    [0m [91m                                                                                                 ~[0m
[96mnode_modules/@types/node/http2.d.ts[0m:[93m1318[0m:[93m10[0m - [91merror[0m[90m TS1005: [0m';' expected.

[7m1318[0m         ): boolean;
[7m    [0m [91m         ~[0m
[96mnode_modules/@types/node/http2.d.ts[0m:[93m1318[0m:[93m12[0m - [91merror[0m[90m TS2693: [0m'boolean' only refers to a type, but is being used as a value here.

[7m1318[0m         ): boolean;
[7m    [0m [91m           ~~~~~~~[0m
[96mnode_modules/@types/node/http2.d.ts[0m:[93m1319[0m:[93m9[0m - [91merror[0m[90m TS2304: [0mCannot find name 'emit'.

[7m1319[0m         emit(event: "sessionError", err: Error): boolean;
[7m    [0m [91m        ~~~~[0m
[96mnode_modules/@types/node/http2.d.ts[0m:[93m1319[0m:[93m19[0m - [91merror[0m[90m TS1005: [0m',' expected.

[7m1319[0m         emit(event: "sessionError", err: Error): boolean;
[7m    [0m [91m                  ~[0m
[96mnode_modules/@types/node/http2.d.ts[0m:[93m1319[0m:[93m37[0m - [91merror[0m[90m TS2304: [0mCannot find name 'err'.

[7m1319[0m         emit(event: "sessionError", err: Error): boolean;
[7m    [0m [91m                                    ~~~[0m
[96mnode_modules/@types/node/http2.d.ts[0m:[93m1319[0m:[93m40[0m - [91merror[0m[90m TS1005: [0m',' expected.

[7m1319[0m         emit(event: "sessionError", err: Error): boolean;
[7m    [0m [91m                                       ~[0m
[96mnode_modules/@types/node/http2.d.ts[0m:[93m1319[0m:[93m48[0m - [91merror[0m[90m TS1005: [0m';' expected.

[7m1319[0m         emit(event: "sessionError", err: Error): boolean;
[7m    [0m [91m                                               ~[0m
[96mnode_modules/@types/node/http2.d.ts[0m:[93m1319[0m:[93m50[0m - [91merror[0m[90m TS2693: [0m'boolean' only refers to a type, but is being used as a value here.

[7m1319[0m         emit(event: "sessionError", err: Error): boolean;
[7m    [0m [91m                                                 ~~~~~~~[0m
[96mnode_modules/@types/node/http2.d.ts[0m:[93m1320[0m:[93m9[0m - [91merror[0m[90m TS2304: [0mCannot find name 'emit'.

[7m1320[0m         emit(event: "stream", stream: ServerHttp2Stream, headers: IncomingHttpHeaders, flags: number): boolean;
[7m    [0m [91m        ~~~~[0m
[96mnode_modules/@types/node/http2.d.ts[0m:[93m1320[0m:[93m19[0m - [91merror[0m[90m TS1005: [0m',' expected.

[7m1320[0m         emit(event: "stream", stream: ServerHttp2Stream, headers: IncomingHttpHeaders, flags: number): boolean;
[7m    [0m [91m                  ~[0m
[96mnode_modules/@types/node/http2.d.ts[0m:[93m1320[0m:[93m37[0m - [91merror[0m[90m TS1005: [0m',' expected.

[7m1320[0m         emit(event: "stream", stream: ServerHttp2Stream, headers: IncomingHttpHeaders, flags: number): boolean;
[7m    [0m [91m                                    ~[0m
[96mnode_modules/@types/node/http2.d.ts[0m:[93m1320[0m:[93m39[0m - [91merror[0m[90m TS2693: [0m'ServerHttp2Stream' only refers to a type, but is being used as a value here.

[7m1320[0m         emit(event: "stream", stream: ServerHttp2Stream, headers: IncomingHttpHeaders, flags: number): boolean;
[7m    [0m [91m                                      ~~~~~~~~~~~~~~~~~[0m
[96mnode_modules/@types/node/http2.d.ts[0m:[93m1320[0m:[93m58[0m - [91merror[0m[90m TS2304: [0mCannot find name 'headers'.

[7m1320[0m         emit(event: "stream", stream: ServerHttp2Stream, headers: IncomingHttpHeaders, flags: number): boolean;
[7m    [0m [91m                                                         ~~~~~~~[0m
[96mnode_modules/@types/node/http2.d.ts[0m:[93m1320[0m:[93m65[0m - [91merror[0m[90m TS1005: [0m',' expected.

[7m1320[0m         emit(event: "stream", stream: ServerHttp2Stream, headers: IncomingHttpHeaders, flags: number): boolean;
[7m    [0m [91m                                                                ~[0m
[96mnode_modules/@types/node/http2.d.ts[0m:[93m1320[0m:[93m67[0m - [91merror[0m[90m TS2693: [0m'IncomingHttpHeaders' only refers to a type, but is being used as a value here.

[7m1320[0m         emit(event: "stream", stream: ServerHttp2Stream, headers: IncomingHttpHeaders, flags: number): boolean;
[7m    [0m [91m                                                                  ~~~~~~~~~~~~~~~~~~~[0m
[96mnode_modules/@types/node/http2.d.ts[0m:[93m1320[0m:[93m88[0m - [91merror[0m[90m TS2304: [0mCannot find name 'flags'.

[7m1320[0m         emit(event: "stream", stream: ServerHttp2Stream, headers: IncomingHttpHeaders, flags: number): boolean;
[7m    [0m [91m                                                                                       ~~~~~[0m
[96mnode_modules/@types/node/http2.d.ts[0m:[93m1320[0m:[93m93[0m - [91merror[0m[90m TS1005: [0m',' expected.

[7m1320[0m         emit(event: "stream", stream: ServerHttp2Stream, headers: IncomingHttpHeaders, flags: number): boolean;
[7m    [0m [91m                                                                                            ~[0m
[96mnode_modules/@types/node/http2.d.ts[0m:[93m1320[0m:[93m95[0m - [91merror[0m[90m TS2693: [0m'number' only refers to a type, but is being used as a value here.

[7m1320[0m         emit(event: "stream", stream: ServerHttp2Stream, headers: IncomingHttpHeaders, flags: number): boolean;
[7m    [0m [91m                                                                                              ~~~~~~[0m
[96mnode_modules/@types/node/http2.d.ts[0m:[93m1320[0m:[93m102[0m - [91merror[0m[90m TS1005: [0m';' expected.

[7m1320[0m         emit(event: "stream", stream: ServerHttp2Stream, headers: IncomingHttpHeaders, flags: number): boolean;
[7m    [0m [91m                                                                                                     ~[0m
[96mnode_modules/@types/node/http2.d.ts[0m:[93m1320[0m:[93m104[0m - [91merror[0m[90m TS2693: [0m'boolean' only refers to a type, but is being used as a value here.

[7m1320[0m         emit(event: "stream", stream: ServerHttp2Stream, headers: IncomingHttpHeaders, flags: number): boolean;
[7m    [0m [91m                                                                                                       ~~~~~~~[0m
[96mnode_modules/@types/node/http2.d.ts[0m:[93m1321[0m:[93m9[0m - [91merror[0m[90m TS2304: [0mCannot find name 'emit'.

[7m1321[0m         emit(event: "timeout"): boolean;
[7m    [0m [91m        ~~~~[0m
[96mnode_modules/@types/node/http2.d.ts[0m:[93m1321[0m:[93m19[0m - [91merror[0m[90m TS1005: [0m',' expected.

[7m1321[0m         emit(event: "timeout"): boolean;
[7m    [0m [91m                  ~[0m
[96mnode_modules/@types/node/http2.d.ts[0m:[93m1321[0m:[93m31[0m - [91merror[0m[90m TS1005: [0m';' expected.

[7m1321[0m         emit(event: "timeout"): boolean;
[7m    [0m [91m                              ~[0m
[96mnode_modules/@types/node/http2.d.ts[0m:[93m1321[0m:[93m33[0m - [91merror[0m[90m TS2693: [0m'boolean' only refers to a type, but is being used as a value here.

[7m1321[0m         emit(event: "timeout"): boolean;
[7m    [0m [91m                                ~~~~~~~[0m
[96mnode_modules/@types/node/http2.d.ts[0m:[93m1322[0m:[93m9[0m - [91merror[0m[90m TS2304: [0mCannot find name 'emit'.

[7m1322[0m         emit(event: string | symbol, ...args: any[]): boolean;
[7m    [0m [91m        ~~~~[0m
[96mnode_modules/@types/node/http2.d.ts[0m:[93m1322[0m:[93m19[0m - [91merror[0m[90m TS1005: [0m',' expected.

[7m1322[0m         emit(event: string | symbol, ...args: any[]): boolean;
[7m    [0m [91m                  ~[0m
[96mnode_modules/@types/node/http2.d.ts[0m:[93m1322[0m:[93m21[0m - [91merror[0m[90m TS2693: [0m'string' only refers to a type, but is being used as a value here.

[7m1322[0m         emit(event: string | symbol, ...args: any[]): boolean;
[7m    [0m [91m                    ~~~~~~[0m
[96mnode_modules/@types/node/http2.d.ts[0m:[93m1322[0m:[93m30[0m - [91merror[0m[90m TS2304: [0mCannot find name 'symbol'.

[7m1322[0m         emit(event: string | symbol, ...args: any[]): boolean;
[7m    [0m [91m                             ~~~~~~[0m
[96mnode_modules/@types/node/http2.d.ts[0m:[93m1322[0m:[93m41[0m - [91merror[0m[90m TS2304: [0mCannot find name 'args'.

[7m1322[0m         emit(event: string | symbol, ...args: any[]): boolean;
[7m    [0m [91m                                        ~~~~[0m
[96mnode_modules/@types/node/http2.d.ts[0m:[93m1322[0m:[93m45[0m - [91merror[0m[90m TS1005: [0m',' expected.

[7m1322[0m         emit(event: string | symbol, ...args: any[]): boolean;
[7m    [0m [91m                                            ~[0m
[96mnode_modules/@types/node/http2.d.ts[0m:[93m1322[0m:[93m47[0m - [91merror[0m[90m TS2693: [0m'any' only refers to a type, but is being used as a value here.

[7m1322[0m         emit(event: string | symbol, ...args: any[]): boolean;
[7m    [0m [91m                                              ~~~[0m
[96mnode_modules/@types/node/http2.d.ts[0m:[93m1322[0m:[93m51[0m - [91merror[0m[90m TS1011: [0mAn element access expression should take an argument.

[7m1322[0m         emit(event: string | symbol, ...args: any[]): boolean;
[7m    [0m [91m                                                  [0m
[96mnode_modules/@types/node/http2.d.ts[0m:[93m1322[0m:[93m53[0m - [91merror[0m[90m TS1005: [0m';' expected.

[7m1322[0m         emit(event: string | symbol, ...args: any[]): boolean;
[7m    [0m [91m                                                    ~[0m
[96mnode_modules/@types/node/http2.d.ts[0m:[93m1322[0m:[93m55[0m - [91merror[0m[90m TS2693: [0m'boolean' only refers to a type, but is being used as a value here.

[7m1322[0m         emit(event: string | symbol, ...args: any[]): boolean;
[7m    [0m [91m                                                      ~~~~~~~[0m
[96mnode_modules/@types/node/http2.d.ts[0m:[93m1323[0m:[93m9[0m - [91merror[0m[90m TS2304: [0mCannot find name 'on'.

[7m1323[0m         on(
[7m    [0m [91m        ~~[0m
[96mnode_modules/@types/node/http2.d.ts[0m:[93m1324[0m:[93m18[0m - [91merror[0m[90m TS1005: [0m',' expected.

[7m1324[0m             event: "checkContinue",
[7m    [0m [91m                 ~[0m
[96mnode_modules/@types/node/http2.d.ts[0m:[93m1325[0m:[93m13[0m - [91merror[0m[90m TS2304: [0mCannot find name 'listener'.

[7m1325[0m             listener: (request: InstanceType<Http2Request>, response: InstanceType<Http2Response>) => void,
[7m    [0m [91m            ~~~~~~~~[0m
[96mnode_modules/@types/node/http2.d.ts[0m:[93m1325[0m:[93m21[0m - [91merror[0m[90m TS1005: [0m',' expected.

[7m1325[0m             listener: (request: InstanceType<Http2Request>, response: InstanceType<Http2Response>) => void,
[7m    [0m [91m                    ~[0m
[96mnode_modules/@types/node/http2.d.ts[0m:[93m1325[0m:[93m46[0m - [91merror[0m[90m TS2304: [0mCannot find name 'Http2Request'.

[7m1325[0m             listener: (request: InstanceType<Http2Request>, response: InstanceType<Http2Response>) => void,
[7m    [0m [91m                                             ~~~~~~~~~~~~[0m
[96mnode_modules/@types/node/http2.d.ts[0m:[93m1325[0m:[93m84[0m - [91merror[0m[90m TS2304: [0mCannot find name 'Http2Response'.

[7m1325[0m             listener: (request: InstanceType<Http2Request>, response: InstanceType<Http2Response>) => void,
[7m    [0m [91m                                                                                   ~~~~~~~~~~~~~[0m
[96mnode_modules/@types/node/http2.d.ts[0m:[93m1325[0m:[93m107[0m - [91merror[0m[90m TS1109: [0mExpression expected.

[7m1325[0m             listener: (request: InstanceType<Http2Request>, response: InstanceType<Http2Response>) => void,
[7m    [0m [91m                                                                                                          ~[0m
[96mnode_modules/@types/node/http2.d.ts[0m:[93m1326[0m:[93m10[0m - [91merror[0m[90m TS1005: [0m';' expected.

[7m1326[0m         ): this;
[7m    [0m [91m         ~[0m
[96mnode_modules/@types/node/http2.d.ts[0m:[93m1326[0m:[93m12[0m - [91merror[0m[90m TS2331: [0m'this' cannot be referenced in a module or namespace body.

[7m1326[0m         ): this;
[7m    [0m [91m           ~~~~[0m
[96mnode_modules/@types/node/http2.d.ts[0m:[93m1327[0m:[93m9[0m - [91merror[0m[90m TS2304: [0mCannot find name 'on'.

[7m1327[0m         on(
[7m    [0m [91m        ~~[0m
[96mnode_modules/@types/node/http2.d.ts[0m:[93m1328[0m:[93m18[0m - [91merror[0m[90m TS1005: [0m',' expected.

[7m1328[0m             event: "request",
[7m    [0m [91m                 ~[0m
[96mnode_modules/@types/node/http2.d.ts[0m:[93m1329[0m:[93m13[0m - [91merror[0m[90m TS2304: [0mCannot find name 'listener'.

[7m1329[0m             listener: (request: InstanceType<Http2Request>, response: InstanceType<Http2Response>) => void,
[7m    [0m [91m            ~~~~~~~~[0m
[96mnode_modules/@types/node/http2.d.ts[0m:[93m1329[0m:[93m21[0m - [91merror[0m[90m TS1005: [0m',' expected.

[7m1329[0m             listener: (request: InstanceType<Http2Request>, response: InstanceType<Http2Response>) => void,
[7m    [0m [91m                    ~[0m
[96mnode_modules/@types/node/http2.d.ts[0m:[93m1329[0m:[93m46[0m - [91merror[0m[90m TS2304: [0mCannot find name 'Http2Request'.

[7m1329[0m             listener: (request: InstanceType<Http2Request>, response: InstanceType<Http2Response>) => void,
[7m    [0m [91m                                             ~~~~~~~~~~~~[0m
[96mnode_modules/@types/node/http2.d.ts[0m:[93m1329[0m:[93m84[0m - [91merror[0m[90m TS2304: [0mCannot find name 'Http2Response'.

[7m1329[0m             listener: (request: InstanceType<Http2Request>, response: InstanceType<Http2Response>) => void,
[7m    [0m [91m                                                                                   ~~~~~~~~~~~~~[0m
[96mnode_modules/@types/node/http2.d.ts[0m:[93m1329[0m:[93m107[0m - [91merror[0m[90m TS1109: [0mExpression expected.

[7m1329[0m             listener: (request: InstanceType<Http2Request>, response: InstanceType<Http2Response>) => void,
[7m    [0m [91m                                                                                                          ~[0m
[96mnode_modules/@types/node/http2.d.ts[0m:[93m1330[0m:[93m10[0m - [91merror[0m[90m TS1005: [0m';' expected.

[7m1330[0m         ): this;
[7m    [0m [91m         ~[0m
[96mnode_modules/@types/node/http2.d.ts[0m:[93m1330[0m:[93m12[0m - [91merror[0m[90m TS2331: [0m'this' cannot be referenced in a module or namespace body.

[7m1330[0m         ): this;
[7m    [0m [91m           ~~~~[0m
[96mnode_modules/@types/node/http2.d.ts[0m:[93m1331[0m:[93m9[0m - [91merror[0m[90m TS2304: [0mCannot find name 'on'.

[7m1331[0m         on(
[7m    [0m [91m        ~~[0m
[96mnode_modules/@types/node/http2.d.ts[0m:[93m1332[0m:[93m18[0m - [91merror[0m[90m TS1005: [0m',' expected.

[7m1332[0m             event: "session",
[7m    [0m [91m                 ~[0m
[96mnode_modules/@types/node/http2.d.ts[0m:[93m1333[0m:[93m13[0m - [91merror[0m[90m TS2304: [0mCannot find name 'listener'.

[7m1333[0m             listener: (session: ServerHttp2Session<Http1Request, Http1Response, Http2Request, Http2Response>) => void,
[7m    [0m [91m            ~~~~~~~~[0m
[96mnode_modules/@types/node/http2.d.ts[0m:[93m1333[0m:[93m21[0m - [91merror[0m[90m TS1005: [0m',' expected.

[7m1333[0m             listener: (session: ServerHttp2Session<Http1Request, Http1Response, Http2Request, Http2Response>) => void,
[7m    [0m [91m                    ~[0m
[96mnode_modules/@types/node/http2.d.ts[0m:[93m1333[0m:[93m33[0m - [91merror[0m[90m TS2314: [0mGeneric type 'ServerHttp2Session<Http1Request, Http1Response>' requires 2 type argument(s).

[7m1333[0m             listener: (session: ServerHttp2Session<Http1Request, Http1Response, Http2Request, Http2Response>) => void,
[7m    [0m [91m                                ~~~~~~~~~~~~~~~~~~~~~~~~~~~~~~~~~~~~~~~~~~~~~~~~~~~~~~~~~~~~~~~~~~~~~~~~~~~~[0m
[96mnode_modules/@types/node/http2.d.ts[0m:[93m1333[0m:[93m52[0m - [91merror[0m[90m TS2304: [0mCannot find name 'Http1Request'.

[7m1333[0m             listener: (session: ServerHttp2Session<Http1Request, Http1Response, Http2Request, Http2Response>) => void,
[7m    [0m [91m                                                   ~~~~~~~~~~~~[0m
[96mnode_modules/@types/node/http2.d.ts[0m:[93m1333[0m:[93m66[0m - [91merror[0m[90m TS2304: [0mCannot find name 'Http1Response'.

[7m1333[0m             listener: (session: ServerHttp2Session<Http1Request, Http1Response, Http2Request, Http2Response>) => void,
[7m    [0m [91m                                                                 ~~~~~~~~~~~~~[0m
[96mnode_modules/@types/node/http2.d.ts[0m:[93m1333[0m:[93m81[0m - [91merror[0m[90m TS2304: [0mCannot find name 'Http2Request'.

[7m1333[0m             listener: (session: ServerHttp2Session<Http1Request, Http1Response, Http2Request, Http2Response>) => void,
[7m    [0m [91m                                                                                ~~~~~~~~~~~~[0m
[96mnode_modules/@types/node/http2.d.ts[0m:[93m1333[0m:[93m95[0m - [91merror[0m[90m TS2304: [0mCannot find name 'Http2Response'.

[7m1333[0m             listener: (session: ServerHttp2Session<Http1Request, Http1Response, Http2Request, Http2Response>) => void,
[7m    [0m [91m                                                                                              ~~~~~~~~~~~~~[0m
[96mnode_modules/@types/node/http2.d.ts[0m:[93m1333[0m:[93m118[0m - [91merror[0m[90m TS1109: [0mExpression expected.

[7m1333[0m             listener: (session: ServerHttp2Session<Http1Request, Http1Response, Http2Request, Http2Response>) => void,
[7m    [0m [91m                                                                                                                     ~[0m
[96mnode_modules/@types/node/http2.d.ts[0m:[93m1334[0m:[93m10[0m - [91merror[0m[90m TS1005: [0m';' expected.

[7m1334[0m         ): this;
[7m    [0m [91m         ~[0m
[96mnode_modules/@types/node/http2.d.ts[0m:[93m1334[0m:[93m12[0m - [91merror[0m[90m TS2331: [0m'this' cannot be referenced in a module or namespace body.

[7m1334[0m         ): this;
[7m    [0m [91m           ~~~~[0m
[96mnode_modules/@types/node/http2.d.ts[0m:[93m1335[0m:[93m9[0m - [91merror[0m[90m TS2304: [0mCannot find name 'on'.

[7m1335[0m         on(event: "sessionError", listener: (err: Error) => void): this;
[7m    [0m [91m        ~~[0m
[96mnode_modules/@types/node/http2.d.ts[0m:[93m1335[0m:[93m17[0m - [91merror[0m[90m TS1005: [0m',' expected.

[7m1335[0m         on(event: "sessionError", listener: (err: Error) => void): this;
[7m    [0m [91m                ~[0m
[96mnode_modules/@types/node/http2.d.ts[0m:[93m1335[0m:[93m35[0m - [91merror[0m[90m TS2304: [0mCannot find name 'listener'.

[7m1335[0m         on(event: "sessionError", listener: (err: Error) => void): this;
[7m    [0m [91m                                  ~~~~~~~~[0m
[96mnode_modules/@types/node/http2.d.ts[0m:[93m1335[0m:[93m43[0m - [91merror[0m[90m TS1005: [0m',' expected.

[7m1335[0m         on(event: "sessionError", listener: (err: Error) => void): this;
[7m    [0m [91m                                          ~[0m
[96mnode_modules/@types/node/http2.d.ts[0m:[93m1335[0m:[93m65[0m - [91merror[0m[90m TS1109: [0mExpression expected.

[7m1335[0m         on(event: "sessionError", listener: (err: Error) => void): this;
[7m    [0m [91m                                                                ~[0m
[96mnode_modules/@types/node/http2.d.ts[0m:[93m1335[0m:[93m66[0m - [91merror[0m[90m TS1005: [0m';' expected.

[7m1335[0m         on(event: "sessionError", listener: (err: Error) => void): this;
[7m    [0m [91m                                                                 ~[0m
[96mnode_modules/@types/node/http2.d.ts[0m:[93m1335[0m:[93m68[0m - [91merror[0m[90m TS2331: [0m'this' cannot be referenced in a module or namespace body.

[7m1335[0m         on(event: "sessionError", listener: (err: Error) => void): this;
[7m    [0m [91m                                                                   ~~~~[0m
[96mnode_modules/@types/node/http2.d.ts[0m:[93m1336[0m:[93m9[0m - [91merror[0m[90m TS2304: [0mCannot find name 'on'.

[7m1336[0m         on(
[7m    [0m [91m        ~~[0m
[96mnode_modules/@types/node/http2.d.ts[0m:[93m1337[0m:[93m18[0m - [91merror[0m[90m TS1005: [0m',' expected.

[7m1337[0m             event: "stream",
[7m    [0m [91m                 ~[0m
[96mnode_modules/@types/node/http2.d.ts[0m:[93m1338[0m:[93m13[0m - [91merror[0m[90m TS2304: [0mCannot find name 'listener'.

[7m1338[0m             listener: (stream: ServerHttp2Stream, headers: IncomingHttpHeaders, flags: number) => void,
[7m    [0m [91m            ~~~~~~~~[0m
[96mnode_modules/@types/node/http2.d.ts[0m:[93m1338[0m:[93m21[0m - [91merror[0m[90m TS1005: [0m',' expected.

[7m1338[0m             listener: (stream: ServerHttp2Stream, headers: IncomingHttpHeaders, flags: number) => void,
[7m    [0m [91m                    ~[0m
[96mnode_modules/@types/node/http2.d.ts[0m:[93m1338[0m:[93m103[0m - [91merror[0m[90m TS1109: [0mExpression expected.

[7m1338[0m             listener: (stream: ServerHttp2Stream, headers: IncomingHttpHeaders, flags: number) => void,
[7m    [0m [91m                                                                                                      ~[0m
[96mnode_modules/@types/node/http2.d.ts[0m:[93m1339[0m:[93m10[0m - [91merror[0m[90m TS1005: [0m';' expected.

[7m1339[0m         ): this;
[7m    [0m [91m         ~[0m
[96mnode_modules/@types/node/http2.d.ts[0m:[93m1339[0m:[93m12[0m - [91merror[0m[90m TS2331: [0m'this' cannot be referenced in a module or namespace body.

[7m1339[0m         ): this;
[7m    [0m [91m           ~~~~[0m
[96mnode_modules/@types/node/http2.d.ts[0m:[93m1340[0m:[93m9[0m - [91merror[0m[90m TS2304: [0mCannot find name 'on'.

[7m1340[0m         on(event: "timeout", listener: () => void): this;
[7m    [0m [91m        ~~[0m
[96mnode_modules/@types/node/http2.d.ts[0m:[93m1340[0m:[93m17[0m - [91merror[0m[90m TS1005: [0m',' expected.

[7m1340[0m         on(event: "timeout", listener: () => void): this;
[7m    [0m [91m                ~[0m
[96mnode_modules/@types/node/http2.d.ts[0m:[93m1340[0m:[93m30[0m - [91merror[0m[90m TS2304: [0mCannot find name 'listener'.

[7m1340[0m         on(event: "timeout", listener: () => void): this;
[7m    [0m [91m                             ~~~~~~~~[0m
[96mnode_modules/@types/node/http2.d.ts[0m:[93m1340[0m:[93m38[0m - [91merror[0m[90m TS1005: [0m',' expected.

[7m1340[0m         on(event: "timeout", listener: () => void): this;
[7m    [0m [91m                                     ~[0m
[96mnode_modules/@types/node/http2.d.ts[0m:[93m1340[0m:[93m50[0m - [91merror[0m[90m TS1109: [0mExpression expected.

[7m1340[0m         on(event: "timeout", listener: () => void): this;
[7m    [0m [91m                                                 ~[0m
[96mnode_modules/@types/node/http2.d.ts[0m:[93m1340[0m:[93m51[0m - [91merror[0m[90m TS1005: [0m';' expected.

[7m1340[0m         on(event: "timeout", listener: () => void): this;
[7m    [0m [91m                                                  ~[0m
[96mnode_modules/@types/node/http2.d.ts[0m:[93m1340[0m:[93m53[0m - [91merror[0m[90m TS2331: [0m'this' cannot be referenced in a module or namespace body.

[7m1340[0m         on(event: "timeout", listener: () => void): this;
[7m    [0m [91m                                                    ~~~~[0m
[96mnode_modules/@types/node/http2.d.ts[0m:[93m1341[0m:[93m9[0m - [91merror[0m[90m TS2304: [0mCannot find name 'on'.

[7m1341[0m         on(event: string | symbol, listener: (...args: any[]) => void): this;
[7m    [0m [91m        ~~[0m
[96mnode_modules/@types/node/http2.d.ts[0m:[93m1341[0m:[93m17[0m - [91merror[0m[90m TS1005: [0m',' expected.

[7m1341[0m         on(event: string | symbol, listener: (...args: any[]) => void): this;
[7m    [0m [91m                ~[0m
[96mnode_modules/@types/node/http2.d.ts[0m:[93m1341[0m:[93m19[0m - [91merror[0m[90m TS2693: [0m'string' only refers to a type, but is being used as a value here.

[7m1341[0m         on(event: string | symbol, listener: (...args: any[]) => void): this;
[7m    [0m [91m                  ~~~~~~[0m
[96mnode_modules/@types/node/http2.d.ts[0m:[93m1341[0m:[93m28[0m - [91merror[0m[90m TS2304: [0mCannot find name 'symbol'.

[7m1341[0m         on(event: string | symbol, listener: (...args: any[]) => void): this;
[7m    [0m [91m                           ~~~~~~[0m
[96mnode_modules/@types/node/http2.d.ts[0m:[93m1341[0m:[93m36[0m - [91merror[0m[90m TS2304: [0mCannot find name 'listener'.

[7m1341[0m         on(event: string | symbol, listener: (...args: any[]) => void): this;
[7m    [0m [91m                                   ~~~~~~~~[0m
[96mnode_modules/@types/node/http2.d.ts[0m:[93m1341[0m:[93m44[0m - [91merror[0m[90m TS1005: [0m',' expected.

[7m1341[0m         on(event: string | symbol, listener: (...args: any[]) => void): this;
[7m    [0m [91m                                           ~[0m
[96mnode_modules/@types/node/http2.d.ts[0m:[93m1341[0m:[93m70[0m - [91merror[0m[90m TS1109: [0mExpression expected.

[7m1341[0m         on(event: string | symbol, listener: (...args: any[]) => void): this;
[7m    [0m [91m                                                                     ~[0m
[96mnode_modules/@types/node/http2.d.ts[0m:[93m1341[0m:[93m71[0m - [91merror[0m[90m TS1005: [0m';' expected.

[7m1341[0m         on(event: string | symbol, listener: (...args: any[]) => void): this;
[7m    [0m [91m                                                                      ~[0m
[96mnode_modules/@types/node/http2.d.ts[0m:[93m1341[0m:[93m73[0m - [91merror[0m[90m TS2331: [0m'this' cannot be referenced in a module or namespace body.

[7m1341[0m         on(event: string | symbol, listener: (...args: any[]) => void): this;
[7m    [0m [91m                                                                        ~~~~[0m
[96mnode_modules/@types/node/http2.d.ts[0m:[93m1342[0m:[93m9[0m - [91merror[0m[90m TS2304: [0mCannot find name 'once'.

[7m1342[0m         once(
[7m    [0m [91m        ~~~~[0m
[96mnode_modules/@types/node/http2.d.ts[0m:[93m1343[0m:[93m18[0m - [91merror[0m[90m TS1005: [0m',' expected.

[7m1343[0m             event: "checkContinue",
[7m    [0m [91m                 ~[0m
[96mnode_modules/@types/node/http2.d.ts[0m:[93m1344[0m:[93m13[0m - [91merror[0m[90m TS2304: [0mCannot find name 'listener'.

[7m1344[0m             listener: (request: InstanceType<Http2Request>, response: InstanceType<Http2Response>) => void,
[7m    [0m [91m            ~~~~~~~~[0m
[96mnode_modules/@types/node/http2.d.ts[0m:[93m1344[0m:[93m21[0m - [91merror[0m[90m TS1005: [0m',' expected.

[7m1344[0m             listener: (request: InstanceType<Http2Request>, response: InstanceType<Http2Response>) => void,
[7m    [0m [91m                    ~[0m
[96mnode_modules/@types/node/http2.d.ts[0m:[93m1344[0m:[93m46[0m - [91merror[0m[90m TS2304: [0mCannot find name 'Http2Request'.

[7m1344[0m             listener: (request: InstanceType<Http2Request>, response: InstanceType<Http2Response>) => void,
[7m    [0m [91m                                             ~~~~~~~~~~~~[0m
[96mnode_modules/@types/node/http2.d.ts[0m:[93m1344[0m:[93m84[0m - [91merror[0m[90m TS2304: [0mCannot find name 'Http2Response'.

[7m1344[0m             listener: (request: InstanceType<Http2Request>, response: InstanceType<Http2Response>) => void,
[7m    [0m [91m                                                                                   ~~~~~~~~~~~~~[0m
[96mnode_modules/@types/node/http2.d.ts[0m:[93m1344[0m:[93m107[0m - [91merror[0m[90m TS1109: [0mExpression expected.

[7m1344[0m             listener: (request: InstanceType<Http2Request>, response: InstanceType<Http2Response>) => void,
[7m    [0m [91m                                                                                                          ~[0m
[96mnode_modules/@types/node/http2.d.ts[0m:[93m1345[0m:[93m10[0m - [91merror[0m[90m TS1005: [0m';' expected.

[7m1345[0m         ): this;
[7m    [0m [91m         ~[0m
[96mnode_modules/@types/node/http2.d.ts[0m:[93m1345[0m:[93m12[0m - [91merror[0m[90m TS2331: [0m'this' cannot be referenced in a module or namespace body.

[7m1345[0m         ): this;
[7m    [0m [91m           ~~~~[0m
[96mnode_modules/@types/node/http2.d.ts[0m:[93m1346[0m:[93m9[0m - [91merror[0m[90m TS2304: [0mCannot find name 'once'.

[7m1346[0m         once(
[7m    [0m [91m        ~~~~[0m
[96mnode_modules/@types/node/http2.d.ts[0m:[93m1347[0m:[93m18[0m - [91merror[0m[90m TS1005: [0m',' expected.

[7m1347[0m             event: "request",
[7m    [0m [91m                 ~[0m
[96mnode_modules/@types/node/http2.d.ts[0m:[93m1348[0m:[93m13[0m - [91merror[0m[90m TS2304: [0mCannot find name 'listener'.

[7m1348[0m             listener: (request: InstanceType<Http2Request>, response: InstanceType<Http2Response>) => void,
[7m    [0m [91m            ~~~~~~~~[0m
[96mnode_modules/@types/node/http2.d.ts[0m:[93m1348[0m:[93m21[0m - [91merror[0m[90m TS1005: [0m',' expected.

[7m1348[0m             listener: (request: InstanceType<Http2Request>, response: InstanceType<Http2Response>) => void,
[7m    [0m [91m                    ~[0m
[96mnode_modules/@types/node/http2.d.ts[0m:[93m1348[0m:[93m46[0m - [91merror[0m[90m TS2304: [0mCannot find name 'Http2Request'.

[7m1348[0m             listener: (request: InstanceType<Http2Request>, response: InstanceType<Http2Response>) => void,
[7m    [0m [91m                                             ~~~~~~~~~~~~[0m
[96mnode_modules/@types/node/http2.d.ts[0m:[93m1348[0m:[93m84[0m - [91merror[0m[90m TS2304: [0mCannot find name 'Http2Response'.

[7m1348[0m             listener: (request: InstanceType<Http2Request>, response: InstanceType<Http2Response>) => void,
[7m    [0m [91m                                                                                   ~~~~~~~~~~~~~[0m
[96mnode_modules/@types/node/http2.d.ts[0m:[93m1348[0m:[93m107[0m - [91merror[0m[90m TS1109: [0mExpression expected.

[7m1348[0m             listener: (request: InstanceType<Http2Request>, response: InstanceType<Http2Response>) => void,
[7m    [0m [91m                                                                                                          ~[0m
[96mnode_modules/@types/node/http2.d.ts[0m:[93m1349[0m:[93m10[0m - [91merror[0m[90m TS1005: [0m';' expected.

[7m1349[0m         ): this;
[7m    [0m [91m         ~[0m
[96mnode_modules/@types/node/http2.d.ts[0m:[93m1349[0m:[93m12[0m - [91merror[0m[90m TS2331: [0m'this' cannot be referenced in a module or namespace body.

[7m1349[0m         ): this;
[7m    [0m [91m           ~~~~[0m
[96mnode_modules/@types/node/http2.d.ts[0m:[93m1350[0m:[93m9[0m - [91merror[0m[90m TS2304: [0mCannot find name 'once'.

[7m1350[0m         once(
[7m    [0m [91m        ~~~~[0m
[96mnode_modules/@types/node/http2.d.ts[0m:[93m1351[0m:[93m18[0m - [91merror[0m[90m TS1005: [0m',' expected.

[7m1351[0m             event: "session",
[7m    [0m [91m                 ~[0m
[96mnode_modules/@types/node/http2.d.ts[0m:[93m1352[0m:[93m13[0m - [91merror[0m[90m TS2304: [0mCannot find name 'listener'.

[7m1352[0m             listener: (session: ServerHttp2Session<Http1Request, Http1Response, Http2Request, Http2Response>) => void,
[7m    [0m [91m            ~~~~~~~~[0m
[96mnode_modules/@types/node/http2.d.ts[0m:[93m1352[0m:[93m21[0m - [91merror[0m[90m TS1005: [0m',' expected.

[7m1352[0m             listener: (session: ServerHttp2Session<Http1Request, Http1Response, Http2Request, Http2Response>) => void,
[7m    [0m [91m                    ~[0m
[96mnode_modules/@types/node/http2.d.ts[0m:[93m1352[0m:[93m33[0m - [91merror[0m[90m TS2314: [0mGeneric type 'ServerHttp2Session<Http1Request, Http1Response>' requires 2 type argument(s).

[7m1352[0m             listener: (session: ServerHttp2Session<Http1Request, Http1Response, Http2Request, Http2Response>) => void,
[7m    [0m [91m                                ~~~~~~~~~~~~~~~~~~~~~~~~~~~~~~~~~~~~~~~~~~~~~~~~~~~~~~~~~~~~~~~~~~~~~~~~~~~~[0m
[96mnode_modules/@types/node/http2.d.ts[0m:[93m1352[0m:[93m52[0m - [91merror[0m[90m TS2304: [0mCannot find name 'Http1Request'.

[7m1352[0m             listener: (session: ServerHttp2Session<Http1Request, Http1Response, Http2Request, Http2Response>) => void,
[7m    [0m [91m                                                   ~~~~~~~~~~~~[0m
[96mnode_modules/@types/node/http2.d.ts[0m:[93m1352[0m:[93m66[0m - [91merror[0m[90m TS2304: [0mCannot find name 'Http1Response'.

[7m1352[0m             listener: (session: ServerHttp2Session<Http1Request, Http1Response, Http2Request, Http2Response>) => void,
[7m    [0m [91m                                                                 ~~~~~~~~~~~~~[0m
[96mnode_modules/@types/node/http2.d.ts[0m:[93m1352[0m:[93m81[0m - [91merror[0m[90m TS2304: [0mCannot find name 'Http2Request'.

[7m1352[0m             listener: (session: ServerHttp2Session<Http1Request, Http1Response, Http2Request, Http2Response>) => void,
[7m    [0m [91m                                                                                ~~~~~~~~~~~~[0m
[96mnode_modules/@types/node/http2.d.ts[0m:[93m1352[0m:[93m95[0m - [91merror[0m[90m TS2304: [0mCannot find name 'Http2Response'.

[7m1352[0m             listener: (session: ServerHttp2Session<Http1Request, Http1Response, Http2Request, Http2Response>) => void,
[7m    [0m [91m                                                                                              ~~~~~~~~~~~~~[0m
[96mnode_modules/@types/node/http2.d.ts[0m:[93m1352[0m:[93m118[0m - [91merror[0m[90m TS1109: [0mExpression expected.

[7m1352[0m             listener: (session: ServerHttp2Session<Http1Request, Http1Response, Http2Request, Http2Response>) => void,
[7m    [0m [91m                                                                                                                     ~[0m
[96mnode_modules/@types/node/http2.d.ts[0m:[93m1353[0m:[93m10[0m - [91merror[0m[90m TS1005: [0m';' expected.

[7m1353[0m         ): this;
[7m    [0m [91m         ~[0m
[96mnode_modules/@types/node/http2.d.ts[0m:[93m1353[0m:[93m12[0m - [91merror[0m[90m TS2331: [0m'this' cannot be referenced in a module or namespace body.

[7m1353[0m         ): this;
[7m    [0m [91m           ~~~~[0m
[96mnode_modules/@types/node/http2.d.ts[0m:[93m1354[0m:[93m9[0m - [91merror[0m[90m TS2304: [0mCannot find name 'once'.

[7m1354[0m         once(event: "sessionError", listener: (err: Error) => void): this;
[7m    [0m [91m        ~~~~[0m
[96mnode_modules/@types/node/http2.d.ts[0m:[93m1354[0m:[93m19[0m - [91merror[0m[90m TS1005: [0m',' expected.

[7m1354[0m         once(event: "sessionError", listener: (err: Error) => void): this;
[7m    [0m [91m                  ~[0m
[96mnode_modules/@types/node/http2.d.ts[0m:[93m1354[0m:[93m37[0m - [91merror[0m[90m TS2304: [0mCannot find name 'listener'.

[7m1354[0m         once(event: "sessionError", listener: (err: Error) => void): this;
[7m    [0m [91m                                    ~~~~~~~~[0m
[96mnode_modules/@types/node/http2.d.ts[0m:[93m1354[0m:[93m45[0m - [91merror[0m[90m TS1005: [0m',' expected.

[7m1354[0m         once(event: "sessionError", listener: (err: Error) => void): this;
[7m    [0m [91m                                            ~[0m
[96mnode_modules/@types/node/http2.d.ts[0m:[93m1354[0m:[93m67[0m - [91merror[0m[90m TS1109: [0mExpression expected.

[7m1354[0m         once(event: "sessionError", listener: (err: Error) => void): this;
[7m    [0m [91m                                                                  ~[0m
[96mnode_modules/@types/node/http2.d.ts[0m:[93m1354[0m:[93m68[0m - [91merror[0m[90m TS1005: [0m';' expected.

[7m1354[0m         once(event: "sessionError", listener: (err: Error) => void): this;
[7m    [0m [91m                                                                   ~[0m
[96mnode_modules/@types/node/http2.d.ts[0m:[93m1354[0m:[93m70[0m - [91merror[0m[90m TS2331: [0m'this' cannot be referenced in a module or namespace body.

[7m1354[0m         once(event: "sessionError", listener: (err: Error) => void): this;
[7m    [0m [91m                                                                     ~~~~[0m
[96mnode_modules/@types/node/http2.d.ts[0m:[93m1355[0m:[93m9[0m - [91merror[0m[90m TS2304: [0mCannot find name 'once'.

[7m1355[0m         once(
[7m    [0m [91m        ~~~~[0m
[96mnode_modules/@types/node/http2.d.ts[0m:[93m1356[0m:[93m18[0m - [91merror[0m[90m TS1005: [0m',' expected.

[7m1356[0m             event: "stream",
[7m    [0m [91m                 ~[0m
[96mnode_modules/@types/node/http2.d.ts[0m:[93m1357[0m:[93m13[0m - [91merror[0m[90m TS2304: [0mCannot find name 'listener'.

[7m1357[0m             listener: (stream: ServerHttp2Stream, headers: IncomingHttpHeaders, flags: number) => void,
[7m    [0m [91m            ~~~~~~~~[0m
[96mnode_modules/@types/node/http2.d.ts[0m:[93m1357[0m:[93m21[0m - [91merror[0m[90m TS1005: [0m',' expected.

[7m1357[0m             listener: (stream: ServerHttp2Stream, headers: IncomingHttpHeaders, flags: number) => void,
[7m    [0m [91m                    ~[0m
[96mnode_modules/@types/node/http2.d.ts[0m:[93m1357[0m:[93m103[0m - [91merror[0m[90m TS1109: [0mExpression expected.

[7m1357[0m             listener: (stream: ServerHttp2Stream, headers: IncomingHttpHeaders, flags: number) => void,
[7m    [0m [91m                                                                                                      ~[0m
[96mnode_modules/@types/node/http2.d.ts[0m:[93m1358[0m:[93m10[0m - [91merror[0m[90m TS1005: [0m';' expected.

[7m1358[0m         ): this;
[7m    [0m [91m         ~[0m
[96mnode_modules/@types/node/http2.d.ts[0m:[93m1358[0m:[93m12[0m - [91merror[0m[90m TS2331: [0m'this' cannot be referenced in a module or namespace body.

[7m1358[0m         ): this;
[7m    [0m [91m           ~~~~[0m
[96mnode_modules/@types/node/http2.d.ts[0m:[93m1359[0m:[93m9[0m - [91merror[0m[90m TS2304: [0mCannot find name 'once'.

[7m1359[0m         once(event: "timeout", listener: () => void): this;
[7m    [0m [91m        ~~~~[0m
[96mnode_modules/@types/node/http2.d.ts[0m:[93m1359[0m:[93m19[0m - [91merror[0m[90m TS1005: [0m',' expected.

[7m1359[0m         once(event: "timeout", listener: () => void): this;
[7m    [0m [91m                  ~[0m
[96mnode_modules/@types/node/http2.d.ts[0m:[93m1359[0m:[93m32[0m - [91merror[0m[90m TS2304: [0mCannot find name 'listener'.

[7m1359[0m         once(event: "timeout", listener: () => void): this;
[7m    [0m [91m                               ~~~~~~~~[0m
[96mnode_modules/@types/node/http2.d.ts[0m:[93m1359[0m:[93m40[0m - [91merror[0m[90m TS1005: [0m',' expected.

[7m1359[0m         once(event: "timeout", listener: () => void): this;
[7m    [0m [91m                                       ~[0m
[96mnode_modules/@types/node/http2.d.ts[0m:[93m1359[0m:[93m52[0m - [91merror[0m[90m TS1109: [0mExpression expected.

[7m1359[0m         once(event: "timeout", listener: () => void): this;
[7m    [0m [91m                                                   ~[0m
[96mnode_modules/@types/node/http2.d.ts[0m:[93m1359[0m:[93m53[0m - [91merror[0m[90m TS1005: [0m';' expected.

[7m1359[0m         once(event: "timeout", listener: () => void): this;
[7m    [0m [91m                                                    ~[0m
[96mnode_modules/@types/node/http2.d.ts[0m:[93m1359[0m:[93m55[0m - [91merror[0m[90m TS2331: [0m'this' cannot be referenced in a module or namespace body.

[7m1359[0m         once(event: "timeout", listener: () => void): this;
[7m    [0m [91m                                                      ~~~~[0m
[96mnode_modules/@types/node/http2.d.ts[0m:[93m1360[0m:[93m9[0m - [91merror[0m[90m TS2304: [0mCannot find name 'once'.

[7m1360[0m         once(event: string | symbol, listener: (...args: any[]) => void): this;
[7m    [0m [91m        ~~~~[0m
[96mnode_modules/@types/node/http2.d.ts[0m:[93m1360[0m:[93m19[0m - [91merror[0m[90m TS1005: [0m',' expected.

[7m1360[0m         once(event: string | symbol, listener: (...args: any[]) => void): this;
[7m    [0m [91m                  ~[0m
[96mnode_modules/@types/node/http2.d.ts[0m:[93m1360[0m:[93m21[0m - [91merror[0m[90m TS2693: [0m'string' only refers to a type, but is being used as a value here.

[7m1360[0m         once(event: string | symbol, listener: (...args: any[]) => void): this;
[7m    [0m [91m                    ~~~~~~[0m
[96mnode_modules/@types/node/http2.d.ts[0m:[93m1360[0m:[93m30[0m - [91merror[0m[90m TS2304: [0mCannot find name 'symbol'.

[7m1360[0m         once(event: string | symbol, listener: (...args: any[]) => void): this;
[7m    [0m [91m                             ~~~~~~[0m
[96mnode_modules/@types/node/http2.d.ts[0m:[93m1360[0m:[93m38[0m - [91merror[0m[90m TS2304: [0mCannot find name 'listener'.

[7m1360[0m         once(event: string | symbol, listener: (...args: any[]) => void): this;
[7m    [0m [91m                                     ~~~~~~~~[0m
[96mnode_modules/@types/node/http2.d.ts[0m:[93m1360[0m:[93m46[0m - [91merror[0m[90m TS1005: [0m',' expected.

[7m1360[0m         once(event: string | symbol, listener: (...args: any[]) => void): this;
[7m    [0m [91m                                             ~[0m
[96mnode_modules/@types/node/http2.d.ts[0m:[93m1360[0m:[93m72[0m - [91merror[0m[90m TS1109: [0mExpression expected.

[7m1360[0m         once(event: string | symbol, listener: (...args: any[]) => void): this;
[7m    [0m [91m                                                                       ~[0m
[96mnode_modules/@types/node/http2.d.ts[0m:[93m1360[0m:[93m73[0m - [91merror[0m[90m TS1005: [0m';' expected.

[7m1360[0m         once(event: string | symbol, listener: (...args: any[]) => void): this;
[7m    [0m [91m                                                                        ~[0m
[96mnode_modules/@types/node/http2.d.ts[0m:[93m1360[0m:[93m75[0m - [91merror[0m[90m TS2331: [0m'this' cannot be referenced in a module or namespace body.

[7m1360[0m         once(event: string | symbol, listener: (...args: any[]) => void): this;
[7m    [0m [91m                                                                          ~~~~[0m
[96mnode_modules/@types/node/http2.d.ts[0m:[93m1361[0m:[93m9[0m - [91merror[0m[90m TS2304: [0mCannot find name 'prependListener'.

[7m1361[0m         prependListener(
[7m    [0m [91m        ~~~~~~~~~~~~~~~[0m
[96mnode_modules/@types/node/http2.d.ts[0m:[93m1362[0m:[93m18[0m - [91merror[0m[90m TS1005: [0m',' expected.

[7m1362[0m             event: "checkContinue",
[7m    [0m [91m                 ~[0m
[96mnode_modules/@types/node/http2.d.ts[0m:[93m1363[0m:[93m13[0m - [91merror[0m[90m TS2304: [0mCannot find name 'listener'.

[7m1363[0m             listener: (request: InstanceType<Http2Request>, response: InstanceType<Http2Response>) => void,
[7m    [0m [91m            ~~~~~~~~[0m
[96mnode_modules/@types/node/http2.d.ts[0m:[93m1363[0m:[93m21[0m - [91merror[0m[90m TS1005: [0m',' expected.

[7m1363[0m             listener: (request: InstanceType<Http2Request>, response: InstanceType<Http2Response>) => void,
[7m    [0m [91m                    ~[0m
[96mnode_modules/@types/node/http2.d.ts[0m:[93m1363[0m:[93m46[0m - [91merror[0m[90m TS2304: [0mCannot find name 'Http2Request'.

[7m1363[0m             listener: (request: InstanceType<Http2Request>, response: InstanceType<Http2Response>) => void,
[7m    [0m [91m                                             ~~~~~~~~~~~~[0m
[96mnode_modules/@types/node/http2.d.ts[0m:[93m1363[0m:[93m84[0m - [91merror[0m[90m TS2304: [0mCannot find name 'Http2Response'.

[7m1363[0m             listener: (request: InstanceType<Http2Request>, response: InstanceType<Http2Response>) => void,
[7m    [0m [91m                                                                                   ~~~~~~~~~~~~~[0m
[96mnode_modules/@types/node/http2.d.ts[0m:[93m1363[0m:[93m107[0m - [91merror[0m[90m TS1109: [0mExpression expected.

[7m1363[0m             listener: (request: InstanceType<Http2Request>, response: InstanceType<Http2Response>) => void,
[7m    [0m [91m                                                                                                          ~[0m
[96mnode_modules/@types/node/http2.d.ts[0m:[93m1364[0m:[93m10[0m - [91merror[0m[90m TS1005: [0m';' expected.

[7m1364[0m         ): this;
[7m    [0m [91m         ~[0m
[96mnode_modules/@types/node/http2.d.ts[0m:[93m1364[0m:[93m12[0m - [91merror[0m[90m TS2331: [0m'this' cannot be referenced in a module or namespace body.

[7m1364[0m         ): this;
[7m    [0m [91m           ~~~~[0m
[96mnode_modules/@types/node/http2.d.ts[0m:[93m1365[0m:[93m9[0m - [91merror[0m[90m TS2304: [0mCannot find name 'prependListener'.

[7m1365[0m         prependListener(
[7m    [0m [91m        ~~~~~~~~~~~~~~~[0m
[96mnode_modules/@types/node/http2.d.ts[0m:[93m1366[0m:[93m18[0m - [91merror[0m[90m TS1005: [0m',' expected.

[7m1366[0m             event: "request",
[7m    [0m [91m                 ~[0m
[96mnode_modules/@types/node/http2.d.ts[0m:[93m1367[0m:[93m13[0m - [91merror[0m[90m TS2304: [0mCannot find name 'listener'.

[7m1367[0m             listener: (request: InstanceType<Http2Request>, response: InstanceType<Http2Response>) => void,
[7m    [0m [91m            ~~~~~~~~[0m
[96mnode_modules/@types/node/http2.d.ts[0m:[93m1367[0m:[93m21[0m - [91merror[0m[90m TS1005: [0m',' expected.

[7m1367[0m             listener: (request: InstanceType<Http2Request>, response: InstanceType<Http2Response>) => void,
[7m    [0m [91m                    ~[0m
[96mnode_modules/@types/node/http2.d.ts[0m:[93m1367[0m:[93m46[0m - [91merror[0m[90m TS2304: [0mCannot find name 'Http2Request'.

[7m1367[0m             listener: (request: InstanceType<Http2Request>, response: InstanceType<Http2Response>) => void,
[7m    [0m [91m                                             ~~~~~~~~~~~~[0m
[96mnode_modules/@types/node/http2.d.ts[0m:[93m1367[0m:[93m84[0m - [91merror[0m[90m TS2304: [0mCannot find name 'Http2Response'.

[7m1367[0m             listener: (request: InstanceType<Http2Request>, response: InstanceType<Http2Response>) => void,
[7m    [0m [91m                                                                                   ~~~~~~~~~~~~~[0m
[96mnode_modules/@types/node/http2.d.ts[0m:[93m1367[0m:[93m107[0m - [91merror[0m[90m TS1109: [0mExpression expected.

[7m1367[0m             listener: (request: InstanceType<Http2Request>, response: InstanceType<Http2Response>) => void,
[7m    [0m [91m                                                                                                          ~[0m
[96mnode_modules/@types/node/http2.d.ts[0m:[93m1368[0m:[93m10[0m - [91merror[0m[90m TS1005: [0m';' expected.

[7m1368[0m         ): this;
[7m    [0m [91m         ~[0m
[96mnode_modules/@types/node/http2.d.ts[0m:[93m1368[0m:[93m12[0m - [91merror[0m[90m TS2331: [0m'this' cannot be referenced in a module or namespace body.

[7m1368[0m         ): this;
[7m    [0m [91m           ~~~~[0m
[96mnode_modules/@types/node/http2.d.ts[0m:[93m1369[0m:[93m9[0m - [91merror[0m[90m TS2304: [0mCannot find name 'prependListener'.

[7m1369[0m         prependListener(
[7m    [0m [91m        ~~~~~~~~~~~~~~~[0m
[96mnode_modules/@types/node/http2.d.ts[0m:[93m1370[0m:[93m18[0m - [91merror[0m[90m TS1005: [0m',' expected.

[7m1370[0m             event: "session",
[7m    [0m [91m                 ~[0m
[96mnode_modules/@types/node/http2.d.ts[0m:[93m1371[0m:[93m13[0m - [91merror[0m[90m TS2304: [0mCannot find name 'listener'.

[7m1371[0m             listener: (session: ServerHttp2Session<Http1Request, Http1Response, Http2Request, Http2Response>) => void,
[7m    [0m [91m            ~~~~~~~~[0m
[96mnode_modules/@types/node/http2.d.ts[0m:[93m1371[0m:[93m21[0m - [91merror[0m[90m TS1005: [0m',' expected.

[7m1371[0m             listener: (session: ServerHttp2Session<Http1Request, Http1Response, Http2Request, Http2Response>) => void,
[7m    [0m [91m                    ~[0m
[96mnode_modules/@types/node/http2.d.ts[0m:[93m1371[0m:[93m33[0m - [91merror[0m[90m TS2314: [0mGeneric type 'ServerHttp2Session<Http1Request, Http1Response>' requires 2 type argument(s).

[7m1371[0m             listener: (session: ServerHttp2Session<Http1Request, Http1Response, Http2Request, Http2Response>) => void,
[7m    [0m [91m                                ~~~~~~~~~~~~~~~~~~~~~~~~~~~~~~~~~~~~~~~~~~~~~~~~~~~~~~~~~~~~~~~~~~~~~~~~~~~~[0m
[96mnode_modules/@types/node/http2.d.ts[0m:[93m1371[0m:[93m52[0m - [91merror[0m[90m TS2304: [0mCannot find name 'Http1Request'.

[7m1371[0m             listener: (session: ServerHttp2Session<Http1Request, Http1Response, Http2Request, Http2Response>) => void,
[7m    [0m [91m                                                   ~~~~~~~~~~~~[0m
[96mnode_modules/@types/node/http2.d.ts[0m:[93m1371[0m:[93m66[0m - [91merror[0m[90m TS2304: [0mCannot find name 'Http1Response'.

[7m1371[0m             listener: (session: ServerHttp2Session<Http1Request, Http1Response, Http2Request, Http2Response>) => void,
[7m    [0m [91m                                                                 ~~~~~~~~~~~~~[0m
[96mnode_modules/@types/node/http2.d.ts[0m:[93m1371[0m:[93m81[0m - [91merror[0m[90m TS2304: [0mCannot find name 'Http2Request'.

[7m1371[0m             listener: (session: ServerHttp2Session<Http1Request, Http1Response, Http2Request, Http2Response>) => void,
[7m    [0m [91m                                                                                ~~~~~~~~~~~~[0m
[96mnode_modules/@types/node/http2.d.ts[0m:[93m1371[0m:[93m95[0m - [91merror[0m[90m TS2304: [0mCannot find name 'Http2Response'.

[7m1371[0m             listener: (session: ServerHttp2Session<Http1Request, Http1Response, Http2Request, Http2Response>) => void,
[7m    [0m [91m                                                                                              ~~~~~~~~~~~~~[0m
[96mnode_modules/@types/node/http2.d.ts[0m:[93m1371[0m:[93m118[0m - [91merror[0m[90m TS1109: [0mExpression expected.

[7m1371[0m             listener: (session: ServerHttp2Session<Http1Request, Http1Response, Http2Request, Http2Response>) => void,
[7m    [0m [91m                                                                                                                     ~[0m
[96mnode_modules/@types/node/http2.d.ts[0m:[93m1372[0m:[93m10[0m - [91merror[0m[90m TS1005: [0m';' expected.

[7m1372[0m         ): this;
[7m    [0m [91m         ~[0m
[96mnode_modules/@types/node/http2.d.ts[0m:[93m1372[0m:[93m12[0m - [91merror[0m[90m TS2331: [0m'this' cannot be referenced in a module or namespace body.

[7m1372[0m         ): this;
[7m    [0m [91m           ~~~~[0m
[96mnode_modules/@types/node/http2.d.ts[0m:[93m1373[0m:[93m9[0m - [91merror[0m[90m TS2304: [0mCannot find name 'prependListener'.

[7m1373[0m         prependListener(event: "sessionError", listener: (err: Error) => void): this;
[7m    [0m [91m        ~~~~~~~~~~~~~~~[0m
[96mnode_modules/@types/node/http2.d.ts[0m:[93m1373[0m:[93m30[0m - [91merror[0m[90m TS1005: [0m',' expected.

[7m1373[0m         prependListener(event: "sessionError", listener: (err: Error) => void): this;
[7m    [0m [91m                             ~[0m
[96mnode_modules/@types/node/http2.d.ts[0m:[93m1373[0m:[93m48[0m - [91merror[0m[90m TS2304: [0mCannot find name 'listener'.

[7m1373[0m         prependListener(event: "sessionError", listener: (err: Error) => void): this;
[7m    [0m [91m                                               ~~~~~~~~[0m
[96mnode_modules/@types/node/http2.d.ts[0m:[93m1373[0m:[93m56[0m - [91merror[0m[90m TS1005: [0m',' expected.

[7m1373[0m         prependListener(event: "sessionError", listener: (err: Error) => void): this;
[7m    [0m [91m                                                       ~[0m
[96mnode_modules/@types/node/http2.d.ts[0m:[93m1373[0m:[93m78[0m - [91merror[0m[90m TS1109: [0mExpression expected.

[7m1373[0m         prependListener(event: "sessionError", listener: (err: Error) => void): this;
[7m    [0m [91m                                                                             ~[0m
[96mnode_modules/@types/node/http2.d.ts[0m:[93m1373[0m:[93m79[0m - [91merror[0m[90m TS1005: [0m';' expected.

[7m1373[0m         prependListener(event: "sessionError", listener: (err: Error) => void): this;
[7m    [0m [91m                                                                              ~[0m
[96mnode_modules/@types/node/http2.d.ts[0m:[93m1373[0m:[93m81[0m - [91merror[0m[90m TS2331: [0m'this' cannot be referenced in a module or namespace body.

[7m1373[0m         prependListener(event: "sessionError", listener: (err: Error) => void): this;
[7m    [0m [91m                                                                                ~~~~[0m
[96mnode_modules/@types/node/http2.d.ts[0m:[93m1374[0m:[93m9[0m - [91merror[0m[90m TS2304: [0mCannot find name 'prependListener'.

[7m1374[0m         prependListener(
[7m    [0m [91m        ~~~~~~~~~~~~~~~[0m
[96mnode_modules/@types/node/http2.d.ts[0m:[93m1375[0m:[93m18[0m - [91merror[0m[90m TS1005: [0m',' expected.

[7m1375[0m             event: "stream",
[7m    [0m [91m                 ~[0m
[96mnode_modules/@types/node/http2.d.ts[0m:[93m1376[0m:[93m13[0m - [91merror[0m[90m TS2304: [0mCannot find name 'listener'.

[7m1376[0m             listener: (stream: ServerHttp2Stream, headers: IncomingHttpHeaders, flags: number) => void,
[7m    [0m [91m            ~~~~~~~~[0m
[96mnode_modules/@types/node/http2.d.ts[0m:[93m1376[0m:[93m21[0m - [91merror[0m[90m TS1005: [0m',' expected.

[7m1376[0m             listener: (stream: ServerHttp2Stream, headers: IncomingHttpHeaders, flags: number) => void,
[7m    [0m [91m                    ~[0m
[96mnode_modules/@types/node/http2.d.ts[0m:[93m1376[0m:[93m103[0m - [91merror[0m[90m TS1109: [0mExpression expected.

[7m1376[0m             listener: (stream: ServerHttp2Stream, headers: IncomingHttpHeaders, flags: number) => void,
[7m    [0m [91m                                                                                                      ~[0m
[96mnode_modules/@types/node/http2.d.ts[0m:[93m1377[0m:[93m10[0m - [91merror[0m[90m TS1005: [0m';' expected.

[7m1377[0m         ): this;
[7m    [0m [91m         ~[0m
[96mnode_modules/@types/node/http2.d.ts[0m:[93m1377[0m:[93m12[0m - [91merror[0m[90m TS2331: [0m'this' cannot be referenced in a module or namespace body.

[7m1377[0m         ): this;
[7m    [0m [91m           ~~~~[0m
[96mnode_modules/@types/node/http2.d.ts[0m:[93m1378[0m:[93m9[0m - [91merror[0m[90m TS2304: [0mCannot find name 'prependListener'.

[7m1378[0m         prependListener(event: "timeout", listener: () => void): this;
[7m    [0m [91m        ~~~~~~~~~~~~~~~[0m
[96mnode_modules/@types/node/http2.d.ts[0m:[93m1378[0m:[93m30[0m - [91merror[0m[90m TS1005: [0m',' expected.

[7m1378[0m         prependListener(event: "timeout", listener: () => void): this;
[7m    [0m [91m                             ~[0m
[96mnode_modules/@types/node/http2.d.ts[0m:[93m1378[0m:[93m43[0m - [91merror[0m[90m TS2304: [0mCannot find name 'listener'.

[7m1378[0m         prependListener(event: "timeout", listener: () => void): this;
[7m    [0m [91m                                          ~~~~~~~~[0m
[96mnode_modules/@types/node/http2.d.ts[0m:[93m1378[0m:[93m51[0m - [91merror[0m[90m TS1005: [0m',' expected.

[7m1378[0m         prependListener(event: "timeout", listener: () => void): this;
[7m    [0m [91m                                                  ~[0m
[96mnode_modules/@types/node/http2.d.ts[0m:[93m1378[0m:[93m63[0m - [91merror[0m[90m TS1109: [0mExpression expected.

[7m1378[0m         prependListener(event: "timeout", listener: () => void): this;
[7m    [0m [91m                                                              ~[0m
[96mnode_modules/@types/node/http2.d.ts[0m:[93m1378[0m:[93m64[0m - [91merror[0m[90m TS1005: [0m';' expected.

[7m1378[0m         prependListener(event: "timeout", listener: () => void): this;
[7m    [0m [91m                                                               ~[0m
[96mnode_modules/@types/node/http2.d.ts[0m:[93m1378[0m:[93m66[0m - [91merror[0m[90m TS2331: [0m'this' cannot be referenced in a module or namespace body.

[7m1378[0m         prependListener(event: "timeout", listener: () => void): this;
[7m    [0m [91m                                                                 ~~~~[0m
[96mnode_modules/@types/node/http2.d.ts[0m:[93m1379[0m:[93m9[0m - [91merror[0m[90m TS2304: [0mCannot find name 'prependListener'.

[7m1379[0m         prependListener(event: string | symbol, listener: (...args: any[]) => void): this;
[7m    [0m [91m        ~~~~~~~~~~~~~~~[0m
[96mnode_modules/@types/node/http2.d.ts[0m:[93m1379[0m:[93m30[0m - [91merror[0m[90m TS1005: [0m',' expected.

[7m1379[0m         prependListener(event: string | symbol, listener: (...args: any[]) => void): this;
[7m    [0m [91m                             ~[0m
[96mnode_modules/@types/node/http2.d.ts[0m:[93m1379[0m:[93m32[0m - [91merror[0m[90m TS2693: [0m'string' only refers to a type, but is being used as a value here.

[7m1379[0m         prependListener(event: string | symbol, listener: (...args: any[]) => void): this;
[7m    [0m [91m                               ~~~~~~[0m
[96mnode_modules/@types/node/http2.d.ts[0m:[93m1379[0m:[93m41[0m - [91merror[0m[90m TS2304: [0mCannot find name 'symbol'.

[7m1379[0m         prependListener(event: string | symbol, listener: (...args: any[]) => void): this;
[7m    [0m [91m                                        ~~~~~~[0m
[96mnode_modules/@types/node/http2.d.ts[0m:[93m1379[0m:[93m49[0m - [91merror[0m[90m TS2304: [0mCannot find name 'listener'.

[7m1379[0m         prependListener(event: string | symbol, listener: (...args: any[]) => void): this;
[7m    [0m [91m                                                ~~~~~~~~[0m
[96mnode_modules/@types/node/http2.d.ts[0m:[93m1379[0m:[93m57[0m - [91merror[0m[90m TS1005: [0m',' expected.

[7m1379[0m         prependListener(event: string | symbol, listener: (...args: any[]) => void): this;
[7m    [0m [91m                                                        ~[0m
[96mnode_modules/@types/node/http2.d.ts[0m:[93m1379[0m:[93m83[0m - [91merror[0m[90m TS1109: [0mExpression expected.

[7m1379[0m         prependListener(event: string | symbol, listener: (...args: any[]) => void): this;
[7m    [0m [91m                                                                                  ~[0m
[96mnode_modules/@types/node/http2.d.ts[0m:[93m1379[0m:[93m84[0m - [91merror[0m[90m TS1005: [0m';' expected.

[7m1379[0m         prependListener(event: string | symbol, listener: (...args: any[]) => void): this;
[7m    [0m [91m                                                                                   ~[0m
[96mnode_modules/@types/node/http2.d.ts[0m:[93m1379[0m:[93m86[0m - [91merror[0m[90m TS2331: [0m'this' cannot be referenced in a module or namespace body.

[7m1379[0m         prependListener(event: string | symbol, listener: (...args: any[]) => void): this;
[7m    [0m [91m                                                                                     ~~~~[0m
[96mnode_modules/@types/node/http2.d.ts[0m:[93m1380[0m:[93m9[0m - [91merror[0m[90m TS2304: [0mCannot find name 'prependOnceListener'.

[7m1380[0m         prependOnceListener(
[7m    [0m [91m        ~~~~~~~~~~~~~~~~~~~[0m
[96mnode_modules/@types/node/http2.d.ts[0m:[93m1381[0m:[93m18[0m - [91merror[0m[90m TS1005: [0m',' expected.

[7m1381[0m             event: "checkContinue",
[7m    [0m [91m                 ~[0m
[96mnode_modules/@types/node/http2.d.ts[0m:[93m1382[0m:[93m13[0m - [91merror[0m[90m TS2304: [0mCannot find name 'listener'.

[7m1382[0m             listener: (request: InstanceType<Http2Request>, response: InstanceType<Http2Response>) => void,
[7m    [0m [91m            ~~~~~~~~[0m
[96mnode_modules/@types/node/http2.d.ts[0m:[93m1382[0m:[93m21[0m - [91merror[0m[90m TS1005: [0m',' expected.

[7m1382[0m             listener: (request: InstanceType<Http2Request>, response: InstanceType<Http2Response>) => void,
[7m    [0m [91m                    ~[0m
[96mnode_modules/@types/node/http2.d.ts[0m:[93m1382[0m:[93m46[0m - [91merror[0m[90m TS2304: [0mCannot find name 'Http2Request'.

[7m1382[0m             listener: (request: InstanceType<Http2Request>, response: InstanceType<Http2Response>) => void,
[7m    [0m [91m                                             ~~~~~~~~~~~~[0m
[96mnode_modules/@types/node/http2.d.ts[0m:[93m1382[0m:[93m84[0m - [91merror[0m[90m TS2304: [0mCannot find name 'Http2Response'.

[7m1382[0m             listener: (request: InstanceType<Http2Request>, response: InstanceType<Http2Response>) => void,
[7m    [0m [91m                                                                                   ~~~~~~~~~~~~~[0m
[96mnode_modules/@types/node/http2.d.ts[0m:[93m1382[0m:[93m107[0m - [91merror[0m[90m TS1109: [0mExpression expected.

[7m1382[0m             listener: (request: InstanceType<Http2Request>, response: InstanceType<Http2Response>) => void,
[7m    [0m [91m                                                                                                          ~[0m
[96mnode_modules/@types/node/http2.d.ts[0m:[93m1383[0m:[93m10[0m - [91merror[0m[90m TS1005: [0m';' expected.

[7m1383[0m         ): this;
[7m    [0m [91m         ~[0m
[96mnode_modules/@types/node/http2.d.ts[0m:[93m1383[0m:[93m12[0m - [91merror[0m[90m TS2331: [0m'this' cannot be referenced in a module or namespace body.

[7m1383[0m         ): this;
[7m    [0m [91m           ~~~~[0m
[96mnode_modules/@types/node/http2.d.ts[0m:[93m1384[0m:[93m9[0m - [91merror[0m[90m TS2304: [0mCannot find name 'prependOnceListener'.

[7m1384[0m         prependOnceListener(
[7m    [0m [91m        ~~~~~~~~~~~~~~~~~~~[0m
[96mnode_modules/@types/node/http2.d.ts[0m:[93m1385[0m:[93m18[0m - [91merror[0m[90m TS1005: [0m',' expected.

[7m1385[0m             event: "request",
[7m    [0m [91m                 ~[0m
[96mnode_modules/@types/node/http2.d.ts[0m:[93m1386[0m:[93m13[0m - [91merror[0m[90m TS2304: [0mCannot find name 'listener'.

[7m1386[0m             listener: (request: InstanceType<Http2Request>, response: InstanceType<Http2Response>) => void,
[7m    [0m [91m            ~~~~~~~~[0m
[96mnode_modules/@types/node/http2.d.ts[0m:[93m1386[0m:[93m21[0m - [91merror[0m[90m TS1005: [0m',' expected.

[7m1386[0m             listener: (request: InstanceType<Http2Request>, response: InstanceType<Http2Response>) => void,
[7m    [0m [91m                    ~[0m
[96mnode_modules/@types/node/http2.d.ts[0m:[93m1386[0m:[93m46[0m - [91merror[0m[90m TS2304: [0mCannot find name 'Http2Request'.

[7m1386[0m             listener: (request: InstanceType<Http2Request>, response: InstanceType<Http2Response>) => void,
[7m    [0m [91m                                             ~~~~~~~~~~~~[0m
[96mnode_modules/@types/node/http2.d.ts[0m:[93m1386[0m:[93m84[0m - [91merror[0m[90m TS2304: [0mCannot find name 'Http2Response'.

[7m1386[0m             listener: (request: InstanceType<Http2Request>, response: InstanceType<Http2Response>) => void,
[7m    [0m [91m                                                                                   ~~~~~~~~~~~~~[0m
[96mnode_modules/@types/node/http2.d.ts[0m:[93m1386[0m:[93m107[0m - [91merror[0m[90m TS1109: [0mExpression expected.

[7m1386[0m             listener: (request: InstanceType<Http2Request>, response: InstanceType<Http2Response>) => void,
[7m    [0m [91m                                                                                                          ~[0m
[96mnode_modules/@types/node/http2.d.ts[0m:[93m1387[0m:[93m10[0m - [91merror[0m[90m TS1005: [0m';' expected.

[7m1387[0m         ): this;
[7m    [0m [91m         ~[0m
[96mnode_modules/@types/node/http2.d.ts[0m:[93m1387[0m:[93m12[0m - [91merror[0m[90m TS2331: [0m'this' cannot be referenced in a module or namespace body.

[7m1387[0m         ): this;
[7m    [0m [91m           ~~~~[0m
[96mnode_modules/@types/node/http2.d.ts[0m:[93m1388[0m:[93m9[0m - [91merror[0m[90m TS2304: [0mCannot find name 'prependOnceListener'.

[7m1388[0m         prependOnceListener(
[7m    [0m [91m        ~~~~~~~~~~~~~~~~~~~[0m
[96mnode_modules/@types/node/http2.d.ts[0m:[93m1389[0m:[93m18[0m - [91merror[0m[90m TS1005: [0m',' expected.

[7m1389[0m             event: "session",
[7m    [0m [91m                 ~[0m
[96mnode_modules/@types/node/http2.d.ts[0m:[93m1390[0m:[93m13[0m - [91merror[0m[90m TS2304: [0mCannot find name 'listener'.

[7m1390[0m             listener: (session: ServerHttp2Session<Http1Request, Http1Response, Http2Request, Http2Response>) => void,
[7m    [0m [91m            ~~~~~~~~[0m
[96mnode_modules/@types/node/http2.d.ts[0m:[93m1390[0m:[93m21[0m - [91merror[0m[90m TS1005: [0m',' expected.

[7m1390[0m             listener: (session: ServerHttp2Session<Http1Request, Http1Response, Http2Request, Http2Response>) => void,
[7m    [0m [91m                    ~[0m
[96mnode_modules/@types/node/http2.d.ts[0m:[93m1390[0m:[93m33[0m - [91merror[0m[90m TS2314: [0mGeneric type 'ServerHttp2Session<Http1Request, Http1Response>' requires 2 type argument(s).

[7m1390[0m             listener: (session: ServerHttp2Session<Http1Request, Http1Response, Http2Request, Http2Response>) => void,
[7m    [0m [91m                                ~~~~~~~~~~~~~~~~~~~~~~~~~~~~~~~~~~~~~~~~~~~~~~~~~~~~~~~~~~~~~~~~~~~~~~~~~~~~[0m
[96mnode_modules/@types/node/http2.d.ts[0m:[93m1390[0m:[93m52[0m - [91merror[0m[90m TS2304: [0mCannot find name 'Http1Request'.

[7m1390[0m             listener: (session: ServerHttp2Session<Http1Request, Http1Response, Http2Request, Http2Response>) => void,
[7m    [0m [91m                                                   ~~~~~~~~~~~~[0m
[96mnode_modules/@types/node/http2.d.ts[0m:[93m1390[0m:[93m66[0m - [91merror[0m[90m TS2304: [0mCannot find name 'Http1Response'.

[7m1390[0m             listener: (session: ServerHttp2Session<Http1Request, Http1Response, Http2Request, Http2Response>) => void,
[7m    [0m [91m                                                                 ~~~~~~~~~~~~~[0m
[96mnode_modules/@types/node/http2.d.ts[0m:[93m1390[0m:[93m81[0m - [91merror[0m[90m TS2304: [0mCannot find name 'Http2Request'.

[7m1390[0m             listener: (session: ServerHttp2Session<Http1Request, Http1Response, Http2Request, Http2Response>) => void,
[7m    [0m [91m                                                                                ~~~~~~~~~~~~[0m
[96mnode_modules/@types/node/http2.d.ts[0m:[93m1390[0m:[93m95[0m - [91merror[0m[90m TS2304: [0mCannot find name 'Http2Response'.

[7m1390[0m             listener: (session: ServerHttp2Session<Http1Request, Http1Response, Http2Request, Http2Response>) => void,
[7m    [0m [91m                                                                                              ~~~~~~~~~~~~~[0m
[96mnode_modules/@types/node/http2.d.ts[0m:[93m1390[0m:[93m118[0m - [91merror[0m[90m TS1109: [0mExpression expected.

[7m1390[0m             listener: (session: ServerHttp2Session<Http1Request, Http1Response, Http2Request, Http2Response>) => void,
[7m    [0m [91m                                                                                                                     ~[0m
[96mnode_modules/@types/node/http2.d.ts[0m:[93m1391[0m:[93m10[0m - [91merror[0m[90m TS1005: [0m';' expected.

[7m1391[0m         ): this;
[7m    [0m [91m         ~[0m
[96mnode_modules/@types/node/http2.d.ts[0m:[93m1391[0m:[93m12[0m - [91merror[0m[90m TS2331: [0m'this' cannot be referenced in a module or namespace body.

[7m1391[0m         ): this;
[7m    [0m [91m           ~~~~[0m
[96mnode_modules/@types/node/http2.d.ts[0m:[93m1392[0m:[93m9[0m - [91merror[0m[90m TS2304: [0mCannot find name 'prependOnceListener'.

[7m1392[0m         prependOnceListener(event: "sessionError", listener: (err: Error) => void): this;
[7m    [0m [91m        ~~~~~~~~~~~~~~~~~~~[0m
[96mnode_modules/@types/node/http2.d.ts[0m:[93m1392[0m:[93m34[0m - [91merror[0m[90m TS1005: [0m',' expected.

[7m1392[0m         prependOnceListener(event: "sessionError", listener: (err: Error) => void): this;
[7m    [0m [91m                                 ~[0m
[96mnode_modules/@types/node/http2.d.ts[0m:[93m1392[0m:[93m52[0m - [91merror[0m[90m TS2304: [0mCannot find name 'listener'.

[7m1392[0m         prependOnceListener(event: "sessionError", listener: (err: Error) => void): this;
[7m    [0m [91m                                                   ~~~~~~~~[0m
[96mnode_modules/@types/node/http2.d.ts[0m:[93m1392[0m:[93m60[0m - [91merror[0m[90m TS1005: [0m',' expected.

[7m1392[0m         prependOnceListener(event: "sessionError", listener: (err: Error) => void): this;
[7m    [0m [91m                                                           ~[0m
[96mnode_modules/@types/node/http2.d.ts[0m:[93m1392[0m:[93m82[0m - [91merror[0m[90m TS1109: [0mExpression expected.

[7m1392[0m         prependOnceListener(event: "sessionError", listener: (err: Error) => void): this;
[7m    [0m [91m                                                                                 ~[0m
[96mnode_modules/@types/node/http2.d.ts[0m:[93m1392[0m:[93m83[0m - [91merror[0m[90m TS1005: [0m';' expected.

[7m1392[0m         prependOnceListener(event: "sessionError", listener: (err: Error) => void): this;
[7m    [0m [91m                                                                                  ~[0m
[96mnode_modules/@types/node/http2.d.ts[0m:[93m1392[0m:[93m85[0m - [91merror[0m[90m TS2331: [0m'this' cannot be referenced in a module or namespace body.

[7m1392[0m         prependOnceListener(event: "sessionError", listener: (err: Error) => void): this;
[7m    [0m [91m                                                                                    ~~~~[0m
[96mnode_modules/@types/node/http2.d.ts[0m:[93m1393[0m:[93m9[0m - [91merror[0m[90m TS2304: [0mCannot find name 'prependOnceListener'.

[7m1393[0m         prependOnceListener(
[7m    [0m [91m        ~~~~~~~~~~~~~~~~~~~[0m
[96mnode_modules/@types/node/http2.d.ts[0m:[93m1394[0m:[93m18[0m - [91merror[0m[90m TS1005: [0m',' expected.

[7m1394[0m             event: "stream",
[7m    [0m [91m                 ~[0m
[96mnode_modules/@types/node/http2.d.ts[0m:[93m1395[0m:[93m13[0m - [91merror[0m[90m TS2304: [0mCannot find name 'listener'.

[7m1395[0m             listener: (stream: ServerHttp2Stream, headers: IncomingHttpHeaders, flags: number) => void,
[7m    [0m [91m            ~~~~~~~~[0m
[96mnode_modules/@types/node/http2.d.ts[0m:[93m1395[0m:[93m21[0m - [91merror[0m[90m TS1005: [0m',' expected.

[7m1395[0m             listener: (stream: ServerHttp2Stream, headers: IncomingHttpHeaders, flags: number) => void,
[7m    [0m [91m                    ~[0m
[96mnode_modules/@types/node/http2.d.ts[0m:[93m1395[0m:[93m103[0m - [91merror[0m[90m TS1109: [0mExpression expected.

[7m1395[0m             listener: (stream: ServerHttp2Stream, headers: IncomingHttpHeaders, flags: number) => void,
[7m    [0m [91m                                                                                                      ~[0m
[96mnode_modules/@types/node/http2.d.ts[0m:[93m1396[0m:[93m10[0m - [91merror[0m[90m TS1005: [0m';' expected.

[7m1396[0m         ): this;
[7m    [0m [91m         ~[0m
[96mnode_modules/@types/node/http2.d.ts[0m:[93m1396[0m:[93m12[0m - [91merror[0m[90m TS2331: [0m'this' cannot be referenced in a module or namespace body.

[7m1396[0m         ): this;
[7m    [0m [91m           ~~~~[0m
[96mnode_modules/@types/node/http2.d.ts[0m:[93m1397[0m:[93m9[0m - [91merror[0m[90m TS2304: [0mCannot find name 'prependOnceListener'.

[7m1397[0m         prependOnceListener(event: "timeout", listener: () => void): this;
[7m    [0m [91m        ~~~~~~~~~~~~~~~~~~~[0m
[96mnode_modules/@types/node/http2.d.ts[0m:[93m1397[0m:[93m34[0m - [91merror[0m[90m TS1005: [0m',' expected.

[7m1397[0m         prependOnceListener(event: "timeout", listener: () => void): this;
[7m    [0m [91m                                 ~[0m
[96mnode_modules/@types/node/http2.d.ts[0m:[93m1397[0m:[93m47[0m - [91merror[0m[90m TS2304: [0mCannot find name 'listener'.

[7m1397[0m         prependOnceListener(event: "timeout", listener: () => void): this;
[7m    [0m [91m                                              ~~~~~~~~[0m
[96mnode_modules/@types/node/http2.d.ts[0m:[93m1397[0m:[93m55[0m - [91merror[0m[90m TS1005: [0m',' expected.

[7m1397[0m         prependOnceListener(event: "timeout", listener: () => void): this;
[7m    [0m [91m                                                      ~[0m
[96mnode_modules/@types/node/http2.d.ts[0m:[93m1397[0m:[93m67[0m - [91merror[0m[90m TS1109: [0mExpression expected.

[7m1397[0m         prependOnceListener(event: "timeout", listener: () => void): this;
[7m    [0m [91m                                                                  ~[0m
[96mnode_modules/@types/node/http2.d.ts[0m:[93m1397[0m:[93m68[0m - [91merror[0m[90m TS1005: [0m';' expected.

[7m1397[0m         prependOnceListener(event: "timeout", listener: () => void): this;
[7m    [0m [91m                                                                   ~[0m
[96mnode_modules/@types/node/http2.d.ts[0m:[93m1397[0m:[93m70[0m - [91merror[0m[90m TS2331: [0m'this' cannot be referenced in a module or namespace body.

[7m1397[0m         prependOnceListener(event: "timeout", listener: () => void): this;
[7m    [0m [91m                                                                     ~~~~[0m
[96mnode_modules/@types/node/http2.d.ts[0m:[93m1398[0m:[93m9[0m - [91merror[0m[90m TS2304: [0mCannot find name 'prependOnceListener'.

[7m1398[0m         prependOnceListener(event: string | symbol, listener: (...args: any[]) => void): this;
[7m    [0m [91m        ~~~~~~~~~~~~~~~~~~~[0m
[96mnode_modules/@types/node/http2.d.ts[0m:[93m1398[0m:[93m34[0m - [91merror[0m[90m TS1005: [0m',' expected.

[7m1398[0m         prependOnceListener(event: string | symbol, listener: (...args: any[]) => void): this;
[7m    [0m [91m                                 ~[0m
[96mnode_modules/@types/node/http2.d.ts[0m:[93m1398[0m:[93m36[0m - [91merror[0m[90m TS2693: [0m'string' only refers to a type, but is being used as a value here.

[7m1398[0m         prependOnceListener(event: string | symbol, listener: (...args: any[]) => void): this;
[7m    [0m [91m                                   ~~~~~~[0m
[96mnode_modules/@types/node/http2.d.ts[0m:[93m1398[0m:[93m45[0m - [91merror[0m[90m TS2304: [0mCannot find name 'symbol'.

[7m1398[0m         prependOnceListener(event: string | symbol, listener: (...args: any[]) => void): this;
[7m    [0m [91m                                            ~~~~~~[0m
[96mnode_modules/@types/node/http2.d.ts[0m:[93m1398[0m:[93m53[0m - [91merror[0m[90m TS2304: [0mCannot find name 'listener'.

[7m1398[0m         prependOnceListener(event: string | symbol, listener: (...args: any[]) => void): this;
[7m    [0m [91m                                                    ~~~~~~~~[0m
[96mnode_modules/@types/node/http2.d.ts[0m:[93m1398[0m:[93m61[0m - [91merror[0m[90m TS1005: [0m',' expected.

[7m1398[0m         prependOnceListener(event: string | symbol, listener: (...args: any[]) => void): this;
[7m    [0m [91m                                                            ~[0m
[96mnode_modules/@types/node/http2.d.ts[0m:[93m1398[0m:[93m87[0m - [91merror[0m[90m TS1109: [0mExpression expected.

[7m1398[0m         prependOnceListener(event: string | symbol, listener: (...args: any[]) => void): this;
[7m    [0m [91m                                                                                      ~[0m
[96mnode_modules/@types/node/http2.d.ts[0m:[93m1398[0m:[93m88[0m - [91merror[0m[90m TS1005: [0m';' expected.

[7m1398[0m         prependOnceListener(event: string | symbol, listener: (...args: any[]) => void): this;
[7m    [0m [91m                                                                                       ~[0m
[96mnode_modules/@types/node/http2.d.ts[0m:[93m1398[0m:[93m90[0m - [91merror[0m[90m TS2331: [0m'this' cannot be referenced in a module or namespace body.

[7m1398[0m         prependOnceListener(event: string | symbol, listener: (...args: any[]) => void): this;
[7m    [0m [91m                                                                                         ~~~~[0m
[96mnode_modules/@types/node/http2.d.ts[0m:[93m1402[0m:[93m9[0m - [91merror[0m[90m TS2706: [0mRequired type parameters may not follow optional type parameters.

[7m1402[0m         Http1Response extends typeof ServerResponse<InstanceType<Http1Request>> = typeof ServerResponse,
[7m    [0m [91m        ~~~~~~~~~~~~~~~~~~~~~~~~~~~~~~~~~~~~~~~~~~~[0m
[96mnode_modules/@types/node/http2.d.ts[0m:[93m1402[0m:[93m52[0m - [91merror[0m[90m TS1005: [0m',' expected.

[7m1402[0m         Http1Response extends typeof ServerResponse<InstanceType<Http1Request>> = typeof ServerResponse,
[7m    [0m [91m                                                   ~[0m
[96mnode_modules/@types/node/http2.d.ts[0m:[93m1402[0m:[93m66[0m - [91merror[0m[90m TS2304: [0mCannot find name 'Http1Request'.

[7m1402[0m         Http1Response extends typeof ServerResponse<InstanceType<Http1Request>> = typeof ServerResponse,
[7m    [0m [91m                                                                 ~~~~~~~~~~~~[0m
[96mnode_modules/@types/node/http2.d.ts[0m:[93m1402[0m:[93m81[0m - [91merror[0m[90m TS1109: [0mExpression expected.

[7m1402[0m         Http1Response extends typeof ServerResponse<InstanceType<Http1Request>> = typeof ServerResponse,
[7m    [0m [91m                                                                                ~[0m
[96mnode_modules/@types/node/http2.d.ts[0m:[93m1402[0m:[93m83[0m - [91merror[0m[90m TS2695: [0mLeft side of comma operator is unused and has no side effects.

[7m1402[0m         Http1Response extends typeof ServerResponse<InstanceType<Http1Request>> = typeof ServerResponse,
[7m    [0m [91m                                                                                  ~~~~~~~~~~~~~~~~~~~~~[0m
[96mnode_modules/@types/node/http2.d.ts[0m:[93m1403[0m:[93m9[0m - [91merror[0m[90m TS2304: [0mCannot find name 'Http2Request'.

[7m1403[0m         Http2Request extends typeof Http2ServerRequest = typeof Http2ServerRequest,
[7m    [0m [91m        ~~~~~~~~~~~~[0m
[96mnode_modules/@types/node/http2.d.ts[0m:[93m1403[0m:[93m22[0m - [91merror[0m[90m TS1005: [0m';' expected.

[7m1403[0m         Http2Request extends typeof Http2ServerRequest = typeof Http2ServerRequest,
[7m    [0m [91m                     ~~~~~~~[0m
[96mnode_modules/@types/node/http2.d.ts[0m:[93m1403[0m:[93m56[0m - [91merror[0m[90m TS1005: [0m';' expected.

[7m1403[0m         Http2Request extends typeof Http2ServerRequest = typeof Http2ServerRequest,
[7m    [0m [91m                                                       ~[0m
[96mnode_modules/@types/node/http2.d.ts[0m:[93m1403[0m:[93m58[0m - [91merror[0m[90m TS2695: [0mLeft side of comma operator is unused and has no side effects.

[7m1403[0m         Http2Request extends typeof Http2ServerRequest = typeof Http2ServerRequest,
[7m    [0m [91m                                                         ~~~~~~~~~~~~~~~~~~~~~~~~~[0m
[96mnode_modules/@types/node/http2.d.ts[0m:[93m1404[0m:[93m9[0m - [91merror[0m[90m TS2304: [0mCannot find name 'Http2Response'.

[7m1404[0m         Http2Response extends typeof Http2ServerResponse<InstanceType<Http2Request>> = typeof Http2ServerResponse,
[7m    [0m [91m        ~~~~~~~~~~~~~[0m
[96mnode_modules/@types/node/http2.d.ts[0m:[93m1404[0m:[93m23[0m - [91merror[0m[90m TS1005: [0m';' expected.

[7m1404[0m         Http2Response extends typeof Http2ServerResponse<InstanceType<Http2Request>> = typeof Http2ServerResponse,
[7m    [0m [91m                      ~~~~~~~[0m
[96mnode_modules/@types/node/http2.d.ts[0m:[93m1404[0m:[93m31[0m - [91merror[0m[90m TS2365: [0mOperator '<' cannot be applied to types 'boolean' and 'number'.

[7m1404[0m         Http2Response extends typeof Http2ServerResponse<InstanceType<Http2Request>> = typeof Http2ServerResponse,
[7m    [0m [91m                              ~~~~~~~~~~~~~~~~~~~~~~~~~~~~~~~~~~~~~~~~~~~~~~~~~~~~~~[0m
[96mnode_modules/@types/node/http2.d.ts[0m:[93m1404[0m:[93m58[0m - [91merror[0m[90m TS2693: [0m'InstanceType' only refers to a type, but is being used as a value here.

[7m1404[0m         Http2Response extends typeof Http2ServerResponse<InstanceType<Http2Request>> = typeof Http2ServerResponse,
[7m    [0m [91m                                                         ~~~~~~~~~~~~[0m
[96mnode_modules/@types/node/http2.d.ts[0m:[93m1404[0m:[93m71[0m - [91merror[0m[90m TS2304: [0mCannot find name 'Http2Request'.

[7m1404[0m         Http2Response extends typeof Http2ServerResponse<InstanceType<Http2Request>> = typeof Http2ServerResponse,
[7m    [0m [91m                                                                      ~~~~~~~~~~~~[0m
[96mnode_modules/@types/node/http2.d.ts[0m:[93m1404[0m:[93m86[0m - [91merror[0m[90m TS1109: [0mExpression expected.

[7m1404[0m         Http2Response extends typeof Http2ServerResponse<InstanceType<Http2Request>> = typeof Http2ServerResponse,
[7m    [0m [91m                                                                                     ~[0m
[96mnode_modules/@types/node/http2.d.ts[0m:[93m1404[0m:[93m88[0m - [91merror[0m[90m TS2695: [0mLeft side of comma operator is unused and has no side effects.

[7m1404[0m         Http2Response extends typeof Http2ServerResponse<InstanceType<Http2Request>> = typeof Http2ServerResponse,
[7m    [0m [91m                                                                                       ~~~~~~~~~~~~~~~~~~~~~~~~~~[0m
[96mnode_modules/@types/node/http2.d.ts[0m:[93m1405[0m:[93m5[0m - [91merror[0m[90m TS1109: [0mExpression expected.

[7m1405[0m     > extends tls.Server, HTTP2ServerCommon {
[7m    [0m [91m    ~[0m
[96mnode_modules/@types/node/http2.d.ts[0m:[93m1405[0m:[93m7[0m - [91merror[0m[90m TS1109: [0mExpression expected.

[7m1405[0m     > extends tls.Server, HTTP2ServerCommon {
[7m    [0m [91m      ~~~~~~~[0m
[96mnode_modules/@types/node/http2.d.ts[0m:[93m1405[0m:[93m27[0m - [91merror[0m[90m TS2693: [0m'HTTP2ServerCommon' only refers to a type, but is being used as a value here.

[7m1405[0m     > extends tls.Server, HTTP2ServerCommon {
[7m    [0m [91m                          ~~~~~~~~~~~~~~~~~[0m
[96mnode_modules/@types/node/http2.d.ts[0m:[93m1405[0m:[93m45[0m - [91merror[0m[90m TS1005: [0m';' expected.

[7m1405[0m     > extends tls.Server, HTTP2ServerCommon {
[7m    [0m [91m                                            ~[0m
[96mnode_modules/@types/node/http2.d.ts[0m:[93m1406[0m:[93m9[0m - [91merror[0m[90m TS2304: [0mCannot find name 'addListener'.

[7m1406[0m         addListener(
[7m    [0m [91m        ~~~~~~~~~~~[0m
[96mnode_modules/@types/node/http2.d.ts[0m:[93m1407[0m:[93m18[0m - [91merror[0m[90m TS1005: [0m',' expected.

[7m1407[0m             event: "checkContinue",
[7m    [0m [91m                 ~[0m
[96mnode_modules/@types/node/http2.d.ts[0m:[93m1408[0m:[93m13[0m - [91merror[0m[90m TS2304: [0mCannot find name 'listener'.

[7m1408[0m             listener: (request: InstanceType<Http2Request>, response: InstanceType<Http2Response>) => void,
[7m    [0m [91m            ~~~~~~~~[0m
[96mnode_modules/@types/node/http2.d.ts[0m:[93m1408[0m:[93m21[0m - [91merror[0m[90m TS1005: [0m',' expected.

[7m1408[0m             listener: (request: InstanceType<Http2Request>, response: InstanceType<Http2Response>) => void,
[7m    [0m [91m                    ~[0m
[96mnode_modules/@types/node/http2.d.ts[0m:[93m1408[0m:[93m46[0m - [91merror[0m[90m TS2304: [0mCannot find name 'Http2Request'.

[7m1408[0m             listener: (request: InstanceType<Http2Request>, response: InstanceType<Http2Response>) => void,
[7m    [0m [91m                                             ~~~~~~~~~~~~[0m
[96mnode_modules/@types/node/http2.d.ts[0m:[93m1408[0m:[93m84[0m - [91merror[0m[90m TS2304: [0mCannot find name 'Http2Response'.

[7m1408[0m             listener: (request: InstanceType<Http2Request>, response: InstanceType<Http2Response>) => void,
[7m    [0m [91m                                                                                   ~~~~~~~~~~~~~[0m
[96mnode_modules/@types/node/http2.d.ts[0m:[93m1408[0m:[93m107[0m - [91merror[0m[90m TS1109: [0mExpression expected.

[7m1408[0m             listener: (request: InstanceType<Http2Request>, response: InstanceType<Http2Response>) => void,
[7m    [0m [91m                                                                                                          ~[0m
[96mnode_modules/@types/node/http2.d.ts[0m:[93m1409[0m:[93m10[0m - [91merror[0m[90m TS1005: [0m';' expected.

[7m1409[0m         ): this;
[7m    [0m [91m         ~[0m
[96mnode_modules/@types/node/http2.d.ts[0m:[93m1409[0m:[93m12[0m - [91merror[0m[90m TS2331: [0m'this' cannot be referenced in a module or namespace body.

[7m1409[0m         ): this;
[7m    [0m [91m           ~~~~[0m
[96mnode_modules/@types/node/http2.d.ts[0m:[93m1410[0m:[93m9[0m - [91merror[0m[90m TS2304: [0mCannot find name 'addListener'.

[7m1410[0m         addListener(
[7m    [0m [91m        ~~~~~~~~~~~[0m
[96mnode_modules/@types/node/http2.d.ts[0m:[93m1411[0m:[93m18[0m - [91merror[0m[90m TS1005: [0m',' expected.

[7m1411[0m             event: "request",
[7m    [0m [91m                 ~[0m
[96mnode_modules/@types/node/http2.d.ts[0m:[93m1412[0m:[93m13[0m - [91merror[0m[90m TS2304: [0mCannot find name 'listener'.

[7m1412[0m             listener: (request: InstanceType<Http2Request>, response: InstanceType<Http2Response>) => void,
[7m    [0m [91m            ~~~~~~~~[0m
[96mnode_modules/@types/node/http2.d.ts[0m:[93m1412[0m:[93m21[0m - [91merror[0m[90m TS1005: [0m',' expected.

[7m1412[0m             listener: (request: InstanceType<Http2Request>, response: InstanceType<Http2Response>) => void,
[7m    [0m [91m                    ~[0m
[96mnode_modules/@types/node/http2.d.ts[0m:[93m1412[0m:[93m46[0m - [91merror[0m[90m TS2304: [0mCannot find name 'Http2Request'.

[7m1412[0m             listener: (request: InstanceType<Http2Request>, response: InstanceType<Http2Response>) => void,
[7m    [0m [91m                                             ~~~~~~~~~~~~[0m
[96mnode_modules/@types/node/http2.d.ts[0m:[93m1412[0m:[93m84[0m - [91merror[0m[90m TS2304: [0mCannot find name 'Http2Response'.

[7m1412[0m             listener: (request: InstanceType<Http2Request>, response: InstanceType<Http2Response>) => void,
[7m    [0m [91m                                                                                   ~~~~~~~~~~~~~[0m
[96mnode_modules/@types/node/http2.d.ts[0m:[93m1412[0m:[93m107[0m - [91merror[0m[90m TS1109: [0mExpression expected.

[7m1412[0m             listener: (request: InstanceType<Http2Request>, response: InstanceType<Http2Response>) => void,
[7m    [0m [91m                                                                                                          ~[0m
[96mnode_modules/@types/node/http2.d.ts[0m:[93m1413[0m:[93m10[0m - [91merror[0m[90m TS1005: [0m';' expected.

[7m1413[0m         ): this;
[7m    [0m [91m         ~[0m
[96mnode_modules/@types/node/http2.d.ts[0m:[93m1413[0m:[93m12[0m - [91merror[0m[90m TS2331: [0m'this' cannot be referenced in a module or namespace body.

[7m1413[0m         ): this;
[7m    [0m [91m           ~~~~[0m
[96mnode_modules/@types/node/http2.d.ts[0m:[93m1414[0m:[93m9[0m - [91merror[0m[90m TS2304: [0mCannot find name 'addListener'.

[7m1414[0m         addListener(
[7m    [0m [91m        ~~~~~~~~~~~[0m
[96mnode_modules/@types/node/http2.d.ts[0m:[93m1415[0m:[93m18[0m - [91merror[0m[90m TS1005: [0m',' expected.

[7m1415[0m             event: "session",
[7m    [0m [91m                 ~[0m
[96mnode_modules/@types/node/http2.d.ts[0m:[93m1416[0m:[93m13[0m - [91merror[0m[90m TS2304: [0mCannot find name 'listener'.

[7m1416[0m             listener: (session: ServerHttp2Session<Http1Request, Http1Response, Http2Request, Http2Response>) => void,
[7m    [0m [91m            ~~~~~~~~[0m
[96mnode_modules/@types/node/http2.d.ts[0m:[93m1416[0m:[93m21[0m - [91merror[0m[90m TS1005: [0m',' expected.

[7m1416[0m             listener: (session: ServerHttp2Session<Http1Request, Http1Response, Http2Request, Http2Response>) => void,
[7m    [0m [91m                    ~[0m
[96mnode_modules/@types/node/http2.d.ts[0m:[93m1416[0m:[93m33[0m - [91merror[0m[90m TS2314: [0mGeneric type 'ServerHttp2Session<Http1Request, Http1Response>' requires 2 type argument(s).

[7m1416[0m             listener: (session: ServerHttp2Session<Http1Request, Http1Response, Http2Request, Http2Response>) => void,
[7m    [0m [91m                                ~~~~~~~~~~~~~~~~~~~~~~~~~~~~~~~~~~~~~~~~~~~~~~~~~~~~~~~~~~~~~~~~~~~~~~~~~~~~[0m
[96mnode_modules/@types/node/http2.d.ts[0m:[93m1416[0m:[93m52[0m - [91merror[0m[90m TS2304: [0mCannot find name 'Http1Request'.

[7m1416[0m             listener: (session: ServerHttp2Session<Http1Request, Http1Response, Http2Request, Http2Response>) => void,
[7m    [0m [91m                                                   ~~~~~~~~~~~~[0m
[96mnode_modules/@types/node/http2.d.ts[0m:[93m1416[0m:[93m66[0m - [91merror[0m[90m TS2304: [0mCannot find name 'Http1Response'.

[7m1416[0m             listener: (session: ServerHttp2Session<Http1Request, Http1Response, Http2Request, Http2Response>) => void,
[7m    [0m [91m                                                                 ~~~~~~~~~~~~~[0m
[96mnode_modules/@types/node/http2.d.ts[0m:[93m1416[0m:[93m81[0m - [91merror[0m[90m TS2304: [0mCannot find name 'Http2Request'.

[7m1416[0m             listener: (session: ServerHttp2Session<Http1Request, Http1Response, Http2Request, Http2Response>) => void,
[7m    [0m [91m                                                                                ~~~~~~~~~~~~[0m
[96mnode_modules/@types/node/http2.d.ts[0m:[93m1416[0m:[93m95[0m - [91merror[0m[90m TS2304: [0mCannot find name 'Http2Response'.

[7m1416[0m             listener: (session: ServerHttp2Session<Http1Request, Http1Response, Http2Request, Http2Response>) => void,
[7m    [0m [91m                                                                                              ~~~~~~~~~~~~~[0m
[96mnode_modules/@types/node/http2.d.ts[0m:[93m1416[0m:[93m118[0m - [91merror[0m[90m TS1109: [0mExpression expected.

[7m1416[0m             listener: (session: ServerHttp2Session<Http1Request, Http1Response, Http2Request, Http2Response>) => void,
[7m    [0m [91m                                                                                                                     ~[0m
[96mnode_modules/@types/node/http2.d.ts[0m:[93m1417[0m:[93m10[0m - [91merror[0m[90m TS1005: [0m';' expected.

[7m1417[0m         ): this;
[7m    [0m [91m         ~[0m
[96mnode_modules/@types/node/http2.d.ts[0m:[93m1417[0m:[93m12[0m - [91merror[0m[90m TS2331: [0m'this' cannot be referenced in a module or namespace body.

[7m1417[0m         ): this;
[7m    [0m [91m           ~~~~[0m
[96mnode_modules/@types/node/http2.d.ts[0m:[93m1418[0m:[93m9[0m - [91merror[0m[90m TS2304: [0mCannot find name 'addListener'.

[7m1418[0m         addListener(event: "sessionError", listener: (err: Error) => void): this;
[7m    [0m [91m        ~~~~~~~~~~~[0m
[96mnode_modules/@types/node/http2.d.ts[0m:[93m1418[0m:[93m26[0m - [91merror[0m[90m TS1005: [0m',' expected.

[7m1418[0m         addListener(event: "sessionError", listener: (err: Error) => void): this;
[7m    [0m [91m                         ~[0m
[96mnode_modules/@types/node/http2.d.ts[0m:[93m1418[0m:[93m44[0m - [91merror[0m[90m TS2304: [0mCannot find name 'listener'.

[7m1418[0m         addListener(event: "sessionError", listener: (err: Error) => void): this;
[7m    [0m [91m                                           ~~~~~~~~[0m
[96mnode_modules/@types/node/http2.d.ts[0m:[93m1418[0m:[93m52[0m - [91merror[0m[90m TS1005: [0m',' expected.

[7m1418[0m         addListener(event: "sessionError", listener: (err: Error) => void): this;
[7m    [0m [91m                                                   ~[0m
[96mnode_modules/@types/node/http2.d.ts[0m:[93m1418[0m:[93m74[0m - [91merror[0m[90m TS1109: [0mExpression expected.

[7m1418[0m         addListener(event: "sessionError", listener: (err: Error) => void): this;
[7m    [0m [91m                                                                         ~[0m
[96mnode_modules/@types/node/http2.d.ts[0m:[93m1418[0m:[93m75[0m - [91merror[0m[90m TS1005: [0m';' expected.

[7m1418[0m         addListener(event: "sessionError", listener: (err: Error) => void): this;
[7m    [0m [91m                                                                          ~[0m
[96mnode_modules/@types/node/http2.d.ts[0m:[93m1418[0m:[93m77[0m - [91merror[0m[90m TS2331: [0m'this' cannot be referenced in a module or namespace body.

[7m1418[0m         addListener(event: "sessionError", listener: (err: Error) => void): this;
[7m    [0m [91m                                                                            ~~~~[0m
[96mnode_modules/@types/node/http2.d.ts[0m:[93m1419[0m:[93m9[0m - [91merror[0m[90m TS2304: [0mCannot find name 'addListener'.

[7m1419[0m         addListener(
[7m    [0m [91m        ~~~~~~~~~~~[0m
[96mnode_modules/@types/node/http2.d.ts[0m:[93m1420[0m:[93m18[0m - [91merror[0m[90m TS1005: [0m',' expected.

[7m1420[0m             event: "stream",
[7m    [0m [91m                 ~[0m
[96mnode_modules/@types/node/http2.d.ts[0m:[93m1421[0m:[93m13[0m - [91merror[0m[90m TS2304: [0mCannot find name 'listener'.

[7m1421[0m             listener: (stream: ServerHttp2Stream, headers: IncomingHttpHeaders, flags: number) => void,
[7m    [0m [91m            ~~~~~~~~[0m
[96mnode_modules/@types/node/http2.d.ts[0m:[93m1421[0m:[93m21[0m - [91merror[0m[90m TS1005: [0m',' expected.

[7m1421[0m             listener: (stream: ServerHttp2Stream, headers: IncomingHttpHeaders, flags: number) => void,
[7m    [0m [91m                    ~[0m
[96mnode_modules/@types/node/http2.d.ts[0m:[93m1421[0m:[93m103[0m - [91merror[0m[90m TS1109: [0mExpression expected.

[7m1421[0m             listener: (stream: ServerHttp2Stream, headers: IncomingHttpHeaders, flags: number) => void,
[7m    [0m [91m                                                                                                      ~[0m
[96mnode_modules/@types/node/http2.d.ts[0m:[93m1422[0m:[93m10[0m - [91merror[0m[90m TS1005: [0m';' expected.

[7m1422[0m         ): this;
[7m    [0m [91m         ~[0m
[96mnode_modules/@types/node/http2.d.ts[0m:[93m1422[0m:[93m12[0m - [91merror[0m[90m TS2331: [0m'this' cannot be referenced in a module or namespace body.

[7m1422[0m         ): this;
[7m    [0m [91m           ~~~~[0m
[96mnode_modules/@types/node/http2.d.ts[0m:[93m1423[0m:[93m9[0m - [91merror[0m[90m TS2304: [0mCannot find name 'addListener'.

[7m1423[0m         addListener(event: "timeout", listener: () => void): this;
[7m    [0m [91m        ~~~~~~~~~~~[0m
[96mnode_modules/@types/node/http2.d.ts[0m:[93m1423[0m:[93m26[0m - [91merror[0m[90m TS1005: [0m',' expected.

[7m1423[0m         addListener(event: "timeout", listener: () => void): this;
[7m    [0m [91m                         ~[0m
[96mnode_modules/@types/node/http2.d.ts[0m:[93m1423[0m:[93m39[0m - [91merror[0m[90m TS2304: [0mCannot find name 'listener'.

[7m1423[0m         addListener(event: "timeout", listener: () => void): this;
[7m    [0m [91m                                      ~~~~~~~~[0m
[96mnode_modules/@types/node/http2.d.ts[0m:[93m1423[0m:[93m47[0m - [91merror[0m[90m TS1005: [0m',' expected.

[7m1423[0m         addListener(event: "timeout", listener: () => void): this;
[7m    [0m [91m                                              ~[0m
[96mnode_modules/@types/node/http2.d.ts[0m:[93m1423[0m:[93m59[0m - [91merror[0m[90m TS1109: [0mExpression expected.

[7m1423[0m         addListener(event: "timeout", listener: () => void): this;
[7m    [0m [91m                                                          ~[0m
[96mnode_modules/@types/node/http2.d.ts[0m:[93m1423[0m:[93m60[0m - [91merror[0m[90m TS1005: [0m';' expected.

[7m1423[0m         addListener(event: "timeout", listener: () => void): this;
[7m    [0m [91m                                                           ~[0m
[96mnode_modules/@types/node/http2.d.ts[0m:[93m1423[0m:[93m62[0m - [91merror[0m[90m TS2331: [0m'this' cannot be referenced in a module or namespace body.

[7m1423[0m         addListener(event: "timeout", listener: () => void): this;
[7m    [0m [91m                                                             ~~~~[0m
[96mnode_modules/@types/node/http2.d.ts[0m:[93m1424[0m:[93m9[0m - [91merror[0m[90m TS2304: [0mCannot find name 'addListener'.

[7m1424[0m         addListener(event: "unknownProtocol", listener: (socket: tls.TLSSocket) => void): this;
[7m    [0m [91m        ~~~~~~~~~~~[0m
[96mnode_modules/@types/node/http2.d.ts[0m:[93m1424[0m:[93m26[0m - [91merror[0m[90m TS1005: [0m',' expected.

[7m1424[0m         addListener(event: "unknownProtocol", listener: (socket: tls.TLSSocket) => void): this;
[7m    [0m [91m                         ~[0m
[96mnode_modules/@types/node/http2.d.ts[0m:[93m1424[0m:[93m47[0m - [91merror[0m[90m TS2304: [0mCannot find name 'listener'.

[7m1424[0m         addListener(event: "unknownProtocol", listener: (socket: tls.TLSSocket) => void): this;
[7m    [0m [91m                                              ~~~~~~~~[0m
[96mnode_modules/@types/node/http2.d.ts[0m:[93m1424[0m:[93m55[0m - [91merror[0m[90m TS1005: [0m',' expected.

[7m1424[0m         addListener(event: "unknownProtocol", listener: (socket: tls.TLSSocket) => void): this;
[7m    [0m [91m                                                      ~[0m
[96mnode_modules/@types/node/http2.d.ts[0m:[93m1424[0m:[93m88[0m - [91merror[0m[90m TS1109: [0mExpression expected.

[7m1424[0m         addListener(event: "unknownProtocol", listener: (socket: tls.TLSSocket) => void): this;
[7m    [0m [91m                                                                                       ~[0m
[96mnode_modules/@types/node/http2.d.ts[0m:[93m1424[0m:[93m89[0m - [91merror[0m[90m TS1005: [0m';' expected.

[7m1424[0m         addListener(event: "unknownProtocol", listener: (socket: tls.TLSSocket) => void): this;
[7m    [0m [91m                                                                                        ~[0m
[96mnode_modules/@types/node/http2.d.ts[0m:[93m1424[0m:[93m91[0m - [91merror[0m[90m TS2331: [0m'this' cannot be referenced in a module or namespace body.

[7m1424[0m         addListener(event: "unknownProtocol", listener: (socket: tls.TLSSocket) => void): this;
[7m    [0m [91m                                                                                          ~~~~[0m
[96mnode_modules/@types/node/http2.d.ts[0m:[93m1425[0m:[93m9[0m - [91merror[0m[90m TS2304: [0mCannot find name 'addListener'.

[7m1425[0m         addListener(event: string | symbol, listener: (...args: any[]) => void): this;
[7m    [0m [91m        ~~~~~~~~~~~[0m
[96mnode_modules/@types/node/http2.d.ts[0m:[93m1425[0m:[93m26[0m - [91merror[0m[90m TS1005: [0m',' expected.

[7m1425[0m         addListener(event: string | symbol, listener: (...args: any[]) => void): this;
[7m    [0m [91m                         ~[0m
[96mnode_modules/@types/node/http2.d.ts[0m:[93m1425[0m:[93m28[0m - [91merror[0m[90m TS2693: [0m'string' only refers to a type, but is being used as a value here.

[7m1425[0m         addListener(event: string | symbol, listener: (...args: any[]) => void): this;
[7m    [0m [91m                           ~~~~~~[0m
[96mnode_modules/@types/node/http2.d.ts[0m:[93m1425[0m:[93m37[0m - [91merror[0m[90m TS2304: [0mCannot find name 'symbol'.

[7m1425[0m         addListener(event: string | symbol, listener: (...args: any[]) => void): this;
[7m    [0m [91m                                    ~~~~~~[0m
[96mnode_modules/@types/node/http2.d.ts[0m:[93m1425[0m:[93m45[0m - [91merror[0m[90m TS2304: [0mCannot find name 'listener'.

[7m1425[0m         addListener(event: string | symbol, listener: (...args: any[]) => void): this;
[7m    [0m [91m                                            ~~~~~~~~[0m
[96mnode_modules/@types/node/http2.d.ts[0m:[93m1425[0m:[93m53[0m - [91merror[0m[90m TS1005: [0m',' expected.

[7m1425[0m         addListener(event: string | symbol, listener: (...args: any[]) => void): this;
[7m    [0m [91m                                                    ~[0m
[96mnode_modules/@types/node/http2.d.ts[0m:[93m1425[0m:[93m79[0m - [91merror[0m[90m TS1109: [0mExpression expected.

[7m1425[0m         addListener(event: string | symbol, listener: (...args: any[]) => void): this;
[7m    [0m [91m                                                                              ~[0m
[96mnode_modules/@types/node/http2.d.ts[0m:[93m1425[0m:[93m80[0m - [91merror[0m[90m TS1005: [0m';' expected.

[7m1425[0m         addListener(event: string | symbol, listener: (...args: any[]) => void): this;
[7m    [0m [91m                                                                               ~[0m
[96mnode_modules/@types/node/http2.d.ts[0m:[93m1425[0m:[93m82[0m - [91merror[0m[90m TS2331: [0m'this' cannot be referenced in a module or namespace body.

[7m1425[0m         addListener(event: string | symbol, listener: (...args: any[]) => void): this;
[7m    [0m [91m                                                                                 ~~~~[0m
[96mnode_modules/@types/node/http2.d.ts[0m:[93m1426[0m:[93m9[0m - [91merror[0m[90m TS2304: [0mCannot find name 'emit'.

[7m1426[0m         emit(
[7m    [0m [91m        ~~~~[0m
[96mnode_modules/@types/node/http2.d.ts[0m:[93m1427[0m:[93m18[0m - [91merror[0m[90m TS1005: [0m',' expected.

[7m1427[0m             event: "checkContinue",
[7m    [0m [91m                 ~[0m
[96mnode_modules/@types/node/http2.d.ts[0m:[93m1428[0m:[93m13[0m - [91merror[0m[90m TS2304: [0mCannot find name 'request'.

[7m1428[0m             request: InstanceType<Http2Request>,
[7m    [0m [91m            ~~~~~~~[0m
[96mnode_modules/@types/node/http2.d.ts[0m:[93m1428[0m:[93m20[0m - [91merror[0m[90m TS1005: [0m',' expected.

[7m1428[0m             request: InstanceType<Http2Request>,
[7m    [0m [91m                   ~[0m
[96mnode_modules/@types/node/http2.d.ts[0m:[93m1428[0m:[93m22[0m - [91merror[0m[90m TS2693: [0m'InstanceType' only refers to a type, but is being used as a value here.

[7m1428[0m             request: InstanceType<Http2Request>,
[7m    [0m [91m                     ~~~~~~~~~~~~[0m
[96mnode_modules/@types/node/http2.d.ts[0m:[93m1428[0m:[93m35[0m - [91merror[0m[90m TS2304: [0mCannot find name 'Http2Request'.

[7m1428[0m             request: InstanceType<Http2Request>,
[7m    [0m [91m                                  ~~~~~~~~~~~~[0m
[96mnode_modules/@types/node/http2.d.ts[0m:[93m1428[0m:[93m48[0m - [91merror[0m[90m TS1109: [0mExpression expected.

[7m1428[0m             request: InstanceType<Http2Request>,
[7m    [0m [91m                                               ~[0m
[96mnode_modules/@types/node/http2.d.ts[0m:[93m1429[0m:[93m13[0m - [91merror[0m[90m TS2304: [0mCannot find name 'response'.

[7m1429[0m             response: InstanceType<Http2Response>,
[7m    [0m [91m            ~~~~~~~~[0m
[96mnode_modules/@types/node/http2.d.ts[0m:[93m1429[0m:[93m21[0m - [91merror[0m[90m TS1005: [0m',' expected.

[7m1429[0m             response: InstanceType<Http2Response>,
[7m    [0m [91m                    ~[0m
[96mnode_modules/@types/node/http2.d.ts[0m:[93m1429[0m:[93m23[0m - [91merror[0m[90m TS2693: [0m'InstanceType' only refers to a type, but is being used as a value here.

[7m1429[0m             response: InstanceType<Http2Response>,
[7m    [0m [91m                      ~~~~~~~~~~~~[0m
[96mnode_modules/@types/node/http2.d.ts[0m:[93m1429[0m:[93m36[0m - [91merror[0m[90m TS2304: [0mCannot find name 'Http2Response'.

[7m1429[0m             response: InstanceType<Http2Response>,
[7m    [0m [91m                                   ~~~~~~~~~~~~~[0m
[96mnode_modules/@types/node/http2.d.ts[0m:[93m1429[0m:[93m50[0m - [91merror[0m[90m TS1109: [0mExpression expected.

[7m1429[0m             response: InstanceType<Http2Response>,
[7m    [0m [91m                                                 ~[0m
[96mnode_modules/@types/node/http2.d.ts[0m:[93m1430[0m:[93m10[0m - [91merror[0m[90m TS1005: [0m';' expected.

[7m1430[0m         ): boolean;
[7m    [0m [91m         ~[0m
[96mnode_modules/@types/node/http2.d.ts[0m:[93m1430[0m:[93m12[0m - [91merror[0m[90m TS2693: [0m'boolean' only refers to a type, but is being used as a value here.

[7m1430[0m         ): boolean;
[7m    [0m [91m           ~~~~~~~[0m
[96mnode_modules/@types/node/http2.d.ts[0m:[93m1431[0m:[93m9[0m - [91merror[0m[90m TS2304: [0mCannot find name 'emit'.

[7m1431[0m         emit(event: "request", request: InstanceType<Http2Request>, response: InstanceType<Http2Response>): boolean;
[7m    [0m [91m        ~~~~[0m
[96mnode_modules/@types/node/http2.d.ts[0m:[93m1431[0m:[93m19[0m - [91merror[0m[90m TS1005: [0m',' expected.

[7m1431[0m         emit(event: "request", request: InstanceType<Http2Request>, response: InstanceType<Http2Response>): boolean;
[7m    [0m [91m                  ~[0m
[96mnode_modules/@types/node/http2.d.ts[0m:[93m1431[0m:[93m32[0m - [91merror[0m[90m TS2304: [0mCannot find name 'request'.

[7m1431[0m         emit(event: "request", request: InstanceType<Http2Request>, response: InstanceType<Http2Response>): boolean;
[7m    [0m [91m                               ~~~~~~~[0m
[96mnode_modules/@types/node/http2.d.ts[0m:[93m1431[0m:[93m39[0m - [91merror[0m[90m TS1005: [0m',' expected.

[7m1431[0m         emit(event: "request", request: InstanceType<Http2Request>, response: InstanceType<Http2Response>): boolean;
[7m    [0m [91m                                      ~[0m
[96mnode_modules/@types/node/http2.d.ts[0m:[93m1431[0m:[93m41[0m - [91merror[0m[90m TS2693: [0m'InstanceType' only refers to a type, but is being used as a value here.

[7m1431[0m         emit(event: "request", request: InstanceType<Http2Request>, response: InstanceType<Http2Response>): boolean;
[7m    [0m [91m                                        ~~~~~~~~~~~~[0m
[96mnode_modules/@types/node/http2.d.ts[0m:[93m1431[0m:[93m54[0m - [91merror[0m[90m TS2304: [0mCannot find name 'Http2Request'.

[7m1431[0m         emit(event: "request", request: InstanceType<Http2Request>, response: InstanceType<Http2Response>): boolean;
[7m    [0m [91m                                                     ~~~~~~~~~~~~[0m
[96mnode_modules/@types/node/http2.d.ts[0m:[93m1431[0m:[93m67[0m - [91merror[0m[90m TS1109: [0mExpression expected.

[7m1431[0m         emit(event: "request", request: InstanceType<Http2Request>, response: InstanceType<Http2Response>): boolean;
[7m    [0m [91m                                                                  ~[0m
[96mnode_modules/@types/node/http2.d.ts[0m:[93m1431[0m:[93m69[0m - [91merror[0m[90m TS2304: [0mCannot find name 'response'.

[7m1431[0m         emit(event: "request", request: InstanceType<Http2Request>, response: InstanceType<Http2Response>): boolean;
[7m    [0m [91m                                                                    ~~~~~~~~[0m
[96mnode_modules/@types/node/http2.d.ts[0m:[93m1431[0m:[93m77[0m - [91merror[0m[90m TS1005: [0m',' expected.

[7m1431[0m         emit(event: "request", request: InstanceType<Http2Request>, response: InstanceType<Http2Response>): boolean;
[7m    [0m [91m                                                                            ~[0m
[96mnode_modules/@types/node/http2.d.ts[0m:[93m1431[0m:[93m79[0m - [91merror[0m[90m TS2693: [0m'InstanceType' only refers to a type, but is being used as a value here.

[7m1431[0m         emit(event: "request", request: InstanceType<Http2Request>, response: InstanceType<Http2Response>): boolean;
[7m    [0m [91m                                                                              ~~~~~~~~~~~~[0m
[96mnode_modules/@types/node/http2.d.ts[0m:[93m1431[0m:[93m92[0m - [91merror[0m[90m TS2304: [0mCannot find name 'Http2Response'.

[7m1431[0m         emit(event: "request", request: InstanceType<Http2Request>, response: InstanceType<Http2Response>): boolean;
[7m    [0m [91m                                                                                           ~~~~~~~~~~~~~[0m
[96mnode_modules/@types/node/http2.d.ts[0m:[93m1431[0m:[93m106[0m - [91merror[0m[90m TS1005: [0m'(' expected.

[7m1431[0m         emit(event: "request", request: InstanceType<Http2Request>, response: InstanceType<Http2Response>): boolean;
[7m    [0m [91m                                                                                                         ~[0m
[96mnode_modules/@types/node/http2.d.ts[0m:[93m1431[0m:[93m107[0m - [91merror[0m[90m TS1005: [0m',' expected.

[7m1431[0m         emit(event: "request", request: InstanceType<Http2Request>, response: InstanceType<Http2Response>): boolean;
[7m    [0m [91m                                                                                                          ~[0m
[96mnode_modules/@types/node/http2.d.ts[0m:[93m1431[0m:[93m109[0m - [91merror[0m[90m TS2693: [0m'boolean' only refers to a type, but is being used as a value here.

[7m1431[0m         emit(event: "request", request: InstanceType<Http2Request>, response: InstanceType<Http2Response>): boolean;
[7m    [0m [91m                                                                                                            ~~~~~~~[0m
[96mnode_modules/@types/node/http2.d.ts[0m:[93m1431[0m:[93m116[0m - [91merror[0m[90m TS1005: [0m')' expected.

[7m1431[0m         emit(event: "request", request: InstanceType<Http2Request>, response: InstanceType<Http2Response>): boolean;
[7m    [0m [91m                                                                                                                   ~[0m
[96mnode_modules/@types/node/http2.d.ts[0m:[93m1432[0m:[93m9[0m - [91merror[0m[90m TS2304: [0mCannot find name 'emit'.

[7m1432[0m         emit(
[7m    [0m [91m        ~~~~[0m
[96mnode_modules/@types/node/http2.d.ts[0m:[93m1433[0m:[93m18[0m - [91merror[0m[90m TS1005: [0m',' expected.

[7m1433[0m             event: "session",
[7m    [0m [91m                 ~[0m
[96mnode_modules/@types/node/http2.d.ts[0m:[93m1434[0m:[93m13[0m - [91merror[0m[90m TS2304: [0mCannot find name 'session'.

[7m1434[0m             session: ServerHttp2Session<Http1Request, Http1Response, Http2Request, Http2Response>,
[7m    [0m [91m            ~~~~~~~[0m
[96mnode_modules/@types/node/http2.d.ts[0m:[93m1434[0m:[93m20[0m - [91merror[0m[90m TS1005: [0m',' expected.

[7m1434[0m             session: ServerHttp2Session<Http1Request, Http1Response, Http2Request, Http2Response>,
[7m    [0m [91m                   ~[0m
[96mnode_modules/@types/node/http2.d.ts[0m:[93m1434[0m:[93m22[0m - [91merror[0m[90m TS2693: [0m'ServerHttp2Session' only refers to a type, but is being used as a value here.

[7m1434[0m             session: ServerHttp2Session<Http1Request, Http1Response, Http2Request, Http2Response>,
[7m    [0m [91m                     ~~~~~~~~~~~~~~~~~~[0m
[96mnode_modules/@types/node/http2.d.ts[0m:[93m1434[0m:[93m41[0m - [91merror[0m[90m TS2304: [0mCannot find name 'Http1Request'.

[7m1434[0m             session: ServerHttp2Session<Http1Request, Http1Response, Http2Request, Http2Response>,
[7m    [0m [91m                                        ~~~~~~~~~~~~[0m
[96mnode_modules/@types/node/http2.d.ts[0m:[93m1434[0m:[93m55[0m - [91merror[0m[90m TS2304: [0mCannot find name 'Http1Response'.

[7m1434[0m             session: ServerHttp2Session<Http1Request, Http1Response, Http2Request, Http2Response>,
[7m    [0m [91m                                                      ~~~~~~~~~~~~~[0m
[96mnode_modules/@types/node/http2.d.ts[0m:[93m1434[0m:[93m70[0m - [91merror[0m[90m TS2304: [0mCannot find name 'Http2Request'.

[7m1434[0m             session: ServerHttp2Session<Http1Request, Http1Response, Http2Request, Http2Response>,
[7m    [0m [91m                                                                     ~~~~~~~~~~~~[0m
[96mnode_modules/@types/node/http2.d.ts[0m:[93m1434[0m:[93m84[0m - [91merror[0m[90m TS2304: [0mCannot find name 'Http2Response'.

[7m1434[0m             session: ServerHttp2Session<Http1Request, Http1Response, Http2Request, Http2Response>,
[7m    [0m [91m                                                                                   ~~~~~~~~~~~~~[0m
[96mnode_modules/@types/node/http2.d.ts[0m:[93m1434[0m:[93m98[0m - [91merror[0m[90m TS1109: [0mExpression expected.

[7m1434[0m             session: ServerHttp2Session<Http1Request, Http1Response, Http2Request, Http2Response>,
[7m    [0m [91m                                                                                                 ~[0m
[96mnode_modules/@types/node/http2.d.ts[0m:[93m1435[0m:[93m10[0m - [91merror[0m[90m TS1005: [0m';' expected.

[7m1435[0m         ): boolean;
[7m    [0m [91m         ~[0m
[96mnode_modules/@types/node/http2.d.ts[0m:[93m1435[0m:[93m12[0m - [91merror[0m[90m TS2693: [0m'boolean' only refers to a type, but is being used as a value here.

[7m1435[0m         ): boolean;
[7m    [0m [91m           ~~~~~~~[0m
[96mnode_modules/@types/node/http2.d.ts[0m:[93m1436[0m:[93m9[0m - [91merror[0m[90m TS2304: [0mCannot find name 'emit'.

[7m1436[0m         emit(event: "sessionError", err: Error): boolean;
[7m    [0m [91m        ~~~~[0m
[96mnode_modules/@types/node/http2.d.ts[0m:[93m1436[0m:[93m19[0m - [91merror[0m[90m TS1005: [0m',' expected.

[7m1436[0m         emit(event: "sessionError", err: Error): boolean;
[7m    [0m [91m                  ~[0m
[96mnode_modules/@types/node/http2.d.ts[0m:[93m1436[0m:[93m37[0m - [91merror[0m[90m TS2304: [0mCannot find name 'err'.

[7m1436[0m         emit(event: "sessionError", err: Error): boolean;
[7m    [0m [91m                                    ~~~[0m
[96mnode_modules/@types/node/http2.d.ts[0m:[93m1436[0m:[93m40[0m - [91merror[0m[90m TS1005: [0m',' expected.

[7m1436[0m         emit(event: "sessionError", err: Error): boolean;
[7m    [0m [91m                                       ~[0m
[96mnode_modules/@types/node/http2.d.ts[0m:[93m1436[0m:[93m48[0m - [91merror[0m[90m TS1005: [0m';' expected.

[7m1436[0m         emit(event: "sessionError", err: Error): boolean;
[7m    [0m [91m                                               ~[0m
[96mnode_modules/@types/node/http2.d.ts[0m:[93m1436[0m:[93m50[0m - [91merror[0m[90m TS2693: [0m'boolean' only refers to a type, but is being used as a value here.

[7m1436[0m         emit(event: "sessionError", err: Error): boolean;
[7m    [0m [91m                                                 ~~~~~~~[0m
[96mnode_modules/@types/node/http2.d.ts[0m:[93m1437[0m:[93m9[0m - [91merror[0m[90m TS2304: [0mCannot find name 'emit'.

[7m1437[0m         emit(event: "stream", stream: ServerHttp2Stream, headers: IncomingHttpHeaders, flags: number): boolean;
[7m    [0m [91m        ~~~~[0m
[96mnode_modules/@types/node/http2.d.ts[0m:[93m1437[0m:[93m19[0m - [91merror[0m[90m TS1005: [0m',' expected.

[7m1437[0m         emit(event: "stream", stream: ServerHttp2Stream, headers: IncomingHttpHeaders, flags: number): boolean;
[7m    [0m [91m                  ~[0m
[96mnode_modules/@types/node/http2.d.ts[0m:[93m1437[0m:[93m37[0m - [91merror[0m[90m TS1005: [0m',' expected.

[7m1437[0m         emit(event: "stream", stream: ServerHttp2Stream, headers: IncomingHttpHeaders, flags: number): boolean;
[7m    [0m [91m                                    ~[0m
[96mnode_modules/@types/node/http2.d.ts[0m:[93m1437[0m:[93m39[0m - [91merror[0m[90m TS2693: [0m'ServerHttp2Stream' only refers to a type, but is being used as a value here.

[7m1437[0m         emit(event: "stream", stream: ServerHttp2Stream, headers: IncomingHttpHeaders, flags: number): boolean;
[7m    [0m [91m                                      ~~~~~~~~~~~~~~~~~[0m
[96mnode_modules/@types/node/http2.d.ts[0m:[93m1437[0m:[93m58[0m - [91merror[0m[90m TS2304: [0mCannot find name 'headers'.

[7m1437[0m         emit(event: "stream", stream: ServerHttp2Stream, headers: IncomingHttpHeaders, flags: number): boolean;
[7m    [0m [91m                                                         ~~~~~~~[0m
[96mnode_modules/@types/node/http2.d.ts[0m:[93m1437[0m:[93m65[0m - [91merror[0m[90m TS1005: [0m',' expected.

[7m1437[0m         emit(event: "stream", stream: ServerHttp2Stream, headers: IncomingHttpHeaders, flags: number): boolean;
[7m    [0m [91m                                                                ~[0m
[96mnode_modules/@types/node/http2.d.ts[0m:[93m1437[0m:[93m67[0m - [91merror[0m[90m TS2693: [0m'IncomingHttpHeaders' only refers to a type, but is being used as a value here.

[7m1437[0m         emit(event: "stream", stream: ServerHttp2Stream, headers: IncomingHttpHeaders, flags: number): boolean;
[7m    [0m [91m                                                                  ~~~~~~~~~~~~~~~~~~~[0m
[96mnode_modules/@types/node/http2.d.ts[0m:[93m1437[0m:[93m88[0m - [91merror[0m[90m TS2304: [0mCannot find name 'flags'.

[7m1437[0m         emit(event: "stream", stream: ServerHttp2Stream, headers: IncomingHttpHeaders, flags: number): boolean;
[7m    [0m [91m                                                                                       ~~~~~[0m
[96mnode_modules/@types/node/http2.d.ts[0m:[93m1437[0m:[93m93[0m - [91merror[0m[90m TS1005: [0m',' expected.

[7m1437[0m         emit(event: "stream", stream: ServerHttp2Stream, headers: IncomingHttpHeaders, flags: number): boolean;
[7m    [0m [91m                                                                                            ~[0m
[96mnode_modules/@types/node/http2.d.ts[0m:[93m1437[0m:[93m95[0m - [91merror[0m[90m TS2693: [0m'number' only refers to a type, but is being used as a value here.

[7m1437[0m         emit(event: "stream", stream: ServerHttp2Stream, headers: IncomingHttpHeaders, flags: number): boolean;
[7m    [0m [91m                                                                                              ~~~~~~[0m
[96mnode_modules/@types/node/http2.d.ts[0m:[93m1437[0m:[93m102[0m - [91merror[0m[90m TS1005: [0m';' expected.

[7m1437[0m         emit(event: "stream", stream: ServerHttp2Stream, headers: IncomingHttpHeaders, flags: number): boolean;
[7m    [0m [91m                                                                                                     ~[0m
[96mnode_modules/@types/node/http2.d.ts[0m:[93m1437[0m:[93m104[0m - [91merror[0m[90m TS2693: [0m'boolean' only refers to a type, but is being used as a value here.

[7m1437[0m         emit(event: "stream", stream: ServerHttp2Stream, headers: IncomingHttpHeaders, flags: number): boolean;
[7m    [0m [91m                                                                                                       ~~~~~~~[0m
[96mnode_modules/@types/node/http2.d.ts[0m:[93m1438[0m:[93m9[0m - [91merror[0m[90m TS2304: [0mCannot find name 'emit'.

[7m1438[0m         emit(event: "timeout"): boolean;
[7m    [0m [91m        ~~~~[0m
[96mnode_modules/@types/node/http2.d.ts[0m:[93m1438[0m:[93m19[0m - [91merror[0m[90m TS1005: [0m',' expected.

[7m1438[0m         emit(event: "timeout"): boolean;
[7m    [0m [91m                  ~[0m
[96mnode_modules/@types/node/http2.d.ts[0m:[93m1438[0m:[93m31[0m - [91merror[0m[90m TS1005: [0m';' expected.

[7m1438[0m         emit(event: "timeout"): boolean;
[7m    [0m [91m                              ~[0m
[96mnode_modules/@types/node/http2.d.ts[0m:[93m1438[0m:[93m33[0m - [91merror[0m[90m TS2693: [0m'boolean' only refers to a type, but is being used as a value here.

[7m1438[0m         emit(event: "timeout"): boolean;
[7m    [0m [91m                                ~~~~~~~[0m
[96mnode_modules/@types/node/http2.d.ts[0m:[93m1439[0m:[93m9[0m - [91merror[0m[90m TS2304: [0mCannot find name 'emit'.

[7m1439[0m         emit(event: "unknownProtocol", socket: tls.TLSSocket): boolean;
[7m    [0m [91m        ~~~~[0m
[96mnode_modules/@types/node/http2.d.ts[0m:[93m1439[0m:[93m19[0m - [91merror[0m[90m TS1005: [0m',' expected.

[7m1439[0m         emit(event: "unknownProtocol", socket: tls.TLSSocket): boolean;
[7m    [0m [91m                  ~[0m
[96mnode_modules/@types/node/http2.d.ts[0m:[93m1439[0m:[93m40[0m - [91merror[0m[90m TS2304: [0mCannot find name 'socket'.

[7m1439[0m         emit(event: "unknownProtocol", socket: tls.TLSSocket): boolean;
[7m    [0m [91m                                       ~~~~~~[0m
[96mnode_modules/@types/node/http2.d.ts[0m:[93m1439[0m:[93m46[0m - [91merror[0m[90m TS1005: [0m',' expected.

[7m1439[0m         emit(event: "unknownProtocol", socket: tls.TLSSocket): boolean;
[7m    [0m [91m                                             ~[0m
[96mnode_modules/@types/node/http2.d.ts[0m:[93m1439[0m:[93m62[0m - [91merror[0m[90m TS1005: [0m';' expected.

[7m1439[0m         emit(event: "unknownProtocol", socket: tls.TLSSocket): boolean;
[7m    [0m [91m                                                             ~[0m
[96mnode_modules/@types/node/http2.d.ts[0m:[93m1439[0m:[93m64[0m - [91merror[0m[90m TS2693: [0m'boolean' only refers to a type, but is being used as a value here.

[7m1439[0m         emit(event: "unknownProtocol", socket: tls.TLSSocket): boolean;
[7m    [0m [91m                                                               ~~~~~~~[0m
[96mnode_modules/@types/node/http2.d.ts[0m:[93m1440[0m:[93m9[0m - [91merror[0m[90m TS2304: [0mCannot find name 'emit'.

[7m1440[0m         emit(event: string | symbol, ...args: any[]): boolean;
[7m    [0m [91m        ~~~~[0m
[96mnode_modules/@types/node/http2.d.ts[0m:[93m1440[0m:[93m19[0m - [91merror[0m[90m TS1005: [0m',' expected.

[7m1440[0m         emit(event: string | symbol, ...args: any[]): boolean;
[7m    [0m [91m                  ~[0m
[96mnode_modules/@types/node/http2.d.ts[0m:[93m1440[0m:[93m21[0m - [91merror[0m[90m TS2693: [0m'string' only refers to a type, but is being used as a value here.

[7m1440[0m         emit(event: string | symbol, ...args: any[]): boolean;
[7m    [0m [91m                    ~~~~~~[0m
[96mnode_modules/@types/node/http2.d.ts[0m:[93m1440[0m:[93m30[0m - [91merror[0m[90m TS2304: [0mCannot find name 'symbol'.

[7m1440[0m         emit(event: string | symbol, ...args: any[]): boolean;
[7m    [0m [91m                             ~~~~~~[0m
[96mnode_modules/@types/node/http2.d.ts[0m:[93m1440[0m:[93m41[0m - [91merror[0m[90m TS2304: [0mCannot find name 'args'.

[7m1440[0m         emit(event: string | symbol, ...args: any[]): boolean;
[7m    [0m [91m                                        ~~~~[0m
[96mnode_modules/@types/node/http2.d.ts[0m:[93m1440[0m:[93m45[0m - [91merror[0m[90m TS1005: [0m',' expected.

[7m1440[0m         emit(event: string | symbol, ...args: any[]): boolean;
[7m    [0m [91m                                            ~[0m
[96mnode_modules/@types/node/http2.d.ts[0m:[93m1440[0m:[93m47[0m - [91merror[0m[90m TS2693: [0m'any' only refers to a type, but is being used as a value here.

[7m1440[0m         emit(event: string | symbol, ...args: any[]): boolean;
[7m    [0m [91m                                              ~~~[0m
[96mnode_modules/@types/node/http2.d.ts[0m:[93m1440[0m:[93m51[0m - [91merror[0m[90m TS1011: [0mAn element access expression should take an argument.

[7m1440[0m         emit(event: string | symbol, ...args: any[]): boolean;
[7m    [0m [91m                                                  [0m
[96mnode_modules/@types/node/http2.d.ts[0m:[93m1440[0m:[93m53[0m - [91merror[0m[90m TS1005: [0m';' expected.

[7m1440[0m         emit(event: string | symbol, ...args: any[]): boolean;
[7m    [0m [91m                                                    ~[0m
[96mnode_modules/@types/node/http2.d.ts[0m:[93m1440[0m:[93m55[0m - [91merror[0m[90m TS2693: [0m'boolean' only refers to a type, but is being used as a value here.

[7m1440[0m         emit(event: string | symbol, ...args: any[]): boolean;
[7m    [0m [91m                                                      ~~~~~~~[0m
[96mnode_modules/@types/node/http2.d.ts[0m:[93m1441[0m:[93m9[0m - [91merror[0m[90m TS2304: [0mCannot find name 'on'.

[7m1441[0m         on(
[7m    [0m [91m        ~~[0m
[96mnode_modules/@types/node/http2.d.ts[0m:[93m1442[0m:[93m18[0m - [91merror[0m[90m TS1005: [0m',' expected.

[7m1442[0m             event: "checkContinue",
[7m    [0m [91m                 ~[0m
[96mnode_modules/@types/node/http2.d.ts[0m:[93m1443[0m:[93m13[0m - [91merror[0m[90m TS2304: [0mCannot find name 'listener'.

[7m1443[0m             listener: (request: InstanceType<Http2Request>, response: InstanceType<Http2Response>) => void,
[7m    [0m [91m            ~~~~~~~~[0m
[96mnode_modules/@types/node/http2.d.ts[0m:[93m1443[0m:[93m21[0m - [91merror[0m[90m TS1005: [0m',' expected.

[7m1443[0m             listener: (request: InstanceType<Http2Request>, response: InstanceType<Http2Response>) => void,
[7m    [0m [91m                    ~[0m
[96mnode_modules/@types/node/http2.d.ts[0m:[93m1443[0m:[93m46[0m - [91merror[0m[90m TS2304: [0mCannot find name 'Http2Request'.

[7m1443[0m             listener: (request: InstanceType<Http2Request>, response: InstanceType<Http2Response>) => void,
[7m    [0m [91m                                             ~~~~~~~~~~~~[0m
[96mnode_modules/@types/node/http2.d.ts[0m:[93m1443[0m:[93m84[0m - [91merror[0m[90m TS2304: [0mCannot find name 'Http2Response'.

[7m1443[0m             listener: (request: InstanceType<Http2Request>, response: InstanceType<Http2Response>) => void,
[7m    [0m [91m                                                                                   ~~~~~~~~~~~~~[0m
[96mnode_modules/@types/node/http2.d.ts[0m:[93m1443[0m:[93m107[0m - [91merror[0m[90m TS1109: [0mExpression expected.

[7m1443[0m             listener: (request: InstanceType<Http2Request>, response: InstanceType<Http2Response>) => void,
[7m    [0m [91m                                                                                                          ~[0m
[96mnode_modules/@types/node/http2.d.ts[0m:[93m1444[0m:[93m10[0m - [91merror[0m[90m TS1005: [0m';' expected.

[7m1444[0m         ): this;
[7m    [0m [91m         ~[0m
[96mnode_modules/@types/node/http2.d.ts[0m:[93m1444[0m:[93m12[0m - [91merror[0m[90m TS2331: [0m'this' cannot be referenced in a module or namespace body.

[7m1444[0m         ): this;
[7m    [0m [91m           ~~~~[0m
[96mnode_modules/@types/node/http2.d.ts[0m:[93m1445[0m:[93m9[0m - [91merror[0m[90m TS2304: [0mCannot find name 'on'.

[7m1445[0m         on(
[7m    [0m [91m        ~~[0m
[96mnode_modules/@types/node/http2.d.ts[0m:[93m1446[0m:[93m18[0m - [91merror[0m[90m TS1005: [0m',' expected.

[7m1446[0m             event: "request",
[7m    [0m [91m                 ~[0m
[96mnode_modules/@types/node/http2.d.ts[0m:[93m1447[0m:[93m13[0m - [91merror[0m[90m TS2304: [0mCannot find name 'listener'.

[7m1447[0m             listener: (request: InstanceType<Http2Request>, response: InstanceType<Http2Response>) => void,
[7m    [0m [91m            ~~~~~~~~[0m
[96mnode_modules/@types/node/http2.d.ts[0m:[93m1447[0m:[93m21[0m - [91merror[0m[90m TS1005: [0m',' expected.

[7m1447[0m             listener: (request: InstanceType<Http2Request>, response: InstanceType<Http2Response>) => void,
[7m    [0m [91m                    ~[0m
[96mnode_modules/@types/node/http2.d.ts[0m:[93m1447[0m:[93m46[0m - [91merror[0m[90m TS2304: [0mCannot find name 'Http2Request'.

[7m1447[0m             listener: (request: InstanceType<Http2Request>, response: InstanceType<Http2Response>) => void,
[7m    [0m [91m                                             ~~~~~~~~~~~~[0m
[96mnode_modules/@types/node/http2.d.ts[0m:[93m1447[0m:[93m84[0m - [91merror[0m[90m TS2304: [0mCannot find name 'Http2Response'.

[7m1447[0m             listener: (request: InstanceType<Http2Request>, response: InstanceType<Http2Response>) => void,
[7m    [0m [91m                                                                                   ~~~~~~~~~~~~~[0m
[96mnode_modules/@types/node/http2.d.ts[0m:[93m1447[0m:[93m107[0m - [91merror[0m[90m TS1109: [0mExpression expected.

[7m1447[0m             listener: (request: InstanceType<Http2Request>, response: InstanceType<Http2Response>) => void,
[7m    [0m [91m                                                                                                          ~[0m
[96mnode_modules/@types/node/http2.d.ts[0m:[93m1448[0m:[93m10[0m - [91merror[0m[90m TS1005: [0m';' expected.

[7m1448[0m         ): this;
[7m    [0m [91m         ~[0m
[96mnode_modules/@types/node/http2.d.ts[0m:[93m1448[0m:[93m12[0m - [91merror[0m[90m TS2331: [0m'this' cannot be referenced in a module or namespace body.

[7m1448[0m         ): this;
[7m    [0m [91m           ~~~~[0m
[96mnode_modules/@types/node/http2.d.ts[0m:[93m1449[0m:[93m9[0m - [91merror[0m[90m TS2304: [0mCannot find name 'on'.

[7m1449[0m         on(
[7m    [0m [91m        ~~[0m
[96mnode_modules/@types/node/http2.d.ts[0m:[93m1450[0m:[93m18[0m - [91merror[0m[90m TS1005: [0m',' expected.

[7m1450[0m             event: "session",
[7m    [0m [91m                 ~[0m
[96mnode_modules/@types/node/http2.d.ts[0m:[93m1451[0m:[93m13[0m - [91merror[0m[90m TS2304: [0mCannot find name 'listener'.

[7m1451[0m             listener: (session: ServerHttp2Session<Http1Request, Http1Response, Http2Request, Http2Response>) => void,
[7m    [0m [91m            ~~~~~~~~[0m
[96mnode_modules/@types/node/http2.d.ts[0m:[93m1451[0m:[93m21[0m - [91merror[0m[90m TS1005: [0m',' expected.

[7m1451[0m             listener: (session: ServerHttp2Session<Http1Request, Http1Response, Http2Request, Http2Response>) => void,
[7m    [0m [91m                    ~[0m
[96mnode_modules/@types/node/http2.d.ts[0m:[93m1451[0m:[93m33[0m - [91merror[0m[90m TS2314: [0mGeneric type 'ServerHttp2Session<Http1Request, Http1Response>' requires 2 type argument(s).

[7m1451[0m             listener: (session: ServerHttp2Session<Http1Request, Http1Response, Http2Request, Http2Response>) => void,
[7m    [0m [91m                                ~~~~~~~~~~~~~~~~~~~~~~~~~~~~~~~~~~~~~~~~~~~~~~~~~~~~~~~~~~~~~~~~~~~~~~~~~~~~[0m
[96mnode_modules/@types/node/http2.d.ts[0m:[93m1451[0m:[93m52[0m - [91merror[0m[90m TS2304: [0mCannot find name 'Http1Request'.

[7m1451[0m             listener: (session: ServerHttp2Session<Http1Request, Http1Response, Http2Request, Http2Response>) => void,
[7m    [0m [91m                                                   ~~~~~~~~~~~~[0m
[96mnode_modules/@types/node/http2.d.ts[0m:[93m1451[0m:[93m66[0m - [91merror[0m[90m TS2304: [0mCannot find name 'Http1Response'.

[7m1451[0m             listener: (session: ServerHttp2Session<Http1Request, Http1Response, Http2Request, Http2Response>) => void,
[7m    [0m [91m                                                                 ~~~~~~~~~~~~~[0m
[96mnode_modules/@types/node/http2.d.ts[0m:[93m1451[0m:[93m81[0m - [91merror[0m[90m TS2304: [0mCannot find name 'Http2Request'.

[7m1451[0m             listener: (session: ServerHttp2Session<Http1Request, Http1Response, Http2Request, Http2Response>) => void,
[7m    [0m [91m                                                                                ~~~~~~~~~~~~[0m
[96mnode_modules/@types/node/http2.d.ts[0m:[93m1451[0m:[93m95[0m - [91merror[0m[90m TS2304: [0mCannot find name 'Http2Response'.

[7m1451[0m             listener: (session: ServerHttp2Session<Http1Request, Http1Response, Http2Request, Http2Response>) => void,
[7m    [0m [91m                                                                                              ~~~~~~~~~~~~~[0m
[96mnode_modules/@types/node/http2.d.ts[0m:[93m1451[0m:[93m118[0m - [91merror[0m[90m TS1109: [0mExpression expected.

[7m1451[0m             listener: (session: ServerHttp2Session<Http1Request, Http1Response, Http2Request, Http2Response>) => void,
[7m    [0m [91m                                                                                                                     ~[0m
[96mnode_modules/@types/node/http2.d.ts[0m:[93m1452[0m:[93m10[0m - [91merror[0m[90m TS1005: [0m';' expected.

[7m1452[0m         ): this;
[7m    [0m [91m         ~[0m
[96mnode_modules/@types/node/http2.d.ts[0m:[93m1452[0m:[93m12[0m - [91merror[0m[90m TS2331: [0m'this' cannot be referenced in a module or namespace body.

[7m1452[0m         ): this;
[7m    [0m [91m           ~~~~[0m
[96mnode_modules/@types/node/http2.d.ts[0m:[93m1453[0m:[93m9[0m - [91merror[0m[90m TS2304: [0mCannot find name 'on'.

[7m1453[0m         on(event: "sessionError", listener: (err: Error) => void): this;
[7m    [0m [91m        ~~[0m
[96mnode_modules/@types/node/http2.d.ts[0m:[93m1453[0m:[93m17[0m - [91merror[0m[90m TS1005: [0m',' expected.

[7m1453[0m         on(event: "sessionError", listener: (err: Error) => void): this;
[7m    [0m [91m                ~[0m
[96mnode_modules/@types/node/http2.d.ts[0m:[93m1453[0m:[93m35[0m - [91merror[0m[90m TS2304: [0mCannot find name 'listener'.

[7m1453[0m         on(event: "sessionError", listener: (err: Error) => void): this;
[7m    [0m [91m                                  ~~~~~~~~[0m
[96mnode_modules/@types/node/http2.d.ts[0m:[93m1453[0m:[93m43[0m - [91merror[0m[90m TS1005: [0m',' expected.

[7m1453[0m         on(event: "sessionError", listener: (err: Error) => void): this;
[7m    [0m [91m                                          ~[0m
[96mnode_modules/@types/node/http2.d.ts[0m:[93m1453[0m:[93m65[0m - [91merror[0m[90m TS1109: [0mExpression expected.

[7m1453[0m         on(event: "sessionError", listener: (err: Error) => void): this;
[7m    [0m [91m                                                                ~[0m
[96mnode_modules/@types/node/http2.d.ts[0m:[93m1453[0m:[93m66[0m - [91merror[0m[90m TS1005: [0m';' expected.

[7m1453[0m         on(event: "sessionError", listener: (err: Error) => void): this;
[7m    [0m [91m                                                                 ~[0m
[96mnode_modules/@types/node/http2.d.ts[0m:[93m1453[0m:[93m68[0m - [91merror[0m[90m TS2331: [0m'this' cannot be referenced in a module or namespace body.

[7m1453[0m         on(event: "sessionError", listener: (err: Error) => void): this;
[7m    [0m [91m                                                                   ~~~~[0m
[96mnode_modules/@types/node/http2.d.ts[0m:[93m1454[0m:[93m9[0m - [91merror[0m[90m TS2304: [0mCannot find name 'on'.

[7m1454[0m         on(
[7m    [0m [91m        ~~[0m
[96mnode_modules/@types/node/http2.d.ts[0m:[93m1455[0m:[93m18[0m - [91merror[0m[90m TS1005: [0m',' expected.

[7m1455[0m             event: "stream",
[7m    [0m [91m                 ~[0m
[96mnode_modules/@types/node/http2.d.ts[0m:[93m1456[0m:[93m13[0m - [91merror[0m[90m TS2304: [0mCannot find name 'listener'.

[7m1456[0m             listener: (stream: ServerHttp2Stream, headers: IncomingHttpHeaders, flags: number) => void,
[7m    [0m [91m            ~~~~~~~~[0m
[96mnode_modules/@types/node/http2.d.ts[0m:[93m1456[0m:[93m21[0m - [91merror[0m[90m TS1005: [0m',' expected.

[7m1456[0m             listener: (stream: ServerHttp2Stream, headers: IncomingHttpHeaders, flags: number) => void,
[7m    [0m [91m                    ~[0m
[96mnode_modules/@types/node/http2.d.ts[0m:[93m1456[0m:[93m103[0m - [91merror[0m[90m TS1109: [0mExpression expected.

[7m1456[0m             listener: (stream: ServerHttp2Stream, headers: IncomingHttpHeaders, flags: number) => void,
[7m    [0m [91m                                                                                                      ~[0m
[96mnode_modules/@types/node/http2.d.ts[0m:[93m1457[0m:[93m10[0m - [91merror[0m[90m TS1005: [0m';' expected.

[7m1457[0m         ): this;
[7m    [0m [91m         ~[0m
[96mnode_modules/@types/node/http2.d.ts[0m:[93m1457[0m:[93m12[0m - [91merror[0m[90m TS2331: [0m'this' cannot be referenced in a module or namespace body.

[7m1457[0m         ): this;
[7m    [0m [91m           ~~~~[0m
[96mnode_modules/@types/node/http2.d.ts[0m:[93m1458[0m:[93m9[0m - [91merror[0m[90m TS2304: [0mCannot find name 'on'.

[7m1458[0m         on(event: "timeout", listener: () => void): this;
[7m    [0m [91m        ~~[0m
[96mnode_modules/@types/node/http2.d.ts[0m:[93m1458[0m:[93m17[0m - [91merror[0m[90m TS1005: [0m',' expected.

[7m1458[0m         on(event: "timeout", listener: () => void): this;
[7m    [0m [91m                ~[0m
[96mnode_modules/@types/node/http2.d.ts[0m:[93m1458[0m:[93m30[0m - [91merror[0m[90m TS2304: [0mCannot find name 'listener'.

[7m1458[0m         on(event: "timeout", listener: () => void): this;
[7m    [0m [91m                             ~~~~~~~~[0m
[96mnode_modules/@types/node/http2.d.ts[0m:[93m1458[0m:[93m38[0m - [91merror[0m[90m TS1005: [0m',' expected.

[7m1458[0m         on(event: "timeout", listener: () => void): this;
[7m    [0m [91m                                     ~[0m
[96mnode_modules/@types/node/http2.d.ts[0m:[93m1458[0m:[93m50[0m - [91merror[0m[90m TS1109: [0mExpression expected.

[7m1458[0m         on(event: "timeout", listener: () => void): this;
[7m    [0m [91m                                                 ~[0m
[96mnode_modules/@types/node/http2.d.ts[0m:[93m1458[0m:[93m51[0m - [91merror[0m[90m TS1005: [0m';' expected.

[7m1458[0m         on(event: "timeout", listener: () => void): this;
[7m    [0m [91m                                                  ~[0m
[96mnode_modules/@types/node/http2.d.ts[0m:[93m1458[0m:[93m53[0m - [91merror[0m[90m TS2331: [0m'this' cannot be referenced in a module or namespace body.

[7m1458[0m         on(event: "timeout", listener: () => void): this;
[7m    [0m [91m                                                    ~~~~[0m
[96mnode_modules/@types/node/http2.d.ts[0m:[93m1459[0m:[93m9[0m - [91merror[0m[90m TS2304: [0mCannot find name 'on'.

[7m1459[0m         on(event: "unknownProtocol", listener: (socket: tls.TLSSocket) => void): this;
[7m    [0m [91m        ~~[0m
[96mnode_modules/@types/node/http2.d.ts[0m:[93m1459[0m:[93m17[0m - [91merror[0m[90m TS1005: [0m',' expected.

[7m1459[0m         on(event: "unknownProtocol", listener: (socket: tls.TLSSocket) => void): this;
[7m    [0m [91m                ~[0m
[96mnode_modules/@types/node/http2.d.ts[0m:[93m1459[0m:[93m38[0m - [91merror[0m[90m TS2304: [0mCannot find name 'listener'.

[7m1459[0m         on(event: "unknownProtocol", listener: (socket: tls.TLSSocket) => void): this;
[7m    [0m [91m                                     ~~~~~~~~[0m
[96mnode_modules/@types/node/http2.d.ts[0m:[93m1459[0m:[93m46[0m - [91merror[0m[90m TS1005: [0m',' expected.

[7m1459[0m         on(event: "unknownProtocol", listener: (socket: tls.TLSSocket) => void): this;
[7m    [0m [91m                                             ~[0m
[96mnode_modules/@types/node/http2.d.ts[0m:[93m1459[0m:[93m79[0m - [91merror[0m[90m TS1109: [0mExpression expected.

[7m1459[0m         on(event: "unknownProtocol", listener: (socket: tls.TLSSocket) => void): this;
[7m    [0m [91m                                                                              ~[0m
[96mnode_modules/@types/node/http2.d.ts[0m:[93m1459[0m:[93m80[0m - [91merror[0m[90m TS1005: [0m';' expected.

[7m1459[0m         on(event: "unknownProtocol", listener: (socket: tls.TLSSocket) => void): this;
[7m    [0m [91m                                                                               ~[0m
[96mnode_modules/@types/node/http2.d.ts[0m:[93m1459[0m:[93m82[0m - [91merror[0m[90m TS2331: [0m'this' cannot be referenced in a module or namespace body.

[7m1459[0m         on(event: "unknownProtocol", listener: (socket: tls.TLSSocket) => void): this;
[7m    [0m [91m                                                                                 ~~~~[0m
[96mnode_modules/@types/node/http2.d.ts[0m:[93m1460[0m:[93m9[0m - [91merror[0m[90m TS2304: [0mCannot find name 'on'.

[7m1460[0m         on(event: string | symbol, listener: (...args: any[]) => void): this;
[7m    [0m [91m        ~~[0m
[96mnode_modules/@types/node/http2.d.ts[0m:[93m1460[0m:[93m17[0m - [91merror[0m[90m TS1005: [0m',' expected.

[7m1460[0m         on(event: string | symbol, listener: (...args: any[]) => void): this;
[7m    [0m [91m                ~[0m
[96mnode_modules/@types/node/http2.d.ts[0m:[93m1460[0m:[93m19[0m - [91merror[0m[90m TS2693: [0m'string' only refers to a type, but is being used as a value here.

[7m1460[0m         on(event: string | symbol, listener: (...args: any[]) => void): this;
[7m    [0m [91m                  ~~~~~~[0m
[96mnode_modules/@types/node/http2.d.ts[0m:[93m1460[0m:[93m28[0m - [91merror[0m[90m TS2304: [0mCannot find name 'symbol'.

[7m1460[0m         on(event: string | symbol, listener: (...args: any[]) => void): this;
[7m    [0m [91m                           ~~~~~~[0m
[96mnode_modules/@types/node/http2.d.ts[0m:[93m1460[0m:[93m36[0m - [91merror[0m[90m TS2304: [0mCannot find name 'listener'.

[7m1460[0m         on(event: string | symbol, listener: (...args: any[]) => void): this;
[7m    [0m [91m                                   ~~~~~~~~[0m
[96mnode_modules/@types/node/http2.d.ts[0m:[93m1460[0m:[93m44[0m - [91merror[0m[90m TS1005: [0m',' expected.

[7m1460[0m         on(event: string | symbol, listener: (...args: any[]) => void): this;
[7m    [0m [91m                                           ~[0m
[96mnode_modules/@types/node/http2.d.ts[0m:[93m1460[0m:[93m70[0m - [91merror[0m[90m TS1109: [0mExpression expected.

[7m1460[0m         on(event: string | symbol, listener: (...args: any[]) => void): this;
[7m    [0m [91m                                                                     ~[0m
[96mnode_modules/@types/node/http2.d.ts[0m:[93m1460[0m:[93m71[0m - [91merror[0m[90m TS1005: [0m';' expected.

[7m1460[0m         on(event: string | symbol, listener: (...args: any[]) => void): this;
[7m    [0m [91m                                                                      ~[0m
[96mnode_modules/@types/node/http2.d.ts[0m:[93m1460[0m:[93m73[0m - [91merror[0m[90m TS2331: [0m'this' cannot be referenced in a module or namespace body.

[7m1460[0m         on(event: string | symbol, listener: (...args: any[]) => void): this;
[7m    [0m [91m                                                                        ~~~~[0m
[96mnode_modules/@types/node/http2.d.ts[0m:[93m1461[0m:[93m9[0m - [91merror[0m[90m TS2304: [0mCannot find name 'once'.

[7m1461[0m         once(
[7m    [0m [91m        ~~~~[0m
[96mnode_modules/@types/node/http2.d.ts[0m:[93m1462[0m:[93m18[0m - [91merror[0m[90m TS1005: [0m',' expected.

[7m1462[0m             event: "checkContinue",
[7m    [0m [91m                 ~[0m
[96mnode_modules/@types/node/http2.d.ts[0m:[93m1463[0m:[93m13[0m - [91merror[0m[90m TS2304: [0mCannot find name 'listener'.

[7m1463[0m             listener: (request: InstanceType<Http2Request>, response: InstanceType<Http2Response>) => void,
[7m    [0m [91m            ~~~~~~~~[0m
[96mnode_modules/@types/node/http2.d.ts[0m:[93m1463[0m:[93m21[0m - [91merror[0m[90m TS1005: [0m',' expected.

[7m1463[0m             listener: (request: InstanceType<Http2Request>, response: InstanceType<Http2Response>) => void,
[7m    [0m [91m                    ~[0m
[96mnode_modules/@types/node/http2.d.ts[0m:[93m1463[0m:[93m46[0m - [91merror[0m[90m TS2304: [0mCannot find name 'Http2Request'.

[7m1463[0m             listener: (request: InstanceType<Http2Request>, response: InstanceType<Http2Response>) => void,
[7m    [0m [91m                                             ~~~~~~~~~~~~[0m
[96mnode_modules/@types/node/http2.d.ts[0m:[93m1463[0m:[93m84[0m - [91merror[0m[90m TS2304: [0mCannot find name 'Http2Response'.

[7m1463[0m             listener: (request: InstanceType<Http2Request>, response: InstanceType<Http2Response>) => void,
[7m    [0m [91m                                                                                   ~~~~~~~~~~~~~[0m
[96mnode_modules/@types/node/http2.d.ts[0m:[93m1463[0m:[93m107[0m - [91merror[0m[90m TS1109: [0mExpression expected.

[7m1463[0m             listener: (request: InstanceType<Http2Request>, response: InstanceType<Http2Response>) => void,
[7m    [0m [91m                                                                                                          ~[0m
[96mnode_modules/@types/node/http2.d.ts[0m:[93m1464[0m:[93m10[0m - [91merror[0m[90m TS1005: [0m';' expected.

[7m1464[0m         ): this;
[7m    [0m [91m         ~[0m
[96mnode_modules/@types/node/http2.d.ts[0m:[93m1464[0m:[93m12[0m - [91merror[0m[90m TS2331: [0m'this' cannot be referenced in a module or namespace body.

[7m1464[0m         ): this;
[7m    [0m [91m           ~~~~[0m
[96mnode_modules/@types/node/http2.d.ts[0m:[93m1465[0m:[93m9[0m - [91merror[0m[90m TS2304: [0mCannot find name 'once'.

[7m1465[0m         once(
[7m    [0m [91m        ~~~~[0m
[96mnode_modules/@types/node/http2.d.ts[0m:[93m1466[0m:[93m18[0m - [91merror[0m[90m TS1005: [0m',' expected.

[7m1466[0m             event: "request",
[7m    [0m [91m                 ~[0m
[96mnode_modules/@types/node/http2.d.ts[0m:[93m1467[0m:[93m13[0m - [91merror[0m[90m TS2304: [0mCannot find name 'listener'.

[7m1467[0m             listener: (request: InstanceType<Http2Request>, response: InstanceType<Http2Response>) => void,
[7m    [0m [91m            ~~~~~~~~[0m
[96mnode_modules/@types/node/http2.d.ts[0m:[93m1467[0m:[93m21[0m - [91merror[0m[90m TS1005: [0m',' expected.

[7m1467[0m             listener: (request: InstanceType<Http2Request>, response: InstanceType<Http2Response>) => void,
[7m    [0m [91m                    ~[0m
[96mnode_modules/@types/node/http2.d.ts[0m:[93m1467[0m:[93m46[0m - [91merror[0m[90m TS2304: [0mCannot find name 'Http2Request'.

[7m1467[0m             listener: (request: InstanceType<Http2Request>, response: InstanceType<Http2Response>) => void,
[7m    [0m [91m                                             ~~~~~~~~~~~~[0m
[96mnode_modules/@types/node/http2.d.ts[0m:[93m1467[0m:[93m84[0m - [91merror[0m[90m TS2304: [0mCannot find name 'Http2Response'.

[7m1467[0m             listener: (request: InstanceType<Http2Request>, response: InstanceType<Http2Response>) => void,
[7m    [0m [91m                                                                                   ~~~~~~~~~~~~~[0m
[96mnode_modules/@types/node/http2.d.ts[0m:[93m1467[0m:[93m107[0m - [91merror[0m[90m TS1109: [0mExpression expected.

[7m1467[0m             listener: (request: InstanceType<Http2Request>, response: InstanceType<Http2Response>) => void,
[7m    [0m [91m                                                                                                          ~[0m
[96mnode_modules/@types/node/http2.d.ts[0m:[93m1468[0m:[93m10[0m - [91merror[0m[90m TS1005: [0m';' expected.

[7m1468[0m         ): this;
[7m    [0m [91m         ~[0m
[96mnode_modules/@types/node/http2.d.ts[0m:[93m1468[0m:[93m12[0m - [91merror[0m[90m TS2331: [0m'this' cannot be referenced in a module or namespace body.

[7m1468[0m         ): this;
[7m    [0m [91m           ~~~~[0m
[96mnode_modules/@types/node/http2.d.ts[0m:[93m1469[0m:[93m9[0m - [91merror[0m[90m TS2304: [0mCannot find name 'once'.

[7m1469[0m         once(
[7m    [0m [91m        ~~~~[0m
[96mnode_modules/@types/node/http2.d.ts[0m:[93m1470[0m:[93m18[0m - [91merror[0m[90m TS1005: [0m',' expected.

[7m1470[0m             event: "session",
[7m    [0m [91m                 ~[0m
[96mnode_modules/@types/node/http2.d.ts[0m:[93m1471[0m:[93m13[0m - [91merror[0m[90m TS2304: [0mCannot find name 'listener'.

[7m1471[0m             listener: (session: ServerHttp2Session<Http1Request, Http1Response, Http2Request, Http2Response>) => void,
[7m    [0m [91m            ~~~~~~~~[0m
[96mnode_modules/@types/node/http2.d.ts[0m:[93m1471[0m:[93m21[0m - [91merror[0m[90m TS1005: [0m',' expected.

[7m1471[0m             listener: (session: ServerHttp2Session<Http1Request, Http1Response, Http2Request, Http2Response>) => void,
[7m    [0m [91m                    ~[0m
[96mnode_modules/@types/node/http2.d.ts[0m:[93m1471[0m:[93m33[0m - [91merror[0m[90m TS2314: [0mGeneric type 'ServerHttp2Session<Http1Request, Http1Response>' requires 2 type argument(s).

[7m1471[0m             listener: (session: ServerHttp2Session<Http1Request, Http1Response, Http2Request, Http2Response>) => void,
[7m    [0m [91m                                ~~~~~~~~~~~~~~~~~~~~~~~~~~~~~~~~~~~~~~~~~~~~~~~~~~~~~~~~~~~~~~~~~~~~~~~~~~~~[0m
[96mnode_modules/@types/node/http2.d.ts[0m:[93m1471[0m:[93m52[0m - [91merror[0m[90m TS2304: [0mCannot find name 'Http1Request'.

[7m1471[0m             listener: (session: ServerHttp2Session<Http1Request, Http1Response, Http2Request, Http2Response>) => void,
[7m    [0m [91m                                                   ~~~~~~~~~~~~[0m
[96mnode_modules/@types/node/http2.d.ts[0m:[93m1471[0m:[93m66[0m - [91merror[0m[90m TS2304: [0mCannot find name 'Http1Response'.

[7m1471[0m             listener: (session: ServerHttp2Session<Http1Request, Http1Response, Http2Request, Http2Response>) => void,
[7m    [0m [91m                                                                 ~~~~~~~~~~~~~[0m
[96mnode_modules/@types/node/http2.d.ts[0m:[93m1471[0m:[93m81[0m - [91merror[0m[90m TS2304: [0mCannot find name 'Http2Request'.

[7m1471[0m             listener: (session: ServerHttp2Session<Http1Request, Http1Response, Http2Request, Http2Response>) => void,
[7m    [0m [91m                                                                                ~~~~~~~~~~~~[0m
[96mnode_modules/@types/node/http2.d.ts[0m:[93m1471[0m:[93m95[0m - [91merror[0m[90m TS2304: [0mCannot find name 'Http2Response'.

[7m1471[0m             listener: (session: ServerHttp2Session<Http1Request, Http1Response, Http2Request, Http2Response>) => void,
[7m    [0m [91m                                                                                              ~~~~~~~~~~~~~[0m
[96mnode_modules/@types/node/http2.d.ts[0m:[93m1471[0m:[93m118[0m - [91merror[0m[90m TS1109: [0mExpression expected.

[7m1471[0m             listener: (session: ServerHttp2Session<Http1Request, Http1Response, Http2Request, Http2Response>) => void,
[7m    [0m [91m                                                                                                                     ~[0m
[96mnode_modules/@types/node/http2.d.ts[0m:[93m1472[0m:[93m10[0m - [91merror[0m[90m TS1005: [0m';' expected.

[7m1472[0m         ): this;
[7m    [0m [91m         ~[0m
[96mnode_modules/@types/node/http2.d.ts[0m:[93m1472[0m:[93m12[0m - [91merror[0m[90m TS2331: [0m'this' cannot be referenced in a module or namespace body.

[7m1472[0m         ): this;
[7m    [0m [91m           ~~~~[0m
[96mnode_modules/@types/node/http2.d.ts[0m:[93m1473[0m:[93m9[0m - [91merror[0m[90m TS2304: [0mCannot find name 'once'.

[7m1473[0m         once(event: "sessionError", listener: (err: Error) => void): this;
[7m    [0m [91m        ~~~~[0m
[96mnode_modules/@types/node/http2.d.ts[0m:[93m1473[0m:[93m19[0m - [91merror[0m[90m TS1005: [0m',' expected.

[7m1473[0m         once(event: "sessionError", listener: (err: Error) => void): this;
[7m    [0m [91m                  ~[0m
[96mnode_modules/@types/node/http2.d.ts[0m:[93m1473[0m:[93m37[0m - [91merror[0m[90m TS2304: [0mCannot find name 'listener'.

[7m1473[0m         once(event: "sessionError", listener: (err: Error) => void): this;
[7m    [0m [91m                                    ~~~~~~~~[0m
[96mnode_modules/@types/node/http2.d.ts[0m:[93m1473[0m:[93m45[0m - [91merror[0m[90m TS1005: [0m',' expected.

[7m1473[0m         once(event: "sessionError", listener: (err: Error) => void): this;
[7m    [0m [91m                                            ~[0m
[96mnode_modules/@types/node/http2.d.ts[0m:[93m1473[0m:[93m67[0m - [91merror[0m[90m TS1109: [0mExpression expected.

[7m1473[0m         once(event: "sessionError", listener: (err: Error) => void): this;
[7m    [0m [91m                                                                  ~[0m
[96mnode_modules/@types/node/http2.d.ts[0m:[93m1473[0m:[93m68[0m - [91merror[0m[90m TS1005: [0m';' expected.

[7m1473[0m         once(event: "sessionError", listener: (err: Error) => void): this;
[7m    [0m [91m                                                                   ~[0m
[96mnode_modules/@types/node/http2.d.ts[0m:[93m1473[0m:[93m70[0m - [91merror[0m[90m TS2331: [0m'this' cannot be referenced in a module or namespace body.

[7m1473[0m         once(event: "sessionError", listener: (err: Error) => void): this;
[7m    [0m [91m                                                                     ~~~~[0m
[96mnode_modules/@types/node/http2.d.ts[0m:[93m1474[0m:[93m9[0m - [91merror[0m[90m TS2304: [0mCannot find name 'once'.

[7m1474[0m         once(
[7m    [0m [91m        ~~~~[0m
[96mnode_modules/@types/node/http2.d.ts[0m:[93m1475[0m:[93m18[0m - [91merror[0m[90m TS1005: [0m',' expected.

[7m1475[0m             event: "stream",
[7m    [0m [91m                 ~[0m
[96mnode_modules/@types/node/http2.d.ts[0m:[93m1476[0m:[93m13[0m - [91merror[0m[90m TS2304: [0mCannot find name 'listener'.

[7m1476[0m             listener: (stream: ServerHttp2Stream, headers: IncomingHttpHeaders, flags: number) => void,
[7m    [0m [91m            ~~~~~~~~[0m
[96mnode_modules/@types/node/http2.d.ts[0m:[93m1476[0m:[93m21[0m - [91merror[0m[90m TS1005: [0m',' expected.

[7m1476[0m             listener: (stream: ServerHttp2Stream, headers: IncomingHttpHeaders, flags: number) => void,
[7m    [0m [91m                    ~[0m
[96mnode_modules/@types/node/http2.d.ts[0m:[93m1476[0m:[93m103[0m - [91merror[0m[90m TS1109: [0mExpression expected.

[7m1476[0m             listener: (stream: ServerHttp2Stream, headers: IncomingHttpHeaders, flags: number) => void,
[7m    [0m [91m                                                                                                      ~[0m
[96mnode_modules/@types/node/http2.d.ts[0m:[93m1477[0m:[93m10[0m - [91merror[0m[90m TS1005: [0m';' expected.

[7m1477[0m         ): this;
[7m    [0m [91m         ~[0m
[96mnode_modules/@types/node/http2.d.ts[0m:[93m1477[0m:[93m12[0m - [91merror[0m[90m TS2331: [0m'this' cannot be referenced in a module or namespace body.

[7m1477[0m         ): this;
[7m    [0m [91m           ~~~~[0m
[96mnode_modules/@types/node/http2.d.ts[0m:[93m1478[0m:[93m9[0m - [91merror[0m[90m TS2304: [0mCannot find name 'once'.

[7m1478[0m         once(event: "timeout", listener: () => void): this;
[7m    [0m [91m        ~~~~[0m
[96mnode_modules/@types/node/http2.d.ts[0m:[93m1478[0m:[93m19[0m - [91merror[0m[90m TS1005: [0m',' expected.

[7m1478[0m         once(event: "timeout", listener: () => void): this;
[7m    [0m [91m                  ~[0m
[96mnode_modules/@types/node/http2.d.ts[0m:[93m1478[0m:[93m32[0m - [91merror[0m[90m TS2304: [0mCannot find name 'listener'.

[7m1478[0m         once(event: "timeout", listener: () => void): this;
[7m    [0m [91m                               ~~~~~~~~[0m
[96mnode_modules/@types/node/http2.d.ts[0m:[93m1478[0m:[93m40[0m - [91merror[0m[90m TS1005: [0m',' expected.

[7m1478[0m         once(event: "timeout", listener: () => void): this;
[7m    [0m [91m                                       ~[0m
[96mnode_modules/@types/node/http2.d.ts[0m:[93m1478[0m:[93m52[0m - [91merror[0m[90m TS1109: [0mExpression expected.

[7m1478[0m         once(event: "timeout", listener: () => void): this;
[7m    [0m [91m                                                   ~[0m
[96mnode_modules/@types/node/http2.d.ts[0m:[93m1478[0m:[93m53[0m - [91merror[0m[90m TS1005: [0m';' expected.

[7m1478[0m         once(event: "timeout", listener: () => void): this;
[7m    [0m [91m                                                    ~[0m
[96mnode_modules/@types/node/http2.d.ts[0m:[93m1478[0m:[93m55[0m - [91merror[0m[90m TS2331: [0m'this' cannot be referenced in a module or namespace body.

[7m1478[0m         once(event: "timeout", listener: () => void): this;
[7m    [0m [91m                                                      ~~~~[0m
[96mnode_modules/@types/node/http2.d.ts[0m:[93m1479[0m:[93m9[0m - [91merror[0m[90m TS2304: [0mCannot find name 'once'.

[7m1479[0m         once(event: "unknownProtocol", listener: (socket: tls.TLSSocket) => void): this;
[7m    [0m [91m        ~~~~[0m
[96mnode_modules/@types/node/http2.d.ts[0m:[93m1479[0m:[93m19[0m - [91merror[0m[90m TS1005: [0m',' expected.

[7m1479[0m         once(event: "unknownProtocol", listener: (socket: tls.TLSSocket) => void): this;
[7m    [0m [91m                  ~[0m
[96mnode_modules/@types/node/http2.d.ts[0m:[93m1479[0m:[93m40[0m - [91merror[0m[90m TS2304: [0mCannot find name 'listener'.

[7m1479[0m         once(event: "unknownProtocol", listener: (socket: tls.TLSSocket) => void): this;
[7m    [0m [91m                                       ~~~~~~~~[0m
[96mnode_modules/@types/node/http2.d.ts[0m:[93m1479[0m:[93m48[0m - [91merror[0m[90m TS1005: [0m',' expected.

[7m1479[0m         once(event: "unknownProtocol", listener: (socket: tls.TLSSocket) => void): this;
[7m    [0m [91m                                               ~[0m
[96mnode_modules/@types/node/http2.d.ts[0m:[93m1479[0m:[93m81[0m - [91merror[0m[90m TS1109: [0mExpression expected.

[7m1479[0m         once(event: "unknownProtocol", listener: (socket: tls.TLSSocket) => void): this;
[7m    [0m [91m                                                                                ~[0m
[96mnode_modules/@types/node/http2.d.ts[0m:[93m1479[0m:[93m82[0m - [91merror[0m[90m TS1005: [0m';' expected.

[7m1479[0m         once(event: "unknownProtocol", listener: (socket: tls.TLSSocket) => void): this;
[7m    [0m [91m                                                                                 ~[0m
[96mnode_modules/@types/node/http2.d.ts[0m:[93m1479[0m:[93m84[0m - [91merror[0m[90m TS2331: [0m'this' cannot be referenced in a module or namespace body.

[7m1479[0m         once(event: "unknownProtocol", listener: (socket: tls.TLSSocket) => void): this;
[7m    [0m [91m                                                                                   ~~~~[0m
[96mnode_modules/@types/node/http2.d.ts[0m:[93m1480[0m:[93m9[0m - [91merror[0m[90m TS2304: [0mCannot find name 'once'.

[7m1480[0m         once(event: string | symbol, listener: (...args: any[]) => void): this;
[7m    [0m [91m        ~~~~[0m
[96mnode_modules/@types/node/http2.d.ts[0m:[93m1480[0m:[93m19[0m - [91merror[0m[90m TS1005: [0m',' expected.

[7m1480[0m         once(event: string | symbol, listener: (...args: any[]) => void): this;
[7m    [0m [91m                  ~[0m
[96mnode_modules/@types/node/http2.d.ts[0m:[93m1480[0m:[93m21[0m - [91merror[0m[90m TS2693: [0m'string' only refers to a type, but is being used as a value here.

[7m1480[0m         once(event: string | symbol, listener: (...args: any[]) => void): this;
[7m    [0m [91m                    ~~~~~~[0m
[96mnode_modules/@types/node/http2.d.ts[0m:[93m1480[0m:[93m30[0m - [91merror[0m[90m TS2304: [0mCannot find name 'symbol'.

[7m1480[0m         once(event: string | symbol, listener: (...args: any[]) => void): this;
[7m    [0m [91m                             ~~~~~~[0m
[96mnode_modules/@types/node/http2.d.ts[0m:[93m1480[0m:[93m38[0m - [91merror[0m[90m TS2304: [0mCannot find name 'listener'.

[7m1480[0m         once(event: string | symbol, listener: (...args: any[]) => void): this;
[7m    [0m [91m                                     ~~~~~~~~[0m
[96mnode_modules/@types/node/http2.d.ts[0m:[93m1480[0m:[93m46[0m - [91merror[0m[90m TS1005: [0m',' expected.

[7m1480[0m         once(event: string | symbol, listener: (...args: any[]) => void): this;
[7m    [0m [91m                                             ~[0m
[96mnode_modules/@types/node/http2.d.ts[0m:[93m1480[0m:[93m72[0m - [91merror[0m[90m TS1109: [0mExpression expected.

[7m1480[0m         once(event: string | symbol, listener: (...args: any[]) => void): this;
[7m    [0m [91m                                                                       ~[0m
[96mnode_modules/@types/node/http2.d.ts[0m:[93m1480[0m:[93m73[0m - [91merror[0m[90m TS1005: [0m';' expected.

[7m1480[0m         once(event: string | symbol, listener: (...args: any[]) => void): this;
[7m    [0m [91m                                                                        ~[0m
[96mnode_modules/@types/node/http2.d.ts[0m:[93m1480[0m:[93m75[0m - [91merror[0m[90m TS2331: [0m'this' cannot be referenced in a module or namespace body.

[7m1480[0m         once(event: string | symbol, listener: (...args: any[]) => void): this;
[7m    [0m [91m                                                                          ~~~~[0m
[96mnode_modules/@types/node/http2.d.ts[0m:[93m1481[0m:[93m9[0m - [91merror[0m[90m TS2304: [0mCannot find name 'prependListener'.

[7m1481[0m         prependListener(
[7m    [0m [91m        ~~~~~~~~~~~~~~~[0m
[96mnode_modules/@types/node/http2.d.ts[0m:[93m1482[0m:[93m18[0m - [91merror[0m[90m TS1005: [0m',' expected.

[7m1482[0m             event: "checkContinue",
[7m    [0m [91m                 ~[0m
[96mnode_modules/@types/node/http2.d.ts[0m:[93m1483[0m:[93m13[0m - [91merror[0m[90m TS2304: [0mCannot find name 'listener'.

[7m1483[0m             listener: (request: InstanceType<Http2Request>, response: InstanceType<Http2Response>) => void,
[7m    [0m [91m            ~~~~~~~~[0m
[96mnode_modules/@types/node/http2.d.ts[0m:[93m1483[0m:[93m21[0m - [91merror[0m[90m TS1005: [0m',' expected.

[7m1483[0m             listener: (request: InstanceType<Http2Request>, response: InstanceType<Http2Response>) => void,
[7m    [0m [91m                    ~[0m
[96mnode_modules/@types/node/http2.d.ts[0m:[93m1483[0m:[93m46[0m - [91merror[0m[90m TS2304: [0mCannot find name 'Http2Request'.

[7m1483[0m             listener: (request: InstanceType<Http2Request>, response: InstanceType<Http2Response>) => void,
[7m    [0m [91m                                             ~~~~~~~~~~~~[0m
[96mnode_modules/@types/node/http2.d.ts[0m:[93m1483[0m:[93m84[0m - [91merror[0m[90m TS2304: [0mCannot find name 'Http2Response'.

[7m1483[0m             listener: (request: InstanceType<Http2Request>, response: InstanceType<Http2Response>) => void,
[7m    [0m [91m                                                                                   ~~~~~~~~~~~~~[0m
[96mnode_modules/@types/node/http2.d.ts[0m:[93m1483[0m:[93m107[0m - [91merror[0m[90m TS1109: [0mExpression expected.

[7m1483[0m             listener: (request: InstanceType<Http2Request>, response: InstanceType<Http2Response>) => void,
[7m    [0m [91m                                                                                                          ~[0m
[96mnode_modules/@types/node/http2.d.ts[0m:[93m1484[0m:[93m10[0m - [91merror[0m[90m TS1005: [0m';' expected.

[7m1484[0m         ): this;
[7m    [0m [91m         ~[0m
[96mnode_modules/@types/node/http2.d.ts[0m:[93m1484[0m:[93m12[0m - [91merror[0m[90m TS2331: [0m'this' cannot be referenced in a module or namespace body.

[7m1484[0m         ): this;
[7m    [0m [91m           ~~~~[0m
[96mnode_modules/@types/node/http2.d.ts[0m:[93m1485[0m:[93m9[0m - [91merror[0m[90m TS2304: [0mCannot find name 'prependListener'.

[7m1485[0m         prependListener(
[7m    [0m [91m        ~~~~~~~~~~~~~~~[0m
[96mnode_modules/@types/node/http2.d.ts[0m:[93m1486[0m:[93m18[0m - [91merror[0m[90m TS1005: [0m',' expected.

[7m1486[0m             event: "request",
[7m    [0m [91m                 ~[0m
[96mnode_modules/@types/node/http2.d.ts[0m:[93m1487[0m:[93m13[0m - [91merror[0m[90m TS2304: [0mCannot find name 'listener'.

[7m1487[0m             listener: (request: InstanceType<Http2Request>, response: InstanceType<Http2Response>) => void,
[7m    [0m [91m            ~~~~~~~~[0m
[96mnode_modules/@types/node/http2.d.ts[0m:[93m1487[0m:[93m21[0m - [91merror[0m[90m TS1005: [0m',' expected.

[7m1487[0m             listener: (request: InstanceType<Http2Request>, response: InstanceType<Http2Response>) => void,
[7m    [0m [91m                    ~[0m
[96mnode_modules/@types/node/http2.d.ts[0m:[93m1487[0m:[93m46[0m - [91merror[0m[90m TS2304: [0mCannot find name 'Http2Request'.

[7m1487[0m             listener: (request: InstanceType<Http2Request>, response: InstanceType<Http2Response>) => void,
[7m    [0m [91m                                             ~~~~~~~~~~~~[0m
[96mnode_modules/@types/node/http2.d.ts[0m:[93m1487[0m:[93m84[0m - [91merror[0m[90m TS2304: [0mCannot find name 'Http2Response'.

[7m1487[0m             listener: (request: InstanceType<Http2Request>, response: InstanceType<Http2Response>) => void,
[7m    [0m [91m                                                                                   ~~~~~~~~~~~~~[0m
[96mnode_modules/@types/node/http2.d.ts[0m:[93m1487[0m:[93m107[0m - [91merror[0m[90m TS1109: [0mExpression expected.

[7m1487[0m             listener: (request: InstanceType<Http2Request>, response: InstanceType<Http2Response>) => void,
[7m    [0m [91m                                                                                                          ~[0m
[96mnode_modules/@types/node/http2.d.ts[0m:[93m1488[0m:[93m10[0m - [91merror[0m[90m TS1005: [0m';' expected.

[7m1488[0m         ): this;
[7m    [0m [91m         ~[0m
[96mnode_modules/@types/node/http2.d.ts[0m:[93m1488[0m:[93m12[0m - [91merror[0m[90m TS2331: [0m'this' cannot be referenced in a module or namespace body.

[7m1488[0m         ): this;
[7m    [0m [91m           ~~~~[0m
[96mnode_modules/@types/node/http2.d.ts[0m:[93m1489[0m:[93m9[0m - [91merror[0m[90m TS2304: [0mCannot find name 'prependListener'.

[7m1489[0m         prependListener(
[7m    [0m [91m        ~~~~~~~~~~~~~~~[0m
[96mnode_modules/@types/node/http2.d.ts[0m:[93m1490[0m:[93m18[0m - [91merror[0m[90m TS1005: [0m',' expected.

[7m1490[0m             event: "session",
[7m    [0m [91m                 ~[0m
[96mnode_modules/@types/node/http2.d.ts[0m:[93m1491[0m:[93m13[0m - [91merror[0m[90m TS2304: [0mCannot find name 'listener'.

[7m1491[0m             listener: (session: ServerHttp2Session<Http1Request, Http1Response, Http2Request, Http2Response>) => void,
[7m    [0m [91m            ~~~~~~~~[0m
[96mnode_modules/@types/node/http2.d.ts[0m:[93m1491[0m:[93m21[0m - [91merror[0m[90m TS1005: [0m',' expected.

[7m1491[0m             listener: (session: ServerHttp2Session<Http1Request, Http1Response, Http2Request, Http2Response>) => void,
[7m    [0m [91m                    ~[0m
[96mnode_modules/@types/node/http2.d.ts[0m:[93m1491[0m:[93m33[0m - [91merror[0m[90m TS2314: [0mGeneric type 'ServerHttp2Session<Http1Request, Http1Response>' requires 2 type argument(s).

[7m1491[0m             listener: (session: ServerHttp2Session<Http1Request, Http1Response, Http2Request, Http2Response>) => void,
[7m    [0m [91m                                ~~~~~~~~~~~~~~~~~~~~~~~~~~~~~~~~~~~~~~~~~~~~~~~~~~~~~~~~~~~~~~~~~~~~~~~~~~~~[0m
[96mnode_modules/@types/node/http2.d.ts[0m:[93m1491[0m:[93m52[0m - [91merror[0m[90m TS2304: [0mCannot find name 'Http1Request'.

[7m1491[0m             listener: (session: ServerHttp2Session<Http1Request, Http1Response, Http2Request, Http2Response>) => void,
[7m    [0m [91m                                                   ~~~~~~~~~~~~[0m
[96mnode_modules/@types/node/http2.d.ts[0m:[93m1491[0m:[93m66[0m - [91merror[0m[90m TS2304: [0mCannot find name 'Http1Response'.

[7m1491[0m             listener: (session: ServerHttp2Session<Http1Request, Http1Response, Http2Request, Http2Response>) => void,
[7m    [0m [91m                                                                 ~~~~~~~~~~~~~[0m
[96mnode_modules/@types/node/http2.d.ts[0m:[93m1491[0m:[93m81[0m - [91merror[0m[90m TS2304: [0mCannot find name 'Http2Request'.

[7m1491[0m             listener: (session: ServerHttp2Session<Http1Request, Http1Response, Http2Request, Http2Response>) => void,
[7m    [0m [91m                                                                                ~~~~~~~~~~~~[0m
[96mnode_modules/@types/node/http2.d.ts[0m:[93m1491[0m:[93m95[0m - [91merror[0m[90m TS2304: [0mCannot find name 'Http2Response'.

[7m1491[0m             listener: (session: ServerHttp2Session<Http1Request, Http1Response, Http2Request, Http2Response>) => void,
[7m    [0m [91m                                                                                              ~~~~~~~~~~~~~[0m
[96mnode_modules/@types/node/http2.d.ts[0m:[93m1491[0m:[93m118[0m - [91merror[0m[90m TS1109: [0mExpression expected.

[7m1491[0m             listener: (session: ServerHttp2Session<Http1Request, Http1Response, Http2Request, Http2Response>) => void,
[7m    [0m [91m                                                                                                                     ~[0m
[96mnode_modules/@types/node/http2.d.ts[0m:[93m1492[0m:[93m10[0m - [91merror[0m[90m TS1005: [0m';' expected.

[7m1492[0m         ): this;
[7m    [0m [91m         ~[0m
[96mnode_modules/@types/node/http2.d.ts[0m:[93m1492[0m:[93m12[0m - [91merror[0m[90m TS2331: [0m'this' cannot be referenced in a module or namespace body.

[7m1492[0m         ): this;
[7m    [0m [91m           ~~~~[0m
[96mnode_modules/@types/node/http2.d.ts[0m:[93m1493[0m:[93m9[0m - [91merror[0m[90m TS2304: [0mCannot find name 'prependListener'.

[7m1493[0m         prependListener(event: "sessionError", listener: (err: Error) => void): this;
[7m    [0m [91m        ~~~~~~~~~~~~~~~[0m
[96mnode_modules/@types/node/http2.d.ts[0m:[93m1493[0m:[93m30[0m - [91merror[0m[90m TS1005: [0m',' expected.

[7m1493[0m         prependListener(event: "sessionError", listener: (err: Error) => void): this;
[7m    [0m [91m                             ~[0m
[96mnode_modules/@types/node/http2.d.ts[0m:[93m1493[0m:[93m48[0m - [91merror[0m[90m TS2304: [0mCannot find name 'listener'.

[7m1493[0m         prependListener(event: "sessionError", listener: (err: Error) => void): this;
[7m    [0m [91m                                               ~~~~~~~~[0m
[96mnode_modules/@types/node/http2.d.ts[0m:[93m1493[0m:[93m56[0m - [91merror[0m[90m TS1005: [0m',' expected.

[7m1493[0m         prependListener(event: "sessionError", listener: (err: Error) => void): this;
[7m    [0m [91m                                                       ~[0m
[96mnode_modules/@types/node/http2.d.ts[0m:[93m1493[0m:[93m78[0m - [91merror[0m[90m TS1109: [0mExpression expected.

[7m1493[0m         prependListener(event: "sessionError", listener: (err: Error) => void): this;
[7m    [0m [91m                                                                             ~[0m
[96mnode_modules/@types/node/http2.d.ts[0m:[93m1493[0m:[93m79[0m - [91merror[0m[90m TS1005: [0m';' expected.

[7m1493[0m         prependListener(event: "sessionError", listener: (err: Error) => void): this;
[7m    [0m [91m                                                                              ~[0m
[96mnode_modules/@types/node/http2.d.ts[0m:[93m1493[0m:[93m81[0m - [91merror[0m[90m TS2331: [0m'this' cannot be referenced in a module or namespace body.

[7m1493[0m         prependListener(event: "sessionError", listener: (err: Error) => void): this;
[7m    [0m [91m                                                                                ~~~~[0m
[96mnode_modules/@types/node/http2.d.ts[0m:[93m1494[0m:[93m9[0m - [91merror[0m[90m TS2304: [0mCannot find name 'prependListener'.

[7m1494[0m         prependListener(
[7m    [0m [91m        ~~~~~~~~~~~~~~~[0m
[96mnode_modules/@types/node/http2.d.ts[0m:[93m1495[0m:[93m18[0m - [91merror[0m[90m TS1005: [0m',' expected.

[7m1495[0m             event: "stream",
[7m    [0m [91m                 ~[0m
[96mnode_modules/@types/node/http2.d.ts[0m:[93m1496[0m:[93m13[0m - [91merror[0m[90m TS2304: [0mCannot find name 'listener'.

[7m1496[0m             listener: (stream: ServerHttp2Stream, headers: IncomingHttpHeaders, flags: number) => void,
[7m    [0m [91m            ~~~~~~~~[0m
[96mnode_modules/@types/node/http2.d.ts[0m:[93m1496[0m:[93m21[0m - [91merror[0m[90m TS1005: [0m',' expected.

[7m1496[0m             listener: (stream: ServerHttp2Stream, headers: IncomingHttpHeaders, flags: number) => void,
[7m    [0m [91m                    ~[0m
[96mnode_modules/@types/node/http2.d.ts[0m:[93m1496[0m:[93m103[0m - [91merror[0m[90m TS1109: [0mExpression expected.

[7m1496[0m             listener: (stream: ServerHttp2Stream, headers: IncomingHttpHeaders, flags: number) => void,
[7m    [0m [91m                                                                                                      ~[0m
[96mnode_modules/@types/node/http2.d.ts[0m:[93m1497[0m:[93m10[0m - [91merror[0m[90m TS1005: [0m';' expected.

[7m1497[0m         ): this;
[7m    [0m [91m         ~[0m
[96mnode_modules/@types/node/http2.d.ts[0m:[93m1497[0m:[93m12[0m - [91merror[0m[90m TS2331: [0m'this' cannot be referenced in a module or namespace body.

[7m1497[0m         ): this;
[7m    [0m [91m           ~~~~[0m
[96mnode_modules/@types/node/http2.d.ts[0m:[93m1498[0m:[93m9[0m - [91merror[0m[90m TS2304: [0mCannot find name 'prependListener'.

[7m1498[0m         prependListener(event: "timeout", listener: () => void): this;
[7m    [0m [91m        ~~~~~~~~~~~~~~~[0m
[96mnode_modules/@types/node/http2.d.ts[0m:[93m1498[0m:[93m30[0m - [91merror[0m[90m TS1005: [0m',' expected.

[7m1498[0m         prependListener(event: "timeout", listener: () => void): this;
[7m    [0m [91m                             ~[0m
[96mnode_modules/@types/node/http2.d.ts[0m:[93m1498[0m:[93m43[0m - [91merror[0m[90m TS2304: [0mCannot find name 'listener'.

[7m1498[0m         prependListener(event: "timeout", listener: () => void): this;
[7m    [0m [91m                                          ~~~~~~~~[0m
[96mnode_modules/@types/node/http2.d.ts[0m:[93m1498[0m:[93m51[0m - [91merror[0m[90m TS1005: [0m',' expected.

[7m1498[0m         prependListener(event: "timeout", listener: () => void): this;
[7m    [0m [91m                                                  ~[0m
[96mnode_modules/@types/node/http2.d.ts[0m:[93m1498[0m:[93m63[0m - [91merror[0m[90m TS1109: [0mExpression expected.

[7m1498[0m         prependListener(event: "timeout", listener: () => void): this;
[7m    [0m [91m                                                              ~[0m
[96mnode_modules/@types/node/http2.d.ts[0m:[93m1498[0m:[93m64[0m - [91merror[0m[90m TS1005: [0m';' expected.

[7m1498[0m         prependListener(event: "timeout", listener: () => void): this;
[7m    [0m [91m                                                               ~[0m
[96mnode_modules/@types/node/http2.d.ts[0m:[93m1498[0m:[93m66[0m - [91merror[0m[90m TS2331: [0m'this' cannot be referenced in a module or namespace body.

[7m1498[0m         prependListener(event: "timeout", listener: () => void): this;
[7m    [0m [91m                                                                 ~~~~[0m
[96mnode_modules/@types/node/http2.d.ts[0m:[93m1499[0m:[93m9[0m - [91merror[0m[90m TS2304: [0mCannot find name 'prependListener'.

[7m1499[0m         prependListener(event: "unknownProtocol", listener: (socket: tls.TLSSocket) => void): this;
[7m    [0m [91m        ~~~~~~~~~~~~~~~[0m
[96mnode_modules/@types/node/http2.d.ts[0m:[93m1499[0m:[93m30[0m - [91merror[0m[90m TS1005: [0m',' expected.

[7m1499[0m         prependListener(event: "unknownProtocol", listener: (socket: tls.TLSSocket) => void): this;
[7m    [0m [91m                             ~[0m
[96mnode_modules/@types/node/http2.d.ts[0m:[93m1499[0m:[93m51[0m - [91merror[0m[90m TS2304: [0mCannot find name 'listener'.

[7m1499[0m         prependListener(event: "unknownProtocol", listener: (socket: tls.TLSSocket) => void): this;
[7m    [0m [91m                                                  ~~~~~~~~[0m
[96mnode_modules/@types/node/http2.d.ts[0m:[93m1499[0m:[93m59[0m - [91merror[0m[90m TS1005: [0m',' expected.

[7m1499[0m         prependListener(event: "unknownProtocol", listener: (socket: tls.TLSSocket) => void): this;
[7m    [0m [91m                                                          ~[0m
[96mnode_modules/@types/node/http2.d.ts[0m:[93m1499[0m:[93m92[0m - [91merror[0m[90m TS1109: [0mExpression expected.

[7m1499[0m         prependListener(event: "unknownProtocol", listener: (socket: tls.TLSSocket) => void): this;
[7m    [0m [91m                                                                                           ~[0m
[96mnode_modules/@types/node/http2.d.ts[0m:[93m1499[0m:[93m93[0m - [91merror[0m[90m TS1005: [0m';' expected.

[7m1499[0m         prependListener(event: "unknownProtocol", listener: (socket: tls.TLSSocket) => void): this;
[7m    [0m [91m                                                                                            ~[0m
[96mnode_modules/@types/node/http2.d.ts[0m:[93m1499[0m:[93m95[0m - [91merror[0m[90m TS2331: [0m'this' cannot be referenced in a module or namespace body.

[7m1499[0m         prependListener(event: "unknownProtocol", listener: (socket: tls.TLSSocket) => void): this;
[7m    [0m [91m                                                                                              ~~~~[0m
[96mnode_modules/@types/node/http2.d.ts[0m:[93m1500[0m:[93m9[0m - [91merror[0m[90m TS2304: [0mCannot find name 'prependListener'.

[7m1500[0m         prependListener(event: string | symbol, listener: (...args: any[]) => void): this;
[7m    [0m [91m        ~~~~~~~~~~~~~~~[0m
[96mnode_modules/@types/node/http2.d.ts[0m:[93m1500[0m:[93m30[0m - [91merror[0m[90m TS1005: [0m',' expected.

[7m1500[0m         prependListener(event: string | symbol, listener: (...args: any[]) => void): this;
[7m    [0m [91m                             ~[0m
[96mnode_modules/@types/node/http2.d.ts[0m:[93m1500[0m:[93m32[0m - [91merror[0m[90m TS2693: [0m'string' only refers to a type, but is being used as a value here.

[7m1500[0m         prependListener(event: string | symbol, listener: (...args: any[]) => void): this;
[7m    [0m [91m                               ~~~~~~[0m
[96mnode_modules/@types/node/http2.d.ts[0m:[93m1500[0m:[93m41[0m - [91merror[0m[90m TS2304: [0mCannot find name 'symbol'.

[7m1500[0m         prependListener(event: string | symbol, listener: (...args: any[]) => void): this;
[7m    [0m [91m                                        ~~~~~~[0m
[96mnode_modules/@types/node/http2.d.ts[0m:[93m1500[0m:[93m49[0m - [91merror[0m[90m TS2304: [0mCannot find name 'listener'.

[7m1500[0m         prependListener(event: string | symbol, listener: (...args: any[]) => void): this;
[7m    [0m [91m                                                ~~~~~~~~[0m
[96mnode_modules/@types/node/http2.d.ts[0m:[93m1500[0m:[93m57[0m - [91merror[0m[90m TS1005: [0m',' expected.

[7m1500[0m         prependListener(event: string | symbol, listener: (...args: any[]) => void): this;
[7m    [0m [91m                                                        ~[0m
[96mnode_modules/@types/node/http2.d.ts[0m:[93m1500[0m:[93m83[0m - [91merror[0m[90m TS1109: [0mExpression expected.

[7m1500[0m         prependListener(event: string | symbol, listener: (...args: any[]) => void): this;
[7m    [0m [91m                                                                                  ~[0m
[96mnode_modules/@types/node/http2.d.ts[0m:[93m1500[0m:[93m84[0m - [91merror[0m[90m TS1005: [0m';' expected.

[7m1500[0m         prependListener(event: string | symbol, listener: (...args: any[]) => void): this;
[7m    [0m [91m                                                                                   ~[0m
[96mnode_modules/@types/node/http2.d.ts[0m:[93m1500[0m:[93m86[0m - [91merror[0m[90m TS2331: [0m'this' cannot be referenced in a module or namespace body.

[7m1500[0m         prependListener(event: string | symbol, listener: (...args: any[]) => void): this;
[7m    [0m [91m                                                                                     ~~~~[0m
[96mnode_modules/@types/node/http2.d.ts[0m:[93m1501[0m:[93m9[0m - [91merror[0m[90m TS2304: [0mCannot find name 'prependOnceListener'.

[7m1501[0m         prependOnceListener(
[7m    [0m [91m        ~~~~~~~~~~~~~~~~~~~[0m
[96mnode_modules/@types/node/http2.d.ts[0m:[93m1502[0m:[93m18[0m - [91merror[0m[90m TS1005: [0m',' expected.

[7m1502[0m             event: "checkContinue",
[7m    [0m [91m                 ~[0m
[96mnode_modules/@types/node/http2.d.ts[0m:[93m1503[0m:[93m13[0m - [91merror[0m[90m TS2304: [0mCannot find name 'listener'.

[7m1503[0m             listener: (request: InstanceType<Http2Request>, response: InstanceType<Http2Response>) => void,
[7m    [0m [91m            ~~~~~~~~[0m
[96mnode_modules/@types/node/http2.d.ts[0m:[93m1503[0m:[93m21[0m - [91merror[0m[90m TS1005: [0m',' expected.

[7m1503[0m             listener: (request: InstanceType<Http2Request>, response: InstanceType<Http2Response>) => void,
[7m    [0m [91m                    ~[0m
[96mnode_modules/@types/node/http2.d.ts[0m:[93m1503[0m:[93m46[0m - [91merror[0m[90m TS2304: [0mCannot find name 'Http2Request'.

[7m1503[0m             listener: (request: InstanceType<Http2Request>, response: InstanceType<Http2Response>) => void,
[7m    [0m [91m                                             ~~~~~~~~~~~~[0m
[96mnode_modules/@types/node/http2.d.ts[0m:[93m1503[0m:[93m84[0m - [91merror[0m[90m TS2304: [0mCannot find name 'Http2Response'.

[7m1503[0m             listener: (request: InstanceType<Http2Request>, response: InstanceType<Http2Response>) => void,
[7m    [0m [91m                                                                                   ~~~~~~~~~~~~~[0m
[96mnode_modules/@types/node/http2.d.ts[0m:[93m1503[0m:[93m107[0m - [91merror[0m[90m TS1109: [0mExpression expected.

[7m1503[0m             listener: (request: InstanceType<Http2Request>, response: InstanceType<Http2Response>) => void,
[7m    [0m [91m                                                                                                          ~[0m
[96mnode_modules/@types/node/http2.d.ts[0m:[93m1504[0m:[93m10[0m - [91merror[0m[90m TS1005: [0m';' expected.

[7m1504[0m         ): this;
[7m    [0m [91m         ~[0m
[96mnode_modules/@types/node/http2.d.ts[0m:[93m1504[0m:[93m12[0m - [91merror[0m[90m TS2331: [0m'this' cannot be referenced in a module or namespace body.

[7m1504[0m         ): this;
[7m    [0m [91m           ~~~~[0m
[96mnode_modules/@types/node/http2.d.ts[0m:[93m1505[0m:[93m9[0m - [91merror[0m[90m TS2304: [0mCannot find name 'prependOnceListener'.

[7m1505[0m         prependOnceListener(
[7m    [0m [91m        ~~~~~~~~~~~~~~~~~~~[0m
[96mnode_modules/@types/node/http2.d.ts[0m:[93m1506[0m:[93m18[0m - [91merror[0m[90m TS1005: [0m',' expected.

[7m1506[0m             event: "request",
[7m    [0m [91m                 ~[0m
[96mnode_modules/@types/node/http2.d.ts[0m:[93m1507[0m:[93m13[0m - [91merror[0m[90m TS2304: [0mCannot find name 'listener'.

[7m1507[0m             listener: (request: InstanceType<Http2Request>, response: InstanceType<Http2Response>) => void,
[7m    [0m [91m            ~~~~~~~~[0m
[96mnode_modules/@types/node/http2.d.ts[0m:[93m1507[0m:[93m21[0m - [91merror[0m[90m TS1005: [0m',' expected.

[7m1507[0m             listener: (request: InstanceType<Http2Request>, response: InstanceType<Http2Response>) => void,
[7m    [0m [91m                    ~[0m
[96mnode_modules/@types/node/http2.d.ts[0m:[93m1507[0m:[93m46[0m - [91merror[0m[90m TS2304: [0mCannot find name 'Http2Request'.

[7m1507[0m             listener: (request: InstanceType<Http2Request>, response: InstanceType<Http2Response>) => void,
[7m    [0m [91m                                             ~~~~~~~~~~~~[0m
[96mnode_modules/@types/node/http2.d.ts[0m:[93m1507[0m:[93m84[0m - [91merror[0m[90m TS2304: [0mCannot find name 'Http2Response'.

[7m1507[0m             listener: (request: InstanceType<Http2Request>, response: InstanceType<Http2Response>) => void,
[7m    [0m [91m                                                                                   ~~~~~~~~~~~~~[0m
[96mnode_modules/@types/node/http2.d.ts[0m:[93m1507[0m:[93m107[0m - [91merror[0m[90m TS1109: [0mExpression expected.

[7m1507[0m             listener: (request: InstanceType<Http2Request>, response: InstanceType<Http2Response>) => void,
[7m    [0m [91m                                                                                                          ~[0m
[96mnode_modules/@types/node/http2.d.ts[0m:[93m1508[0m:[93m10[0m - [91merror[0m[90m TS1005: [0m';' expected.

[7m1508[0m         ): this;
[7m    [0m [91m         ~[0m
[96mnode_modules/@types/node/http2.d.ts[0m:[93m1508[0m:[93m12[0m - [91merror[0m[90m TS2331: [0m'this' cannot be referenced in a module or namespace body.

[7m1508[0m         ): this;
[7m    [0m [91m           ~~~~[0m
[96mnode_modules/@types/node/http2.d.ts[0m:[93m1509[0m:[93m9[0m - [91merror[0m[90m TS2304: [0mCannot find name 'prependOnceListener'.

[7m1509[0m         prependOnceListener(
[7m    [0m [91m        ~~~~~~~~~~~~~~~~~~~[0m
[96mnode_modules/@types/node/http2.d.ts[0m:[93m1510[0m:[93m18[0m - [91merror[0m[90m TS1005: [0m',' expected.

[7m1510[0m             event: "session",
[7m    [0m [91m                 ~[0m
[96mnode_modules/@types/node/http2.d.ts[0m:[93m1511[0m:[93m13[0m - [91merror[0m[90m TS2304: [0mCannot find name 'listener'.

[7m1511[0m             listener: (session: ServerHttp2Session<Http1Request, Http1Response, Http2Request, Http2Response>) => void,
[7m    [0m [91m            ~~~~~~~~[0m
[96mnode_modules/@types/node/http2.d.ts[0m:[93m1511[0m:[93m21[0m - [91merror[0m[90m TS1005: [0m',' expected.

[7m1511[0m             listener: (session: ServerHttp2Session<Http1Request, Http1Response, Http2Request, Http2Response>) => void,
[7m    [0m [91m                    ~[0m
[96mnode_modules/@types/node/http2.d.ts[0m:[93m1511[0m:[93m33[0m - [91merror[0m[90m TS2314: [0mGeneric type 'ServerHttp2Session<Http1Request, Http1Response>' requires 2 type argument(s).

[7m1511[0m             listener: (session: ServerHttp2Session<Http1Request, Http1Response, Http2Request, Http2Response>) => void,
[7m    [0m [91m                                ~~~~~~~~~~~~~~~~~~~~~~~~~~~~~~~~~~~~~~~~~~~~~~~~~~~~~~~~~~~~~~~~~~~~~~~~~~~~[0m
[96mnode_modules/@types/node/http2.d.ts[0m:[93m1511[0m:[93m52[0m - [91merror[0m[90m TS2304: [0mCannot find name 'Http1Request'.

[7m1511[0m             listener: (session: ServerHttp2Session<Http1Request, Http1Response, Http2Request, Http2Response>) => void,
[7m    [0m [91m                                                   ~~~~~~~~~~~~[0m
[96mnode_modules/@types/node/http2.d.ts[0m:[93m1511[0m:[93m66[0m - [91merror[0m[90m TS2304: [0mCannot find name 'Http1Response'.

[7m1511[0m             listener: (session: ServerHttp2Session<Http1Request, Http1Response, Http2Request, Http2Response>) => void,
[7m    [0m [91m                                                                 ~~~~~~~~~~~~~[0m
[96mnode_modules/@types/node/http2.d.ts[0m:[93m1511[0m:[93m81[0m - [91merror[0m[90m TS2304: [0mCannot find name 'Http2Request'.

[7m1511[0m             listener: (session: ServerHttp2Session<Http1Request, Http1Response, Http2Request, Http2Response>) => void,
[7m    [0m [91m                                                                                ~~~~~~~~~~~~[0m
[96mnode_modules/@types/node/http2.d.ts[0m:[93m1511[0m:[93m95[0m - [91merror[0m[90m TS2304: [0mCannot find name 'Http2Response'.

[7m1511[0m             listener: (session: ServerHttp2Session<Http1Request, Http1Response, Http2Request, Http2Response>) => void,
[7m    [0m [91m                                                                                              ~~~~~~~~~~~~~[0m
[96mnode_modules/@types/node/http2.d.ts[0m:[93m1511[0m:[93m118[0m - [91merror[0m[90m TS1109: [0mExpression expected.

[7m1511[0m             listener: (session: ServerHttp2Session<Http1Request, Http1Response, Http2Request, Http2Response>) => void,
[7m    [0m [91m                                                                                                                     ~[0m
[96mnode_modules/@types/node/http2.d.ts[0m:[93m1512[0m:[93m10[0m - [91merror[0m[90m TS1005: [0m';' expected.

[7m1512[0m         ): this;
[7m    [0m [91m         ~[0m
[96mnode_modules/@types/node/http2.d.ts[0m:[93m1512[0m:[93m12[0m - [91merror[0m[90m TS2331: [0m'this' cannot be referenced in a module or namespace body.

[7m1512[0m         ): this;
[7m    [0m [91m           ~~~~[0m
[96mnode_modules/@types/node/http2.d.ts[0m:[93m1513[0m:[93m9[0m - [91merror[0m[90m TS2304: [0mCannot find name 'prependOnceListener'.

[7m1513[0m         prependOnceListener(event: "sessionError", listener: (err: Error) => void): this;
[7m    [0m [91m        ~~~~~~~~~~~~~~~~~~~[0m
[96mnode_modules/@types/node/http2.d.ts[0m:[93m1513[0m:[93m34[0m - [91merror[0m[90m TS1005: [0m',' expected.

[7m1513[0m         prependOnceListener(event: "sessionError", listener: (err: Error) => void): this;
[7m    [0m [91m                                 ~[0m
[96mnode_modules/@types/node/http2.d.ts[0m:[93m1513[0m:[93m52[0m - [91merror[0m[90m TS2304: [0mCannot find name 'listener'.

[7m1513[0m         prependOnceListener(event: "sessionError", listener: (err: Error) => void): this;
[7m    [0m [91m                                                   ~~~~~~~~[0m
[96mnode_modules/@types/node/http2.d.ts[0m:[93m1513[0m:[93m60[0m - [91merror[0m[90m TS1005: [0m',' expected.

[7m1513[0m         prependOnceListener(event: "sessionError", listener: (err: Error) => void): this;
[7m    [0m [91m                                                           ~[0m
[96mnode_modules/@types/node/http2.d.ts[0m:[93m1513[0m:[93m82[0m - [91merror[0m[90m TS1109: [0mExpression expected.

[7m1513[0m         prependOnceListener(event: "sessionError", listener: (err: Error) => void): this;
[7m    [0m [91m                                                                                 ~[0m
[96mnode_modules/@types/node/http2.d.ts[0m:[93m1513[0m:[93m83[0m - [91merror[0m[90m TS1005: [0m';' expected.

[7m1513[0m         prependOnceListener(event: "sessionError", listener: (err: Error) => void): this;
[7m    [0m [91m                                                                                  ~[0m
[96mnode_modules/@types/node/http2.d.ts[0m:[93m1513[0m:[93m85[0m - [91merror[0m[90m TS2331: [0m'this' cannot be referenced in a module or namespace body.

[7m1513[0m         prependOnceListener(event: "sessionError", listener: (err: Error) => void): this;
[7m    [0m [91m                                                                                    ~~~~[0m
[96mnode_modules/@types/node/http2.d.ts[0m:[93m1514[0m:[93m9[0m - [91merror[0m[90m TS2304: [0mCannot find name 'prependOnceListener'.

[7m1514[0m         prependOnceListener(
[7m    [0m [91m        ~~~~~~~~~~~~~~~~~~~[0m
[96mnode_modules/@types/node/http2.d.ts[0m:[93m1515[0m:[93m18[0m - [91merror[0m[90m TS1005: [0m',' expected.

[7m1515[0m             event: "stream",
[7m    [0m [91m                 ~[0m
[96mnode_modules/@types/node/http2.d.ts[0m:[93m1516[0m:[93m13[0m - [91merror[0m[90m TS2304: [0mCannot find name 'listener'.

[7m1516[0m             listener: (stream: ServerHttp2Stream, headers: IncomingHttpHeaders, flags: number) => void,
[7m    [0m [91m            ~~~~~~~~[0m
[96mnode_modules/@types/node/http2.d.ts[0m:[93m1516[0m:[93m21[0m - [91merror[0m[90m TS1005: [0m',' expected.

[7m1516[0m             listener: (stream: ServerHttp2Stream, headers: IncomingHttpHeaders, flags: number) => void,
[7m    [0m [91m                    ~[0m
[96mnode_modules/@types/node/http2.d.ts[0m:[93m1516[0m:[93m103[0m - [91merror[0m[90m TS1109: [0mExpression expected.

[7m1516[0m             listener: (stream: ServerHttp2Stream, headers: IncomingHttpHeaders, flags: number) => void,
[7m    [0m [91m                                                                                                      ~[0m
[96mnode_modules/@types/node/http2.d.ts[0m:[93m1517[0m:[93m10[0m - [91merror[0m[90m TS1005: [0m';' expected.

[7m1517[0m         ): this;
[7m    [0m [91m         ~[0m
[96mnode_modules/@types/node/http2.d.ts[0m:[93m1517[0m:[93m12[0m - [91merror[0m[90m TS2331: [0m'this' cannot be referenced in a module or namespace body.

[7m1517[0m         ): this;
[7m    [0m [91m           ~~~~[0m
[96mnode_modules/@types/node/http2.d.ts[0m:[93m1518[0m:[93m9[0m - [91merror[0m[90m TS2304: [0mCannot find name 'prependOnceListener'.

[7m1518[0m         prependOnceListener(event: "timeout", listener: () => void): this;
[7m    [0m [91m        ~~~~~~~~~~~~~~~~~~~[0m
[96mnode_modules/@types/node/http2.d.ts[0m:[93m1518[0m:[93m34[0m - [91merror[0m[90m TS1005: [0m',' expected.

[7m1518[0m         prependOnceListener(event: "timeout", listener: () => void): this;
[7m    [0m [91m                                 ~[0m
[96mnode_modules/@types/node/http2.d.ts[0m:[93m1518[0m:[93m47[0m - [91merror[0m[90m TS2304: [0mCannot find name 'listener'.

[7m1518[0m         prependOnceListener(event: "timeout", listener: () => void): this;
[7m    [0m [91m                                              ~~~~~~~~[0m
[96mnode_modules/@types/node/http2.d.ts[0m:[93m1518[0m:[93m55[0m - [91merror[0m[90m TS1005: [0m',' expected.

[7m1518[0m         prependOnceListener(event: "timeout", listener: () => void): this;
[7m    [0m [91m                                                      ~[0m
[96mnode_modules/@types/node/http2.d.ts[0m:[93m1518[0m:[93m67[0m - [91merror[0m[90m TS1109: [0mExpression expected.

[7m1518[0m         prependOnceListener(event: "timeout", listener: () => void): this;
[7m    [0m [91m                                                                  ~[0m
[96mnode_modules/@types/node/http2.d.ts[0m:[93m1518[0m:[93m68[0m - [91merror[0m[90m TS1005: [0m';' expected.

[7m1518[0m         prependOnceListener(event: "timeout", listener: () => void): this;
[7m    [0m [91m                                                                   ~[0m
[96mnode_modules/@types/node/http2.d.ts[0m:[93m1518[0m:[93m70[0m - [91merror[0m[90m TS2331: [0m'this' cannot be referenced in a module or namespace body.

[7m1518[0m         prependOnceListener(event: "timeout", listener: () => void): this;
[7m    [0m [91m                                                                     ~~~~[0m
[96mnode_modules/@types/node/http2.d.ts[0m:[93m1519[0m:[93m9[0m - [91merror[0m[90m TS2304: [0mCannot find name 'prependOnceListener'.

[7m1519[0m         prependOnceListener(event: "unknownProtocol", listener: (socket: tls.TLSSocket) => void): this;
[7m    [0m [91m        ~~~~~~~~~~~~~~~~~~~[0m
[96mnode_modules/@types/node/http2.d.ts[0m:[93m1519[0m:[93m34[0m - [91merror[0m[90m TS1005: [0m',' expected.

[7m1519[0m         prependOnceListener(event: "unknownProtocol", listener: (socket: tls.TLSSocket) => void): this;
[7m    [0m [91m                                 ~[0m
[96mnode_modules/@types/node/http2.d.ts[0m:[93m1519[0m:[93m55[0m - [91merror[0m[90m TS2304: [0mCannot find name 'listener'.

[7m1519[0m         prependOnceListener(event: "unknownProtocol", listener: (socket: tls.TLSSocket) => void): this;
[7m    [0m [91m                                                      ~~~~~~~~[0m
[96mnode_modules/@types/node/http2.d.ts[0m:[93m1519[0m:[93m63[0m - [91merror[0m[90m TS1005: [0m',' expected.

[7m1519[0m         prependOnceListener(event: "unknownProtocol", listener: (socket: tls.TLSSocket) => void): this;
[7m    [0m [91m                                                              ~[0m
[96mnode_modules/@types/node/http2.d.ts[0m:[93m1519[0m:[93m96[0m - [91merror[0m[90m TS1109: [0mExpression expected.

[7m1519[0m         prependOnceListener(event: "unknownProtocol", listener: (socket: tls.TLSSocket) => void): this;
[7m    [0m [91m                                                                                               ~[0m
[96mnode_modules/@types/node/http2.d.ts[0m:[93m1519[0m:[93m97[0m - [91merror[0m[90m TS1005: [0m';' expected.

[7m1519[0m         prependOnceListener(event: "unknownProtocol", listener: (socket: tls.TLSSocket) => void): this;
[7m    [0m [91m                                                                                                ~[0m
[96mnode_modules/@types/node/http2.d.ts[0m:[93m1519[0m:[93m99[0m - [91merror[0m[90m TS2331: [0m'this' cannot be referenced in a module or namespace body.

[7m1519[0m         prependOnceListener(event: "unknownProtocol", listener: (socket: tls.TLSSocket) => void): this;
[7m    [0m [91m                                                                                                  ~~~~[0m
[96mnode_modules/@types/node/http2.d.ts[0m:[93m1520[0m:[93m9[0m - [91merror[0m[90m TS2304: [0mCannot find name 'prependOnceListener'.

[7m1520[0m         prependOnceListener(event: string | symbol, listener: (...args: any[]) => void): this;
[7m    [0m [91m        ~~~~~~~~~~~~~~~~~~~[0m
[96mnode_modules/@types/node/http2.d.ts[0m:[93m1520[0m:[93m34[0m - [91merror[0m[90m TS1005: [0m',' expected.

[7m1520[0m         prependOnceListener(event: string | symbol, listener: (...args: any[]) => void): this;
[7m    [0m [91m                                 ~[0m
[96mnode_modules/@types/node/http2.d.ts[0m:[93m1520[0m:[93m36[0m - [91merror[0m[90m TS2693: [0m'string' only refers to a type, but is being used as a value here.

[7m1520[0m         prependOnceListener(event: string | symbol, listener: (...args: any[]) => void): this;
[7m    [0m [91m                                   ~~~~~~[0m
[96mnode_modules/@types/node/http2.d.ts[0m:[93m1520[0m:[93m45[0m - [91merror[0m[90m TS2304: [0mCannot find name 'symbol'.

[7m1520[0m         prependOnceListener(event: string | symbol, listener: (...args: any[]) => void): this;
[7m    [0m [91m                                            ~~~~~~[0m
[96mnode_modules/@types/node/http2.d.ts[0m:[93m1520[0m:[93m53[0m - [91merror[0m[90m TS2304: [0mCannot find name 'listener'.

[7m1520[0m         prependOnceListener(event: string | symbol, listener: (...args: any[]) => void): this;
[7m    [0m [91m                                                    ~~~~~~~~[0m
[96mnode_modules/@types/node/http2.d.ts[0m:[93m1520[0m:[93m61[0m - [91merror[0m[90m TS1005: [0m',' expected.

[7m1520[0m         prependOnceListener(event: string | symbol, listener: (...args: any[]) => void): this;
[7m    [0m [91m                                                            ~[0m
[96mnode_modules/@types/node/http2.d.ts[0m:[93m1520[0m:[93m87[0m - [91merror[0m[90m TS1109: [0mExpression expected.

[7m1520[0m         prependOnceListener(event: string | symbol, listener: (...args: any[]) => void): this;
[7m    [0m [91m                                                                                      ~[0m
[96mnode_modules/@types/node/http2.d.ts[0m:[93m1520[0m:[93m88[0m - [91merror[0m[90m TS1005: [0m';' expected.

[7m1520[0m         prependOnceListener(event: string | symbol, listener: (...args: any[]) => void): this;
[7m    [0m [91m                                                                                       ~[0m
[96mnode_modules/@types/node/http2.d.ts[0m:[93m1520[0m:[93m90[0m - [91merror[0m[90m TS2331: [0m'this' cannot be referenced in a module or namespace body.

[7m1520[0m         prependOnceListener(event: string | symbol, listener: (...args: any[]) => void): this;
[7m    [0m [91m                                                                                         ~~~~[0m
[96mnode_modules/@types/node/http2.d.ts[0m:[93m2409[0m:[93m8[0m - [91merror[0m[90m TS2314: [0mGeneric type 'Http2Server<Http1Request, Http1Response>' requires 2 type argument(s).

[7m2409[0m     ): Http2Server;
[7m    [0m [91m       ~~~~~~~~~~~[0m
[96mnode_modules/@types/node/http2.d.ts[0m:[93m2412[0m:[93m9[0m - [91merror[0m[90m TS2706: [0mRequired type parameters may not follow optional type parameters.

[7m2412[0m         Http1Response extends typeof ServerResponse<InstanceType<Http1Request>> = typeof ServerResponse,
[7m    [0m [91m        ~~~~~~~~~~~~~~~~~~~~~~~~~~~~~~~~~~~~~~~~~~~[0m
[96mnode_modules/@types/node/http2.d.ts[0m:[93m2412[0m:[93m52[0m - [91merror[0m[90m TS1005: [0m',' expected.

[7m2412[0m         Http1Response extends typeof ServerResponse<InstanceType<Http1Request>> = typeof ServerResponse,
[7m    [0m [91m                                                   ~[0m
[96mnode_modules/@types/node/http2.d.ts[0m:[93m2412[0m:[93m66[0m - [91merror[0m[90m TS2304: [0mCannot find name 'Http1Request'.

[7m2412[0m         Http1Response extends typeof ServerResponse<InstanceType<Http1Request>> = typeof ServerResponse,
[7m    [0m [91m                                                                 ~~~~~~~~~~~~[0m
[96mnode_modules/@types/node/http2.d.ts[0m:[93m2412[0m:[93m81[0m - [91merror[0m[90m TS1109: [0mExpression expected.

[7m2412[0m         Http1Response extends typeof ServerResponse<InstanceType<Http1Request>> = typeof ServerResponse,
[7m    [0m [91m                                                                                ~[0m
[96mnode_modules/@types/node/http2.d.ts[0m:[93m2412[0m:[93m83[0m - [91merror[0m[90m TS2695: [0mLeft side of comma operator is unused and has no side effects.

[7m2412[0m         Http1Response extends typeof ServerResponse<InstanceType<Http1Request>> = typeof ServerResponse,
[7m    [0m [91m                                                                                  ~~~~~~~~~~~~~~~~~~~~~[0m
[96mnode_modules/@types/node/http2.d.ts[0m:[93m2413[0m:[93m9[0m - [91merror[0m[90m TS2304: [0mCannot find name 'Http2Request'.

[7m2413[0m         Http2Request extends typeof Http2ServerRequest = typeof Http2ServerRequest,
[7m    [0m [91m        ~~~~~~~~~~~~[0m
[96mnode_modules/@types/node/http2.d.ts[0m:[93m2413[0m:[93m22[0m - [91merror[0m[90m TS1005: [0m';' expected.

[7m2413[0m         Http2Request extends typeof Http2ServerRequest = typeof Http2ServerRequest,
[7m    [0m [91m                     ~~~~~~~[0m
[96mnode_modules/@types/node/http2.d.ts[0m:[93m2413[0m:[93m56[0m - [91merror[0m[90m TS1005: [0m';' expected.

[7m2413[0m         Http2Request extends typeof Http2ServerRequest = typeof Http2ServerRequest,
[7m    [0m [91m                                                       ~[0m
[96mnode_modules/@types/node/http2.d.ts[0m:[93m2413[0m:[93m58[0m - [91merror[0m[90m TS2695: [0mLeft side of comma operator is unused and has no side effects.

[7m2413[0m         Http2Request extends typeof Http2ServerRequest = typeof Http2ServerRequest,
[7m    [0m [91m                                                         ~~~~~~~~~~~~~~~~~~~~~~~~~[0m
[96mnode_modules/@types/node/http2.d.ts[0m:[93m2414[0m:[93m9[0m - [91merror[0m[90m TS2304: [0mCannot find name 'Http2Response'.

[7m2414[0m         Http2Response extends typeof Http2ServerResponse<InstanceType<Http2Request>> = typeof Http2ServerResponse,
[7m    [0m [91m        ~~~~~~~~~~~~~[0m
[96mnode_modules/@types/node/http2.d.ts[0m:[93m2414[0m:[93m23[0m - [91merror[0m[90m TS1005: [0m';' expected.

[7m2414[0m         Http2Response extends typeof Http2ServerResponse<InstanceType<Http2Request>> = typeof Http2ServerResponse,
[7m    [0m [91m                      ~~~~~~~[0m
[96mnode_modules/@types/node/http2.d.ts[0m:[93m2414[0m:[93m31[0m - [91merror[0m[90m TS2365: [0mOperator '<' cannot be applied to types 'boolean' and 'number'.

[7m2414[0m         Http2Response extends typeof Http2ServerResponse<InstanceType<Http2Request>> = typeof Http2ServerResponse,
[7m    [0m [91m                              ~~~~~~~~~~~~~~~~~~~~~~~~~~~~~~~~~~~~~~~~~~~~~~~~~~~~~~[0m
[96mnode_modules/@types/node/http2.d.ts[0m:[93m2414[0m:[93m58[0m - [91merror[0m[90m TS2693: [0m'InstanceType' only refers to a type, but is being used as a value here.

[7m2414[0m         Http2Response extends typeof Http2ServerResponse<InstanceType<Http2Request>> = typeof Http2ServerResponse,
[7m    [0m [91m                                                         ~~~~~~~~~~~~[0m
[96mnode_modules/@types/node/http2.d.ts[0m:[93m2414[0m:[93m71[0m - [91merror[0m[90m TS2304: [0mCannot find name 'Http2Request'.

[7m2414[0m         Http2Response extends typeof Http2ServerResponse<InstanceType<Http2Request>> = typeof Http2ServerResponse,
[7m    [0m [91m                                                                      ~~~~~~~~~~~~[0m
[96mnode_modules/@types/node/http2.d.ts[0m:[93m2414[0m:[93m86[0m - [91merror[0m[90m TS1109: [0mExpression expected.

[7m2414[0m         Http2Response extends typeof Http2ServerResponse<InstanceType<Http2Request>> = typeof Http2ServerResponse,
[7m    [0m [91m                                                                                     ~[0m
[96mnode_modules/@types/node/http2.d.ts[0m:[93m2414[0m:[93m88[0m - [91merror[0m[90m TS2695: [0mLeft side of comma operator is unused and has no side effects.

[7m2414[0m         Http2Response extends typeof Http2ServerResponse<InstanceType<Http2Request>> = typeof Http2ServerResponse,
[7m    [0m [91m                                                                                       ~~~~~~~~~~~~~~~~~~~~~~~~~~[0m
[96mnode_modules/@types/node/http2.d.ts[0m:[93m2415[0m:[93m5[0m - [91merror[0m[90m TS1109: [0mExpression expected.

[7m2415[0m     >(
[7m    [0m [91m    ~[0m
[96mnode_modules/@types/node/http2.d.ts[0m:[93m2416[0m:[93m9[0m - [91merror[0m[90m TS2304: [0mCannot find name 'options'.

[7m2416[0m         options: ServerOptions<Http1Request, Http1Response, Http2Request, Http2Response>,
[7m    [0m [91m        ~~~~~~~[0m
[96mnode_modules/@types/node/http2.d.ts[0m:[93m2416[0m:[93m16[0m - [91merror[0m[90m TS1005: [0m')' expected.

[7m2416[0m         options: ServerOptions<Http1Request, Http1Response, Http2Request, Http2Response>,
[7m    [0m [91m               ~[0m
[96mnode_modules/@types/node/http2.d.ts[0m:[93m2416[0m:[93m18[0m - [91merror[0m[90m TS2693: [0m'ServerOptions' only refers to a type, but is being used as a value here.

[7m2416[0m         options: ServerOptions<Http1Request, Http1Response, Http2Request, Http2Response>,
[7m    [0m [91m                 ~~~~~~~~~~~~~[0m
[96mnode_modules/@types/node/http2.d.ts[0m:[93m2416[0m:[93m18[0m - [91merror[0m[90m TS2695: [0mLeft side of comma operator is unused and has no side effects.

[7m2416[0m         options: ServerOptions<Http1Request, Http1Response, Http2Request, Http2Response>,
[7m    [0m [91m                 ~~~~~~~~~~~~~~~~~~~~~~~~~~[0m
[96mnode_modules/@types/node/http2.d.ts[0m:[93m2416[0m:[93m18[0m - [91merror[0m[90m TS2695: [0mLeft side of comma operator is unused and has no side effects.

[7m2416[0m         options: ServerOptions<Http1Request, Http1Response, Http2Request, Http2Response>,
[7m    [0m [91m                 ~~~~~~~~~~~~~~~~~~~~~~~~~~~~~~~~~~~~~~~~~[0m
[96mnode_modules/@types/node/http2.d.ts[0m:[93m2416[0m:[93m18[0m - [91merror[0m[90m TS2695: [0mLeft side of comma operator is unused and has no side effects.

[7m2416[0m         options: ServerOptions<Http1Request, Http1Response, Http2Request, Http2Response>,
[7m    [0m [91m                 ~~~~~~~~~~~~~~~~~~~~~~~~~~~~~~~~~~~~~~~~~~~~~~~~~~~~~~~[0m
[96mnode_modules/@types/node/http2.d.ts[0m:[93m2416[0m:[93m18[0m - [91merror[0m[90m TS2695: [0mLeft side of comma operator is unused and has no side effects.

[7m2416[0m         options: ServerOptions<Http1Request, Http1Response, Http2Request, Http2Response>,
[7m    [0m [91m                 ~~~~~~~~~~~~~~~~~~~~~~~~~~~~~~~~~~~~~~~~~~~~~~~~~~~~~~~~~~~~~~~~~~~~~~~[0m
[96mnode_modules/@types/node/http2.d.ts[0m:[93m2416[0m:[93m18[0m - [91merror[0m[90m TS2695: [0mLeft side of comma operator is unused and has no side effects.

[7m2416[0m         options: ServerOptions<Http1Request, Http1Response, Http2Request, Http2Response>,
[7m    [0m [91m                 ~~~~~~~~~~~~~~~~~~~~~~~~~~~~~~~~~~~~~~~~~~~~~~~~~~~~~~~~~~~~~~~~~~~~~~~~[0m
[7m2417[0m         onRequestHandler?: (request: InstanceType<Http2Request>, response: InstanceType<Http2Response>) => void,
[7m    [0m [91m~~~~~~~~~~~~~~~~~~~~~~~~~~~~~~~~~~~~~~~~~~~~~~~~~~~~~~~~~~~~~~~~~~~~~~~~~~~~~~~~~~~~~~~~~~~~~~~~~~~~~~~~~~~~~~~[0m
[96mnode_modules/@types/node/http2.d.ts[0m:[93m2416[0m:[93m32[0m - [91merror[0m[90m TS2304: [0mCannot find name 'Http1Request'.

[7m2416[0m         options: ServerOptions<Http1Request, Http1Response, Http2Request, Http2Response>,
[7m    [0m [91m                               ~~~~~~~~~~~~[0m
[96mnode_modules/@types/node/http2.d.ts[0m:[93m2416[0m:[93m46[0m - [91merror[0m[90m TS2304: [0mCannot find name 'Http1Response'.

[7m2416[0m         options: ServerOptions<Http1Request, Http1Response, Http2Request, Http2Response>,
[7m    [0m [91m                                             ~~~~~~~~~~~~~[0m
[96mnode_modules/@types/node/http2.d.ts[0m:[93m2416[0m:[93m61[0m - [91merror[0m[90m TS2304: [0mCannot find name 'Http2Request'.

[7m2416[0m         options: ServerOptions<Http1Request, Http1Response, Http2Request, Http2Response>,
[7m    [0m [91m                                                            ~~~~~~~~~~~~[0m
[96mnode_modules/@types/node/http2.d.ts[0m:[93m2416[0m:[93m75[0m - [91merror[0m[90m TS2304: [0mCannot find name 'Http2Response'.

[7m2416[0m         options: ServerOptions<Http1Request, Http1Response, Http2Request, Http2Response>,
[7m    [0m [91m                                                                          ~~~~~~~~~~~~~[0m
[96mnode_modules/@types/node/http2.d.ts[0m:[93m2416[0m:[93m89[0m - [91merror[0m[90m TS1109: [0mExpression expected.

[7m2416[0m         options: ServerOptions<Http1Request, Http1Response, Http2Request, Http2Response>,
[7m    [0m [91m                                                                                        ~[0m
[96mnode_modules/@types/node/http2.d.ts[0m:[93m2417[0m:[93m9[0m - [91merror[0m[90m TS2304: [0mCannot find name 'onRequestHandler'.

[7m2417[0m         onRequestHandler?: (request: InstanceType<Http2Request>, response: InstanceType<Http2Response>) => void,
[7m    [0m [91m        ~~~~~~~~~~~~~~~~[0m
[96mnode_modules/@types/node/http2.d.ts[0m:[93m2417[0m:[93m26[0m - [91merror[0m[90m TS1109: [0mExpression expected.

[7m2417[0m         onRequestHandler?: (request: InstanceType<Http2Request>, response: InstanceType<Http2Response>) => void,
[7m    [0m [91m                         ~[0m
[96mnode_modules/@types/node/http2.d.ts[0m:[93m2417[0m:[93m51[0m - [91merror[0m[90m TS2304: [0mCannot find name 'Http2Request'.

[7m2417[0m         onRequestHandler?: (request: InstanceType<Http2Request>, response: InstanceType<Http2Response>) => void,
[7m    [0m [91m                                                  ~~~~~~~~~~~~[0m
[96mnode_modules/@types/node/http2.d.ts[0m:[93m2417[0m:[93m89[0m - [91merror[0m[90m TS2304: [0mCannot find name 'Http2Response'.

[7m2417[0m         onRequestHandler?: (request: InstanceType<Http2Request>, response: InstanceType<Http2Response>) => void,
[7m    [0m [91m                                                                                        ~~~~~~~~~~~~~[0m
[96mnode_modules/@types/node/http2.d.ts[0m:[93m2417[0m:[93m112[0m - [91merror[0m[90m TS1109: [0mExpression expected.

[7m2417[0m         onRequestHandler?: (request: InstanceType<Http2Request>, response: InstanceType<Http2Response>) => void,
[7m    [0m [91m                                                                                                               ~[0m
[96mnode_modules/@types/node/http2.d.ts[0m:[93m2418[0m:[93m5[0m - [91merror[0m[90m TS1109: [0mExpression expected.

[7m2418[0m     ): Http2Server<Http1Request, Http1Response, Http2Request, Http2Response>;
[7m    [0m [91m    ~[0m
[96mnode_modules/@types/node/http2.d.ts[0m:[93m2418[0m:[93m6[0m - [91merror[0m[90m TS1128: [0mDeclaration or statement expected.

[7m2418[0m     ): Http2Server<Http1Request, Http1Response, Http2Request, Http2Response>;
[7m    [0m [91m     ~[0m
[96mnode_modules/@types/node/http2.d.ts[0m:[93m2418[0m:[93m8[0m - [91merror[0m[90m TS2693: [0m'Http2Server' only refers to a type, but is being used as a value here.

[7m2418[0m     ): Http2Server<Http1Request, Http1Response, Http2Request, Http2Response>;
[7m    [0m [91m       ~~~~~~~~~~~[0m
[96mnode_modules/@types/node/http2.d.ts[0m:[93m2418[0m:[93m20[0m - [91merror[0m[90m TS2304: [0mCannot find name 'Http1Request'.

[7m2418[0m     ): Http2Server<Http1Request, Http1Response, Http2Request, Http2Response>;
[7m    [0m [91m                   ~~~~~~~~~~~~[0m
[96mnode_modules/@types/node/http2.d.ts[0m:[93m2418[0m:[93m34[0m - [91merror[0m[90m TS2304: [0mCannot find name 'Http1Response'.

[7m2418[0m     ): Http2Server<Http1Request, Http1Response, Http2Request, Http2Response>;
[7m    [0m [91m                                 ~~~~~~~~~~~~~[0m
[96mnode_modules/@types/node/http2.d.ts[0m:[93m2418[0m:[93m49[0m - [91merror[0m[90m TS2304: [0mCannot find name 'Http2Request'.

[7m2418[0m     ): Http2Server<Http1Request, Http1Response, Http2Request, Http2Response>;
[7m    [0m [91m                                                ~~~~~~~~~~~~[0m
[96mnode_modules/@types/node/http2.d.ts[0m:[93m2418[0m:[93m63[0m - [91merror[0m[90m TS2304: [0mCannot find name 'Http2Response'.

[7m2418[0m     ): Http2Server<Http1Request, Http1Response, Http2Request, Http2Response>;
[7m    [0m [91m                                                              ~~~~~~~~~~~~~[0m
[96mnode_modules/@types/node/http2.d.ts[0m:[93m2418[0m:[93m77[0m - [91merror[0m[90m TS1005: [0m'(' expected.

[7m2418[0m     ): Http2Server<Http1Request, Http1Response, Http2Request, Http2Response>;
[7m    [0m [91m                                                                            ~[0m
[96mnode_modules/@types/node/http2.d.ts[0m:[93m2449[0m:[93m8[0m - [91merror[0m[90m TS2314: [0mGeneric type 'Http2SecureServer<Http1Request, Http1Response>' requires 2 type argument(s).

[7m2449[0m     ): Http2SecureServer;
[7m    [0m [91m       ~~~~~~~~~~~~~~~~~[0m
[96mnode_modules/@types/node/http2.d.ts[0m:[93m2452[0m:[93m9[0m - [91merror[0m[90m TS2706: [0mRequired type parameters may not follow optional type parameters.

[7m2452[0m         Http1Response extends typeof ServerResponse<InstanceType<Http1Request>> = typeof ServerResponse,
[7m    [0m [91m        ~~~~~~~~~~~~~~~~~~~~~~~~~~~~~~~~~~~~~~~~~~~[0m
[96mnode_modules/@types/node/http2.d.ts[0m:[93m2452[0m:[93m52[0m - [91merror[0m[90m TS1005: [0m',' expected.

[7m2452[0m         Http1Response extends typeof ServerResponse<InstanceType<Http1Request>> = typeof ServerResponse,
[7m    [0m [91m                                                   ~[0m
[96mnode_modules/@types/node/http2.d.ts[0m:[93m2452[0m:[93m66[0m - [91merror[0m[90m TS2304: [0mCannot find name 'Http1Request'.

[7m2452[0m         Http1Response extends typeof ServerResponse<InstanceType<Http1Request>> = typeof ServerResponse,
[7m    [0m [91m                                                                 ~~~~~~~~~~~~[0m
[96mnode_modules/@types/node/http2.d.ts[0m:[93m2452[0m:[93m81[0m - [91merror[0m[90m TS1109: [0mExpression expected.

[7m2452[0m         Http1Response extends typeof ServerResponse<InstanceType<Http1Request>> = typeof ServerResponse,
[7m    [0m [91m                                                                                ~[0m
[96mnode_modules/@types/node/http2.d.ts[0m:[93m2452[0m:[93m83[0m - [91merror[0m[90m TS2695: [0mLeft side of comma operator is unused and has no side effects.

[7m2452[0m         Http1Response extends typeof ServerResponse<InstanceType<Http1Request>> = typeof ServerResponse,
[7m    [0m [91m                                                                                  ~~~~~~~~~~~~~~~~~~~~~[0m
[96mnode_modules/@types/node/http2.d.ts[0m:[93m2453[0m:[93m9[0m - [91merror[0m[90m TS2304: [0mCannot find name 'Http2Request'.

[7m2453[0m         Http2Request extends typeof Http2ServerRequest = typeof Http2ServerRequest,
[7m    [0m [91m        ~~~~~~~~~~~~[0m
[96mnode_modules/@types/node/http2.d.ts[0m:[93m2453[0m:[93m22[0m - [91merror[0m[90m TS1005: [0m';' expected.

[7m2453[0m         Http2Request extends typeof Http2ServerRequest = typeof Http2ServerRequest,
[7m    [0m [91m                     ~~~~~~~[0m
[96mnode_modules/@types/node/http2.d.ts[0m:[93m2453[0m:[93m56[0m - [91merror[0m[90m TS1005: [0m';' expected.

[7m2453[0m         Http2Request extends typeof Http2ServerRequest = typeof Http2ServerRequest,
[7m    [0m [91m                                                       ~[0m
[96mnode_modules/@types/node/http2.d.ts[0m:[93m2453[0m:[93m58[0m - [91merror[0m[90m TS2695: [0mLeft side of comma operator is unused and has no side effects.

[7m2453[0m         Http2Request extends typeof Http2ServerRequest = typeof Http2ServerRequest,
[7m    [0m [91m                                                         ~~~~~~~~~~~~~~~~~~~~~~~~~[0m
[96mnode_modules/@types/node/http2.d.ts[0m:[93m2454[0m:[93m9[0m - [91merror[0m[90m TS2304: [0mCannot find name 'Http2Response'.

[7m2454[0m         Http2Response extends typeof Http2ServerResponse<InstanceType<Http2Request>> = typeof Http2ServerResponse,
[7m    [0m [91m        ~~~~~~~~~~~~~[0m
[96mnode_modules/@types/node/http2.d.ts[0m:[93m2454[0m:[93m23[0m - [91merror[0m[90m TS1005: [0m';' expected.

[7m2454[0m         Http2Response extends typeof Http2ServerResponse<InstanceType<Http2Request>> = typeof Http2ServerResponse,
[7m    [0m [91m                      ~~~~~~~[0m
[96mnode_modules/@types/node/http2.d.ts[0m:[93m2454[0m:[93m31[0m - [91merror[0m[90m TS2365: [0mOperator '<' cannot be applied to types 'boolean' and 'number'.

[7m2454[0m         Http2Response extends typeof Http2ServerResponse<InstanceType<Http2Request>> = typeof Http2ServerResponse,
[7m    [0m [91m                              ~~~~~~~~~~~~~~~~~~~~~~~~~~~~~~~~~~~~~~~~~~~~~~~~~~~~~~[0m
[96mnode_modules/@types/node/http2.d.ts[0m:[93m2454[0m:[93m58[0m - [91merror[0m[90m TS2693: [0m'InstanceType' only refers to a type, but is being used as a value here.

[7m2454[0m         Http2Response extends typeof Http2ServerResponse<InstanceType<Http2Request>> = typeof Http2ServerResponse,
[7m    [0m [91m                                                         ~~~~~~~~~~~~[0m
[96mnode_modules/@types/node/http2.d.ts[0m:[93m2454[0m:[93m71[0m - [91merror[0m[90m TS2304: [0mCannot find name 'Http2Request'.

[7m2454[0m         Http2Response extends typeof Http2ServerResponse<InstanceType<Http2Request>> = typeof Http2ServerResponse,
[7m    [0m [91m                                                                      ~~~~~~~~~~~~[0m
[96mnode_modules/@types/node/http2.d.ts[0m:[93m2454[0m:[93m86[0m - [91merror[0m[90m TS1109: [0mExpression expected.

[7m2454[0m         Http2Response extends typeof Http2ServerResponse<InstanceType<Http2Request>> = typeof Http2ServerResponse,
[7m    [0m [91m                                                                                     ~[0m
[96mnode_modules/@types/node/http2.d.ts[0m:[93m2454[0m:[93m88[0m - [91merror[0m[90m TS2695: [0mLeft side of comma operator is unused and has no side effects.

[7m2454[0m         Http2Response extends typeof Http2ServerResponse<InstanceType<Http2Request>> = typeof Http2ServerResponse,
[7m    [0m [91m                                                                                       ~~~~~~~~~~~~~~~~~~~~~~~~~~[0m
[96mnode_modules/@types/node/http2.d.ts[0m:[93m2455[0m:[93m5[0m - [91merror[0m[90m TS1109: [0mExpression expected.

[7m2455[0m     >(
[7m    [0m [91m    ~[0m
[96mnode_modules/@types/node/http2.d.ts[0m:[93m2456[0m:[93m9[0m - [91merror[0m[90m TS2304: [0mCannot find name 'options'.

[7m2456[0m         options: SecureServerOptions<Http1Request, Http1Response, Http2Request, Http2Response>,
[7m    [0m [91m        ~~~~~~~[0m
[96mnode_modules/@types/node/http2.d.ts[0m:[93m2456[0m:[93m16[0m - [91merror[0m[90m TS1005: [0m')' expected.

[7m2456[0m         options: SecureServerOptions<Http1Request, Http1Response, Http2Request, Http2Response>,
[7m    [0m [91m               ~[0m
[96mnode_modules/@types/node/http2.d.ts[0m:[93m2456[0m:[93m18[0m - [91merror[0m[90m TS2693: [0m'SecureServerOptions' only refers to a type, but is being used as a value here.

[7m2456[0m         options: SecureServerOptions<Http1Request, Http1Response, Http2Request, Http2Response>,
[7m    [0m [91m                 ~~~~~~~~~~~~~~~~~~~[0m
[96mnode_modules/@types/node/http2.d.ts[0m:[93m2456[0m:[93m18[0m - [91merror[0m[90m TS2695: [0mLeft side of comma operator is unused and has no side effects.

[7m2456[0m         options: SecureServerOptions<Http1Request, Http1Response, Http2Request, Http2Response>,
[7m    [0m [91m                 ~~~~~~~~~~~~~~~~~~~~~~~~~~~~~~~~[0m
[96mnode_modules/@types/node/http2.d.ts[0m:[93m2456[0m:[93m18[0m - [91merror[0m[90m TS2695: [0mLeft side of comma operator is unused and has no side effects.

[7m2456[0m         options: SecureServerOptions<Http1Request, Http1Response, Http2Request, Http2Response>,
[7m    [0m [91m                 ~~~~~~~~~~~~~~~~~~~~~~~~~~~~~~~~~~~~~~~~~~~~~~~[0m
[96mnode_modules/@types/node/http2.d.ts[0m:[93m2456[0m:[93m18[0m - [91merror[0m[90m TS2695: [0mLeft side of comma operator is unused and has no side effects.

[7m2456[0m         options: SecureServerOptions<Http1Request, Http1Response, Http2Request, Http2Response>,
[7m    [0m [91m                 ~~~~~~~~~~~~~~~~~~~~~~~~~~~~~~~~~~~~~~~~~~~~~~~~~~~~~~~~~~~~~[0m
[96mnode_modules/@types/node/http2.d.ts[0m:[93m2456[0m:[93m18[0m - [91merror[0m[90m TS2695: [0mLeft side of comma operator is unused and has no side effects.

[7m2456[0m         options: SecureServerOptions<Http1Request, Http1Response, Http2Request, Http2Response>,
[7m    [0m [91m                 ~~~~~~~~~~~~~~~~~~~~~~~~~~~~~~~~~~~~~~~~~~~~~~~~~~~~~~~~~~~~~~~~~~~~~~~~~~~~~[0m
[96mnode_modules/@types/node/http2.d.ts[0m:[93m2456[0m:[93m18[0m - [91merror[0m[90m TS2695: [0mLeft side of comma operator is unused and has no side effects.

[7m2456[0m         options: SecureServerOptions<Http1Request, Http1Response, Http2Request, Http2Response>,
[7m    [0m [91m                 ~~~~~~~~~~~~~~~~~~~~~~~~~~~~~~~~~~~~~~~~~~~~~~~~~~~~~~~~~~~~~~~~~~~~~~~~~~~~~~[0m
[7m2457[0m         onRequestHandler?: (request: InstanceType<Http2Request>, response: InstanceType<Http2Response>) => void,
[7m    [0m [91m~~~~~~~~~~~~~~~~~~~~~~~~~~~~~~~~~~~~~~~~~~~~~~~~~~~~~~~~~~~~~~~~~~~~~~~~~~~~~~~~~~~~~~~~~~~~~~~~~~~~~~~~~~~~~~~[0m
[96mnode_modules/@types/node/http2.d.ts[0m:[93m2456[0m:[93m38[0m - [91merror[0m[90m TS2304: [0mCannot find name 'Http1Request'.

[7m2456[0m         options: SecureServerOptions<Http1Request, Http1Response, Http2Request, Http2Response>,
[7m    [0m [91m                                     ~~~~~~~~~~~~[0m
[96mnode_modules/@types/node/http2.d.ts[0m:[93m2456[0m:[93m52[0m - [91merror[0m[90m TS2304: [0mCannot find name 'Http1Response'.

[7m2456[0m         options: SecureServerOptions<Http1Request, Http1Response, Http2Request, Http2Response>,
[7m    [0m [91m                                                   ~~~~~~~~~~~~~[0m
[96mnode_modules/@types/node/http2.d.ts[0m:[93m2456[0m:[93m67[0m - [91merror[0m[90m TS2304: [0mCannot find name 'Http2Request'.

[7m2456[0m         options: SecureServerOptions<Http1Request, Http1Response, Http2Request, Http2Response>,
[7m    [0m [91m                                                                  ~~~~~~~~~~~~[0m
[96mnode_modules/@types/node/http2.d.ts[0m:[93m2456[0m:[93m81[0m - [91merror[0m[90m TS2304: [0mCannot find name 'Http2Response'.

[7m2456[0m         options: SecureServerOptions<Http1Request, Http1Response, Http2Request, Http2Response>,
[7m    [0m [91m                                                                                ~~~~~~~~~~~~~[0m
[96mnode_modules/@types/node/http2.d.ts[0m:[93m2456[0m:[93m95[0m - [91merror[0m[90m TS1109: [0mExpression expected.

[7m2456[0m         options: SecureServerOptions<Http1Request, Http1Response, Http2Request, Http2Response>,
[7m    [0m [91m                                                                                              ~[0m
[96mnode_modules/@types/node/http2.d.ts[0m:[93m2457[0m:[93m9[0m - [91merror[0m[90m TS2304: [0mCannot find name 'onRequestHandler'.

[7m2457[0m         onRequestHandler?: (request: InstanceType<Http2Request>, response: InstanceType<Http2Response>) => void,
[7m    [0m [91m        ~~~~~~~~~~~~~~~~[0m
[96mnode_modules/@types/node/http2.d.ts[0m:[93m2457[0m:[93m26[0m - [91merror[0m[90m TS1109: [0mExpression expected.

[7m2457[0m         onRequestHandler?: (request: InstanceType<Http2Request>, response: InstanceType<Http2Response>) => void,
[7m    [0m [91m                         ~[0m
[96mnode_modules/@types/node/http2.d.ts[0m:[93m2457[0m:[93m51[0m - [91merror[0m[90m TS2304: [0mCannot find name 'Http2Request'.

[7m2457[0m         onRequestHandler?: (request: InstanceType<Http2Request>, response: InstanceType<Http2Response>) => void,
[7m    [0m [91m                                                  ~~~~~~~~~~~~[0m
[96mnode_modules/@types/node/http2.d.ts[0m:[93m2457[0m:[93m89[0m - [91merror[0m[90m TS2304: [0mCannot find name 'Http2Response'.

[7m2457[0m         onRequestHandler?: (request: InstanceType<Http2Request>, response: InstanceType<Http2Response>) => void,
[7m    [0m [91m                                                                                        ~~~~~~~~~~~~~[0m
[96mnode_modules/@types/node/http2.d.ts[0m:[93m2457[0m:[93m112[0m - [91merror[0m[90m TS1109: [0mExpression expected.

[7m2457[0m         onRequestHandler?: (request: InstanceType<Http2Request>, response: InstanceType<Http2Response>) => void,
[7m    [0m [91m                                                                                                               ~[0m
[96mnode_modules/@types/node/http2.d.ts[0m:[93m2458[0m:[93m5[0m - [91merror[0m[90m TS1109: [0mExpression expected.

[7m2458[0m     ): Http2SecureServer<Http1Request, Http1Response, Http2Request, Http2Response>;
[7m    [0m [91m    ~[0m
[96mnode_modules/@types/node/http2.d.ts[0m:[93m2458[0m:[93m6[0m - [91merror[0m[90m TS1128: [0mDeclaration or statement expected.

[7m2458[0m     ): Http2SecureServer<Http1Request, Http1Response, Http2Request, Http2Response>;
[7m    [0m [91m     ~[0m
[96mnode_modules/@types/node/http2.d.ts[0m:[93m2458[0m:[93m8[0m - [91merror[0m[90m TS2693: [0m'Http2SecureServer' only refers to a type, but is being used as a value here.

[7m2458[0m     ): Http2SecureServer<Http1Request, Http1Response, Http2Request, Http2Response>;
[7m    [0m [91m       ~~~~~~~~~~~~~~~~~[0m
[96mnode_modules/@types/node/http2.d.ts[0m:[93m2458[0m:[93m26[0m - [91merror[0m[90m TS2304: [0mCannot find name 'Http1Request'.

[7m2458[0m     ): Http2SecureServer<Http1Request, Http1Response, Http2Request, Http2Response>;
[7m    [0m [91m                         ~~~~~~~~~~~~[0m
[96mnode_modules/@types/node/http2.d.ts[0m:[93m2458[0m:[93m40[0m - [91merror[0m[90m TS2304: [0mCannot find name 'Http1Response'.

[7m2458[0m     ): Http2SecureServer<Http1Request, Http1Response, Http2Request, Http2Response>;
[7m    [0m [91m                                       ~~~~~~~~~~~~~[0m
[96mnode_modules/@types/node/http2.d.ts[0m:[93m2458[0m:[93m55[0m - [91merror[0m[90m TS2304: [0mCannot find name 'Http2Request'.

[7m2458[0m     ): Http2SecureServer<Http1Request, Http1Response, Http2Request, Http2Response>;
[7m    [0m [91m                                                      ~~~~~~~~~~~~[0m
[96mnode_modules/@types/node/http2.d.ts[0m:[93m2458[0m:[93m69[0m - [91merror[0m[90m TS2304: [0mCannot find name 'Http2Response'.

[7m2458[0m     ): Http2SecureServer<Http1Request, Http1Response, Http2Request, Http2Response>;
[7m    [0m [91m                                                                    ~~~~~~~~~~~~~[0m
[96mnode_modules/@types/node/http2.d.ts[0m:[93m2458[0m:[93m83[0m - [91merror[0m[90m TS1005: [0m'(' expected.

[7m2458[0m     ): Http2SecureServer<Http1Request, Http1Response, Http2Request, Http2Response>;
[7m    [0m [91m                                                                                  ~[0m
[96mnode_modules/@types/node/https.d.ts[0m:[93m13[0m:[93m9[0m - [91merror[0m[90m TS2706: [0mRequired type parameters may not follow optional type parameters.

[7m13[0m         Response extends typeof http.ServerResponse<InstanceType<Request>> = typeof http.ServerResponse,
[7m  [0m [91m        ~~~~~~~~~~~~~~~~~~~~~~~~~~~~~~~~~~~~~~~~~~~[0m
[96mnode_modules/@types/node/https.d.ts[0m:[93m13[0m:[93m52[0m - [91merror[0m[90m TS1005: [0m',' expected.

[7m13[0m         Response extends typeof http.ServerResponse<InstanceType<Request>> = typeof http.ServerResponse,
[7m  [0m [91m                                                   ~[0m
[96mnode_modules/@types/node/https.d.ts[0m:[93m13[0m:[93m65[0m - [91merror[0m[90m TS1005: [0m',' expected.

[7m13[0m         Response extends typeof http.ServerResponse<InstanceType<Request>> = typeof http.ServerResponse,
[7m  [0m [91m                                                                ~[0m
[96mnode_modules/@types/node/https.d.ts[0m:[93m13[0m:[93m74[0m - [91merror[0m[90m TS1005: [0m'(' expected.

[7m13[0m         Response extends typeof http.ServerResponse<InstanceType<Request>> = typeof http.ServerResponse,
[7m  [0m [91m                                                                         ~[0m
[96mnode_modules/@types/node/https.d.ts[0m:[93m13[0m:[93m76[0m - [91merror[0m[90m TS1109: [0mExpression expected.

[7m13[0m         Response extends typeof http.ServerResponse<InstanceType<Request>> = typeof http.ServerResponse,
[7m  [0m [91m                                                                           ~[0m
[96mnode_modules/@types/node/https.d.ts[0m:[93m13[0m:[93m78[0m - [91merror[0m[90m TS2695: [0mLeft side of comma operator is unused and has no side effects.

[7m13[0m         Response extends typeof http.ServerResponse<InstanceType<Request>> = typeof http.ServerResponse,
[7m  [0m [91m                                                                             ~~~~~~~~~~~~~~~~~~~~~~~~~~[0m
[96mnode_modules/@types/node/https.d.ts[0m:[93m14[0m:[93m5[0m - [91merror[0m[90m TS1109: [0mExpression expected.

[7m14[0m     > = tls.SecureContextOptions & tls.TlsOptions & http.ServerOptions<Request, Response>;
[7m  [0m [91m    ~[0m
[96mnode_modules/@types/node/https.d.ts[0m:[93m14[0m:[93m7[0m - [91merror[0m[90m TS1109: [0mExpression expected.

[7m14[0m     > = tls.SecureContextOptions & tls.TlsOptions & http.ServerOptions<Request, Response>;
[7m  [0m [91m      ~[0m
[96mnode_modules/@types/node/https.d.ts[0m:[93m14[0m:[93m13[0m - [91merror[0m[90m TS2339: [0mProperty 'SecureContextOptions' does not exist on type 'typeof import("node:tls")'.

[7m14[0m     > = tls.SecureContextOptions & tls.TlsOptions & http.ServerOptions<Request, Response>;
[7m  [0m [91m            ~~~~~~~~~~~~~~~~~~~~[0m
[96mnode_modules/@types/node/https.d.ts[0m:[93m14[0m:[93m40[0m - [91merror[0m[90m TS2339: [0mProperty 'TlsOptions' does not exist on type 'typeof import("node:tls")'.

[7m14[0m     > = tls.SecureContextOptions & tls.TlsOptions & http.ServerOptions<Request, Response>;
[7m  [0m [91m                                       ~~~~~~~~~~[0m
[96mnode_modules/@types/node/https.d.ts[0m:[93m14[0m:[93m58[0m - [91merror[0m[90m TS2339: [0mProperty 'ServerOptions' does not exist on type 'typeof import("node:http")'.

[7m14[0m     > = tls.SecureContextOptions & tls.TlsOptions & http.ServerOptions<Request, Response>;
[7m  [0m [91m                                                         ~~~~~~~~~~~~~[0m
[96mnode_modules/@types/node/https.d.ts[0m:[93m14[0m:[93m90[0m - [91merror[0m[90m TS1005: [0m'(' expected.

[7m14[0m     > = tls.SecureContextOptions & tls.TlsOptions & http.ServerOptions<Request, Response>;
[7m  [0m [91m                                                                                         ~[0m
[96mnode_modules/@types/node/https.d.ts[0m:[93m37[0m:[93m9[0m - [91merror[0m[90m TS2706: [0mRequired type parameters may not follow optional type parameters.

[7m37[0m         Response extends typeof http.ServerResponse<InstanceType<Request>> = typeof http.ServerResponse,
[7m  [0m [91m        ~~~~~~~~~~~~~~~~~~~~~~~~~~~~~~~~~~~~~~~~~~~[0m
[96mnode_modules/@types/node/https.d.ts[0m:[93m37[0m:[93m52[0m - [91merror[0m[90m TS1005: [0m',' expected.

[7m37[0m         Response extends typeof http.ServerResponse<InstanceType<Request>> = typeof http.ServerResponse,
[7m  [0m [91m                                                   ~[0m
[96mnode_modules/@types/node/https.d.ts[0m:[93m37[0m:[93m66[0m - [91merror[0m[90m TS2344: [0mType 'Request' does not satisfy the constraint 'new (...args: any) => any'.

[7m37[0m         Response extends typeof http.ServerResponse<InstanceType<Request>> = typeof http.ServerResponse,
[7m  [0m [91m                                                                 ~~~~~~~[0m
[96mnode_modules/@types/node/https.d.ts[0m:[93m37[0m:[93m76[0m - [91merror[0m[90m TS1109: [0mExpression expected.

[7m37[0m         Response extends typeof http.ServerResponse<InstanceType<Request>> = typeof http.ServerResponse,
[7m  [0m [91m                                                                           ~[0m
[96mnode_modules/@types/node/https.d.ts[0m:[93m37[0m:[93m78[0m - [91merror[0m[90m TS2695: [0mLeft side of comma operator is unused and has no side effects.

[7m37[0m         Response extends typeof http.ServerResponse<InstanceType<Request>> = typeof http.ServerResponse,
[7m  [0m [91m                                                                             ~~~~~~~~~~~~~~~~~~~~~~~~~~[0m
[96mnode_modules/@types/node/https.d.ts[0m:[93m38[0m:[93m5[0m - [91merror[0m[90m TS1109: [0mExpression expected.

[7m38[0m     > extends http.Server<Request, Response> {}
[7m  [0m [91m    ~[0m
[96mnode_modules/@types/node/https.d.ts[0m:[93m38[0m:[93m7[0m - [91merror[0m[90m TS1109: [0mExpression expected.

[7m38[0m     > extends http.Server<Request, Response> {}
[7m  [0m [91m      ~~~~~~~[0m
[96mnode_modules/@types/node/https.d.ts[0m:[93m38[0m:[93m15[0m - [91merror[0m[90m TS2365: [0mOperator '<' cannot be applied to types 'typeof Server' and '{ new (input: RequestInfo, init?: RequestInit): Request; prototype: Request; }'.

[7m38[0m     > extends http.Server<Request, Response> {}
[7m  [0m [91m              ~~~~~~~~~~~~~~~~~~~[0m
[96mnode_modules/@types/node/https.d.ts[0m:[93m38[0m:[93m36[0m - [91merror[0m[90m TS2365: [0mOperator '>' cannot be applied to types '{ new (body?: BodyInit, init?: ResponseInit): Response; prototype: Response; error(): Response; redirect(url: string, status?: number): Response; }' and '{}'.

[7m38[0m     > extends http.Server<Request, Response> {}
[7m  [0m [91m                                   ~~~~~~~~~~~~[0m
[96mnode_modules/@types/node/https.d.ts[0m:[93m45[0m:[93m9[0m - [91merror[0m[90m TS2706: [0mRequired type parameters may not follow optional type parameters.

[7m45[0m         Response extends typeof http.ServerResponse<InstanceType<Request>> = typeof http.ServerResponse,
[7m  [0m [91m        ~~~~~~~~~~~~~~~~~~~~~~~~~~~~~~~~~~~~~~~~~~~[0m
[96mnode_modules/@types/node/https.d.ts[0m:[93m45[0m:[93m52[0m - [91merror[0m[90m TS1005: [0m',' expected.

[7m45[0m         Response extends typeof http.ServerResponse<InstanceType<Request>> = typeof http.ServerResponse,
[7m  [0m [91m                                                   ~[0m
[96mnode_modules/@types/node/https.d.ts[0m:[93m45[0m:[93m66[0m - [91merror[0m[90m TS2344: [0mType 'Request' does not satisfy the constraint 'new (...args: any) => any'.

[7m45[0m         Response extends typeof http.ServerResponse<InstanceType<Request>> = typeof http.ServerResponse,
[7m  [0m [91m                                                                 ~~~~~~~[0m
[96mnode_modules/@types/node/https.d.ts[0m:[93m45[0m:[93m76[0m - [91merror[0m[90m TS1109: [0mExpression expected.

[7m45[0m         Response extends typeof http.ServerResponse<InstanceType<Request>> = typeof http.ServerResponse,
[7m  [0m [91m                                                                           ~[0m
[96mnode_modules/@types/node/https.d.ts[0m:[93m45[0m:[93m78[0m - [91merror[0m[90m TS2695: [0mLeft side of comma operator is unused and has no side effects.

[7m45[0m         Response extends typeof http.ServerResponse<InstanceType<Request>> = typeof http.ServerResponse,
[7m  [0m [91m                                                                             ~~~~~~~~~~~~~~~~~~~~~~~~~~[0m
[96mnode_modules/@types/node/https.d.ts[0m:[93m46[0m:[93m5[0m - [91merror[0m[90m TS1109: [0mExpression expected.

[7m46[0m     > extends tls.Server {
[7m  [0m [91m    ~[0m
[96mnode_modules/@types/node/https.d.ts[0m:[93m46[0m:[93m7[0m - [91merror[0m[90m TS1109: [0mExpression expected.

[7m46[0m     > extends tls.Server {
[7m  [0m [91m      ~~~~~~~[0m
[96mnode_modules/@types/node/https.d.ts[0m:[93m46[0m:[93m26[0m - [91merror[0m[90m TS1005: [0m';' expected.

[7m46[0m     > extends tls.Server {
[7m  [0m [91m                         ~[0m
[96mnode_modules/@types/node/https.d.ts[0m:[93m47[0m:[93m9[0m - [91merror[0m[90m TS2304: [0mCannot find name 'constructor'.

[7m47[0m         constructor(requestListener?: http.RequestListener<Request, Response>);
[7m  [0m [91m        ~~~~~~~~~~~[0m
[96mnode_modules/@types/node/https.d.ts[0m:[93m47[0m:[93m21[0m - [91merror[0m[90m TS2304: [0mCannot find name 'requestListener'.

[7m47[0m         constructor(requestListener?: http.RequestListener<Request, Response>);
[7m  [0m [91m                    ~~~~~~~~~~~~~~~[0m
[96mnode_modules/@types/node/https.d.ts[0m:[93m47[0m:[93m37[0m - [91merror[0m[90m TS1109: [0mExpression expected.

[7m47[0m         constructor(requestListener?: http.RequestListener<Request, Response>);
[7m  [0m [91m                                    ~[0m
[96mnode_modules/@types/node/https.d.ts[0m:[93m47[0m:[93m44[0m - [91merror[0m[90m TS2339: [0mProperty 'RequestListener' does not exist on type 'typeof import("node:http")'.

[7m47[0m         constructor(requestListener?: http.RequestListener<Request, Response>);
[7m  [0m [91m                                           ~~~~~~~~~~~~~~~[0m
[96mnode_modules/@types/node/https.d.ts[0m:[93m47[0m:[93m78[0m - [91merror[0m[90m TS1005: [0m'(' expected.

[7m47[0m         constructor(requestListener?: http.RequestListener<Request, Response>);
[7m  [0m [91m                                                                             ~[0m
[96mnode_modules/@types/node/https.d.ts[0m:[93m47[0m:[93m79[0m - [91merror[0m[90m TS1005: [0m')' expected.

[7m47[0m         constructor(requestListener?: http.RequestListener<Request, Response>);
[7m  [0m [91m                                                                              ~[0m
[96mnode_modules/@types/node/https.d.ts[0m:[93m48[0m:[93m9[0m - [91merror[0m[90m TS2304: [0mCannot find name 'constructor'.

[7m48[0m         constructor(
[7m  [0m [91m        ~~~~~~~~~~~[0m
[96mnode_modules/@types/node/https.d.ts[0m:[93m49[0m:[93m13[0m - [91merror[0m[90m TS2304: [0mCannot find name 'options'.

[7m49[0m             options: ServerOptions<Request, Response>,
[7m  [0m [91m            ~~~~~~~[0m
[96mnode_modules/@types/node/https.d.ts[0m:[93m49[0m:[93m20[0m - [91merror[0m[90m TS1005: [0m',' expected.

[7m49[0m             options: ServerOptions<Request, Response>,
[7m  [0m [91m                   ~[0m
[96mnode_modules/@types/node/https.d.ts[0m:[93m49[0m:[93m22[0m - [91merror[0m[90m TS2693: [0m'ServerOptions' only refers to a type, but is being used as a value here.

[7m49[0m             options: ServerOptions<Request, Response>,
[7m  [0m [91m                     ~~~~~~~~~~~~~[0m
[96mnode_modules/@types/node/https.d.ts[0m:[93m49[0m:[93m54[0m - [91merror[0m[90m TS1109: [0mExpression expected.

[7m49[0m             options: ServerOptions<Request, Response>,
[7m  [0m [91m                                                     ~[0m
[96mnode_modules/@types/node/https.d.ts[0m:[93m50[0m:[93m13[0m - [91merror[0m[90m TS2304: [0mCannot find name 'requestListener'.

[7m50[0m             requestListener?: http.RequestListener<Request, Response>,
[7m  [0m [91m            ~~~~~~~~~~~~~~~[0m
[96mnode_modules/@types/node/https.d.ts[0m:[93m50[0m:[93m29[0m - [91merror[0m[90m TS1109: [0mExpression expected.

[7m50[0m             requestListener?: http.RequestListener<Request, Response>,
[7m  [0m [91m                            ~[0m
[96mnode_modules/@types/node/https.d.ts[0m:[93m50[0m:[93m36[0m - [91merror[0m[90m TS2339: [0mProperty 'RequestListener' does not exist on type 'typeof import("node:http")'.

[7m50[0m             requestListener?: http.RequestListener<Request, Response>,
[7m  [0m [91m                                   ~~~~~~~~~~~~~~~[0m
[96mnode_modules/@types/node/https.d.ts[0m:[93m50[0m:[93m70[0m - [91merror[0m[90m TS1109: [0mExpression expected.

[7m50[0m             requestListener?: http.RequestListener<Request, Response>,
[7m  [0m [91m                                                                     ~[0m
[96mnode_modules/@types/node/https.d.ts[0m:[93m52[0m:[93m9[0m - [91merror[0m[90m TS2304: [0mCannot find name 'addListener'.

[7m52[0m         addListener(event: string, listener: (...args: any[]) => void): this;
[7m  [0m [91m        ~~~~~~~~~~~[0m
[96mnode_modules/@types/node/https.d.ts[0m:[93m52[0m:[93m26[0m - [91merror[0m[90m TS1005: [0m',' expected.

[7m52[0m         addListener(event: string, listener: (...args: any[]) => void): this;
[7m  [0m [91m                         ~[0m
[96mnode_modules/@types/node/https.d.ts[0m:[93m52[0m:[93m28[0m - [91merror[0m[90m TS2693: [0m'string' only refers to a type, but is being used as a value here.

[7m52[0m         addListener(event: string, listener: (...args: any[]) => void): this;
[7m  [0m [91m                           ~~~~~~[0m
[96mnode_modules/@types/node/https.d.ts[0m:[93m52[0m:[93m36[0m - [91merror[0m[90m TS2304: [0mCannot find name 'listener'.

[7m52[0m         addListener(event: string, listener: (...args: any[]) => void): this;
[7m  [0m [91m                                   ~~~~~~~~[0m
[96mnode_modules/@types/node/https.d.ts[0m:[93m52[0m:[93m44[0m - [91merror[0m[90m TS1005: [0m',' expected.

[7m52[0m         addListener(event: string, listener: (...args: any[]) => void): this;
[7m  [0m [91m                                           ~[0m
[96mnode_modules/@types/node/https.d.ts[0m:[93m52[0m:[93m70[0m - [91merror[0m[90m TS1109: [0mExpression expected.

[7m52[0m         addListener(event: string, listener: (...args: any[]) => void): this;
[7m  [0m [91m                                                                     ~[0m
[96mnode_modules/@types/node/https.d.ts[0m:[93m52[0m:[93m71[0m - [91merror[0m[90m TS1005: [0m';' expected.

[7m52[0m         addListener(event: string, listener: (...args: any[]) => void): this;
[7m  [0m [91m                                                                      ~[0m
[96mnode_modules/@types/node/https.d.ts[0m:[93m52[0m:[93m73[0m - [91merror[0m[90m TS2331: [0m'this' cannot be referenced in a module or namespace body.

[7m52[0m         addListener(event: string, listener: (...args: any[]) => void): this;
[7m  [0m [91m                                                                        ~~~~[0m
[96mnode_modules/@types/node/https.d.ts[0m:[93m53[0m:[93m9[0m - [91merror[0m[90m TS2304: [0mCannot find name 'addListener'.

[7m53[0m         addListener(event: "keylog", listener: (line: Buffer, tlsSocket: tls.TLSSocket) => void): this;
[7m  [0m [91m        ~~~~~~~~~~~[0m
[96mnode_modules/@types/node/https.d.ts[0m:[93m53[0m:[93m26[0m - [91merror[0m[90m TS1005: [0m',' expected.

[7m53[0m         addListener(event: "keylog", listener: (line: Buffer, tlsSocket: tls.TLSSocket) => void): this;
[7m  [0m [91m                         ~[0m
[96mnode_modules/@types/node/https.d.ts[0m:[93m53[0m:[93m38[0m - [91merror[0m[90m TS2304: [0mCannot find name 'listener'.

[7m53[0m         addListener(event: "keylog", listener: (line: Buffer, tlsSocket: tls.TLSSocket) => void): this;
[7m  [0m [91m                                     ~~~~~~~~[0m
[96mnode_modules/@types/node/https.d.ts[0m:[93m53[0m:[93m46[0m - [91merror[0m[90m TS1005: [0m',' expected.

[7m53[0m         addListener(event: "keylog", listener: (line: Buffer, tlsSocket: tls.TLSSocket) => void): this;
[7m  [0m [91m                                             ~[0m
[96mnode_modules/@types/node/https.d.ts[0m:[93m53[0m:[93m96[0m - [91merror[0m[90m TS1109: [0mExpression expected.

[7m53[0m         addListener(event: "keylog", listener: (line: Buffer, tlsSocket: tls.TLSSocket) => void): this;
[7m  [0m [91m                                                                                               ~[0m
[96mnode_modules/@types/node/https.d.ts[0m:[93m53[0m:[93m97[0m - [91merror[0m[90m TS1005: [0m';' expected.

[7m53[0m         addListener(event: "keylog", listener: (line: Buffer, tlsSocket: tls.TLSSocket) => void): this;
[7m  [0m [91m                                                                                                ~[0m
[96mnode_modules/@types/node/https.d.ts[0m:[93m53[0m:[93m99[0m - [91merror[0m[90m TS2331: [0m'this' cannot be referenced in a module or namespace body.

[7m53[0m         addListener(event: "keylog", listener: (line: Buffer, tlsSocket: tls.TLSSocket) => void): this;
[7m  [0m [91m                                                                                                  ~~~~[0m
[96mnode_modules/@types/node/https.d.ts[0m:[93m54[0m:[93m9[0m - [91merror[0m[90m TS2304: [0mCannot find name 'addListener'.

[7m54[0m         addListener(
[7m  [0m [91m        ~~~~~~~~~~~[0m
[96mnode_modules/@types/node/https.d.ts[0m:[93m55[0m:[93m18[0m - [91merror[0m[90m TS1005: [0m',' expected.

[7m55[0m             event: "newSession",
[7m  [0m [91m                 ~[0m
[96mnode_modules/@types/node/https.d.ts[0m:[93m56[0m:[93m13[0m - [91merror[0m[90m TS2304: [0mCannot find name 'listener'.

[7m56[0m             listener: (sessionId: Buffer, sessionData: Buffer, callback: (err: Error, resp: Buffer) => void) => void,
[7m  [0m [91m            ~~~~~~~~[0m
[96mnode_modules/@types/node/https.d.ts[0m:[93m56[0m:[93m21[0m - [91merror[0m[90m TS1005: [0m',' expected.

[7m56[0m             listener: (sessionId: Buffer, sessionData: Buffer, callback: (err: Error, resp: Buffer) => void) => void,
[7m  [0m [91m                    ~[0m
[96mnode_modules/@types/node/https.d.ts[0m:[93m56[0m:[93m117[0m - [91merror[0m[90m TS1109: [0mExpression expected.

[7m56[0m             listener: (sessionId: Buffer, sessionData: Buffer, callback: (err: Error, resp: Buffer) => void) => void,
[7m  [0m [91m                                                                                                                    ~[0m
[96mnode_modules/@types/node/https.d.ts[0m:[93m57[0m:[93m10[0m - [91merror[0m[90m TS1005: [0m';' expected.

[7m57[0m         ): this;
[7m  [0m [91m         ~[0m
[96mnode_modules/@types/node/https.d.ts[0m:[93m57[0m:[93m12[0m - [91merror[0m[90m TS2331: [0m'this' cannot be referenced in a module or namespace body.

[7m57[0m         ): this;
[7m  [0m [91m           ~~~~[0m
[96mnode_modules/@types/node/https.d.ts[0m:[93m58[0m:[93m9[0m - [91merror[0m[90m TS2304: [0mCannot find name 'addListener'.

[7m58[0m         addListener(
[7m  [0m [91m        ~~~~~~~~~~~[0m
[96mnode_modules/@types/node/https.d.ts[0m:[93m59[0m:[93m18[0m - [91merror[0m[90m TS1005: [0m',' expected.

[7m59[0m             event: "OCSPRequest",
[7m  [0m [91m                 ~[0m
[96mnode_modules/@types/node/https.d.ts[0m:[93m60[0m:[93m13[0m - [91merror[0m[90m TS2304: [0mCannot find name 'listener'.

[7m60[0m             listener: (
[7m  [0m [91m            ~~~~~~~~[0m
[96mnode_modules/@types/node/https.d.ts[0m:[93m60[0m:[93m21[0m - [91merror[0m[90m TS1005: [0m',' expected.

[7m60[0m             listener: (
[7m  [0m [91m                    ~[0m
[96mnode_modules/@types/node/https.d.ts[0m:[93m64[0m:[93m22[0m - [91merror[0m[90m TS1109: [0mExpression expected.

[7m64[0m             ) => void,
[7m  [0m [91m                     ~[0m
[96mnode_modules/@types/node/https.d.ts[0m:[93m65[0m:[93m10[0m - [91merror[0m[90m TS1005: [0m';' expected.

[7m65[0m         ): this;
[7m  [0m [91m         ~[0m
[96mnode_modules/@types/node/https.d.ts[0m:[93m65[0m:[93m12[0m - [91merror[0m[90m TS2331: [0m'this' cannot be referenced in a module or namespace body.

[7m65[0m         ): this;
[7m  [0m [91m           ~~~~[0m
[96mnode_modules/@types/node/https.d.ts[0m:[93m66[0m:[93m9[0m - [91merror[0m[90m TS2304: [0mCannot find name 'addListener'.

[7m66[0m         addListener(
[7m  [0m [91m        ~~~~~~~~~~~[0m
[96mnode_modules/@types/node/https.d.ts[0m:[93m67[0m:[93m18[0m - [91merror[0m[90m TS1005: [0m',' expected.

[7m67[0m             event: "resumeSession",
[7m  [0m [91m                 ~[0m
[96mnode_modules/@types/node/https.d.ts[0m:[93m68[0m:[93m13[0m - [91merror[0m[90m TS2304: [0mCannot find name 'listener'.

[7m68[0m             listener: (sessionId: Buffer, callback: (err: Error, sessionData: Buffer) => void) => void,
[7m  [0m [91m            ~~~~~~~~[0m
[96mnode_modules/@types/node/https.d.ts[0m:[93m68[0m:[93m21[0m - [91merror[0m[90m TS1005: [0m',' expected.

[7m68[0m             listener: (sessionId: Buffer, callback: (err: Error, sessionData: Buffer) => void) => void,
[7m  [0m [91m                    ~[0m
[96mnode_modules/@types/node/https.d.ts[0m:[93m68[0m:[93m103[0m - [91merror[0m[90m TS1109: [0mExpression expected.

[7m68[0m             listener: (sessionId: Buffer, callback: (err: Error, sessionData: Buffer) => void) => void,
[7m  [0m [91m                                                                                                      ~[0m
[96mnode_modules/@types/node/https.d.ts[0m:[93m69[0m:[93m10[0m - [91merror[0m[90m TS1005: [0m';' expected.

[7m69[0m         ): this;
[7m  [0m [91m         ~[0m
[96mnode_modules/@types/node/https.d.ts[0m:[93m69[0m:[93m12[0m - [91merror[0m[90m TS2331: [0m'this' cannot be referenced in a module or namespace body.

[7m69[0m         ): this;
[7m  [0m [91m           ~~~~[0m
[96mnode_modules/@types/node/https.d.ts[0m:[93m70[0m:[93m9[0m - [91merror[0m[90m TS2304: [0mCannot find name 'addListener'.

[7m70[0m         addListener(event: "secureConnection", listener: (tlsSocket: tls.TLSSocket) => void): this;
[7m  [0m [91m        ~~~~~~~~~~~[0m
[96mnode_modules/@types/node/https.d.ts[0m:[93m70[0m:[93m26[0m - [91merror[0m[90m TS1005: [0m',' expected.

[7m70[0m         addListener(event: "secureConnection", listener: (tlsSocket: tls.TLSSocket) => void): this;
[7m  [0m [91m                         ~[0m
[96mnode_modules/@types/node/https.d.ts[0m:[93m70[0m:[93m48[0m - [91merror[0m[90m TS2304: [0mCannot find name 'listener'.

[7m70[0m         addListener(event: "secureConnection", listener: (tlsSocket: tls.TLSSocket) => void): this;
[7m  [0m [91m                                               ~~~~~~~~[0m
[96mnode_modules/@types/node/https.d.ts[0m:[93m70[0m:[93m56[0m - [91merror[0m[90m TS1005: [0m',' expected.

[7m70[0m         addListener(event: "secureConnection", listener: (tlsSocket: tls.TLSSocket) => void): this;
[7m  [0m [91m                                                       ~[0m
[96mnode_modules/@types/node/https.d.ts[0m:[93m70[0m:[93m92[0m - [91merror[0m[90m TS1109: [0mExpression expected.

[7m70[0m         addListener(event: "secureConnection", listener: (tlsSocket: tls.TLSSocket) => void): this;
[7m  [0m [91m                                                                                           ~[0m
[96mnode_modules/@types/node/https.d.ts[0m:[93m70[0m:[93m93[0m - [91merror[0m[90m TS1005: [0m';' expected.

[7m70[0m         addListener(event: "secureConnection", listener: (tlsSocket: tls.TLSSocket) => void): this;
[7m  [0m [91m                                                                                            ~[0m
[96mnode_modules/@types/node/https.d.ts[0m:[93m70[0m:[93m95[0m - [91merror[0m[90m TS2331: [0m'this' cannot be referenced in a module or namespace body.

[7m70[0m         addListener(event: "secureConnection", listener: (tlsSocket: tls.TLSSocket) => void): this;
[7m  [0m [91m                                                                                              ~~~~[0m
[96mnode_modules/@types/node/https.d.ts[0m:[93m71[0m:[93m9[0m - [91merror[0m[90m TS2304: [0mCannot find name 'addListener'.

[7m71[0m         addListener(event: "tlsClientError", listener: (err: Error, tlsSocket: tls.TLSSocket) => void): this;
[7m  [0m [91m        ~~~~~~~~~~~[0m
[96mnode_modules/@types/node/https.d.ts[0m:[93m71[0m:[93m26[0m - [91merror[0m[90m TS1005: [0m',' expected.

[7m71[0m         addListener(event: "tlsClientError", listener: (err: Error, tlsSocket: tls.TLSSocket) => void): this;
[7m  [0m [91m                         ~[0m
[96mnode_modules/@types/node/https.d.ts[0m:[93m71[0m:[93m46[0m - [91merror[0m[90m TS2304: [0mCannot find name 'listener'.

[7m71[0m         addListener(event: "tlsClientError", listener: (err: Error, tlsSocket: tls.TLSSocket) => void): this;
[7m  [0m [91m                                             ~~~~~~~~[0m
[96mnode_modules/@types/node/https.d.ts[0m:[93m71[0m:[93m54[0m - [91merror[0m[90m TS1005: [0m',' expected.

[7m71[0m         addListener(event: "tlsClientError", listener: (err: Error, tlsSocket: tls.TLSSocket) => void): this;
[7m  [0m [91m                                                     ~[0m
[96mnode_modules/@types/node/https.d.ts[0m:[93m71[0m:[93m102[0m - [91merror[0m[90m TS1109: [0mExpression expected.

[7m71[0m         addListener(event: "tlsClientError", listener: (err: Error, tlsSocket: tls.TLSSocket) => void): this;
[7m  [0m [91m                                                                                                     ~[0m
[96mnode_modules/@types/node/https.d.ts[0m:[93m71[0m:[93m103[0m - [91merror[0m[90m TS1005: [0m';' expected.

[7m71[0m         addListener(event: "tlsClientError", listener: (err: Error, tlsSocket: tls.TLSSocket) => void): this;
[7m  [0m [91m                                                                                                      ~[0m
[96mnode_modules/@types/node/https.d.ts[0m:[93m71[0m:[93m105[0m - [91merror[0m[90m TS2331: [0m'this' cannot be referenced in a module or namespace body.

[7m71[0m         addListener(event: "tlsClientError", listener: (err: Error, tlsSocket: tls.TLSSocket) => void): this;
[7m  [0m [91m                                                                                                        ~~~~[0m
[96mnode_modules/@types/node/https.d.ts[0m:[93m72[0m:[93m9[0m - [91merror[0m[90m TS2304: [0mCannot find name 'addListener'.

[7m72[0m         addListener(event: "close", listener: () => void): this;
[7m  [0m [91m        ~~~~~~~~~~~[0m
[96mnode_modules/@types/node/https.d.ts[0m:[93m72[0m:[93m26[0m - [91merror[0m[90m TS1005: [0m',' expected.

[7m72[0m         addListener(event: "close", listener: () => void): this;
[7m  [0m [91m                         ~[0m
[96mnode_modules/@types/node/https.d.ts[0m:[93m72[0m:[93m37[0m - [91merror[0m[90m TS2304: [0mCannot find name 'listener'.

[7m72[0m         addListener(event: "close", listener: () => void): this;
[7m  [0m [91m                                    ~~~~~~~~[0m
[96mnode_modules/@types/node/https.d.ts[0m:[93m72[0m:[93m45[0m - [91merror[0m[90m TS1005: [0m',' expected.

[7m72[0m         addListener(event: "close", listener: () => void): this;
[7m  [0m [91m                                            ~[0m
[96mnode_modules/@types/node/https.d.ts[0m:[93m72[0m:[93m57[0m - [91merror[0m[90m TS1109: [0mExpression expected.

[7m72[0m         addListener(event: "close", listener: () => void): this;
[7m  [0m [91m                                                        ~[0m
[96mnode_modules/@types/node/https.d.ts[0m:[93m72[0m:[93m58[0m - [91merror[0m[90m TS1005: [0m';' expected.

[7m72[0m         addListener(event: "close", listener: () => void): this;
[7m  [0m [91m                                                         ~[0m
[96mnode_modules/@types/node/https.d.ts[0m:[93m72[0m:[93m60[0m - [91merror[0m[90m TS2331: [0m'this' cannot be referenced in a module or namespace body.

[7m72[0m         addListener(event: "close", listener: () => void): this;
[7m  [0m [91m                                                           ~~~~[0m
[96mnode_modules/@types/node/https.d.ts[0m:[93m73[0m:[93m9[0m - [91merror[0m[90m TS2304: [0mCannot find name 'addListener'.

[7m73[0m         addListener(event: "connection", listener: (socket: Duplex) => void): this;
[7m  [0m [91m        ~~~~~~~~~~~[0m
[96mnode_modules/@types/node/https.d.ts[0m:[93m73[0m:[93m26[0m - [91merror[0m[90m TS1005: [0m',' expected.

[7m73[0m         addListener(event: "connection", listener: (socket: Duplex) => void): this;
[7m  [0m [91m                         ~[0m
[96mnode_modules/@types/node/https.d.ts[0m:[93m73[0m:[93m42[0m - [91merror[0m[90m TS2304: [0mCannot find name 'listener'.

[7m73[0m         addListener(event: "connection", listener: (socket: Duplex) => void): this;
[7m  [0m [91m                                         ~~~~~~~~[0m
[96mnode_modules/@types/node/https.d.ts[0m:[93m73[0m:[93m50[0m - [91merror[0m[90m TS1005: [0m',' expected.

[7m73[0m         addListener(event: "connection", listener: (socket: Duplex) => void): this;
[7m  [0m [91m                                                 ~[0m
[96mnode_modules/@types/node/https.d.ts[0m:[93m73[0m:[93m76[0m - [91merror[0m[90m TS1109: [0mExpression expected.

[7m73[0m         addListener(event: "connection", listener: (socket: Duplex) => void): this;
[7m  [0m [91m                                                                           ~[0m
[96mnode_modules/@types/node/https.d.ts[0m:[93m73[0m:[93m77[0m - [91merror[0m[90m TS1005: [0m';' expected.

[7m73[0m         addListener(event: "connection", listener: (socket: Duplex) => void): this;
[7m  [0m [91m                                                                            ~[0m
[96mnode_modules/@types/node/https.d.ts[0m:[93m73[0m:[93m79[0m - [91merror[0m[90m TS2331: [0m'this' cannot be referenced in a module or namespace body.

[7m73[0m         addListener(event: "connection", listener: (socket: Duplex) => void): this;
[7m  [0m [91m                                                                              ~~~~[0m
[96mnode_modules/@types/node/https.d.ts[0m:[93m74[0m:[93m9[0m - [91merror[0m[90m TS2304: [0mCannot find name 'addListener'.

[7m74[0m         addListener(event: "error", listener: (err: Error) => void): this;
[7m  [0m [91m        ~~~~~~~~~~~[0m
[96mnode_modules/@types/node/https.d.ts[0m:[93m74[0m:[93m26[0m - [91merror[0m[90m TS1005: [0m',' expected.

[7m74[0m         addListener(event: "error", listener: (err: Error) => void): this;
[7m  [0m [91m                         ~[0m
[96mnode_modules/@types/node/https.d.ts[0m:[93m74[0m:[93m37[0m - [91merror[0m[90m TS2304: [0mCannot find name 'listener'.

[7m74[0m         addListener(event: "error", listener: (err: Error) => void): this;
[7m  [0m [91m                                    ~~~~~~~~[0m
[96mnode_modules/@types/node/https.d.ts[0m:[93m74[0m:[93m45[0m - [91merror[0m[90m TS1005: [0m',' expected.

[7m74[0m         addListener(event: "error", listener: (err: Error) => void): this;
[7m  [0m [91m                                            ~[0m
[96mnode_modules/@types/node/https.d.ts[0m:[93m74[0m:[93m67[0m - [91merror[0m[90m TS1109: [0mExpression expected.

[7m74[0m         addListener(event: "error", listener: (err: Error) => void): this;
[7m  [0m [91m                                                                  ~[0m
[96mnode_modules/@types/node/https.d.ts[0m:[93m74[0m:[93m68[0m - [91merror[0m[90m TS1005: [0m';' expected.

[7m74[0m         addListener(event: "error", listener: (err: Error) => void): this;
[7m  [0m [91m                                                                   ~[0m
[96mnode_modules/@types/node/https.d.ts[0m:[93m74[0m:[93m70[0m - [91merror[0m[90m TS2331: [0m'this' cannot be referenced in a module or namespace body.

[7m74[0m         addListener(event: "error", listener: (err: Error) => void): this;
[7m  [0m [91m                                                                     ~~~~[0m
[96mnode_modules/@types/node/https.d.ts[0m:[93m75[0m:[93m9[0m - [91merror[0m[90m TS2304: [0mCannot find name 'addListener'.

[7m75[0m         addListener(event: "listening", listener: () => void): this;
[7m  [0m [91m        ~~~~~~~~~~~[0m
[96mnode_modules/@types/node/https.d.ts[0m:[93m75[0m:[93m26[0m - [91merror[0m[90m TS1005: [0m',' expected.

[7m75[0m         addListener(event: "listening", listener: () => void): this;
[7m  [0m [91m                         ~[0m
[96mnode_modules/@types/node/https.d.ts[0m:[93m75[0m:[93m41[0m - [91merror[0m[90m TS2304: [0mCannot find name 'listener'.

[7m75[0m         addListener(event: "listening", listener: () => void): this;
[7m  [0m [91m                                        ~~~~~~~~[0m
[96mnode_modules/@types/node/https.d.ts[0m:[93m75[0m:[93m49[0m - [91merror[0m[90m TS1005: [0m',' expected.

[7m75[0m         addListener(event: "listening", listener: () => void): this;
[7m  [0m [91m                                                ~[0m
[96mnode_modules/@types/node/https.d.ts[0m:[93m75[0m:[93m61[0m - [91merror[0m[90m TS1109: [0mExpression expected.

[7m75[0m         addListener(event: "listening", listener: () => void): this;
[7m  [0m [91m                                                            ~[0m
[96mnode_modules/@types/node/https.d.ts[0m:[93m75[0m:[93m62[0m - [91merror[0m[90m TS1005: [0m';' expected.

[7m75[0m         addListener(event: "listening", listener: () => void): this;
[7m  [0m [91m                                                             ~[0m
[96mnode_modules/@types/node/https.d.ts[0m:[93m75[0m:[93m64[0m - [91merror[0m[90m TS2331: [0m'this' cannot be referenced in a module or namespace body.

[7m75[0m         addListener(event: "listening", listener: () => void): this;
[7m  [0m [91m                                                               ~~~~[0m
[96mnode_modules/@types/node/https.d.ts[0m:[93m76[0m:[93m9[0m - [91merror[0m[90m TS2304: [0mCannot find name 'addListener'.

[7m76[0m         addListener(event: "checkContinue", listener: http.RequestListener<Request, Response>): this;
[7m  [0m [91m        ~~~~~~~~~~~[0m
[96mnode_modules/@types/node/https.d.ts[0m:[93m76[0m:[93m26[0m - [91merror[0m[90m TS1005: [0m',' expected.

[7m76[0m         addListener(event: "checkContinue", listener: http.RequestListener<Request, Response>): this;
[7m  [0m [91m                         ~[0m
[96mnode_modules/@types/node/https.d.ts[0m:[93m76[0m:[93m45[0m - [91merror[0m[90m TS2304: [0mCannot find name 'listener'.

[7m76[0m         addListener(event: "checkContinue", listener: http.RequestListener<Request, Response>): this;
[7m  [0m [91m                                            ~~~~~~~~[0m
[96mnode_modules/@types/node/https.d.ts[0m:[93m76[0m:[93m53[0m - [91merror[0m[90m TS1005: [0m',' expected.

[7m76[0m         addListener(event: "checkContinue", listener: http.RequestListener<Request, Response>): this;
[7m  [0m [91m                                                    ~[0m
[96mnode_modules/@types/node/https.d.ts[0m:[93m76[0m:[93m60[0m - [91merror[0m[90m TS2339: [0mProperty 'RequestListener' does not exist on type 'typeof import("node:http")'.

[7m76[0m         addListener(event: "checkContinue", listener: http.RequestListener<Request, Response>): this;
[7m  [0m [91m                                                           ~~~~~~~~~~~~~~~[0m
[96mnode_modules/@types/node/https.d.ts[0m:[93m76[0m:[93m94[0m - [91merror[0m[90m TS1005: [0m'(' expected.

[7m76[0m         addListener(event: "checkContinue", listener: http.RequestListener<Request, Response>): this;
[7m  [0m [91m                                                                                             ~[0m
[96mnode_modules/@types/node/https.d.ts[0m:[93m76[0m:[93m95[0m - [91merror[0m[90m TS1005: [0m',' expected.

[7m76[0m         addListener(event: "checkContinue", listener: http.RequestListener<Request, Response>): this;
[7m  [0m [91m                                                                                              ~[0m
[96mnode_modules/@types/node/https.d.ts[0m:[93m76[0m:[93m97[0m - [91merror[0m[90m TS2331: [0m'this' cannot be referenced in a module or namespace body.

[7m76[0m         addListener(event: "checkContinue", listener: http.RequestListener<Request, Response>): this;
[7m  [0m [91m                                                                                                ~~~~[0m
[96mnode_modules/@types/node/https.d.ts[0m:[93m76[0m:[93m101[0m - [91merror[0m[90m TS1005: [0m')' expected.

[7m76[0m         addListener(event: "checkContinue", listener: http.RequestListener<Request, Response>): this;
[7m  [0m [91m                                                                                                    ~[0m
[96mnode_modules/@types/node/https.d.ts[0m:[93m77[0m:[93m9[0m - [91merror[0m[90m TS2304: [0mCannot find name 'addListener'.

[7m77[0m         addListener(event: "checkExpectation", listener: http.RequestListener<Request, Response>): this;
[7m  [0m [91m        ~~~~~~~~~~~[0m
[96mnode_modules/@types/node/https.d.ts[0m:[93m77[0m:[93m26[0m - [91merror[0m[90m TS1005: [0m',' expected.

[7m77[0m         addListener(event: "checkExpectation", listener: http.RequestListener<Request, Response>): this;
[7m  [0m [91m                         ~[0m
[96mnode_modules/@types/node/https.d.ts[0m:[93m77[0m:[93m48[0m - [91merror[0m[90m TS2304: [0mCannot find name 'listener'.

[7m77[0m         addListener(event: "checkExpectation", listener: http.RequestListener<Request, Response>): this;
[7m  [0m [91m                                               ~~~~~~~~[0m
[96mnode_modules/@types/node/https.d.ts[0m:[93m77[0m:[93m56[0m - [91merror[0m[90m TS1005: [0m',' expected.

[7m77[0m         addListener(event: "checkExpectation", listener: http.RequestListener<Request, Response>): this;
[7m  [0m [91m                                                       ~[0m
[96mnode_modules/@types/node/https.d.ts[0m:[93m77[0m:[93m63[0m - [91merror[0m[90m TS2339: [0mProperty 'RequestListener' does not exist on type 'typeof import("node:http")'.

[7m77[0m         addListener(event: "checkExpectation", listener: http.RequestListener<Request, Response>): this;
[7m  [0m [91m                                                              ~~~~~~~~~~~~~~~[0m
[96mnode_modules/@types/node/https.d.ts[0m:[93m77[0m:[93m97[0m - [91merror[0m[90m TS1005: [0m'(' expected.

[7m77[0m         addListener(event: "checkExpectation", listener: http.RequestListener<Request, Response>): this;
[7m  [0m [91m                                                                                                ~[0m
[96mnode_modules/@types/node/https.d.ts[0m:[93m77[0m:[93m98[0m - [91merror[0m[90m TS1005: [0m',' expected.

[7m77[0m         addListener(event: "checkExpectation", listener: http.RequestListener<Request, Response>): this;
[7m  [0m [91m                                                                                                 ~[0m
[96mnode_modules/@types/node/https.d.ts[0m:[93m77[0m:[93m100[0m - [91merror[0m[90m TS2331: [0m'this' cannot be referenced in a module or namespace body.

[7m77[0m         addListener(event: "checkExpectation", listener: http.RequestListener<Request, Response>): this;
[7m  [0m [91m                                                                                                   ~~~~[0m
[96mnode_modules/@types/node/https.d.ts[0m:[93m77[0m:[93m104[0m - [91merror[0m[90m TS1005: [0m')' expected.

[7m77[0m         addListener(event: "checkExpectation", listener: http.RequestListener<Request, Response>): this;
[7m  [0m [91m                                                                                                       ~[0m
[96mnode_modules/@types/node/https.d.ts[0m:[93m78[0m:[93m9[0m - [91merror[0m[90m TS2304: [0mCannot find name 'addListener'.

[7m78[0m         addListener(event: "clientError", listener: (err: Error, socket: Duplex) => void): this;
[7m  [0m [91m        ~~~~~~~~~~~[0m
[96mnode_modules/@types/node/https.d.ts[0m:[93m78[0m:[93m26[0m - [91merror[0m[90m TS1005: [0m',' expected.

[7m78[0m         addListener(event: "clientError", listener: (err: Error, socket: Duplex) => void): this;
[7m  [0m [91m                         ~[0m
[96mnode_modules/@types/node/https.d.ts[0m:[93m78[0m:[93m43[0m - [91merror[0m[90m TS2304: [0mCannot find name 'listener'.

[7m78[0m         addListener(event: "clientError", listener: (err: Error, socket: Duplex) => void): this;
[7m  [0m [91m                                          ~~~~~~~~[0m
[96mnode_modules/@types/node/https.d.ts[0m:[93m78[0m:[93m51[0m - [91merror[0m[90m TS1005: [0m',' expected.

[7m78[0m         addListener(event: "clientError", listener: (err: Error, socket: Duplex) => void): this;
[7m  [0m [91m                                                  ~[0m
[96mnode_modules/@types/node/https.d.ts[0m:[93m78[0m:[93m89[0m - [91merror[0m[90m TS1109: [0mExpression expected.

[7m78[0m         addListener(event: "clientError", listener: (err: Error, socket: Duplex) => void): this;
[7m  [0m [91m                                                                                        ~[0m
[96mnode_modules/@types/node/https.d.ts[0m:[93m78[0m:[93m90[0m - [91merror[0m[90m TS1005: [0m';' expected.

[7m78[0m         addListener(event: "clientError", listener: (err: Error, socket: Duplex) => void): this;
[7m  [0m [91m                                                                                         ~[0m
[96mnode_modules/@types/node/https.d.ts[0m:[93m78[0m:[93m92[0m - [91merror[0m[90m TS2331: [0m'this' cannot be referenced in a module or namespace body.

[7m78[0m         addListener(event: "clientError", listener: (err: Error, socket: Duplex) => void): this;
[7m  [0m [91m                                                                                           ~~~~[0m
[96mnode_modules/@types/node/https.d.ts[0m:[93m79[0m:[93m9[0m - [91merror[0m[90m TS2304: [0mCannot find name 'addListener'.

[7m79[0m         addListener(
[7m  [0m [91m        ~~~~~~~~~~~[0m
[96mnode_modules/@types/node/https.d.ts[0m:[93m80[0m:[93m18[0m - [91merror[0m[90m TS1005: [0m',' expected.

[7m80[0m             event: "connect",
[7m  [0m [91m                 ~[0m
[96mnode_modules/@types/node/https.d.ts[0m:[93m81[0m:[93m13[0m - [91merror[0m[90m TS2304: [0mCannot find name 'listener'.

[7m81[0m             listener: (req: InstanceType<Request>, socket: Duplex, head: Buffer) => void,
[7m  [0m [91m            ~~~~~~~~[0m
[96mnode_modules/@types/node/https.d.ts[0m:[93m81[0m:[93m21[0m - [91merror[0m[90m TS1005: [0m',' expected.

[7m81[0m             listener: (req: InstanceType<Request>, socket: Duplex, head: Buffer) => void,
[7m  [0m [91m                    ~[0m
[96mnode_modules/@types/node/https.d.ts[0m:[93m81[0m:[93m42[0m - [91merror[0m[90m TS2344: [0mType 'Request' does not satisfy the constraint 'new (...args: any) => any'.

[7m81[0m             listener: (req: InstanceType<Request>, socket: Duplex, head: Buffer) => void,
[7m  [0m [91m                                         ~~~~~~~[0m
[96mnode_modules/@types/node/https.d.ts[0m:[93m81[0m:[93m89[0m - [91merror[0m[90m TS1109: [0mExpression expected.

[7m81[0m             listener: (req: InstanceType<Request>, socket: Duplex, head: Buffer) => void,
[7m  [0m [91m                                                                                        ~[0m
[96mnode_modules/@types/node/https.d.ts[0m:[93m82[0m:[93m10[0m - [91merror[0m[90m TS1005: [0m';' expected.

[7m82[0m         ): this;
[7m  [0m [91m         ~[0m
[96mnode_modules/@types/node/https.d.ts[0m:[93m82[0m:[93m12[0m - [91merror[0m[90m TS2331: [0m'this' cannot be referenced in a module or namespace body.

[7m82[0m         ): this;
[7m  [0m [91m           ~~~~[0m
[96mnode_modules/@types/node/https.d.ts[0m:[93m83[0m:[93m9[0m - [91merror[0m[90m TS2304: [0mCannot find name 'addListener'.

[7m83[0m         addListener(event: "request", listener: http.RequestListener<Request, Response>): this;
[7m  [0m [91m        ~~~~~~~~~~~[0m
[96mnode_modules/@types/node/https.d.ts[0m:[93m83[0m:[93m26[0m - [91merror[0m[90m TS1005: [0m',' expected.

[7m83[0m         addListener(event: "request", listener: http.RequestListener<Request, Response>): this;
[7m  [0m [91m                         ~[0m
[96mnode_modules/@types/node/https.d.ts[0m:[93m83[0m:[93m39[0m - [91merror[0m[90m TS2304: [0mCannot find name 'listener'.

[7m83[0m         addListener(event: "request", listener: http.RequestListener<Request, Response>): this;
[7m  [0m [91m                                      ~~~~~~~~[0m
[96mnode_modules/@types/node/https.d.ts[0m:[93m83[0m:[93m47[0m - [91merror[0m[90m TS1005: [0m',' expected.

[7m83[0m         addListener(event: "request", listener: http.RequestListener<Request, Response>): this;
[7m  [0m [91m                                              ~[0m
[96mnode_modules/@types/node/https.d.ts[0m:[93m83[0m:[93m54[0m - [91merror[0m[90m TS2339: [0mProperty 'RequestListener' does not exist on type 'typeof import("node:http")'.

[7m83[0m         addListener(event: "request", listener: http.RequestListener<Request, Response>): this;
[7m  [0m [91m                                                     ~~~~~~~~~~~~~~~[0m
[96mnode_modules/@types/node/https.d.ts[0m:[93m83[0m:[93m88[0m - [91merror[0m[90m TS1005: [0m'(' expected.

[7m83[0m         addListener(event: "request", listener: http.RequestListener<Request, Response>): this;
[7m  [0m [91m                                                                                       ~[0m
[96mnode_modules/@types/node/https.d.ts[0m:[93m83[0m:[93m89[0m - [91merror[0m[90m TS1005: [0m',' expected.

[7m83[0m         addListener(event: "request", listener: http.RequestListener<Request, Response>): this;
[7m  [0m [91m                                                                                        ~[0m
[96mnode_modules/@types/node/https.d.ts[0m:[93m83[0m:[93m91[0m - [91merror[0m[90m TS2331: [0m'this' cannot be referenced in a module or namespace body.

[7m83[0m         addListener(event: "request", listener: http.RequestListener<Request, Response>): this;
[7m  [0m [91m                                                                                          ~~~~[0m
[96mnode_modules/@types/node/https.d.ts[0m:[93m83[0m:[93m95[0m - [91merror[0m[90m TS1005: [0m')' expected.

[7m83[0m         addListener(event: "request", listener: http.RequestListener<Request, Response>): this;
[7m  [0m [91m                                                                                              ~[0m
[96mnode_modules/@types/node/https.d.ts[0m:[93m84[0m:[93m9[0m - [91merror[0m[90m TS2304: [0mCannot find name 'addListener'.

[7m84[0m         addListener(
[7m  [0m [91m        ~~~~~~~~~~~[0m
[96mnode_modules/@types/node/https.d.ts[0m:[93m85[0m:[93m18[0m - [91merror[0m[90m TS1005: [0m',' expected.

[7m85[0m             event: "upgrade",
[7m  [0m [91m                 ~[0m
[96mnode_modules/@types/node/https.d.ts[0m:[93m86[0m:[93m13[0m - [91merror[0m[90m TS2304: [0mCannot find name 'listener'.

[7m86[0m             listener: (req: InstanceType<Request>, socket: Duplex, head: Buffer) => void,
[7m  [0m [91m            ~~~~~~~~[0m
[96mnode_modules/@types/node/https.d.ts[0m:[93m86[0m:[93m21[0m - [91merror[0m[90m TS1005: [0m',' expected.

[7m86[0m             listener: (req: InstanceType<Request>, socket: Duplex, head: Buffer) => void,
[7m  [0m [91m                    ~[0m
[96mnode_modules/@types/node/https.d.ts[0m:[93m86[0m:[93m42[0m - [91merror[0m[90m TS2344: [0mType 'Request' does not satisfy the constraint 'new (...args: any) => any'.

[7m86[0m             listener: (req: InstanceType<Request>, socket: Duplex, head: Buffer) => void,
[7m  [0m [91m                                         ~~~~~~~[0m
[96mnode_modules/@types/node/https.d.ts[0m:[93m86[0m:[93m89[0m - [91merror[0m[90m TS1109: [0mExpression expected.

[7m86[0m             listener: (req: InstanceType<Request>, socket: Duplex, head: Buffer) => void,
[7m  [0m [91m                                                                                        ~[0m
[96mnode_modules/@types/node/https.d.ts[0m:[93m87[0m:[93m10[0m - [91merror[0m[90m TS1005: [0m';' expected.

[7m87[0m         ): this;
[7m  [0m [91m         ~[0m
[96mnode_modules/@types/node/https.d.ts[0m:[93m87[0m:[93m12[0m - [91merror[0m[90m TS2331: [0m'this' cannot be referenced in a module or namespace body.

[7m87[0m         ): this;
[7m  [0m [91m           ~~~~[0m
[96mnode_modules/@types/node/https.d.ts[0m:[93m88[0m:[93m9[0m - [91merror[0m[90m TS2304: [0mCannot find name 'emit'.

[7m88[0m         emit(event: string, ...args: any[]): boolean;
[7m  [0m [91m        ~~~~[0m
[96mnode_modules/@types/node/https.d.ts[0m:[93m88[0m:[93m19[0m - [91merror[0m[90m TS1005: [0m',' expected.

[7m88[0m         emit(event: string, ...args: any[]): boolean;
[7m  [0m [91m                  ~[0m
[96mnode_modules/@types/node/https.d.ts[0m:[93m88[0m:[93m21[0m - [91merror[0m[90m TS2693: [0m'string' only refers to a type, but is being used as a value here.

[7m88[0m         emit(event: string, ...args: any[]): boolean;
[7m  [0m [91m                    ~~~~~~[0m
[96mnode_modules/@types/node/https.d.ts[0m:[93m88[0m:[93m32[0m - [91merror[0m[90m TS2304: [0mCannot find name 'args'.

[7m88[0m         emit(event: string, ...args: any[]): boolean;
[7m  [0m [91m                               ~~~~[0m
[96mnode_modules/@types/node/https.d.ts[0m:[93m88[0m:[93m36[0m - [91merror[0m[90m TS1005: [0m',' expected.

[7m88[0m         emit(event: string, ...args: any[]): boolean;
[7m  [0m [91m                                   ~[0m
[96mnode_modules/@types/node/https.d.ts[0m:[93m88[0m:[93m38[0m - [91merror[0m[90m TS2693: [0m'any' only refers to a type, but is being used as a value here.

[7m88[0m         emit(event: string, ...args: any[]): boolean;
[7m  [0m [91m                                     ~~~[0m
[96mnode_modules/@types/node/https.d.ts[0m:[93m88[0m:[93m42[0m - [91merror[0m[90m TS1011: [0mAn element access expression should take an argument.

[7m88[0m         emit(event: string, ...args: any[]): boolean;
[7m  [0m [91m                                         [0m
[96mnode_modules/@types/node/https.d.ts[0m:[93m88[0m:[93m44[0m - [91merror[0m[90m TS1005: [0m';' expected.

[7m88[0m         emit(event: string, ...args: any[]): boolean;
[7m  [0m [91m                                           ~[0m
[96mnode_modules/@types/node/https.d.ts[0m:[93m88[0m:[93m46[0m - [91merror[0m[90m TS2693: [0m'boolean' only refers to a type, but is being used as a value here.

[7m88[0m         emit(event: string, ...args: any[]): boolean;
[7m  [0m [91m                                             ~~~~~~~[0m
[96mnode_modules/@types/node/https.d.ts[0m:[93m89[0m:[93m9[0m - [91merror[0m[90m TS2304: [0mCannot find name 'emit'.

[7m89[0m         emit(event: "keylog", line: Buffer, tlsSocket: tls.TLSSocket): boolean;
[7m  [0m [91m        ~~~~[0m
[96mnode_modules/@types/node/https.d.ts[0m:[93m89[0m:[93m19[0m - [91merror[0m[90m TS1005: [0m',' expected.

[7m89[0m         emit(event: "keylog", line: Buffer, tlsSocket: tls.TLSSocket): boolean;
[7m  [0m [91m                  ~[0m
[96mnode_modules/@types/node/https.d.ts[0m:[93m89[0m:[93m31[0m - [91merror[0m[90m TS2304: [0mCannot find name 'line'.

[7m89[0m         emit(event: "keylog", line: Buffer, tlsSocket: tls.TLSSocket): boolean;
[7m  [0m [91m                              ~~~~[0m
[96mnode_modules/@types/node/https.d.ts[0m:[93m89[0m:[93m35[0m - [91merror[0m[90m TS1005: [0m',' expected.

[7m89[0m         emit(event: "keylog", line: Buffer, tlsSocket: tls.TLSSocket): boolean;
[7m  [0m [91m                                  ~[0m
[96mnode_modules/@types/node/https.d.ts[0m:[93m89[0m:[93m45[0m - [91merror[0m[90m TS2304: [0mCannot find name 'tlsSocket'.

[7m89[0m         emit(event: "keylog", line: Buffer, tlsSocket: tls.TLSSocket): boolean;
[7m  [0m [91m                                            ~~~~~~~~~[0m
[96mnode_modules/@types/node/https.d.ts[0m:[93m89[0m:[93m54[0m - [91merror[0m[90m TS1005: [0m',' expected.

[7m89[0m         emit(event: "keylog", line: Buffer, tlsSocket: tls.TLSSocket): boolean;
[7m  [0m [91m                                                     ~[0m
[96mnode_modules/@types/node/https.d.ts[0m:[93m89[0m:[93m70[0m - [91merror[0m[90m TS1005: [0m';' expected.

[7m89[0m         emit(event: "keylog", line: Buffer, tlsSocket: tls.TLSSocket): boolean;
[7m  [0m [91m                                                                     ~[0m
[96mnode_modules/@types/node/https.d.ts[0m:[93m89[0m:[93m72[0m - [91merror[0m[90m TS2693: [0m'boolean' only refers to a type, but is being used as a value here.

[7m89[0m         emit(event: "keylog", line: Buffer, tlsSocket: tls.TLSSocket): boolean;
[7m  [0m [91m                                                                       ~~~~~~~[0m
[96mnode_modules/@types/node/https.d.ts[0m:[93m90[0m:[93m9[0m - [91merror[0m[90m TS2304: [0mCannot find name 'emit'.

[7m90[0m         emit(
[7m  [0m [91m        ~~~~[0m
[96mnode_modules/@types/node/https.d.ts[0m:[93m91[0m:[93m18[0m - [91merror[0m[90m TS1005: [0m',' expected.

[7m91[0m             event: "newSession",
[7m  [0m [91m                 ~[0m
[96mnode_modules/@types/node/https.d.ts[0m:[93m92[0m:[93m13[0m - [91merror[0m[90m TS2304: [0mCannot find name 'sessionId'.

[7m92[0m             sessionId: Buffer,
[7m  [0m [91m            ~~~~~~~~~[0m
[96mnode_modules/@types/node/https.d.ts[0m:[93m92[0m:[93m22[0m - [91merror[0m[90m TS1005: [0m',' expected.

[7m92[0m             sessionId: Buffer,
[7m  [0m [91m                     ~[0m
[96mnode_modules/@types/node/https.d.ts[0m:[93m93[0m:[93m13[0m - [91merror[0m[90m TS2304: [0mCannot find name 'sessionData'.

[7m93[0m             sessionData: Buffer,
[7m  [0m [91m            ~~~~~~~~~~~[0m
[96mnode_modules/@types/node/https.d.ts[0m:[93m93[0m:[93m24[0m - [91merror[0m[90m TS1005: [0m',' expected.

[7m93[0m             sessionData: Buffer,
[7m  [0m [91m                       ~[0m
[96mnode_modules/@types/node/https.d.ts[0m:[93m94[0m:[93m13[0m - [91merror[0m[90m TS2304: [0mCannot find name 'callback'.

[7m94[0m             callback: (err: Error, resp: Buffer) => void,
[7m  [0m [91m            ~~~~~~~~[0m
[96mnode_modules/@types/node/https.d.ts[0m:[93m94[0m:[93m21[0m - [91merror[0m[90m TS1005: [0m',' expected.

[7m94[0m             callback: (err: Error, resp: Buffer) => void,
[7m  [0m [91m                    ~[0m
[96mnode_modules/@types/node/https.d.ts[0m:[93m94[0m:[93m57[0m - [91merror[0m[90m TS1109: [0mExpression expected.

[7m94[0m             callback: (err: Error, resp: Buffer) => void,
[7m  [0m [91m                                                        ~[0m
[96mnode_modules/@types/node/https.d.ts[0m:[93m95[0m:[93m10[0m - [91merror[0m[90m TS1005: [0m';' expected.

[7m95[0m         ): boolean;
[7m  [0m [91m         ~[0m
[96mnode_modules/@types/node/https.d.ts[0m:[93m95[0m:[93m12[0m - [91merror[0m[90m TS2693: [0m'boolean' only refers to a type, but is being used as a value here.

[7m95[0m         ): boolean;
[7m  [0m [91m           ~~~~~~~[0m
[96mnode_modules/@types/node/https.d.ts[0m:[93m96[0m:[93m9[0m - [91merror[0m[90m TS2304: [0mCannot find name 'emit'.

[7m96[0m         emit(
[7m  [0m [91m        ~~~~[0m
[96mnode_modules/@types/node/https.d.ts[0m:[93m97[0m:[93m18[0m - [91merror[0m[90m TS1005: [0m',' expected.

[7m97[0m             event: "OCSPRequest",
[7m  [0m [91m                 ~[0m
[96mnode_modules/@types/node/https.d.ts[0m:[93m98[0m:[93m13[0m - [91merror[0m[90m TS2304: [0mCannot find name 'certificate'.

[7m98[0m             certificate: Buffer,
[7m  [0m [91m            ~~~~~~~~~~~[0m
[96mnode_modules/@types/node/https.d.ts[0m:[93m98[0m:[93m24[0m - [91merror[0m[90m TS1005: [0m',' expected.

[7m98[0m             certificate: Buffer,
[7m  [0m [91m                       ~[0m
[96mnode_modules/@types/node/https.d.ts[0m:[93m99[0m:[93m13[0m - [91merror[0m[90m TS2304: [0mCannot find name 'issuer'.

[7m99[0m             issuer: Buffer,
[7m  [0m [91m            ~~~~~~[0m
[96mnode_modules/@types/node/https.d.ts[0m:[93m99[0m:[93m19[0m - [91merror[0m[90m TS1005: [0m',' expected.

[7m99[0m             issuer: Buffer,
[7m  [0m [91m                  ~[0m
[96mnode_modules/@types/node/https.d.ts[0m:[93m100[0m:[93m13[0m - [91merror[0m[90m TS2304: [0mCannot find name 'callback'.

[7m100[0m             callback: (err: Error | null, resp: Buffer) => void,
[7m   [0m [91m            ~~~~~~~~[0m
[96mnode_modules/@types/node/https.d.ts[0m:[93m100[0m:[93m21[0m - [91merror[0m[90m TS1005: [0m',' expected.

[7m100[0m             callback: (err: Error | null, resp: Buffer) => void,
[7m   [0m [91m                    ~[0m
[96mnode_modules/@types/node/https.d.ts[0m:[93m100[0m:[93m64[0m - [91merror[0m[90m TS1109: [0mExpression expected.

[7m100[0m             callback: (err: Error | null, resp: Buffer) => void,
[7m   [0m [91m                                                               ~[0m
[96mnode_modules/@types/node/https.d.ts[0m:[93m101[0m:[93m10[0m - [91merror[0m[90m TS1005: [0m';' expected.

[7m101[0m         ): boolean;
[7m   [0m [91m         ~[0m
[96mnode_modules/@types/node/https.d.ts[0m:[93m101[0m:[93m12[0m - [91merror[0m[90m TS2693: [0m'boolean' only refers to a type, but is being used as a value here.

[7m101[0m         ): boolean;
[7m   [0m [91m           ~~~~~~~[0m
[96mnode_modules/@types/node/https.d.ts[0m:[93m102[0m:[93m9[0m - [91merror[0m[90m TS2304: [0mCannot find name 'emit'.

[7m102[0m         emit(event: "resumeSession", sessionId: Buffer, callback: (err: Error, sessionData: Buffer) => void): boolean;
[7m   [0m [91m        ~~~~[0m
[96mnode_modules/@types/node/https.d.ts[0m:[93m102[0m:[93m19[0m - [91merror[0m[90m TS1005: [0m',' expected.

[7m102[0m         emit(event: "resumeSession", sessionId: Buffer, callback: (err: Error, sessionData: Buffer) => void): boolean;
[7m   [0m [91m                  ~[0m
[96mnode_modules/@types/node/https.d.ts[0m:[93m102[0m:[93m38[0m - [91merror[0m[90m TS2304: [0mCannot find name 'sessionId'.

[7m102[0m         emit(event: "resumeSession", sessionId: Buffer, callback: (err: Error, sessionData: Buffer) => void): boolean;
[7m   [0m [91m                                     ~~~~~~~~~[0m
[96mnode_modules/@types/node/https.d.ts[0m:[93m102[0m:[93m47[0m - [91merror[0m[90m TS1005: [0m',' expected.

[7m102[0m         emit(event: "resumeSession", sessionId: Buffer, callback: (err: Error, sessionData: Buffer) => void): boolean;
[7m   [0m [91m                                              ~[0m
[96mnode_modules/@types/node/https.d.ts[0m:[93m102[0m:[93m57[0m - [91merror[0m[90m TS2304: [0mCannot find name 'callback'.

[7m102[0m         emit(event: "resumeSession", sessionId: Buffer, callback: (err: Error, sessionData: Buffer) => void): boolean;
[7m   [0m [91m                                                        ~~~~~~~~[0m
[96mnode_modules/@types/node/https.d.ts[0m:[93m102[0m:[93m65[0m - [91merror[0m[90m TS1005: [0m',' expected.

[7m102[0m         emit(event: "resumeSession", sessionId: Buffer, callback: (err: Error, sessionData: Buffer) => void): boolean;
[7m   [0m [91m                                                                ~[0m
[96mnode_modules/@types/node/https.d.ts[0m:[93m102[0m:[93m108[0m - [91merror[0m[90m TS1109: [0mExpression expected.

[7m102[0m         emit(event: "resumeSession", sessionId: Buffer, callback: (err: Error, sessionData: Buffer) => void): boolean;
[7m   [0m [91m                                                                                                           ~[0m
[96mnode_modules/@types/node/https.d.ts[0m:[93m102[0m:[93m109[0m - [91merror[0m[90m TS1005: [0m';' expected.

[7m102[0m         emit(event: "resumeSession", sessionId: Buffer, callback: (err: Error, sessionData: Buffer) => void): boolean;
[7m   [0m [91m                                                                                                            ~[0m
[96mnode_modules/@types/node/https.d.ts[0m:[93m102[0m:[93m111[0m - [91merror[0m[90m TS2693: [0m'boolean' only refers to a type, but is being used as a value here.

[7m102[0m         emit(event: "resumeSession", sessionId: Buffer, callback: (err: Error, sessionData: Buffer) => void): boolean;
[7m   [0m [91m                                                                                                              ~~~~~~~[0m
[96mnode_modules/@types/node/https.d.ts[0m:[93m103[0m:[93m9[0m - [91merror[0m[90m TS2304: [0mCannot find name 'emit'.

[7m103[0m         emit(event: "secureConnection", tlsSocket: tls.TLSSocket): boolean;
[7m   [0m [91m        ~~~~[0m
[96mnode_modules/@types/node/https.d.ts[0m:[93m103[0m:[93m19[0m - [91merror[0m[90m TS1005: [0m',' expected.

[7m103[0m         emit(event: "secureConnection", tlsSocket: tls.TLSSocket): boolean;
[7m   [0m [91m                  ~[0m
[96mnode_modules/@types/node/https.d.ts[0m:[93m103[0m:[93m41[0m - [91merror[0m[90m TS2304: [0mCannot find name 'tlsSocket'.

[7m103[0m         emit(event: "secureConnection", tlsSocket: tls.TLSSocket): boolean;
[7m   [0m [91m                                        ~~~~~~~~~[0m
[96mnode_modules/@types/node/https.d.ts[0m:[93m103[0m:[93m50[0m - [91merror[0m[90m TS1005: [0m',' expected.

[7m103[0m         emit(event: "secureConnection", tlsSocket: tls.TLSSocket): boolean;
[7m   [0m [91m                                                 ~[0m
[96mnode_modules/@types/node/https.d.ts[0m:[93m103[0m:[93m66[0m - [91merror[0m[90m TS1005: [0m';' expected.

[7m103[0m         emit(event: "secureConnection", tlsSocket: tls.TLSSocket): boolean;
[7m   [0m [91m                                                                 ~[0m
[96mnode_modules/@types/node/https.d.ts[0m:[93m103[0m:[93m68[0m - [91merror[0m[90m TS2693: [0m'boolean' only refers to a type, but is being used as a value here.

[7m103[0m         emit(event: "secureConnection", tlsSocket: tls.TLSSocket): boolean;
[7m   [0m [91m                                                                   ~~~~~~~[0m
[96mnode_modules/@types/node/https.d.ts[0m:[93m104[0m:[93m9[0m - [91merror[0m[90m TS2304: [0mCannot find name 'emit'.

[7m104[0m         emit(event: "tlsClientError", err: Error, tlsSocket: tls.TLSSocket): boolean;
[7m   [0m [91m        ~~~~[0m
[96mnode_modules/@types/node/https.d.ts[0m:[93m104[0m:[93m19[0m - [91merror[0m[90m TS1005: [0m',' expected.

[7m104[0m         emit(event: "tlsClientError", err: Error, tlsSocket: tls.TLSSocket): boolean;
[7m   [0m [91m                  ~[0m
[96mnode_modules/@types/node/https.d.ts[0m:[93m104[0m:[93m39[0m - [91merror[0m[90m TS2304: [0mCannot find name 'err'.

[7m104[0m         emit(event: "tlsClientError", err: Error, tlsSocket: tls.TLSSocket): boolean;
[7m   [0m [91m                                      ~~~[0m
[96mnode_modules/@types/node/https.d.ts[0m:[93m104[0m:[93m42[0m - [91merror[0m[90m TS1005: [0m',' expected.

[7m104[0m         emit(event: "tlsClientError", err: Error, tlsSocket: tls.TLSSocket): boolean;
[7m   [0m [91m                                         ~[0m
[96mnode_modules/@types/node/https.d.ts[0m:[93m104[0m:[93m51[0m - [91merror[0m[90m TS2304: [0mCannot find name 'tlsSocket'.

[7m104[0m         emit(event: "tlsClientError", err: Error, tlsSocket: tls.TLSSocket): boolean;
[7m   [0m [91m                                                  ~~~~~~~~~[0m
[96mnode_modules/@types/node/https.d.ts[0m:[93m104[0m:[93m60[0m - [91merror[0m[90m TS1005: [0m',' expected.

[7m104[0m         emit(event: "tlsClientError", err: Error, tlsSocket: tls.TLSSocket): boolean;
[7m   [0m [91m                                                           ~[0m
[96mnode_modules/@types/node/https.d.ts[0m:[93m104[0m:[93m76[0m - [91merror[0m[90m TS1005: [0m';' expected.

[7m104[0m         emit(event: "tlsClientError", err: Error, tlsSocket: tls.TLSSocket): boolean;
[7m   [0m [91m                                                                           ~[0m
[96mnode_modules/@types/node/https.d.ts[0m:[93m104[0m:[93m78[0m - [91merror[0m[90m TS2693: [0m'boolean' only refers to a type, but is being used as a value here.

[7m104[0m         emit(event: "tlsClientError", err: Error, tlsSocket: tls.TLSSocket): boolean;
[7m   [0m [91m                                                                             ~~~~~~~[0m
[96mnode_modules/@types/node/https.d.ts[0m:[93m105[0m:[93m9[0m - [91merror[0m[90m TS2304: [0mCannot find name 'emit'.

[7m105[0m         emit(event: "close"): boolean;
[7m   [0m [91m        ~~~~[0m
[96mnode_modules/@types/node/https.d.ts[0m:[93m105[0m:[93m19[0m - [91merror[0m[90m TS1005: [0m',' expected.

[7m105[0m         emit(event: "close"): boolean;
[7m   [0m [91m                  ~[0m
[96mnode_modules/@types/node/https.d.ts[0m:[93m105[0m:[93m29[0m - [91merror[0m[90m TS1005: [0m';' expected.

[7m105[0m         emit(event: "close"): boolean;
[7m   [0m [91m                            ~[0m
[96mnode_modules/@types/node/https.d.ts[0m:[93m105[0m:[93m31[0m - [91merror[0m[90m TS2693: [0m'boolean' only refers to a type, but is being used as a value here.

[7m105[0m         emit(event: "close"): boolean;
[7m   [0m [91m                              ~~~~~~~[0m
[96mnode_modules/@types/node/https.d.ts[0m:[93m106[0m:[93m9[0m - [91merror[0m[90m TS2304: [0mCannot find name 'emit'.

[7m106[0m         emit(event: "connection", socket: Duplex): boolean;
[7m   [0m [91m        ~~~~[0m
[96mnode_modules/@types/node/https.d.ts[0m:[93m106[0m:[93m19[0m - [91merror[0m[90m TS1005: [0m',' expected.

[7m106[0m         emit(event: "connection", socket: Duplex): boolean;
[7m   [0m [91m                  ~[0m
[96mnode_modules/@types/node/https.d.ts[0m:[93m106[0m:[93m35[0m - [91merror[0m[90m TS2304: [0mCannot find name 'socket'.

[7m106[0m         emit(event: "connection", socket: Duplex): boolean;
[7m   [0m [91m                                  ~~~~~~[0m
[96mnode_modules/@types/node/https.d.ts[0m:[93m106[0m:[93m41[0m - [91merror[0m[90m TS1005: [0m',' expected.

[7m106[0m         emit(event: "connection", socket: Duplex): boolean;
[7m   [0m [91m                                        ~[0m
[96mnode_modules/@types/node/https.d.ts[0m:[93m106[0m:[93m50[0m - [91merror[0m[90m TS1005: [0m';' expected.

[7m106[0m         emit(event: "connection", socket: Duplex): boolean;
[7m   [0m [91m                                                 ~[0m
[96mnode_modules/@types/node/https.d.ts[0m:[93m106[0m:[93m52[0m - [91merror[0m[90m TS2693: [0m'boolean' only refers to a type, but is being used as a value here.

[7m106[0m         emit(event: "connection", socket: Duplex): boolean;
[7m   [0m [91m                                                   ~~~~~~~[0m
[96mnode_modules/@types/node/https.d.ts[0m:[93m107[0m:[93m9[0m - [91merror[0m[90m TS2304: [0mCannot find name 'emit'.

[7m107[0m         emit(event: "error", err: Error): boolean;
[7m   [0m [91m        ~~~~[0m
[96mnode_modules/@types/node/https.d.ts[0m:[93m107[0m:[93m19[0m - [91merror[0m[90m TS1005: [0m',' expected.

[7m107[0m         emit(event: "error", err: Error): boolean;
[7m   [0m [91m                  ~[0m
[96mnode_modules/@types/node/https.d.ts[0m:[93m107[0m:[93m30[0m - [91merror[0m[90m TS2304: [0mCannot find name 'err'.

[7m107[0m         emit(event: "error", err: Error): boolean;
[7m   [0m [91m                             ~~~[0m
[96mnode_modules/@types/node/https.d.ts[0m:[93m107[0m:[93m33[0m - [91merror[0m[90m TS1005: [0m',' expected.

[7m107[0m         emit(event: "error", err: Error): boolean;
[7m   [0m [91m                                ~[0m
[96mnode_modules/@types/node/https.d.ts[0m:[93m107[0m:[93m41[0m - [91merror[0m[90m TS1005: [0m';' expected.

[7m107[0m         emit(event: "error", err: Error): boolean;
[7m   [0m [91m                                        ~[0m
[96mnode_modules/@types/node/https.d.ts[0m:[93m107[0m:[93m43[0m - [91merror[0m[90m TS2693: [0m'boolean' only refers to a type, but is being used as a value here.

[7m107[0m         emit(event: "error", err: Error): boolean;
[7m   [0m [91m                                          ~~~~~~~[0m
[96mnode_modules/@types/node/https.d.ts[0m:[93m108[0m:[93m9[0m - [91merror[0m[90m TS2304: [0mCannot find name 'emit'.

[7m108[0m         emit(event: "listening"): boolean;
[7m   [0m [91m        ~~~~[0m
[96mnode_modules/@types/node/https.d.ts[0m:[93m108[0m:[93m19[0m - [91merror[0m[90m TS1005: [0m',' expected.

[7m108[0m         emit(event: "listening"): boolean;
[7m   [0m [91m                  ~[0m
[96mnode_modules/@types/node/https.d.ts[0m:[93m108[0m:[93m33[0m - [91merror[0m[90m TS1005: [0m';' expected.

[7m108[0m         emit(event: "listening"): boolean;
[7m   [0m [91m                                ~[0m
[96mnode_modules/@types/node/https.d.ts[0m:[93m108[0m:[93m35[0m - [91merror[0m[90m TS2693: [0m'boolean' only refers to a type, but is being used as a value here.

[7m108[0m         emit(event: "listening"): boolean;
[7m   [0m [91m                                  ~~~~~~~[0m
[96mnode_modules/@types/node/https.d.ts[0m:[93m109[0m:[93m9[0m - [91merror[0m[90m TS2304: [0mCannot find name 'emit'.

[7m109[0m         emit(
[7m   [0m [91m        ~~~~[0m
[96mnode_modules/@types/node/https.d.ts[0m:[93m110[0m:[93m18[0m - [91merror[0m[90m TS1005: [0m',' expected.

[7m110[0m             event: "checkContinue",
[7m   [0m [91m                 ~[0m
[96mnode_modules/@types/node/https.d.ts[0m:[93m111[0m:[93m13[0m - [91merror[0m[90m TS2304: [0mCannot find name 'req'.

[7m111[0m             req: InstanceType<Request>,
[7m   [0m [91m            ~~~[0m
[96mnode_modules/@types/node/https.d.ts[0m:[93m111[0m:[93m16[0m - [91merror[0m[90m TS1005: [0m',' expected.

[7m111[0m             req: InstanceType<Request>,
[7m   [0m [91m               ~[0m
[96mnode_modules/@types/node/https.d.ts[0m:[93m111[0m:[93m18[0m - [91merror[0m[90m TS2693: [0m'InstanceType' only refers to a type, but is being used as a value here.

[7m111[0m             req: InstanceType<Request>,
[7m   [0m [91m                 ~~~~~~~~~~~~[0m
[96mnode_modules/@types/node/https.d.ts[0m:[93m111[0m:[93m39[0m - [91merror[0m[90m TS1109: [0mExpression expected.

[7m111[0m             req: InstanceType<Request>,
[7m   [0m [91m                                      ~[0m
[96mnode_modules/@types/node/https.d.ts[0m:[93m112[0m:[93m13[0m - [91merror[0m[90m TS2304: [0mCannot find name 'res'.

[7m112[0m             res: InstanceType<Response>,
[7m   [0m [91m            ~~~[0m
[96mnode_modules/@types/node/https.d.ts[0m:[93m112[0m:[93m16[0m - [91merror[0m[90m TS1005: [0m',' expected.

[7m112[0m             res: InstanceType<Response>,
[7m   [0m [91m               ~[0m
[96mnode_modules/@types/node/https.d.ts[0m:[93m112[0m:[93m18[0m - [91merror[0m[90m TS2693: [0m'InstanceType' only refers to a type, but is being used as a value here.

[7m112[0m             res: InstanceType<Response>,
[7m   [0m [91m                 ~~~~~~~~~~~~[0m
[96mnode_modules/@types/node/https.d.ts[0m:[93m112[0m:[93m40[0m - [91merror[0m[90m TS1109: [0mExpression expected.

[7m112[0m             res: InstanceType<Response>,
[7m   [0m [91m                                       ~[0m
[96mnode_modules/@types/node/https.d.ts[0m:[93m113[0m:[93m10[0m - [91merror[0m[90m TS1005: [0m';' expected.

[7m113[0m         ): boolean;
[7m   [0m [91m         ~[0m
[96mnode_modules/@types/node/https.d.ts[0m:[93m113[0m:[93m12[0m - [91merror[0m[90m TS2693: [0m'boolean' only refers to a type, but is being used as a value here.

[7m113[0m         ): boolean;
[7m   [0m [91m           ~~~~~~~[0m
[96mnode_modules/@types/node/https.d.ts[0m:[93m114[0m:[93m9[0m - [91merror[0m[90m TS2304: [0mCannot find name 'emit'.

[7m114[0m         emit(
[7m   [0m [91m        ~~~~[0m
[96mnode_modules/@types/node/https.d.ts[0m:[93m115[0m:[93m18[0m - [91merror[0m[90m TS1005: [0m',' expected.

[7m115[0m             event: "checkExpectation",
[7m   [0m [91m                 ~[0m
[96mnode_modules/@types/node/https.d.ts[0m:[93m116[0m:[93m13[0m - [91merror[0m[90m TS2304: [0mCannot find name 'req'.

[7m116[0m             req: InstanceType<Request>,
[7m   [0m [91m            ~~~[0m
[96mnode_modules/@types/node/https.d.ts[0m:[93m116[0m:[93m16[0m - [91merror[0m[90m TS1005: [0m',' expected.

[7m116[0m             req: InstanceType<Request>,
[7m   [0m [91m               ~[0m
[96mnode_modules/@types/node/https.d.ts[0m:[93m116[0m:[93m18[0m - [91merror[0m[90m TS2693: [0m'InstanceType' only refers to a type, but is being used as a value here.

[7m116[0m             req: InstanceType<Request>,
[7m   [0m [91m                 ~~~~~~~~~~~~[0m
[96mnode_modules/@types/node/https.d.ts[0m:[93m116[0m:[93m39[0m - [91merror[0m[90m TS1109: [0mExpression expected.

[7m116[0m             req: InstanceType<Request>,
[7m   [0m [91m                                      ~[0m
[96mnode_modules/@types/node/https.d.ts[0m:[93m117[0m:[93m13[0m - [91merror[0m[90m TS2304: [0mCannot find name 'res'.

[7m117[0m             res: InstanceType<Response>,
[7m   [0m [91m            ~~~[0m
[96mnode_modules/@types/node/https.d.ts[0m:[93m117[0m:[93m16[0m - [91merror[0m[90m TS1005: [0m',' expected.

[7m117[0m             res: InstanceType<Response>,
[7m   [0m [91m               ~[0m
[96mnode_modules/@types/node/https.d.ts[0m:[93m117[0m:[93m18[0m - [91merror[0m[90m TS2693: [0m'InstanceType' only refers to a type, but is being used as a value here.

[7m117[0m             res: InstanceType<Response>,
[7m   [0m [91m                 ~~~~~~~~~~~~[0m
[96mnode_modules/@types/node/https.d.ts[0m:[93m117[0m:[93m40[0m - [91merror[0m[90m TS1109: [0mExpression expected.

[7m117[0m             res: InstanceType<Response>,
[7m   [0m [91m                                       ~[0m
[96mnode_modules/@types/node/https.d.ts[0m:[93m118[0m:[93m10[0m - [91merror[0m[90m TS1005: [0m';' expected.

[7m118[0m         ): boolean;
[7m   [0m [91m         ~[0m
[96mnode_modules/@types/node/https.d.ts[0m:[93m118[0m:[93m12[0m - [91merror[0m[90m TS2693: [0m'boolean' only refers to a type, but is being used as a value here.

[7m118[0m         ): boolean;
[7m   [0m [91m           ~~~~~~~[0m
[96mnode_modules/@types/node/https.d.ts[0m:[93m119[0m:[93m9[0m - [91merror[0m[90m TS2304: [0mCannot find name 'emit'.

[7m119[0m         emit(event: "clientError", err: Error, socket: Duplex): boolean;
[7m   [0m [91m        ~~~~[0m
[96mnode_modules/@types/node/https.d.ts[0m:[93m119[0m:[93m19[0m - [91merror[0m[90m TS1005: [0m',' expected.

[7m119[0m         emit(event: "clientError", err: Error, socket: Duplex): boolean;
[7m   [0m [91m                  ~[0m
[96mnode_modules/@types/node/https.d.ts[0m:[93m119[0m:[93m36[0m - [91merror[0m[90m TS2304: [0mCannot find name 'err'.

[7m119[0m         emit(event: "clientError", err: Error, socket: Duplex): boolean;
[7m   [0m [91m                                   ~~~[0m
[96mnode_modules/@types/node/https.d.ts[0m:[93m119[0m:[93m39[0m - [91merror[0m[90m TS1005: [0m',' expected.

[7m119[0m         emit(event: "clientError", err: Error, socket: Duplex): boolean;
[7m   [0m [91m                                      ~[0m
[96mnode_modules/@types/node/https.d.ts[0m:[93m119[0m:[93m48[0m - [91merror[0m[90m TS2304: [0mCannot find name 'socket'.

[7m119[0m         emit(event: "clientError", err: Error, socket: Duplex): boolean;
[7m   [0m [91m                                               ~~~~~~[0m
[96mnode_modules/@types/node/https.d.ts[0m:[93m119[0m:[93m54[0m - [91merror[0m[90m TS1005: [0m',' expected.

[7m119[0m         emit(event: "clientError", err: Error, socket: Duplex): boolean;
[7m   [0m [91m                                                     ~[0m
[96mnode_modules/@types/node/https.d.ts[0m:[93m119[0m:[93m63[0m - [91merror[0m[90m TS1005: [0m';' expected.

[7m119[0m         emit(event: "clientError", err: Error, socket: Duplex): boolean;
[7m   [0m [91m                                                              ~[0m
[96mnode_modules/@types/node/https.d.ts[0m:[93m119[0m:[93m65[0m - [91merror[0m[90m TS2693: [0m'boolean' only refers to a type, but is being used as a value here.

[7m119[0m         emit(event: "clientError", err: Error, socket: Duplex): boolean;
[7m   [0m [91m                                                                ~~~~~~~[0m
[96mnode_modules/@types/node/https.d.ts[0m:[93m120[0m:[93m9[0m - [91merror[0m[90m TS2304: [0mCannot find name 'emit'.

[7m120[0m         emit(event: "connect", req: InstanceType<Request>, socket: Duplex, head: Buffer): boolean;
[7m   [0m [91m        ~~~~[0m
[96mnode_modules/@types/node/https.d.ts[0m:[93m120[0m:[93m19[0m - [91merror[0m[90m TS1005: [0m',' expected.

[7m120[0m         emit(event: "connect", req: InstanceType<Request>, socket: Duplex, head: Buffer): boolean;
[7m   [0m [91m                  ~[0m
[96mnode_modules/@types/node/https.d.ts[0m:[93m120[0m:[93m32[0m - [91merror[0m[90m TS2304: [0mCannot find name 'req'.

[7m120[0m         emit(event: "connect", req: InstanceType<Request>, socket: Duplex, head: Buffer): boolean;
[7m   [0m [91m                               ~~~[0m
[96mnode_modules/@types/node/https.d.ts[0m:[93m120[0m:[93m35[0m - [91merror[0m[90m TS1005: [0m',' expected.

[7m120[0m         emit(event: "connect", req: InstanceType<Request>, socket: Duplex, head: Buffer): boolean;
[7m   [0m [91m                                  ~[0m
[96mnode_modules/@types/node/https.d.ts[0m:[93m120[0m:[93m37[0m - [91merror[0m[90m TS2693: [0m'InstanceType' only refers to a type, but is being used as a value here.

[7m120[0m         emit(event: "connect", req: InstanceType<Request>, socket: Duplex, head: Buffer): boolean;
[7m   [0m [91m                                    ~~~~~~~~~~~~[0m
[96mnode_modules/@types/node/https.d.ts[0m:[93m120[0m:[93m58[0m - [91merror[0m[90m TS1109: [0mExpression expected.

[7m120[0m         emit(event: "connect", req: InstanceType<Request>, socket: Duplex, head: Buffer): boolean;
[7m   [0m [91m                                                         ~[0m
[96mnode_modules/@types/node/https.d.ts[0m:[93m120[0m:[93m60[0m - [91merror[0m[90m TS2304: [0mCannot find name 'socket'.

[7m120[0m         emit(event: "connect", req: InstanceType<Request>, socket: Duplex, head: Buffer): boolean;
[7m   [0m [91m                                                           ~~~~~~[0m
[96mnode_modules/@types/node/https.d.ts[0m:[93m120[0m:[93m66[0m - [91merror[0m[90m TS1005: [0m',' expected.

[7m120[0m         emit(event: "connect", req: InstanceType<Request>, socket: Duplex, head: Buffer): boolean;
[7m   [0m [91m                                                                 ~[0m
[96mnode_modules/@types/node/https.d.ts[0m:[93m120[0m:[93m76[0m - [91merror[0m[90m TS2304: [0mCannot find name 'head'.

[7m120[0m         emit(event: "connect", req: InstanceType<Request>, socket: Duplex, head: Buffer): boolean;
[7m   [0m [91m                                                                           ~~~~[0m
[96mnode_modules/@types/node/https.d.ts[0m:[93m120[0m:[93m80[0m - [91merror[0m[90m TS1005: [0m',' expected.

[7m120[0m         emit(event: "connect", req: InstanceType<Request>, socket: Duplex, head: Buffer): boolean;
[7m   [0m [91m                                                                               ~[0m
[96mnode_modules/@types/node/https.d.ts[0m:[93m120[0m:[93m89[0m - [91merror[0m[90m TS1005: [0m';' expected.

[7m120[0m         emit(event: "connect", req: InstanceType<Request>, socket: Duplex, head: Buffer): boolean;
[7m   [0m [91m                                                                                        ~[0m
[96mnode_modules/@types/node/https.d.ts[0m:[93m120[0m:[93m91[0m - [91merror[0m[90m TS2693: [0m'boolean' only refers to a type, but is being used as a value here.

[7m120[0m         emit(event: "connect", req: InstanceType<Request>, socket: Duplex, head: Buffer): boolean;
[7m   [0m [91m                                                                                          ~~~~~~~[0m
[96mnode_modules/@types/node/https.d.ts[0m:[93m121[0m:[93m9[0m - [91merror[0m[90m TS2304: [0mCannot find name 'emit'.

[7m121[0m         emit(
[7m   [0m [91m        ~~~~[0m
[96mnode_modules/@types/node/https.d.ts[0m:[93m122[0m:[93m18[0m - [91merror[0m[90m TS1005: [0m',' expected.

[7m122[0m             event: "request",
[7m   [0m [91m                 ~[0m
[96mnode_modules/@types/node/https.d.ts[0m:[93m123[0m:[93m13[0m - [91merror[0m[90m TS2304: [0mCannot find name 'req'.

[7m123[0m             req: InstanceType<Request>,
[7m   [0m [91m            ~~~[0m
[96mnode_modules/@types/node/https.d.ts[0m:[93m123[0m:[93m16[0m - [91merror[0m[90m TS1005: [0m',' expected.

[7m123[0m             req: InstanceType<Request>,
[7m   [0m [91m               ~[0m
[96mnode_modules/@types/node/https.d.ts[0m:[93m123[0m:[93m18[0m - [91merror[0m[90m TS2693: [0m'InstanceType' only refers to a type, but is being used as a value here.

[7m123[0m             req: InstanceType<Request>,
[7m   [0m [91m                 ~~~~~~~~~~~~[0m
[96mnode_modules/@types/node/https.d.ts[0m:[93m123[0m:[93m39[0m - [91merror[0m[90m TS1109: [0mExpression expected.

[7m123[0m             req: InstanceType<Request>,
[7m   [0m [91m                                      ~[0m
[96mnode_modules/@types/node/https.d.ts[0m:[93m124[0m:[93m13[0m - [91merror[0m[90m TS2304: [0mCannot find name 'res'.

[7m124[0m             res: InstanceType<Response>,
[7m   [0m [91m            ~~~[0m
[96mnode_modules/@types/node/https.d.ts[0m:[93m124[0m:[93m16[0m - [91merror[0m[90m TS1005: [0m',' expected.

[7m124[0m             res: InstanceType<Response>,
[7m   [0m [91m               ~[0m
[96mnode_modules/@types/node/https.d.ts[0m:[93m124[0m:[93m18[0m - [91merror[0m[90m TS2693: [0m'InstanceType' only refers to a type, but is being used as a value here.

[7m124[0m             res: InstanceType<Response>,
[7m   [0m [91m                 ~~~~~~~~~~~~[0m
[96mnode_modules/@types/node/https.d.ts[0m:[93m124[0m:[93m40[0m - [91merror[0m[90m TS1109: [0mExpression expected.

[7m124[0m             res: InstanceType<Response>,
[7m   [0m [91m                                       ~[0m
[96mnode_modules/@types/node/https.d.ts[0m:[93m125[0m:[93m10[0m - [91merror[0m[90m TS1005: [0m';' expected.

[7m125[0m         ): boolean;
[7m   [0m [91m         ~[0m
[96mnode_modules/@types/node/https.d.ts[0m:[93m125[0m:[93m12[0m - [91merror[0m[90m TS2693: [0m'boolean' only refers to a type, but is being used as a value here.

[7m125[0m         ): boolean;
[7m   [0m [91m           ~~~~~~~[0m
[96mnode_modules/@types/node/https.d.ts[0m:[93m126[0m:[93m9[0m - [91merror[0m[90m TS2304: [0mCannot find name 'emit'.

[7m126[0m         emit(event: "upgrade", req: InstanceType<Request>, socket: Duplex, head: Buffer): boolean;
[7m   [0m [91m        ~~~~[0m
[96mnode_modules/@types/node/https.d.ts[0m:[93m126[0m:[93m19[0m - [91merror[0m[90m TS1005: [0m',' expected.

[7m126[0m         emit(event: "upgrade", req: InstanceType<Request>, socket: Duplex, head: Buffer): boolean;
[7m   [0m [91m                  ~[0m
[96mnode_modules/@types/node/https.d.ts[0m:[93m126[0m:[93m32[0m - [91merror[0m[90m TS2304: [0mCannot find name 'req'.

[7m126[0m         emit(event: "upgrade", req: InstanceType<Request>, socket: Duplex, head: Buffer): boolean;
[7m   [0m [91m                               ~~~[0m
[96mnode_modules/@types/node/https.d.ts[0m:[93m126[0m:[93m35[0m - [91merror[0m[90m TS1005: [0m',' expected.

[7m126[0m         emit(event: "upgrade", req: InstanceType<Request>, socket: Duplex, head: Buffer): boolean;
[7m   [0m [91m                                  ~[0m
[96mnode_modules/@types/node/https.d.ts[0m:[93m126[0m:[93m37[0m - [91merror[0m[90m TS2693: [0m'InstanceType' only refers to a type, but is being used as a value here.

[7m126[0m         emit(event: "upgrade", req: InstanceType<Request>, socket: Duplex, head: Buffer): boolean;
[7m   [0m [91m                                    ~~~~~~~~~~~~[0m
[96mnode_modules/@types/node/https.d.ts[0m:[93m126[0m:[93m58[0m - [91merror[0m[90m TS1109: [0mExpression expected.

[7m126[0m         emit(event: "upgrade", req: InstanceType<Request>, socket: Duplex, head: Buffer): boolean;
[7m   [0m [91m                                                         ~[0m
[96mnode_modules/@types/node/https.d.ts[0m:[93m126[0m:[93m60[0m - [91merror[0m[90m TS2304: [0mCannot find name 'socket'.

[7m126[0m         emit(event: "upgrade", req: InstanceType<Request>, socket: Duplex, head: Buffer): boolean;
[7m   [0m [91m                                                           ~~~~~~[0m
[96mnode_modules/@types/node/https.d.ts[0m:[93m126[0m:[93m66[0m - [91merror[0m[90m TS1005: [0m',' expected.

[7m126[0m         emit(event: "upgrade", req: InstanceType<Request>, socket: Duplex, head: Buffer): boolean;
[7m   [0m [91m                                                                 ~[0m
[96mnode_modules/@types/node/https.d.ts[0m:[93m126[0m:[93m76[0m - [91merror[0m[90m TS2304: [0mCannot find name 'head'.

[7m126[0m         emit(event: "upgrade", req: InstanceType<Request>, socket: Duplex, head: Buffer): boolean;
[7m   [0m [91m                                                                           ~~~~[0m
[96mnode_modules/@types/node/https.d.ts[0m:[93m126[0m:[93m80[0m - [91merror[0m[90m TS1005: [0m',' expected.

[7m126[0m         emit(event: "upgrade", req: InstanceType<Request>, socket: Duplex, head: Buffer): boolean;
[7m   [0m [91m                                                                               ~[0m
[96mnode_modules/@types/node/https.d.ts[0m:[93m126[0m:[93m89[0m - [91merror[0m[90m TS1005: [0m';' expected.

[7m126[0m         emit(event: "upgrade", req: InstanceType<Request>, socket: Duplex, head: Buffer): boolean;
[7m   [0m [91m                                                                                        ~[0m
[96mnode_modules/@types/node/https.d.ts[0m:[93m126[0m:[93m91[0m - [91merror[0m[90m TS2693: [0m'boolean' only refers to a type, but is being used as a value here.

[7m126[0m         emit(event: "upgrade", req: InstanceType<Request>, socket: Duplex, head: Buffer): boolean;
[7m   [0m [91m                                                                                          ~~~~~~~[0m
[96mnode_modules/@types/node/https.d.ts[0m:[93m127[0m:[93m9[0m - [91merror[0m[90m TS2304: [0mCannot find name 'on'.

[7m127[0m         on(event: string, listener: (...args: any[]) => void): this;
[7m   [0m [91m        ~~[0m
[96mnode_modules/@types/node/https.d.ts[0m:[93m127[0m:[93m17[0m - [91merror[0m[90m TS1005: [0m',' expected.

[7m127[0m         on(event: string, listener: (...args: any[]) => void): this;
[7m   [0m [91m                ~[0m
[96mnode_modules/@types/node/https.d.ts[0m:[93m127[0m:[93m19[0m - [91merror[0m[90m TS2693: [0m'string' only refers to a type, but is being used as a value here.

[7m127[0m         on(event: string, listener: (...args: any[]) => void): this;
[7m   [0m [91m                  ~~~~~~[0m
[96mnode_modules/@types/node/https.d.ts[0m:[93m127[0m:[93m27[0m - [91merror[0m[90m TS2304: [0mCannot find name 'listener'.

[7m127[0m         on(event: string, listener: (...args: any[]) => void): this;
[7m   [0m [91m                          ~~~~~~~~[0m
[96mnode_modules/@types/node/https.d.ts[0m:[93m127[0m:[93m35[0m - [91merror[0m[90m TS1005: [0m',' expected.

[7m127[0m         on(event: string, listener: (...args: any[]) => void): this;
[7m   [0m [91m                                  ~[0m
[96mnode_modules/@types/node/https.d.ts[0m:[93m127[0m:[93m61[0m - [91merror[0m[90m TS1109: [0mExpression expected.

[7m127[0m         on(event: string, listener: (...args: any[]) => void): this;
[7m   [0m [91m                                                            ~[0m
[96mnode_modules/@types/node/https.d.ts[0m:[93m127[0m:[93m62[0m - [91merror[0m[90m TS1005: [0m';' expected.

[7m127[0m         on(event: string, listener: (...args: any[]) => void): this;
[7m   [0m [91m                                                             ~[0m
[96mnode_modules/@types/node/https.d.ts[0m:[93m127[0m:[93m64[0m - [91merror[0m[90m TS2331: [0m'this' cannot be referenced in a module or namespace body.

[7m127[0m         on(event: string, listener: (...args: any[]) => void): this;
[7m   [0m [91m                                                               ~~~~[0m
[96mnode_modules/@types/node/https.d.ts[0m:[93m128[0m:[93m9[0m - [91merror[0m[90m TS2304: [0mCannot find name 'on'.

[7m128[0m         on(event: "keylog", listener: (line: Buffer, tlsSocket: tls.TLSSocket) => void): this;
[7m   [0m [91m        ~~[0m
[96mnode_modules/@types/node/https.d.ts[0m:[93m128[0m:[93m17[0m - [91merror[0m[90m TS1005: [0m',' expected.

[7m128[0m         on(event: "keylog", listener: (line: Buffer, tlsSocket: tls.TLSSocket) => void): this;
[7m   [0m [91m                ~[0m
[96mnode_modules/@types/node/https.d.ts[0m:[93m128[0m:[93m29[0m - [91merror[0m[90m TS2304: [0mCannot find name 'listener'.

[7m128[0m         on(event: "keylog", listener: (line: Buffer, tlsSocket: tls.TLSSocket) => void): this;
[7m   [0m [91m                            ~~~~~~~~[0m
[96mnode_modules/@types/node/https.d.ts[0m:[93m128[0m:[93m37[0m - [91merror[0m[90m TS1005: [0m',' expected.

[7m128[0m         on(event: "keylog", listener: (line: Buffer, tlsSocket: tls.TLSSocket) => void): this;
[7m   [0m [91m                                    ~[0m
[96mnode_modules/@types/node/https.d.ts[0m:[93m128[0m:[93m87[0m - [91merror[0m[90m TS1109: [0mExpression expected.

[7m128[0m         on(event: "keylog", listener: (line: Buffer, tlsSocket: tls.TLSSocket) => void): this;
[7m   [0m [91m                                                                                      ~[0m
[96mnode_modules/@types/node/https.d.ts[0m:[93m128[0m:[93m88[0m - [91merror[0m[90m TS1005: [0m';' expected.

[7m128[0m         on(event: "keylog", listener: (line: Buffer, tlsSocket: tls.TLSSocket) => void): this;
[7m   [0m [91m                                                                                       ~[0m
[96mnode_modules/@types/node/https.d.ts[0m:[93m128[0m:[93m90[0m - [91merror[0m[90m TS2331: [0m'this' cannot be referenced in a module or namespace body.

[7m128[0m         on(event: "keylog", listener: (line: Buffer, tlsSocket: tls.TLSSocket) => void): this;
[7m   [0m [91m                                                                                         ~~~~[0m
[96mnode_modules/@types/node/https.d.ts[0m:[93m129[0m:[93m9[0m - [91merror[0m[90m TS2304: [0mCannot find name 'on'.

[7m129[0m         on(
[7m   [0m [91m        ~~[0m
[96mnode_modules/@types/node/https.d.ts[0m:[93m130[0m:[93m18[0m - [91merror[0m[90m TS1005: [0m',' expected.

[7m130[0m             event: "newSession",
[7m   [0m [91m                 ~[0m
[96mnode_modules/@types/node/https.d.ts[0m:[93m131[0m:[93m13[0m - [91merror[0m[90m TS2304: [0mCannot find name 'listener'.

[7m131[0m             listener: (sessionId: Buffer, sessionData: Buffer, callback: (err: Error, resp: Buffer) => void) => void,
[7m   [0m [91m            ~~~~~~~~[0m
[96mnode_modules/@types/node/https.d.ts[0m:[93m131[0m:[93m21[0m - [91merror[0m[90m TS1005: [0m',' expected.

[7m131[0m             listener: (sessionId: Buffer, sessionData: Buffer, callback: (err: Error, resp: Buffer) => void) => void,
[7m   [0m [91m                    ~[0m
[96mnode_modules/@types/node/https.d.ts[0m:[93m131[0m:[93m117[0m - [91merror[0m[90m TS1109: [0mExpression expected.

[7m131[0m             listener: (sessionId: Buffer, sessionData: Buffer, callback: (err: Error, resp: Buffer) => void) => void,
[7m   [0m [91m                                                                                                                    ~[0m
[96mnode_modules/@types/node/https.d.ts[0m:[93m132[0m:[93m10[0m - [91merror[0m[90m TS1005: [0m';' expected.

[7m132[0m         ): this;
[7m   [0m [91m         ~[0m
[96mnode_modules/@types/node/https.d.ts[0m:[93m132[0m:[93m12[0m - [91merror[0m[90m TS2331: [0m'this' cannot be referenced in a module or namespace body.

[7m132[0m         ): this;
[7m   [0m [91m           ~~~~[0m
[96mnode_modules/@types/node/https.d.ts[0m:[93m133[0m:[93m9[0m - [91merror[0m[90m TS2304: [0mCannot find name 'on'.

[7m133[0m         on(
[7m   [0m [91m        ~~[0m
[96mnode_modules/@types/node/https.d.ts[0m:[93m134[0m:[93m18[0m - [91merror[0m[90m TS1005: [0m',' expected.

[7m134[0m             event: "OCSPRequest",
[7m   [0m [91m                 ~[0m
[96mnode_modules/@types/node/https.d.ts[0m:[93m135[0m:[93m13[0m - [91merror[0m[90m TS2304: [0mCannot find name 'listener'.

[7m135[0m             listener: (
[7m   [0m [91m            ~~~~~~~~[0m
[96mnode_modules/@types/node/https.d.ts[0m:[93m135[0m:[93m21[0m - [91merror[0m[90m TS1005: [0m',' expected.

[7m135[0m             listener: (
[7m   [0m [91m                    ~[0m
[96mnode_modules/@types/node/https.d.ts[0m:[93m139[0m:[93m22[0m - [91merror[0m[90m TS1109: [0mExpression expected.

[7m139[0m             ) => void,
[7m   [0m [91m                     ~[0m
[96mnode_modules/@types/node/https.d.ts[0m:[93m140[0m:[93m10[0m - [91merror[0m[90m TS1005: [0m';' expected.

[7m140[0m         ): this;
[7m   [0m [91m         ~[0m
[96mnode_modules/@types/node/https.d.ts[0m:[93m140[0m:[93m12[0m - [91merror[0m[90m TS2331: [0m'this' cannot be referenced in a module or namespace body.

[7m140[0m         ): this;
[7m   [0m [91m           ~~~~[0m
[96mnode_modules/@types/node/https.d.ts[0m:[93m141[0m:[93m9[0m - [91merror[0m[90m TS2304: [0mCannot find name 'on'.

[7m141[0m         on(
[7m   [0m [91m        ~~[0m
[96mnode_modules/@types/node/https.d.ts[0m:[93m142[0m:[93m18[0m - [91merror[0m[90m TS1005: [0m',' expected.

[7m142[0m             event: "resumeSession",
[7m   [0m [91m                 ~[0m
[96mnode_modules/@types/node/https.d.ts[0m:[93m143[0m:[93m13[0m - [91merror[0m[90m TS2304: [0mCannot find name 'listener'.

[7m143[0m             listener: (sessionId: Buffer, callback: (err: Error, sessionData: Buffer) => void) => void,
[7m   [0m [91m            ~~~~~~~~[0m
[96mnode_modules/@types/node/https.d.ts[0m:[93m143[0m:[93m21[0m - [91merror[0m[90m TS1005: [0m',' expected.

[7m143[0m             listener: (sessionId: Buffer, callback: (err: Error, sessionData: Buffer) => void) => void,
[7m   [0m [91m                    ~[0m
[96mnode_modules/@types/node/https.d.ts[0m:[93m143[0m:[93m103[0m - [91merror[0m[90m TS1109: [0mExpression expected.

[7m143[0m             listener: (sessionId: Buffer, callback: (err: Error, sessionData: Buffer) => void) => void,
[7m   [0m [91m                                                                                                      ~[0m
[96mnode_modules/@types/node/https.d.ts[0m:[93m144[0m:[93m10[0m - [91merror[0m[90m TS1005: [0m';' expected.

[7m144[0m         ): this;
[7m   [0m [91m         ~[0m
[96mnode_modules/@types/node/https.d.ts[0m:[93m144[0m:[93m12[0m - [91merror[0m[90m TS2331: [0m'this' cannot be referenced in a module or namespace body.

[7m144[0m         ): this;
[7m   [0m [91m           ~~~~[0m
[96mnode_modules/@types/node/https.d.ts[0m:[93m145[0m:[93m9[0m - [91merror[0m[90m TS2304: [0mCannot find name 'on'.

[7m145[0m         on(event: "secureConnection", listener: (tlsSocket: tls.TLSSocket) => void): this;
[7m   [0m [91m        ~~[0m
[96mnode_modules/@types/node/https.d.ts[0m:[93m145[0m:[93m17[0m - [91merror[0m[90m TS1005: [0m',' expected.

[7m145[0m         on(event: "secureConnection", listener: (tlsSocket: tls.TLSSocket) => void): this;
[7m   [0m [91m                ~[0m
[96mnode_modules/@types/node/https.d.ts[0m:[93m145[0m:[93m39[0m - [91merror[0m[90m TS2304: [0mCannot find name 'listener'.

[7m145[0m         on(event: "secureConnection", listener: (tlsSocket: tls.TLSSocket) => void): this;
[7m   [0m [91m                                      ~~~~~~~~[0m
[96mnode_modules/@types/node/https.d.ts[0m:[93m145[0m:[93m47[0m - [91merror[0m[90m TS1005: [0m',' expected.

[7m145[0m         on(event: "secureConnection", listener: (tlsSocket: tls.TLSSocket) => void): this;
[7m   [0m [91m                                              ~[0m
[96mnode_modules/@types/node/https.d.ts[0m:[93m145[0m:[93m83[0m - [91merror[0m[90m TS1109: [0mExpression expected.

[7m145[0m         on(event: "secureConnection", listener: (tlsSocket: tls.TLSSocket) => void): this;
[7m   [0m [91m                                                                                  ~[0m
[96mnode_modules/@types/node/https.d.ts[0m:[93m145[0m:[93m84[0m - [91merror[0m[90m TS1005: [0m';' expected.

[7m145[0m         on(event: "secureConnection", listener: (tlsSocket: tls.TLSSocket) => void): this;
[7m   [0m [91m                                                                                   ~[0m
[96mnode_modules/@types/node/https.d.ts[0m:[93m145[0m:[93m86[0m - [91merror[0m[90m TS2331: [0m'this' cannot be referenced in a module or namespace body.

[7m145[0m         on(event: "secureConnection", listener: (tlsSocket: tls.TLSSocket) => void): this;
[7m   [0m [91m                                                                                     ~~~~[0m
[96mnode_modules/@types/node/https.d.ts[0m:[93m146[0m:[93m9[0m - [91merror[0m[90m TS2304: [0mCannot find name 'on'.

[7m146[0m         on(event: "tlsClientError", listener: (err: Error, tlsSocket: tls.TLSSocket) => void): this;
[7m   [0m [91m        ~~[0m
[96mnode_modules/@types/node/https.d.ts[0m:[93m146[0m:[93m17[0m - [91merror[0m[90m TS1005: [0m',' expected.

[7m146[0m         on(event: "tlsClientError", listener: (err: Error, tlsSocket: tls.TLSSocket) => void): this;
[7m   [0m [91m                ~[0m
[96mnode_modules/@types/node/https.d.ts[0m:[93m146[0m:[93m37[0m - [91merror[0m[90m TS2304: [0mCannot find name 'listener'.

[7m146[0m         on(event: "tlsClientError", listener: (err: Error, tlsSocket: tls.TLSSocket) => void): this;
[7m   [0m [91m                                    ~~~~~~~~[0m
[96mnode_modules/@types/node/https.d.ts[0m:[93m146[0m:[93m45[0m - [91merror[0m[90m TS1005: [0m',' expected.

[7m146[0m         on(event: "tlsClientError", listener: (err: Error, tlsSocket: tls.TLSSocket) => void): this;
[7m   [0m [91m                                            ~[0m
[96mnode_modules/@types/node/https.d.ts[0m:[93m146[0m:[93m93[0m - [91merror[0m[90m TS1109: [0mExpression expected.

[7m146[0m         on(event: "tlsClientError", listener: (err: Error, tlsSocket: tls.TLSSocket) => void): this;
[7m   [0m [91m                                                                                            ~[0m
[96mnode_modules/@types/node/https.d.ts[0m:[93m146[0m:[93m94[0m - [91merror[0m[90m TS1005: [0m';' expected.

[7m146[0m         on(event: "tlsClientError", listener: (err: Error, tlsSocket: tls.TLSSocket) => void): this;
[7m   [0m [91m                                                                                             ~[0m
[96mnode_modules/@types/node/https.d.ts[0m:[93m146[0m:[93m96[0m - [91merror[0m[90m TS2331: [0m'this' cannot be referenced in a module or namespace body.

[7m146[0m         on(event: "tlsClientError", listener: (err: Error, tlsSocket: tls.TLSSocket) => void): this;
[7m   [0m [91m                                                                                               ~~~~[0m
[96mnode_modules/@types/node/https.d.ts[0m:[93m147[0m:[93m9[0m - [91merror[0m[90m TS2304: [0mCannot find name 'on'.

[7m147[0m         on(event: "close", listener: () => void): this;
[7m   [0m [91m        ~~[0m
[96mnode_modules/@types/node/https.d.ts[0m:[93m147[0m:[93m17[0m - [91merror[0m[90m TS1005: [0m',' expected.

[7m147[0m         on(event: "close", listener: () => void): this;
[7m   [0m [91m                ~[0m
[96mnode_modules/@types/node/https.d.ts[0m:[93m147[0m:[93m28[0m - [91merror[0m[90m TS2304: [0mCannot find name 'listener'.

[7m147[0m         on(event: "close", listener: () => void): this;
[7m   [0m [91m                           ~~~~~~~~[0m
[96mnode_modules/@types/node/https.d.ts[0m:[93m147[0m:[93m36[0m - [91merror[0m[90m TS1005: [0m',' expected.

[7m147[0m         on(event: "close", listener: () => void): this;
[7m   [0m [91m                                   ~[0m
[96mnode_modules/@types/node/https.d.ts[0m:[93m147[0m:[93m48[0m - [91merror[0m[90m TS1109: [0mExpression expected.

[7m147[0m         on(event: "close", listener: () => void): this;
[7m   [0m [91m                                               ~[0m
[96mnode_modules/@types/node/https.d.ts[0m:[93m147[0m:[93m49[0m - [91merror[0m[90m TS1005: [0m';' expected.

[7m147[0m         on(event: "close", listener: () => void): this;
[7m   [0m [91m                                                ~[0m
[96mnode_modules/@types/node/https.d.ts[0m:[93m147[0m:[93m51[0m - [91merror[0m[90m TS2331: [0m'this' cannot be referenced in a module or namespace body.

[7m147[0m         on(event: "close", listener: () => void): this;
[7m   [0m [91m                                                  ~~~~[0m
[96mnode_modules/@types/node/https.d.ts[0m:[93m148[0m:[93m9[0m - [91merror[0m[90m TS2304: [0mCannot find name 'on'.

[7m148[0m         on(event: "connection", listener: (socket: Duplex) => void): this;
[7m   [0m [91m        ~~[0m
[96mnode_modules/@types/node/https.d.ts[0m:[93m148[0m:[93m17[0m - [91merror[0m[90m TS1005: [0m',' expected.

[7m148[0m         on(event: "connection", listener: (socket: Duplex) => void): this;
[7m   [0m [91m                ~[0m
[96mnode_modules/@types/node/https.d.ts[0m:[93m148[0m:[93m33[0m - [91merror[0m[90m TS2304: [0mCannot find name 'listener'.

[7m148[0m         on(event: "connection", listener: (socket: Duplex) => void): this;
[7m   [0m [91m                                ~~~~~~~~[0m
[96mnode_modules/@types/node/https.d.ts[0m:[93m148[0m:[93m41[0m - [91merror[0m[90m TS1005: [0m',' expected.

[7m148[0m         on(event: "connection", listener: (socket: Duplex) => void): this;
[7m   [0m [91m                                        ~[0m
[96mnode_modules/@types/node/https.d.ts[0m:[93m148[0m:[93m67[0m - [91merror[0m[90m TS1109: [0mExpression expected.

[7m148[0m         on(event: "connection", listener: (socket: Duplex) => void): this;
[7m   [0m [91m                                                                  ~[0m
[96mnode_modules/@types/node/https.d.ts[0m:[93m148[0m:[93m68[0m - [91merror[0m[90m TS1005: [0m';' expected.

[7m148[0m         on(event: "connection", listener: (socket: Duplex) => void): this;
[7m   [0m [91m                                                                   ~[0m
[96mnode_modules/@types/node/https.d.ts[0m:[93m148[0m:[93m70[0m - [91merror[0m[90m TS2331: [0m'this' cannot be referenced in a module or namespace body.

[7m148[0m         on(event: "connection", listener: (socket: Duplex) => void): this;
[7m   [0m [91m                                                                     ~~~~[0m
[96mnode_modules/@types/node/https.d.ts[0m:[93m149[0m:[93m9[0m - [91merror[0m[90m TS2304: [0mCannot find name 'on'.

[7m149[0m         on(event: "error", listener: (err: Error) => void): this;
[7m   [0m [91m        ~~[0m
[96mnode_modules/@types/node/https.d.ts[0m:[93m149[0m:[93m17[0m - [91merror[0m[90m TS1005: [0m',' expected.

[7m149[0m         on(event: "error", listener: (err: Error) => void): this;
[7m   [0m [91m                ~[0m
[96mnode_modules/@types/node/https.d.ts[0m:[93m149[0m:[93m28[0m - [91merror[0m[90m TS2304: [0mCannot find name 'listener'.

[7m149[0m         on(event: "error", listener: (err: Error) => void): this;
[7m   [0m [91m                           ~~~~~~~~[0m
[96mnode_modules/@types/node/https.d.ts[0m:[93m149[0m:[93m36[0m - [91merror[0m[90m TS1005: [0m',' expected.

[7m149[0m         on(event: "error", listener: (err: Error) => void): this;
[7m   [0m [91m                                   ~[0m
[96mnode_modules/@types/node/https.d.ts[0m:[93m149[0m:[93m58[0m - [91merror[0m[90m TS1109: [0mExpression expected.

[7m149[0m         on(event: "error", listener: (err: Error) => void): this;
[7m   [0m [91m                                                         ~[0m
[96mnode_modules/@types/node/https.d.ts[0m:[93m149[0m:[93m59[0m - [91merror[0m[90m TS1005: [0m';' expected.

[7m149[0m         on(event: "error", listener: (err: Error) => void): this;
[7m   [0m [91m                                                          ~[0m
[96mnode_modules/@types/node/https.d.ts[0m:[93m149[0m:[93m61[0m - [91merror[0m[90m TS2331: [0m'this' cannot be referenced in a module or namespace body.

[7m149[0m         on(event: "error", listener: (err: Error) => void): this;
[7m   [0m [91m                                                            ~~~~[0m
[96mnode_modules/@types/node/https.d.ts[0m:[93m150[0m:[93m9[0m - [91merror[0m[90m TS2304: [0mCannot find name 'on'.

[7m150[0m         on(event: "listening", listener: () => void): this;
[7m   [0m [91m        ~~[0m
[96mnode_modules/@types/node/https.d.ts[0m:[93m150[0m:[93m17[0m - [91merror[0m[90m TS1005: [0m',' expected.

[7m150[0m         on(event: "listening", listener: () => void): this;
[7m   [0m [91m                ~[0m
[96mnode_modules/@types/node/https.d.ts[0m:[93m150[0m:[93m32[0m - [91merror[0m[90m TS2304: [0mCannot find name 'listener'.

[7m150[0m         on(event: "listening", listener: () => void): this;
[7m   [0m [91m                               ~~~~~~~~[0m
[96mnode_modules/@types/node/https.d.ts[0m:[93m150[0m:[93m40[0m - [91merror[0m[90m TS1005: [0m',' expected.

[7m150[0m         on(event: "listening", listener: () => void): this;
[7m   [0m [91m                                       ~[0m
[96mnode_modules/@types/node/https.d.ts[0m:[93m150[0m:[93m52[0m - [91merror[0m[90m TS1109: [0mExpression expected.

[7m150[0m         on(event: "listening", listener: () => void): this;
[7m   [0m [91m                                                   ~[0m
[96mnode_modules/@types/node/https.d.ts[0m:[93m150[0m:[93m53[0m - [91merror[0m[90m TS1005: [0m';' expected.

[7m150[0m         on(event: "listening", listener: () => void): this;
[7m   [0m [91m                                                    ~[0m
[96mnode_modules/@types/node/https.d.ts[0m:[93m150[0m:[93m55[0m - [91merror[0m[90m TS2331: [0m'this' cannot be referenced in a module or namespace body.

[7m150[0m         on(event: "listening", listener: () => void): this;
[7m   [0m [91m                                                      ~~~~[0m
[96mnode_modules/@types/node/https.d.ts[0m:[93m151[0m:[93m9[0m - [91merror[0m[90m TS2304: [0mCannot find name 'on'.

[7m151[0m         on(event: "checkContinue", listener: http.RequestListener<Request, Response>): this;
[7m   [0m [91m        ~~[0m
[96mnode_modules/@types/node/https.d.ts[0m:[93m151[0m:[93m17[0m - [91merror[0m[90m TS1005: [0m',' expected.

[7m151[0m         on(event: "checkContinue", listener: http.RequestListener<Request, Response>): this;
[7m   [0m [91m                ~[0m
[96mnode_modules/@types/node/https.d.ts[0m:[93m151[0m:[93m36[0m - [91merror[0m[90m TS2304: [0mCannot find name 'listener'.

[7m151[0m         on(event: "checkContinue", listener: http.RequestListener<Request, Response>): this;
[7m   [0m [91m                                   ~~~~~~~~[0m
[96mnode_modules/@types/node/https.d.ts[0m:[93m151[0m:[93m44[0m - [91merror[0m[90m TS1005: [0m',' expected.

[7m151[0m         on(event: "checkContinue", listener: http.RequestListener<Request, Response>): this;
[7m   [0m [91m                                           ~[0m
[96mnode_modules/@types/node/https.d.ts[0m:[93m151[0m:[93m51[0m - [91merror[0m[90m TS2339: [0mProperty 'RequestListener' does not exist on type 'typeof import("node:http")'.

[7m151[0m         on(event: "checkContinue", listener: http.RequestListener<Request, Response>): this;
[7m   [0m [91m                                                  ~~~~~~~~~~~~~~~[0m
[96mnode_modules/@types/node/https.d.ts[0m:[93m151[0m:[93m85[0m - [91merror[0m[90m TS1005: [0m'(' expected.

[7m151[0m         on(event: "checkContinue", listener: http.RequestListener<Request, Response>): this;
[7m   [0m [91m                                                                                    ~[0m
[96mnode_modules/@types/node/https.d.ts[0m:[93m151[0m:[93m86[0m - [91merror[0m[90m TS1005: [0m',' expected.

[7m151[0m         on(event: "checkContinue", listener: http.RequestListener<Request, Response>): this;
[7m   [0m [91m                                                                                     ~[0m
[96mnode_modules/@types/node/https.d.ts[0m:[93m151[0m:[93m88[0m - [91merror[0m[90m TS2331: [0m'this' cannot be referenced in a module or namespace body.

[7m151[0m         on(event: "checkContinue", listener: http.RequestListener<Request, Response>): this;
[7m   [0m [91m                                                                                       ~~~~[0m
[96mnode_modules/@types/node/https.d.ts[0m:[93m151[0m:[93m92[0m - [91merror[0m[90m TS1005: [0m')' expected.

[7m151[0m         on(event: "checkContinue", listener: http.RequestListener<Request, Response>): this;
[7m   [0m [91m                                                                                           ~[0m
[96mnode_modules/@types/node/https.d.ts[0m:[93m152[0m:[93m9[0m - [91merror[0m[90m TS2304: [0mCannot find name 'on'.

[7m152[0m         on(event: "checkExpectation", listener: http.RequestListener<Request, Response>): this;
[7m   [0m [91m        ~~[0m
[96mnode_modules/@types/node/https.d.ts[0m:[93m152[0m:[93m17[0m - [91merror[0m[90m TS1005: [0m',' expected.

[7m152[0m         on(event: "checkExpectation", listener: http.RequestListener<Request, Response>): this;
[7m   [0m [91m                ~[0m
[96mnode_modules/@types/node/https.d.ts[0m:[93m152[0m:[93m39[0m - [91merror[0m[90m TS2304: [0mCannot find name 'listener'.

[7m152[0m         on(event: "checkExpectation", listener: http.RequestListener<Request, Response>): this;
[7m   [0m [91m                                      ~~~~~~~~[0m
[96mnode_modules/@types/node/https.d.ts[0m:[93m152[0m:[93m47[0m - [91merror[0m[90m TS1005: [0m',' expected.

[7m152[0m         on(event: "checkExpectation", listener: http.RequestListener<Request, Response>): this;
[7m   [0m [91m                                              ~[0m
[96mnode_modules/@types/node/https.d.ts[0m:[93m152[0m:[93m54[0m - [91merror[0m[90m TS2339: [0mProperty 'RequestListener' does not exist on type 'typeof import("node:http")'.

[7m152[0m         on(event: "checkExpectation", listener: http.RequestListener<Request, Response>): this;
[7m   [0m [91m                                                     ~~~~~~~~~~~~~~~[0m
[96mnode_modules/@types/node/https.d.ts[0m:[93m152[0m:[93m88[0m - [91merror[0m[90m TS1005: [0m'(' expected.

[7m152[0m         on(event: "checkExpectation", listener: http.RequestListener<Request, Response>): this;
[7m   [0m [91m                                                                                       ~[0m
[96mnode_modules/@types/node/https.d.ts[0m:[93m152[0m:[93m89[0m - [91merror[0m[90m TS1005: [0m',' expected.

[7m152[0m         on(event: "checkExpectation", listener: http.RequestListener<Request, Response>): this;
[7m   [0m [91m                                                                                        ~[0m
[96mnode_modules/@types/node/https.d.ts[0m:[93m152[0m:[93m91[0m - [91merror[0m[90m TS2331: [0m'this' cannot be referenced in a module or namespace body.

[7m152[0m         on(event: "checkExpectation", listener: http.RequestListener<Request, Response>): this;
[7m   [0m [91m                                                                                          ~~~~[0m
[96mnode_modules/@types/node/https.d.ts[0m:[93m152[0m:[93m95[0m - [91merror[0m[90m TS1005: [0m')' expected.

[7m152[0m         on(event: "checkExpectation", listener: http.RequestListener<Request, Response>): this;
[7m   [0m [91m                                                                                              ~[0m
[96mnode_modules/@types/node/https.d.ts[0m:[93m153[0m:[93m9[0m - [91merror[0m[90m TS2304: [0mCannot find name 'on'.

[7m153[0m         on(event: "clientError", listener: (err: Error, socket: Duplex) => void): this;
[7m   [0m [91m        ~~[0m
[96mnode_modules/@types/node/https.d.ts[0m:[93m153[0m:[93m17[0m - [91merror[0m[90m TS1005: [0m',' expected.

[7m153[0m         on(event: "clientError", listener: (err: Error, socket: Duplex) => void): this;
[7m   [0m [91m                ~[0m
[96mnode_modules/@types/node/https.d.ts[0m:[93m153[0m:[93m34[0m - [91merror[0m[90m TS2304: [0mCannot find name 'listener'.

[7m153[0m         on(event: "clientError", listener: (err: Error, socket: Duplex) => void): this;
[7m   [0m [91m                                 ~~~~~~~~[0m
[96mnode_modules/@types/node/https.d.ts[0m:[93m153[0m:[93m42[0m - [91merror[0m[90m TS1005: [0m',' expected.

[7m153[0m         on(event: "clientError", listener: (err: Error, socket: Duplex) => void): this;
[7m   [0m [91m                                         ~[0m
[96mnode_modules/@types/node/https.d.ts[0m:[93m153[0m:[93m80[0m - [91merror[0m[90m TS1109: [0mExpression expected.

[7m153[0m         on(event: "clientError", listener: (err: Error, socket: Duplex) => void): this;
[7m   [0m [91m                                                                               ~[0m
[96mnode_modules/@types/node/https.d.ts[0m:[93m153[0m:[93m81[0m - [91merror[0m[90m TS1005: [0m';' expected.

[7m153[0m         on(event: "clientError", listener: (err: Error, socket: Duplex) => void): this;
[7m   [0m [91m                                                                                ~[0m
[96mnode_modules/@types/node/https.d.ts[0m:[93m153[0m:[93m83[0m - [91merror[0m[90m TS2331: [0m'this' cannot be referenced in a module or namespace body.

[7m153[0m         on(event: "clientError", listener: (err: Error, socket: Duplex) => void): this;
[7m   [0m [91m                                                                                  ~~~~[0m
[96mnode_modules/@types/node/https.d.ts[0m:[93m154[0m:[93m9[0m - [91merror[0m[90m TS2304: [0mCannot find name 'on'.

[7m154[0m         on(event: "connect", listener: (req: InstanceType<Request>, socket: Duplex, head: Buffer) => void): this;
[7m   [0m [91m        ~~[0m
[96mnode_modules/@types/node/https.d.ts[0m:[93m154[0m:[93m17[0m - [91merror[0m[90m TS1005: [0m',' expected.

[7m154[0m         on(event: "connect", listener: (req: InstanceType<Request>, socket: Duplex, head: Buffer) => void): this;
[7m   [0m [91m                ~[0m
[96mnode_modules/@types/node/https.d.ts[0m:[93m154[0m:[93m30[0m - [91merror[0m[90m TS2304: [0mCannot find name 'listener'.

[7m154[0m         on(event: "connect", listener: (req: InstanceType<Request>, socket: Duplex, head: Buffer) => void): this;
[7m   [0m [91m                             ~~~~~~~~[0m
[96mnode_modules/@types/node/https.d.ts[0m:[93m154[0m:[93m38[0m - [91merror[0m[90m TS1005: [0m',' expected.

[7m154[0m         on(event: "connect", listener: (req: InstanceType<Request>, socket: Duplex, head: Buffer) => void): this;
[7m   [0m [91m                                     ~[0m
[96mnode_modules/@types/node/https.d.ts[0m:[93m154[0m:[93m59[0m - [91merror[0m[90m TS2344: [0mType 'Request' does not satisfy the constraint 'new (...args: any) => any'.

[7m154[0m         on(event: "connect", listener: (req: InstanceType<Request>, socket: Duplex, head: Buffer) => void): this;
[7m   [0m [91m                                                          ~~~~~~~[0m
[96mnode_modules/@types/node/https.d.ts[0m:[93m154[0m:[93m106[0m - [91merror[0m[90m TS1109: [0mExpression expected.

[7m154[0m         on(event: "connect", listener: (req: InstanceType<Request>, socket: Duplex, head: Buffer) => void): this;
[7m   [0m [91m                                                                                                         ~[0m
[96mnode_modules/@types/node/https.d.ts[0m:[93m154[0m:[93m107[0m - [91merror[0m[90m TS1005: [0m';' expected.

[7m154[0m         on(event: "connect", listener: (req: InstanceType<Request>, socket: Duplex, head: Buffer) => void): this;
[7m   [0m [91m                                                                                                          ~[0m
[96mnode_modules/@types/node/https.d.ts[0m:[93m154[0m:[93m109[0m - [91merror[0m[90m TS2331: [0m'this' cannot be referenced in a module or namespace body.

[7m154[0m         on(event: "connect", listener: (req: InstanceType<Request>, socket: Duplex, head: Buffer) => void): this;
[7m   [0m [91m                                                                                                            ~~~~[0m
[96mnode_modules/@types/node/https.d.ts[0m:[93m155[0m:[93m9[0m - [91merror[0m[90m TS2304: [0mCannot find name 'on'.

[7m155[0m         on(event: "request", listener: http.RequestListener<Request, Response>): this;
[7m   [0m [91m        ~~[0m
[96mnode_modules/@types/node/https.d.ts[0m:[93m155[0m:[93m17[0m - [91merror[0m[90m TS1005: [0m',' expected.

[7m155[0m         on(event: "request", listener: http.RequestListener<Request, Response>): this;
[7m   [0m [91m                ~[0m
[96mnode_modules/@types/node/https.d.ts[0m:[93m155[0m:[93m30[0m - [91merror[0m[90m TS2304: [0mCannot find name 'listener'.

[7m155[0m         on(event: "request", listener: http.RequestListener<Request, Response>): this;
[7m   [0m [91m                             ~~~~~~~~[0m
[96mnode_modules/@types/node/https.d.ts[0m:[93m155[0m:[93m38[0m - [91merror[0m[90m TS1005: [0m',' expected.

[7m155[0m         on(event: "request", listener: http.RequestListener<Request, Response>): this;
[7m   [0m [91m                                     ~[0m
[96mnode_modules/@types/node/https.d.ts[0m:[93m155[0m:[93m45[0m - [91merror[0m[90m TS2339: [0mProperty 'RequestListener' does not exist on type 'typeof import("node:http")'.

[7m155[0m         on(event: "request", listener: http.RequestListener<Request, Response>): this;
[7m   [0m [91m                                            ~~~~~~~~~~~~~~~[0m
[96mnode_modules/@types/node/https.d.ts[0m:[93m155[0m:[93m79[0m - [91merror[0m[90m TS1005: [0m'(' expected.

[7m155[0m         on(event: "request", listener: http.RequestListener<Request, Response>): this;
[7m   [0m [91m                                                                              ~[0m
[96mnode_modules/@types/node/https.d.ts[0m:[93m155[0m:[93m80[0m - [91merror[0m[90m TS1005: [0m',' expected.

[7m155[0m         on(event: "request", listener: http.RequestListener<Request, Response>): this;
[7m   [0m [91m                                                                               ~[0m
[96mnode_modules/@types/node/https.d.ts[0m:[93m155[0m:[93m82[0m - [91merror[0m[90m TS2331: [0m'this' cannot be referenced in a module or namespace body.

[7m155[0m         on(event: "request", listener: http.RequestListener<Request, Response>): this;
[7m   [0m [91m                                                                                 ~~~~[0m
[96mnode_modules/@types/node/https.d.ts[0m:[93m155[0m:[93m86[0m - [91merror[0m[90m TS1005: [0m')' expected.

[7m155[0m         on(event: "request", listener: http.RequestListener<Request, Response>): this;
[7m   [0m [91m                                                                                     ~[0m
[96mnode_modules/@types/node/https.d.ts[0m:[93m156[0m:[93m9[0m - [91merror[0m[90m TS2304: [0mCannot find name 'on'.

[7m156[0m         on(event: "upgrade", listener: (req: InstanceType<Request>, socket: Duplex, head: Buffer) => void): this;
[7m   [0m [91m        ~~[0m
[96mnode_modules/@types/node/https.d.ts[0m:[93m156[0m:[93m17[0m - [91merror[0m[90m TS1005: [0m',' expected.

[7m156[0m         on(event: "upgrade", listener: (req: InstanceType<Request>, socket: Duplex, head: Buffer) => void): this;
[7m   [0m [91m                ~[0m
[96mnode_modules/@types/node/https.d.ts[0m:[93m156[0m:[93m30[0m - [91merror[0m[90m TS2304: [0mCannot find name 'listener'.

[7m156[0m         on(event: "upgrade", listener: (req: InstanceType<Request>, socket: Duplex, head: Buffer) => void): this;
[7m   [0m [91m                             ~~~~~~~~[0m
[96mnode_modules/@types/node/https.d.ts[0m:[93m156[0m:[93m38[0m - [91merror[0m[90m TS1005: [0m',' expected.

[7m156[0m         on(event: "upgrade", listener: (req: InstanceType<Request>, socket: Duplex, head: Buffer) => void): this;
[7m   [0m [91m                                     ~[0m
[96mnode_modules/@types/node/https.d.ts[0m:[93m156[0m:[93m59[0m - [91merror[0m[90m TS2344: [0mType 'Request' does not satisfy the constraint 'new (...args: any) => any'.

[7m156[0m         on(event: "upgrade", listener: (req: InstanceType<Request>, socket: Duplex, head: Buffer) => void): this;
[7m   [0m [91m                                                          ~~~~~~~[0m
[96mnode_modules/@types/node/https.d.ts[0m:[93m156[0m:[93m106[0m - [91merror[0m[90m TS1109: [0mExpression expected.

[7m156[0m         on(event: "upgrade", listener: (req: InstanceType<Request>, socket: Duplex, head: Buffer) => void): this;
[7m   [0m [91m                                                                                                         ~[0m
[96mnode_modules/@types/node/https.d.ts[0m:[93m156[0m:[93m107[0m - [91merror[0m[90m TS1005: [0m';' expected.

[7m156[0m         on(event: "upgrade", listener: (req: InstanceType<Request>, socket: Duplex, head: Buffer) => void): this;
[7m   [0m [91m                                                                                                          ~[0m
[96mnode_modules/@types/node/https.d.ts[0m:[93m156[0m:[93m109[0m - [91merror[0m[90m TS2331: [0m'this' cannot be referenced in a module or namespace body.

[7m156[0m         on(event: "upgrade", listener: (req: InstanceType<Request>, socket: Duplex, head: Buffer) => void): this;
[7m   [0m [91m                                                                                                            ~~~~[0m
[96mnode_modules/@types/node/https.d.ts[0m:[93m157[0m:[93m9[0m - [91merror[0m[90m TS2304: [0mCannot find name 'once'.

[7m157[0m         once(event: string, listener: (...args: any[]) => void): this;
[7m   [0m [91m        ~~~~[0m
[96mnode_modules/@types/node/https.d.ts[0m:[93m157[0m:[93m19[0m - [91merror[0m[90m TS1005: [0m',' expected.

[7m157[0m         once(event: string, listener: (...args: any[]) => void): this;
[7m   [0m [91m                  ~[0m
[96mnode_modules/@types/node/https.d.ts[0m:[93m157[0m:[93m21[0m - [91merror[0m[90m TS2693: [0m'string' only refers to a type, but is being used as a value here.

[7m157[0m         once(event: string, listener: (...args: any[]) => void): this;
[7m   [0m [91m                    ~~~~~~[0m
[96mnode_modules/@types/node/https.d.ts[0m:[93m157[0m:[93m29[0m - [91merror[0m[90m TS2304: [0mCannot find name 'listener'.

[7m157[0m         once(event: string, listener: (...args: any[]) => void): this;
[7m   [0m [91m                            ~~~~~~~~[0m
[96mnode_modules/@types/node/https.d.ts[0m:[93m157[0m:[93m37[0m - [91merror[0m[90m TS1005: [0m',' expected.

[7m157[0m         once(event: string, listener: (...args: any[]) => void): this;
[7m   [0m [91m                                    ~[0m
[96mnode_modules/@types/node/https.d.ts[0m:[93m157[0m:[93m63[0m - [91merror[0m[90m TS1109: [0mExpression expected.

[7m157[0m         once(event: string, listener: (...args: any[]) => void): this;
[7m   [0m [91m                                                              ~[0m
[96mnode_modules/@types/node/https.d.ts[0m:[93m157[0m:[93m64[0m - [91merror[0m[90m TS1005: [0m';' expected.

[7m157[0m         once(event: string, listener: (...args: any[]) => void): this;
[7m   [0m [91m                                                               ~[0m
[96mnode_modules/@types/node/https.d.ts[0m:[93m157[0m:[93m66[0m - [91merror[0m[90m TS2331: [0m'this' cannot be referenced in a module or namespace body.

[7m157[0m         once(event: string, listener: (...args: any[]) => void): this;
[7m   [0m [91m                                                                 ~~~~[0m
[96mnode_modules/@types/node/https.d.ts[0m:[93m158[0m:[93m9[0m - [91merror[0m[90m TS2304: [0mCannot find name 'once'.

[7m158[0m         once(event: "keylog", listener: (line: Buffer, tlsSocket: tls.TLSSocket) => void): this;
[7m   [0m [91m        ~~~~[0m
[96mnode_modules/@types/node/https.d.ts[0m:[93m158[0m:[93m19[0m - [91merror[0m[90m TS1005: [0m',' expected.

[7m158[0m         once(event: "keylog", listener: (line: Buffer, tlsSocket: tls.TLSSocket) => void): this;
[7m   [0m [91m                  ~[0m
[96mnode_modules/@types/node/https.d.ts[0m:[93m158[0m:[93m31[0m - [91merror[0m[90m TS2304: [0mCannot find name 'listener'.

[7m158[0m         once(event: "keylog", listener: (line: Buffer, tlsSocket: tls.TLSSocket) => void): this;
[7m   [0m [91m                              ~~~~~~~~[0m
[96mnode_modules/@types/node/https.d.ts[0m:[93m158[0m:[93m39[0m - [91merror[0m[90m TS1005: [0m',' expected.

[7m158[0m         once(event: "keylog", listener: (line: Buffer, tlsSocket: tls.TLSSocket) => void): this;
[7m   [0m [91m                                      ~[0m
[96mnode_modules/@types/node/https.d.ts[0m:[93m158[0m:[93m89[0m - [91merror[0m[90m TS1109: [0mExpression expected.

[7m158[0m         once(event: "keylog", listener: (line: Buffer, tlsSocket: tls.TLSSocket) => void): this;
[7m   [0m [91m                                                                                        ~[0m
[96mnode_modules/@types/node/https.d.ts[0m:[93m158[0m:[93m90[0m - [91merror[0m[90m TS1005: [0m';' expected.

[7m158[0m         once(event: "keylog", listener: (line: Buffer, tlsSocket: tls.TLSSocket) => void): this;
[7m   [0m [91m                                                                                         ~[0m
[96mnode_modules/@types/node/https.d.ts[0m:[93m158[0m:[93m92[0m - [91merror[0m[90m TS2331: [0m'this' cannot be referenced in a module or namespace body.

[7m158[0m         once(event: "keylog", listener: (line: Buffer, tlsSocket: tls.TLSSocket) => void): this;
[7m   [0m [91m                                                                                           ~~~~[0m
[96mnode_modules/@types/node/https.d.ts[0m:[93m159[0m:[93m9[0m - [91merror[0m[90m TS2304: [0mCannot find name 'once'.

[7m159[0m         once(
[7m   [0m [91m        ~~~~[0m
[96mnode_modules/@types/node/https.d.ts[0m:[93m160[0m:[93m18[0m - [91merror[0m[90m TS1005: [0m',' expected.

[7m160[0m             event: "newSession",
[7m   [0m [91m                 ~[0m
[96mnode_modules/@types/node/https.d.ts[0m:[93m161[0m:[93m13[0m - [91merror[0m[90m TS2304: [0mCannot find name 'listener'.

[7m161[0m             listener: (sessionId: Buffer, sessionData: Buffer, callback: (err: Error, resp: Buffer) => void) => void,
[7m   [0m [91m            ~~~~~~~~[0m
[96mnode_modules/@types/node/https.d.ts[0m:[93m161[0m:[93m21[0m - [91merror[0m[90m TS1005: [0m',' expected.

[7m161[0m             listener: (sessionId: Buffer, sessionData: Buffer, callback: (err: Error, resp: Buffer) => void) => void,
[7m   [0m [91m                    ~[0m
[96mnode_modules/@types/node/https.d.ts[0m:[93m161[0m:[93m117[0m - [91merror[0m[90m TS1109: [0mExpression expected.

[7m161[0m             listener: (sessionId: Buffer, sessionData: Buffer, callback: (err: Error, resp: Buffer) => void) => void,
[7m   [0m [91m                                                                                                                    ~[0m
[96mnode_modules/@types/node/https.d.ts[0m:[93m162[0m:[93m10[0m - [91merror[0m[90m TS1005: [0m';' expected.

[7m162[0m         ): this;
[7m   [0m [91m         ~[0m
[96mnode_modules/@types/node/https.d.ts[0m:[93m162[0m:[93m12[0m - [91merror[0m[90m TS2331: [0m'this' cannot be referenced in a module or namespace body.

[7m162[0m         ): this;
[7m   [0m [91m           ~~~~[0m
[96mnode_modules/@types/node/https.d.ts[0m:[93m163[0m:[93m9[0m - [91merror[0m[90m TS2304: [0mCannot find name 'once'.

[7m163[0m         once(
[7m   [0m [91m        ~~~~[0m
[96mnode_modules/@types/node/https.d.ts[0m:[93m164[0m:[93m18[0m - [91merror[0m[90m TS1005: [0m',' expected.

[7m164[0m             event: "OCSPRequest",
[7m   [0m [91m                 ~[0m
[96mnode_modules/@types/node/https.d.ts[0m:[93m165[0m:[93m13[0m - [91merror[0m[90m TS2304: [0mCannot find name 'listener'.

[7m165[0m             listener: (
[7m   [0m [91m            ~~~~~~~~[0m
[96mnode_modules/@types/node/https.d.ts[0m:[93m165[0m:[93m21[0m - [91merror[0m[90m TS1005: [0m',' expected.

[7m165[0m             listener: (
[7m   [0m [91m                    ~[0m
[96mnode_modules/@types/node/https.d.ts[0m:[93m169[0m:[93m22[0m - [91merror[0m[90m TS1109: [0mExpression expected.

[7m169[0m             ) => void,
[7m   [0m [91m                     ~[0m
[96mnode_modules/@types/node/https.d.ts[0m:[93m170[0m:[93m10[0m - [91merror[0m[90m TS1005: [0m';' expected.

[7m170[0m         ): this;
[7m   [0m [91m         ~[0m
[96mnode_modules/@types/node/https.d.ts[0m:[93m170[0m:[93m12[0m - [91merror[0m[90m TS2331: [0m'this' cannot be referenced in a module or namespace body.

[7m170[0m         ): this;
[7m   [0m [91m           ~~~~[0m
[96mnode_modules/@types/node/https.d.ts[0m:[93m171[0m:[93m9[0m - [91merror[0m[90m TS2304: [0mCannot find name 'once'.

[7m171[0m         once(
[7m   [0m [91m        ~~~~[0m
[96mnode_modules/@types/node/https.d.ts[0m:[93m172[0m:[93m18[0m - [91merror[0m[90m TS1005: [0m',' expected.

[7m172[0m             event: "resumeSession",
[7m   [0m [91m                 ~[0m
[96mnode_modules/@types/node/https.d.ts[0m:[93m173[0m:[93m13[0m - [91merror[0m[90m TS2304: [0mCannot find name 'listener'.

[7m173[0m             listener: (sessionId: Buffer, callback: (err: Error, sessionData: Buffer) => void) => void,
[7m   [0m [91m            ~~~~~~~~[0m
[96mnode_modules/@types/node/https.d.ts[0m:[93m173[0m:[93m21[0m - [91merror[0m[90m TS1005: [0m',' expected.

[7m173[0m             listener: (sessionId: Buffer, callback: (err: Error, sessionData: Buffer) => void) => void,
[7m   [0m [91m                    ~[0m
[96mnode_modules/@types/node/https.d.ts[0m:[93m173[0m:[93m103[0m - [91merror[0m[90m TS1109: [0mExpression expected.

[7m173[0m             listener: (sessionId: Buffer, callback: (err: Error, sessionData: Buffer) => void) => void,
[7m   [0m [91m                                                                                                      ~[0m
[96mnode_modules/@types/node/https.d.ts[0m:[93m174[0m:[93m10[0m - [91merror[0m[90m TS1005: [0m';' expected.

[7m174[0m         ): this;
[7m   [0m [91m         ~[0m
[96mnode_modules/@types/node/https.d.ts[0m:[93m174[0m:[93m12[0m - [91merror[0m[90m TS2331: [0m'this' cannot be referenced in a module or namespace body.

[7m174[0m         ): this;
[7m   [0m [91m           ~~~~[0m
[96mnode_modules/@types/node/https.d.ts[0m:[93m175[0m:[93m9[0m - [91merror[0m[90m TS2304: [0mCannot find name 'once'.

[7m175[0m         once(event: "secureConnection", listener: (tlsSocket: tls.TLSSocket) => void): this;
[7m   [0m [91m        ~~~~[0m
[96mnode_modules/@types/node/https.d.ts[0m:[93m175[0m:[93m19[0m - [91merror[0m[90m TS1005: [0m',' expected.

[7m175[0m         once(event: "secureConnection", listener: (tlsSocket: tls.TLSSocket) => void): this;
[7m   [0m [91m                  ~[0m
[96mnode_modules/@types/node/https.d.ts[0m:[93m175[0m:[93m41[0m - [91merror[0m[90m TS2304: [0mCannot find name 'listener'.

[7m175[0m         once(event: "secureConnection", listener: (tlsSocket: tls.TLSSocket) => void): this;
[7m   [0m [91m                                        ~~~~~~~~[0m
[96mnode_modules/@types/node/https.d.ts[0m:[93m175[0m:[93m49[0m - [91merror[0m[90m TS1005: [0m',' expected.

[7m175[0m         once(event: "secureConnection", listener: (tlsSocket: tls.TLSSocket) => void): this;
[7m   [0m [91m                                                ~[0m
[96mnode_modules/@types/node/https.d.ts[0m:[93m175[0m:[93m85[0m - [91merror[0m[90m TS1109: [0mExpression expected.

[7m175[0m         once(event: "secureConnection", listener: (tlsSocket: tls.TLSSocket) => void): this;
[7m   [0m [91m                                                                                    ~[0m
[96mnode_modules/@types/node/https.d.ts[0m:[93m175[0m:[93m86[0m - [91merror[0m[90m TS1005: [0m';' expected.

[7m175[0m         once(event: "secureConnection", listener: (tlsSocket: tls.TLSSocket) => void): this;
[7m   [0m [91m                                                                                     ~[0m
[96mnode_modules/@types/node/https.d.ts[0m:[93m175[0m:[93m88[0m - [91merror[0m[90m TS2331: [0m'this' cannot be referenced in a module or namespace body.

[7m175[0m         once(event: "secureConnection", listener: (tlsSocket: tls.TLSSocket) => void): this;
[7m   [0m [91m                                                                                       ~~~~[0m
[96mnode_modules/@types/node/https.d.ts[0m:[93m176[0m:[93m9[0m - [91merror[0m[90m TS2304: [0mCannot find name 'once'.

[7m176[0m         once(event: "tlsClientError", listener: (err: Error, tlsSocket: tls.TLSSocket) => void): this;
[7m   [0m [91m        ~~~~[0m
[96mnode_modules/@types/node/https.d.ts[0m:[93m176[0m:[93m19[0m - [91merror[0m[90m TS1005: [0m',' expected.

[7m176[0m         once(event: "tlsClientError", listener: (err: Error, tlsSocket: tls.TLSSocket) => void): this;
[7m   [0m [91m                  ~[0m
[96mnode_modules/@types/node/https.d.ts[0m:[93m176[0m:[93m39[0m - [91merror[0m[90m TS2304: [0mCannot find name 'listener'.

[7m176[0m         once(event: "tlsClientError", listener: (err: Error, tlsSocket: tls.TLSSocket) => void): this;
[7m   [0m [91m                                      ~~~~~~~~[0m
[96mnode_modules/@types/node/https.d.ts[0m:[93m176[0m:[93m47[0m - [91merror[0m[90m TS1005: [0m',' expected.

[7m176[0m         once(event: "tlsClientError", listener: (err: Error, tlsSocket: tls.TLSSocket) => void): this;
[7m   [0m [91m                                              ~[0m
[96mnode_modules/@types/node/https.d.ts[0m:[93m176[0m:[93m95[0m - [91merror[0m[90m TS1109: [0mExpression expected.

[7m176[0m         once(event: "tlsClientError", listener: (err: Error, tlsSocket: tls.TLSSocket) => void): this;
[7m   [0m [91m                                                                                              ~[0m
[96mnode_modules/@types/node/https.d.ts[0m:[93m176[0m:[93m96[0m - [91merror[0m[90m TS1005: [0m';' expected.

[7m176[0m         once(event: "tlsClientError", listener: (err: Error, tlsSocket: tls.TLSSocket) => void): this;
[7m   [0m [91m                                                                                               ~[0m
[96mnode_modules/@types/node/https.d.ts[0m:[93m176[0m:[93m98[0m - [91merror[0m[90m TS2331: [0m'this' cannot be referenced in a module or namespace body.

[7m176[0m         once(event: "tlsClientError", listener: (err: Error, tlsSocket: tls.TLSSocket) => void): this;
[7m   [0m [91m                                                                                                 ~~~~[0m
[96mnode_modules/@types/node/https.d.ts[0m:[93m177[0m:[93m9[0m - [91merror[0m[90m TS2304: [0mCannot find name 'once'.

[7m177[0m         once(event: "close", listener: () => void): this;
[7m   [0m [91m        ~~~~[0m
[96mnode_modules/@types/node/https.d.ts[0m:[93m177[0m:[93m19[0m - [91merror[0m[90m TS1005: [0m',' expected.

[7m177[0m         once(event: "close", listener: () => void): this;
[7m   [0m [91m                  ~[0m
[96mnode_modules/@types/node/https.d.ts[0m:[93m177[0m:[93m30[0m - [91merror[0m[90m TS2304: [0mCannot find name 'listener'.

[7m177[0m         once(event: "close", listener: () => void): this;
[7m   [0m [91m                             ~~~~~~~~[0m
[96mnode_modules/@types/node/https.d.ts[0m:[93m177[0m:[93m38[0m - [91merror[0m[90m TS1005: [0m',' expected.

[7m177[0m         once(event: "close", listener: () => void): this;
[7m   [0m [91m                                     ~[0m
[96mnode_modules/@types/node/https.d.ts[0m:[93m177[0m:[93m50[0m - [91merror[0m[90m TS1109: [0mExpression expected.

[7m177[0m         once(event: "close", listener: () => void): this;
[7m   [0m [91m                                                 ~[0m
[96mnode_modules/@types/node/https.d.ts[0m:[93m177[0m:[93m51[0m - [91merror[0m[90m TS1005: [0m';' expected.

[7m177[0m         once(event: "close", listener: () => void): this;
[7m   [0m [91m                                                  ~[0m
[96mnode_modules/@types/node/https.d.ts[0m:[93m177[0m:[93m53[0m - [91merror[0m[90m TS2331: [0m'this' cannot be referenced in a module or namespace body.

[7m177[0m         once(event: "close", listener: () => void): this;
[7m   [0m [91m                                                    ~~~~[0m
[96mnode_modules/@types/node/https.d.ts[0m:[93m178[0m:[93m9[0m - [91merror[0m[90m TS2304: [0mCannot find name 'once'.

[7m178[0m         once(event: "connection", listener: (socket: Duplex) => void): this;
[7m   [0m [91m        ~~~~[0m
[96mnode_modules/@types/node/https.d.ts[0m:[93m178[0m:[93m19[0m - [91merror[0m[90m TS1005: [0m',' expected.

[7m178[0m         once(event: "connection", listener: (socket: Duplex) => void): this;
[7m   [0m [91m                  ~[0m
[96mnode_modules/@types/node/https.d.ts[0m:[93m178[0m:[93m35[0m - [91merror[0m[90m TS2304: [0mCannot find name 'listener'.

[7m178[0m         once(event: "connection", listener: (socket: Duplex) => void): this;
[7m   [0m [91m                                  ~~~~~~~~[0m
[96mnode_modules/@types/node/https.d.ts[0m:[93m178[0m:[93m43[0m - [91merror[0m[90m TS1005: [0m',' expected.

[7m178[0m         once(event: "connection", listener: (socket: Duplex) => void): this;
[7m   [0m [91m                                          ~[0m
[96mnode_modules/@types/node/https.d.ts[0m:[93m178[0m:[93m69[0m - [91merror[0m[90m TS1109: [0mExpression expected.

[7m178[0m         once(event: "connection", listener: (socket: Duplex) => void): this;
[7m   [0m [91m                                                                    ~[0m
[96mnode_modules/@types/node/https.d.ts[0m:[93m178[0m:[93m70[0m - [91merror[0m[90m TS1005: [0m';' expected.

[7m178[0m         once(event: "connection", listener: (socket: Duplex) => void): this;
[7m   [0m [91m                                                                     ~[0m
[96mnode_modules/@types/node/https.d.ts[0m:[93m178[0m:[93m72[0m - [91merror[0m[90m TS2331: [0m'this' cannot be referenced in a module or namespace body.

[7m178[0m         once(event: "connection", listener: (socket: Duplex) => void): this;
[7m   [0m [91m                                                                       ~~~~[0m
[96mnode_modules/@types/node/https.d.ts[0m:[93m179[0m:[93m9[0m - [91merror[0m[90m TS2304: [0mCannot find name 'once'.

[7m179[0m         once(event: "error", listener: (err: Error) => void): this;
[7m   [0m [91m        ~~~~[0m
[96mnode_modules/@types/node/https.d.ts[0m:[93m179[0m:[93m19[0m - [91merror[0m[90m TS1005: [0m',' expected.

[7m179[0m         once(event: "error", listener: (err: Error) => void): this;
[7m   [0m [91m                  ~[0m
[96mnode_modules/@types/node/https.d.ts[0m:[93m179[0m:[93m30[0m - [91merror[0m[90m TS2304: [0mCannot find name 'listener'.

[7m179[0m         once(event: "error", listener: (err: Error) => void): this;
[7m   [0m [91m                             ~~~~~~~~[0m
[96mnode_modules/@types/node/https.d.ts[0m:[93m179[0m:[93m38[0m - [91merror[0m[90m TS1005: [0m',' expected.

[7m179[0m         once(event: "error", listener: (err: Error) => void): this;
[7m   [0m [91m                                     ~[0m
[96mnode_modules/@types/node/https.d.ts[0m:[93m179[0m:[93m60[0m - [91merror[0m[90m TS1109: [0mExpression expected.

[7m179[0m         once(event: "error", listener: (err: Error) => void): this;
[7m   [0m [91m                                                           ~[0m
[96mnode_modules/@types/node/https.d.ts[0m:[93m179[0m:[93m61[0m - [91merror[0m[90m TS1005: [0m';' expected.

[7m179[0m         once(event: "error", listener: (err: Error) => void): this;
[7m   [0m [91m                                                            ~[0m
[96mnode_modules/@types/node/https.d.ts[0m:[93m179[0m:[93m63[0m - [91merror[0m[90m TS2331: [0m'this' cannot be referenced in a module or namespace body.

[7m179[0m         once(event: "error", listener: (err: Error) => void): this;
[7m   [0m [91m                                                              ~~~~[0m
[96mnode_modules/@types/node/https.d.ts[0m:[93m180[0m:[93m9[0m - [91merror[0m[90m TS2304: [0mCannot find name 'once'.

[7m180[0m         once(event: "listening", listener: () => void): this;
[7m   [0m [91m        ~~~~[0m
[96mnode_modules/@types/node/https.d.ts[0m:[93m180[0m:[93m19[0m - [91merror[0m[90m TS1005: [0m',' expected.

[7m180[0m         once(event: "listening", listener: () => void): this;
[7m   [0m [91m                  ~[0m
[96mnode_modules/@types/node/https.d.ts[0m:[93m180[0m:[93m34[0m - [91merror[0m[90m TS2304: [0mCannot find name 'listener'.

[7m180[0m         once(event: "listening", listener: () => void): this;
[7m   [0m [91m                                 ~~~~~~~~[0m
[96mnode_modules/@types/node/https.d.ts[0m:[93m180[0m:[93m42[0m - [91merror[0m[90m TS1005: [0m',' expected.

[7m180[0m         once(event: "listening", listener: () => void): this;
[7m   [0m [91m                                         ~[0m
[96mnode_modules/@types/node/https.d.ts[0m:[93m180[0m:[93m54[0m - [91merror[0m[90m TS1109: [0mExpression expected.

[7m180[0m         once(event: "listening", listener: () => void): this;
[7m   [0m [91m                                                     ~[0m
[96mnode_modules/@types/node/https.d.ts[0m:[93m180[0m:[93m55[0m - [91merror[0m[90m TS1005: [0m';' expected.

[7m180[0m         once(event: "listening", listener: () => void): this;
[7m   [0m [91m                                                      ~[0m
[96mnode_modules/@types/node/https.d.ts[0m:[93m180[0m:[93m57[0m - [91merror[0m[90m TS2331: [0m'this' cannot be referenced in a module or namespace body.

[7m180[0m         once(event: "listening", listener: () => void): this;
[7m   [0m [91m                                                        ~~~~[0m
[96mnode_modules/@types/node/https.d.ts[0m:[93m181[0m:[93m9[0m - [91merror[0m[90m TS2304: [0mCannot find name 'once'.

[7m181[0m         once(event: "checkContinue", listener: http.RequestListener<Request, Response>): this;
[7m   [0m [91m        ~~~~[0m
[96mnode_modules/@types/node/https.d.ts[0m:[93m181[0m:[93m19[0m - [91merror[0m[90m TS1005: [0m',' expected.

[7m181[0m         once(event: "checkContinue", listener: http.RequestListener<Request, Response>): this;
[7m   [0m [91m                  ~[0m
[96mnode_modules/@types/node/https.d.ts[0m:[93m181[0m:[93m38[0m - [91merror[0m[90m TS2304: [0mCannot find name 'listener'.

[7m181[0m         once(event: "checkContinue", listener: http.RequestListener<Request, Response>): this;
[7m   [0m [91m                                     ~~~~~~~~[0m
[96mnode_modules/@types/node/https.d.ts[0m:[93m181[0m:[93m46[0m - [91merror[0m[90m TS1005: [0m',' expected.

[7m181[0m         once(event: "checkContinue", listener: http.RequestListener<Request, Response>): this;
[7m   [0m [91m                                             ~[0m
[96mnode_modules/@types/node/https.d.ts[0m:[93m181[0m:[93m53[0m - [91merror[0m[90m TS2339: [0mProperty 'RequestListener' does not exist on type 'typeof import("node:http")'.

[7m181[0m         once(event: "checkContinue", listener: http.RequestListener<Request, Response>): this;
[7m   [0m [91m                                                    ~~~~~~~~~~~~~~~[0m
[96mnode_modules/@types/node/https.d.ts[0m:[93m181[0m:[93m87[0m - [91merror[0m[90m TS1005: [0m'(' expected.

[7m181[0m         once(event: "checkContinue", listener: http.RequestListener<Request, Response>): this;
[7m   [0m [91m                                                                                      ~[0m
[96mnode_modules/@types/node/https.d.ts[0m:[93m181[0m:[93m88[0m - [91merror[0m[90m TS1005: [0m',' expected.

[7m181[0m         once(event: "checkContinue", listener: http.RequestListener<Request, Response>): this;
[7m   [0m [91m                                                                                       ~[0m
[96mnode_modules/@types/node/https.d.ts[0m:[93m181[0m:[93m90[0m - [91merror[0m[90m TS2331: [0m'this' cannot be referenced in a module or namespace body.

[7m181[0m         once(event: "checkContinue", listener: http.RequestListener<Request, Response>): this;
[7m   [0m [91m                                                                                         ~~~~[0m
[96mnode_modules/@types/node/https.d.ts[0m:[93m181[0m:[93m94[0m - [91merror[0m[90m TS1005: [0m')' expected.

[7m181[0m         once(event: "checkContinue", listener: http.RequestListener<Request, Response>): this;
[7m   [0m [91m                                                                                             ~[0m
[96mnode_modules/@types/node/https.d.ts[0m:[93m182[0m:[93m9[0m - [91merror[0m[90m TS2304: [0mCannot find name 'once'.

[7m182[0m         once(event: "checkExpectation", listener: http.RequestListener<Request, Response>): this;
[7m   [0m [91m        ~~~~[0m
[96mnode_modules/@types/node/https.d.ts[0m:[93m182[0m:[93m19[0m - [91merror[0m[90m TS1005: [0m',' expected.

[7m182[0m         once(event: "checkExpectation", listener: http.RequestListener<Request, Response>): this;
[7m   [0m [91m                  ~[0m
[96mnode_modules/@types/node/https.d.ts[0m:[93m182[0m:[93m41[0m - [91merror[0m[90m TS2304: [0mCannot find name 'listener'.

[7m182[0m         once(event: "checkExpectation", listener: http.RequestListener<Request, Response>): this;
[7m   [0m [91m                                        ~~~~~~~~[0m
[96mnode_modules/@types/node/https.d.ts[0m:[93m182[0m:[93m49[0m - [91merror[0m[90m TS1005: [0m',' expected.

[7m182[0m         once(event: "checkExpectation", listener: http.RequestListener<Request, Response>): this;
[7m   [0m [91m                                                ~[0m
[96mnode_modules/@types/node/https.d.ts[0m:[93m182[0m:[93m56[0m - [91merror[0m[90m TS2339: [0mProperty 'RequestListener' does not exist on type 'typeof import("node:http")'.

[7m182[0m         once(event: "checkExpectation", listener: http.RequestListener<Request, Response>): this;
[7m   [0m [91m                                                       ~~~~~~~~~~~~~~~[0m
[96mnode_modules/@types/node/https.d.ts[0m:[93m182[0m:[93m90[0m - [91merror[0m[90m TS1005: [0m'(' expected.

[7m182[0m         once(event: "checkExpectation", listener: http.RequestListener<Request, Response>): this;
[7m   [0m [91m                                                                                         ~[0m
[96mnode_modules/@types/node/https.d.ts[0m:[93m182[0m:[93m91[0m - [91merror[0m[90m TS1005: [0m',' expected.

[7m182[0m         once(event: "checkExpectation", listener: http.RequestListener<Request, Response>): this;
[7m   [0m [91m                                                                                          ~[0m
[96mnode_modules/@types/node/https.d.ts[0m:[93m182[0m:[93m93[0m - [91merror[0m[90m TS2331: [0m'this' cannot be referenced in a module or namespace body.

[7m182[0m         once(event: "checkExpectation", listener: http.RequestListener<Request, Response>): this;
[7m   [0m [91m                                                                                            ~~~~[0m
[96mnode_modules/@types/node/https.d.ts[0m:[93m182[0m:[93m97[0m - [91merror[0m[90m TS1005: [0m')' expected.

[7m182[0m         once(event: "checkExpectation", listener: http.RequestListener<Request, Response>): this;
[7m   [0m [91m                                                                                                ~[0m
[96mnode_modules/@types/node/https.d.ts[0m:[93m183[0m:[93m9[0m - [91merror[0m[90m TS2304: [0mCannot find name 'once'.

[7m183[0m         once(event: "clientError", listener: (err: Error, socket: Duplex) => void): this;
[7m   [0m [91m        ~~~~[0m
[96mnode_modules/@types/node/https.d.ts[0m:[93m183[0m:[93m19[0m - [91merror[0m[90m TS1005: [0m',' expected.

[7m183[0m         once(event: "clientError", listener: (err: Error, socket: Duplex) => void): this;
[7m   [0m [91m                  ~[0m
[96mnode_modules/@types/node/https.d.ts[0m:[93m183[0m:[93m36[0m - [91merror[0m[90m TS2304: [0mCannot find name 'listener'.

[7m183[0m         once(event: "clientError", listener: (err: Error, socket: Duplex) => void): this;
[7m   [0m [91m                                   ~~~~~~~~[0m
[96mnode_modules/@types/node/https.d.ts[0m:[93m183[0m:[93m44[0m - [91merror[0m[90m TS1005: [0m',' expected.

[7m183[0m         once(event: "clientError", listener: (err: Error, socket: Duplex) => void): this;
[7m   [0m [91m                                           ~[0m
[96mnode_modules/@types/node/https.d.ts[0m:[93m183[0m:[93m82[0m - [91merror[0m[90m TS1109: [0mExpression expected.

[7m183[0m         once(event: "clientError", listener: (err: Error, socket: Duplex) => void): this;
[7m   [0m [91m                                                                                 ~[0m
[96mnode_modules/@types/node/https.d.ts[0m:[93m183[0m:[93m83[0m - [91merror[0m[90m TS1005: [0m';' expected.

[7m183[0m         once(event: "clientError", listener: (err: Error, socket: Duplex) => void): this;
[7m   [0m [91m                                                                                  ~[0m
[96mnode_modules/@types/node/https.d.ts[0m:[93m183[0m:[93m85[0m - [91merror[0m[90m TS2331: [0m'this' cannot be referenced in a module or namespace body.

[7m183[0m         once(event: "clientError", listener: (err: Error, socket: Duplex) => void): this;
[7m   [0m [91m                                                                                    ~~~~[0m
[96mnode_modules/@types/node/https.d.ts[0m:[93m184[0m:[93m9[0m - [91merror[0m[90m TS2304: [0mCannot find name 'once'.

[7m184[0m         once(event: "connect", listener: (req: InstanceType<Request>, socket: Duplex, head: Buffer) => void): this;
[7m   [0m [91m        ~~~~[0m
[96mnode_modules/@types/node/https.d.ts[0m:[93m184[0m:[93m19[0m - [91merror[0m[90m TS1005: [0m',' expected.

[7m184[0m         once(event: "connect", listener: (req: InstanceType<Request>, socket: Duplex, head: Buffer) => void): this;
[7m   [0m [91m                  ~[0m
[96mnode_modules/@types/node/https.d.ts[0m:[93m184[0m:[93m32[0m - [91merror[0m[90m TS2304: [0mCannot find name 'listener'.

[7m184[0m         once(event: "connect", listener: (req: InstanceType<Request>, socket: Duplex, head: Buffer) => void): this;
[7m   [0m [91m                               ~~~~~~~~[0m
[96mnode_modules/@types/node/https.d.ts[0m:[93m184[0m:[93m40[0m - [91merror[0m[90m TS1005: [0m',' expected.

[7m184[0m         once(event: "connect", listener: (req: InstanceType<Request>, socket: Duplex, head: Buffer) => void): this;
[7m   [0m [91m                                       ~[0m
[96mnode_modules/@types/node/https.d.ts[0m:[93m184[0m:[93m61[0m - [91merror[0m[90m TS2344: [0mType 'Request' does not satisfy the constraint 'new (...args: any) => any'.

[7m184[0m         once(event: "connect", listener: (req: InstanceType<Request>, socket: Duplex, head: Buffer) => void): this;
[7m   [0m [91m                                                            ~~~~~~~[0m
[96mnode_modules/@types/node/https.d.ts[0m:[93m184[0m:[93m108[0m - [91merror[0m[90m TS1109: [0mExpression expected.

[7m184[0m         once(event: "connect", listener: (req: InstanceType<Request>, socket: Duplex, head: Buffer) => void): this;
[7m   [0m [91m                                                                                                           ~[0m
[96mnode_modules/@types/node/https.d.ts[0m:[93m184[0m:[93m109[0m - [91merror[0m[90m TS1005: [0m';' expected.

[7m184[0m         once(event: "connect", listener: (req: InstanceType<Request>, socket: Duplex, head: Buffer) => void): this;
[7m   [0m [91m                                                                                                            ~[0m
[96mnode_modules/@types/node/https.d.ts[0m:[93m184[0m:[93m111[0m - [91merror[0m[90m TS2331: [0m'this' cannot be referenced in a module or namespace body.

[7m184[0m         once(event: "connect", listener: (req: InstanceType<Request>, socket: Duplex, head: Buffer) => void): this;
[7m   [0m [91m                                                                                                              ~~~~[0m
[96mnode_modules/@types/node/https.d.ts[0m:[93m185[0m:[93m9[0m - [91merror[0m[90m TS2304: [0mCannot find name 'once'.

[7m185[0m         once(event: "request", listener: http.RequestListener<Request, Response>): this;
[7m   [0m [91m        ~~~~[0m
[96mnode_modules/@types/node/https.d.ts[0m:[93m185[0m:[93m19[0m - [91merror[0m[90m TS1005: [0m',' expected.

[7m185[0m         once(event: "request", listener: http.RequestListener<Request, Response>): this;
[7m   [0m [91m                  ~[0m
[96mnode_modules/@types/node/https.d.ts[0m:[93m185[0m:[93m32[0m - [91merror[0m[90m TS2304: [0mCannot find name 'listener'.

[7m185[0m         once(event: "request", listener: http.RequestListener<Request, Response>): this;
[7m   [0m [91m                               ~~~~~~~~[0m
[96mnode_modules/@types/node/https.d.ts[0m:[93m185[0m:[93m40[0m - [91merror[0m[90m TS1005: [0m',' expected.

[7m185[0m         once(event: "request", listener: http.RequestListener<Request, Response>): this;
[7m   [0m [91m                                       ~[0m
[96mnode_modules/@types/node/https.d.ts[0m:[93m185[0m:[93m47[0m - [91merror[0m[90m TS2339: [0mProperty 'RequestListener' does not exist on type 'typeof import("node:http")'.

[7m185[0m         once(event: "request", listener: http.RequestListener<Request, Response>): this;
[7m   [0m [91m                                              ~~~~~~~~~~~~~~~[0m
[96mnode_modules/@types/node/https.d.ts[0m:[93m185[0m:[93m81[0m - [91merror[0m[90m TS1005: [0m'(' expected.

[7m185[0m         once(event: "request", listener: http.RequestListener<Request, Response>): this;
[7m   [0m [91m                                                                                ~[0m
[96mnode_modules/@types/node/https.d.ts[0m:[93m185[0m:[93m82[0m - [91merror[0m[90m TS1005: [0m',' expected.

[7m185[0m         once(event: "request", listener: http.RequestListener<Request, Response>): this;
[7m   [0m [91m                                                                                 ~[0m
[96mnode_modules/@types/node/https.d.ts[0m:[93m185[0m:[93m84[0m - [91merror[0m[90m TS2331: [0m'this' cannot be referenced in a module or namespace body.

[7m185[0m         once(event: "request", listener: http.RequestListener<Request, Response>): this;
[7m   [0m [91m                                                                                   ~~~~[0m
[96mnode_modules/@types/node/https.d.ts[0m:[93m185[0m:[93m88[0m - [91merror[0m[90m TS1005: [0m')' expected.

[7m185[0m         once(event: "request", listener: http.RequestListener<Request, Response>): this;
[7m   [0m [91m                                                                                       ~[0m
[96mnode_modules/@types/node/https.d.ts[0m:[93m186[0m:[93m9[0m - [91merror[0m[90m TS2304: [0mCannot find name 'once'.

[7m186[0m         once(event: "upgrade", listener: (req: InstanceType<Request>, socket: Duplex, head: Buffer) => void): this;
[7m   [0m [91m        ~~~~[0m
[96mnode_modules/@types/node/https.d.ts[0m:[93m186[0m:[93m19[0m - [91merror[0m[90m TS1005: [0m',' expected.

[7m186[0m         once(event: "upgrade", listener: (req: InstanceType<Request>, socket: Duplex, head: Buffer) => void): this;
[7m   [0m [91m                  ~[0m
[96mnode_modules/@types/node/https.d.ts[0m:[93m186[0m:[93m32[0m - [91merror[0m[90m TS2304: [0mCannot find name 'listener'.

[7m186[0m         once(event: "upgrade", listener: (req: InstanceType<Request>, socket: Duplex, head: Buffer) => void): this;
[7m   [0m [91m                               ~~~~~~~~[0m
[96mnode_modules/@types/node/https.d.ts[0m:[93m186[0m:[93m40[0m - [91merror[0m[90m TS1005: [0m',' expected.

[7m186[0m         once(event: "upgrade", listener: (req: InstanceType<Request>, socket: Duplex, head: Buffer) => void): this;
[7m   [0m [91m                                       ~[0m
[96mnode_modules/@types/node/https.d.ts[0m:[93m186[0m:[93m61[0m - [91merror[0m[90m TS2344: [0mType 'Request' does not satisfy the constraint 'new (...args: any) => any'.

[7m186[0m         once(event: "upgrade", listener: (req: InstanceType<Request>, socket: Duplex, head: Buffer) => void): this;
[7m   [0m [91m                                                            ~~~~~~~[0m
[96mnode_modules/@types/node/https.d.ts[0m:[93m186[0m:[93m108[0m - [91merror[0m[90m TS1109: [0mExpression expected.

[7m186[0m         once(event: "upgrade", listener: (req: InstanceType<Request>, socket: Duplex, head: Buffer) => void): this;
[7m   [0m [91m                                                                                                           ~[0m
[96mnode_modules/@types/node/https.d.ts[0m:[93m186[0m:[93m109[0m - [91merror[0m[90m TS1005: [0m';' expected.

[7m186[0m         once(event: "upgrade", listener: (req: InstanceType<Request>, socket: Duplex, head: Buffer) => void): this;
[7m   [0m [91m                                                                                                            ~[0m
[96mnode_modules/@types/node/https.d.ts[0m:[93m186[0m:[93m111[0m - [91merror[0m[90m TS2331: [0m'this' cannot be referenced in a module or namespace body.

[7m186[0m         once(event: "upgrade", listener: (req: InstanceType<Request>, socket: Duplex, head: Buffer) => void): this;
[7m   [0m [91m                                                                                                              ~~~~[0m
[96mnode_modules/@types/node/https.d.ts[0m:[93m187[0m:[93m9[0m - [91merror[0m[90m TS2304: [0mCannot find name 'prependListener'.

[7m187[0m         prependListener(event: string, listener: (...args: any[]) => void): this;
[7m   [0m [91m        ~~~~~~~~~~~~~~~[0m
[96mnode_modules/@types/node/https.d.ts[0m:[93m187[0m:[93m30[0m - [91merror[0m[90m TS1005: [0m',' expected.

[7m187[0m         prependListener(event: string, listener: (...args: any[]) => void): this;
[7m   [0m [91m                             ~[0m
[96mnode_modules/@types/node/https.d.ts[0m:[93m187[0m:[93m32[0m - [91merror[0m[90m TS2693: [0m'string' only refers to a type, but is being used as a value here.

[7m187[0m         prependListener(event: string, listener: (...args: any[]) => void): this;
[7m   [0m [91m                               ~~~~~~[0m
[96mnode_modules/@types/node/https.d.ts[0m:[93m187[0m:[93m40[0m - [91merror[0m[90m TS2304: [0mCannot find name 'listener'.

[7m187[0m         prependListener(event: string, listener: (...args: any[]) => void): this;
[7m   [0m [91m                                       ~~~~~~~~[0m
[96mnode_modules/@types/node/https.d.ts[0m:[93m187[0m:[93m48[0m - [91merror[0m[90m TS1005: [0m',' expected.

[7m187[0m         prependListener(event: string, listener: (...args: any[]) => void): this;
[7m   [0m [91m                                               ~[0m
[96mnode_modules/@types/node/https.d.ts[0m:[93m187[0m:[93m74[0m - [91merror[0m[90m TS1109: [0mExpression expected.

[7m187[0m         prependListener(event: string, listener: (...args: any[]) => void): this;
[7m   [0m [91m                                                                         ~[0m
[96mnode_modules/@types/node/https.d.ts[0m:[93m187[0m:[93m75[0m - [91merror[0m[90m TS1005: [0m';' expected.

[7m187[0m         prependListener(event: string, listener: (...args: any[]) => void): this;
[7m   [0m [91m                                                                          ~[0m
[96mnode_modules/@types/node/https.d.ts[0m:[93m187[0m:[93m77[0m - [91merror[0m[90m TS2331: [0m'this' cannot be referenced in a module or namespace body.

[7m187[0m         prependListener(event: string, listener: (...args: any[]) => void): this;
[7m   [0m [91m                                                                            ~~~~[0m
[96mnode_modules/@types/node/https.d.ts[0m:[93m188[0m:[93m9[0m - [91merror[0m[90m TS2304: [0mCannot find name 'prependListener'.

[7m188[0m         prependListener(event: "keylog", listener: (line: Buffer, tlsSocket: tls.TLSSocket) => void): this;
[7m   [0m [91m        ~~~~~~~~~~~~~~~[0m
[96mnode_modules/@types/node/https.d.ts[0m:[93m188[0m:[93m30[0m - [91merror[0m[90m TS1005: [0m',' expected.

[7m188[0m         prependListener(event: "keylog", listener: (line: Buffer, tlsSocket: tls.TLSSocket) => void): this;
[7m   [0m [91m                             ~[0m
[96mnode_modules/@types/node/https.d.ts[0m:[93m188[0m:[93m42[0m - [91merror[0m[90m TS2304: [0mCannot find name 'listener'.

[7m188[0m         prependListener(event: "keylog", listener: (line: Buffer, tlsSocket: tls.TLSSocket) => void): this;
[7m   [0m [91m                                         ~~~~~~~~[0m
[96mnode_modules/@types/node/https.d.ts[0m:[93m188[0m:[93m50[0m - [91merror[0m[90m TS1005: [0m',' expected.

[7m188[0m         prependListener(event: "keylog", listener: (line: Buffer, tlsSocket: tls.TLSSocket) => void): this;
[7m   [0m [91m                                                 ~[0m
[96mnode_modules/@types/node/https.d.ts[0m:[93m188[0m:[93m100[0m - [91merror[0m[90m TS1109: [0mExpression expected.

[7m188[0m         prependListener(event: "keylog", listener: (line: Buffer, tlsSocket: tls.TLSSocket) => void): this;
[7m   [0m [91m                                                                                                   ~[0m
[96mnode_modules/@types/node/https.d.ts[0m:[93m188[0m:[93m101[0m - [91merror[0m[90m TS1005: [0m';' expected.

[7m188[0m         prependListener(event: "keylog", listener: (line: Buffer, tlsSocket: tls.TLSSocket) => void): this;
[7m   [0m [91m                                                                                                    ~[0m
[96mnode_modules/@types/node/https.d.ts[0m:[93m188[0m:[93m103[0m - [91merror[0m[90m TS2331: [0m'this' cannot be referenced in a module or namespace body.

[7m188[0m         prependListener(event: "keylog", listener: (line: Buffer, tlsSocket: tls.TLSSocket) => void): this;
[7m   [0m [91m                                                                                                      ~~~~[0m
[96mnode_modules/@types/node/https.d.ts[0m:[93m189[0m:[93m9[0m - [91merror[0m[90m TS2304: [0mCannot find name 'prependListener'.

[7m189[0m         prependListener(
[7m   [0m [91m        ~~~~~~~~~~~~~~~[0m
[96mnode_modules/@types/node/https.d.ts[0m:[93m190[0m:[93m18[0m - [91merror[0m[90m TS1005: [0m',' expected.

[7m190[0m             event: "newSession",
[7m   [0m [91m                 ~[0m
[96mnode_modules/@types/node/https.d.ts[0m:[93m191[0m:[93m13[0m - [91merror[0m[90m TS2304: [0mCannot find name 'listener'.

[7m191[0m             listener: (sessionId: Buffer, sessionData: Buffer, callback: (err: Error, resp: Buffer) => void) => void,
[7m   [0m [91m            ~~~~~~~~[0m
[96mnode_modules/@types/node/https.d.ts[0m:[93m191[0m:[93m21[0m - [91merror[0m[90m TS1005: [0m',' expected.

[7m191[0m             listener: (sessionId: Buffer, sessionData: Buffer, callback: (err: Error, resp: Buffer) => void) => void,
[7m   [0m [91m                    ~[0m
[96mnode_modules/@types/node/https.d.ts[0m:[93m191[0m:[93m117[0m - [91merror[0m[90m TS1109: [0mExpression expected.

[7m191[0m             listener: (sessionId: Buffer, sessionData: Buffer, callback: (err: Error, resp: Buffer) => void) => void,
[7m   [0m [91m                                                                                                                    ~[0m
[96mnode_modules/@types/node/https.d.ts[0m:[93m192[0m:[93m10[0m - [91merror[0m[90m TS1005: [0m';' expected.

[7m192[0m         ): this;
[7m   [0m [91m         ~[0m
[96mnode_modules/@types/node/https.d.ts[0m:[93m192[0m:[93m12[0m - [91merror[0m[90m TS2331: [0m'this' cannot be referenced in a module or namespace body.

[7m192[0m         ): this;
[7m   [0m [91m           ~~~~[0m
[96mnode_modules/@types/node/https.d.ts[0m:[93m193[0m:[93m9[0m - [91merror[0m[90m TS2304: [0mCannot find name 'prependListener'.

[7m193[0m         prependListener(
[7m   [0m [91m        ~~~~~~~~~~~~~~~[0m
[96mnode_modules/@types/node/https.d.ts[0m:[93m194[0m:[93m18[0m - [91merror[0m[90m TS1005: [0m',' expected.

[7m194[0m             event: "OCSPRequest",
[7m   [0m [91m                 ~[0m
[96mnode_modules/@types/node/https.d.ts[0m:[93m195[0m:[93m13[0m - [91merror[0m[90m TS2304: [0mCannot find name 'listener'.

[7m195[0m             listener: (
[7m   [0m [91m            ~~~~~~~~[0m
[96mnode_modules/@types/node/https.d.ts[0m:[93m195[0m:[93m21[0m - [91merror[0m[90m TS1005: [0m',' expected.

[7m195[0m             listener: (
[7m   [0m [91m                    ~[0m
[96mnode_modules/@types/node/https.d.ts[0m:[93m199[0m:[93m22[0m - [91merror[0m[90m TS1109: [0mExpression expected.

[7m199[0m             ) => void,
[7m   [0m [91m                     ~[0m
[96mnode_modules/@types/node/https.d.ts[0m:[93m200[0m:[93m10[0m - [91merror[0m[90m TS1005: [0m';' expected.

[7m200[0m         ): this;
[7m   [0m [91m         ~[0m
[96mnode_modules/@types/node/https.d.ts[0m:[93m200[0m:[93m12[0m - [91merror[0m[90m TS2331: [0m'this' cannot be referenced in a module or namespace body.

[7m200[0m         ): this;
[7m   [0m [91m           ~~~~[0m
[96mnode_modules/@types/node/https.d.ts[0m:[93m201[0m:[93m9[0m - [91merror[0m[90m TS2304: [0mCannot find name 'prependListener'.

[7m201[0m         prependListener(
[7m   [0m [91m        ~~~~~~~~~~~~~~~[0m
[96mnode_modules/@types/node/https.d.ts[0m:[93m202[0m:[93m18[0m - [91merror[0m[90m TS1005: [0m',' expected.

[7m202[0m             event: "resumeSession",
[7m   [0m [91m                 ~[0m
[96mnode_modules/@types/node/https.d.ts[0m:[93m203[0m:[93m13[0m - [91merror[0m[90m TS2304: [0mCannot find name 'listener'.

[7m203[0m             listener: (sessionId: Buffer, callback: (err: Error, sessionData: Buffer) => void) => void,
[7m   [0m [91m            ~~~~~~~~[0m
[96mnode_modules/@types/node/https.d.ts[0m:[93m203[0m:[93m21[0m - [91merror[0m[90m TS1005: [0m',' expected.

[7m203[0m             listener: (sessionId: Buffer, callback: (err: Error, sessionData: Buffer) => void) => void,
[7m   [0m [91m                    ~[0m
[96mnode_modules/@types/node/https.d.ts[0m:[93m203[0m:[93m103[0m - [91merror[0m[90m TS1109: [0mExpression expected.

[7m203[0m             listener: (sessionId: Buffer, callback: (err: Error, sessionData: Buffer) => void) => void,
[7m   [0m [91m                                                                                                      ~[0m
[96mnode_modules/@types/node/https.d.ts[0m:[93m204[0m:[93m10[0m - [91merror[0m[90m TS1005: [0m';' expected.

[7m204[0m         ): this;
[7m   [0m [91m         ~[0m
[96mnode_modules/@types/node/https.d.ts[0m:[93m204[0m:[93m12[0m - [91merror[0m[90m TS2331: [0m'this' cannot be referenced in a module or namespace body.

[7m204[0m         ): this;
[7m   [0m [91m           ~~~~[0m
[96mnode_modules/@types/node/https.d.ts[0m:[93m205[0m:[93m9[0m - [91merror[0m[90m TS2304: [0mCannot find name 'prependListener'.

[7m205[0m         prependListener(event: "secureConnection", listener: (tlsSocket: tls.TLSSocket) => void): this;
[7m   [0m [91m        ~~~~~~~~~~~~~~~[0m
[96mnode_modules/@types/node/https.d.ts[0m:[93m205[0m:[93m30[0m - [91merror[0m[90m TS1005: [0m',' expected.

[7m205[0m         prependListener(event: "secureConnection", listener: (tlsSocket: tls.TLSSocket) => void): this;
[7m   [0m [91m                             ~[0m
[96mnode_modules/@types/node/https.d.ts[0m:[93m205[0m:[93m52[0m - [91merror[0m[90m TS2304: [0mCannot find name 'listener'.

[7m205[0m         prependListener(event: "secureConnection", listener: (tlsSocket: tls.TLSSocket) => void): this;
[7m   [0m [91m                                                   ~~~~~~~~[0m
[96mnode_modules/@types/node/https.d.ts[0m:[93m205[0m:[93m60[0m - [91merror[0m[90m TS1005: [0m',' expected.

[7m205[0m         prependListener(event: "secureConnection", listener: (tlsSocket: tls.TLSSocket) => void): this;
[7m   [0m [91m                                                           ~[0m
[96mnode_modules/@types/node/https.d.ts[0m:[93m205[0m:[93m96[0m - [91merror[0m[90m TS1109: [0mExpression expected.

[7m205[0m         prependListener(event: "secureConnection", listener: (tlsSocket: tls.TLSSocket) => void): this;
[7m   [0m [91m                                                                                               ~[0m
[96mnode_modules/@types/node/https.d.ts[0m:[93m205[0m:[93m97[0m - [91merror[0m[90m TS1005: [0m';' expected.

[7m205[0m         prependListener(event: "secureConnection", listener: (tlsSocket: tls.TLSSocket) => void): this;
[7m   [0m [91m                                                                                                ~[0m
[96mnode_modules/@types/node/https.d.ts[0m:[93m205[0m:[93m99[0m - [91merror[0m[90m TS2331: [0m'this' cannot be referenced in a module or namespace body.

[7m205[0m         prependListener(event: "secureConnection", listener: (tlsSocket: tls.TLSSocket) => void): this;
[7m   [0m [91m                                                                                                  ~~~~[0m
[96mnode_modules/@types/node/https.d.ts[0m:[93m206[0m:[93m9[0m - [91merror[0m[90m TS2304: [0mCannot find name 'prependListener'.

[7m206[0m         prependListener(event: "tlsClientError", listener: (err: Error, tlsSocket: tls.TLSSocket) => void): this;
[7m   [0m [91m        ~~~~~~~~~~~~~~~[0m
[96mnode_modules/@types/node/https.d.ts[0m:[93m206[0m:[93m30[0m - [91merror[0m[90m TS1005: [0m',' expected.

[7m206[0m         prependListener(event: "tlsClientError", listener: (err: Error, tlsSocket: tls.TLSSocket) => void): this;
[7m   [0m [91m                             ~[0m
[96mnode_modules/@types/node/https.d.ts[0m:[93m206[0m:[93m50[0m - [91merror[0m[90m TS2304: [0mCannot find name 'listener'.

[7m206[0m         prependListener(event: "tlsClientError", listener: (err: Error, tlsSocket: tls.TLSSocket) => void): this;
[7m   [0m [91m                                                 ~~~~~~~~[0m
[96mnode_modules/@types/node/https.d.ts[0m:[93m206[0m:[93m58[0m - [91merror[0m[90m TS1005: [0m',' expected.

[7m206[0m         prependListener(event: "tlsClientError", listener: (err: Error, tlsSocket: tls.TLSSocket) => void): this;
[7m   [0m [91m                                                         ~[0m
[96mnode_modules/@types/node/https.d.ts[0m:[93m206[0m:[93m106[0m - [91merror[0m[90m TS1109: [0mExpression expected.

[7m206[0m         prependListener(event: "tlsClientError", listener: (err: Error, tlsSocket: tls.TLSSocket) => void): this;
[7m   [0m [91m                                                                                                         ~[0m
[96mnode_modules/@types/node/https.d.ts[0m:[93m206[0m:[93m107[0m - [91merror[0m[90m TS1005: [0m';' expected.

[7m206[0m         prependListener(event: "tlsClientError", listener: (err: Error, tlsSocket: tls.TLSSocket) => void): this;
[7m   [0m [91m                                                                                                          ~[0m
[96mnode_modules/@types/node/https.d.ts[0m:[93m206[0m:[93m109[0m - [91merror[0m[90m TS2331: [0m'this' cannot be referenced in a module or namespace body.

[7m206[0m         prependListener(event: "tlsClientError", listener: (err: Error, tlsSocket: tls.TLSSocket) => void): this;
[7m   [0m [91m                                                                                                            ~~~~[0m
[96mnode_modules/@types/node/https.d.ts[0m:[93m207[0m:[93m9[0m - [91merror[0m[90m TS2304: [0mCannot find name 'prependListener'.

[7m207[0m         prependListener(event: "close", listener: () => void): this;
[7m   [0m [91m        ~~~~~~~~~~~~~~~[0m
[96mnode_modules/@types/node/https.d.ts[0m:[93m207[0m:[93m30[0m - [91merror[0m[90m TS1005: [0m',' expected.

[7m207[0m         prependListener(event: "close", listener: () => void): this;
[7m   [0m [91m                             ~[0m
[96mnode_modules/@types/node/https.d.ts[0m:[93m207[0m:[93m41[0m - [91merror[0m[90m TS2304: [0mCannot find name 'listener'.

[7m207[0m         prependListener(event: "close", listener: () => void): this;
[7m   [0m [91m                                        ~~~~~~~~[0m
[96mnode_modules/@types/node/https.d.ts[0m:[93m207[0m:[93m49[0m - [91merror[0m[90m TS1005: [0m',' expected.

[7m207[0m         prependListener(event: "close", listener: () => void): this;
[7m   [0m [91m                                                ~[0m
[96mnode_modules/@types/node/https.d.ts[0m:[93m207[0m:[93m61[0m - [91merror[0m[90m TS1109: [0mExpression expected.

[7m207[0m         prependListener(event: "close", listener: () => void): this;
[7m   [0m [91m                                                            ~[0m
[96mnode_modules/@types/node/https.d.ts[0m:[93m207[0m:[93m62[0m - [91merror[0m[90m TS1005: [0m';' expected.

[7m207[0m         prependListener(event: "close", listener: () => void): this;
[7m   [0m [91m                                                             ~[0m
[96mnode_modules/@types/node/https.d.ts[0m:[93m207[0m:[93m64[0m - [91merror[0m[90m TS2331: [0m'this' cannot be referenced in a module or namespace body.

[7m207[0m         prependListener(event: "close", listener: () => void): this;
[7m   [0m [91m                                                               ~~~~[0m
[96mnode_modules/@types/node/https.d.ts[0m:[93m208[0m:[93m9[0m - [91merror[0m[90m TS2304: [0mCannot find name 'prependListener'.

[7m208[0m         prependListener(event: "connection", listener: (socket: Duplex) => void): this;
[7m   [0m [91m        ~~~~~~~~~~~~~~~[0m
[96mnode_modules/@types/node/https.d.ts[0m:[93m208[0m:[93m30[0m - [91merror[0m[90m TS1005: [0m',' expected.

[7m208[0m         prependListener(event: "connection", listener: (socket: Duplex) => void): this;
[7m   [0m [91m                             ~[0m
[96mnode_modules/@types/node/https.d.ts[0m:[93m208[0m:[93m46[0m - [91merror[0m[90m TS2304: [0mCannot find name 'listener'.

[7m208[0m         prependListener(event: "connection", listener: (socket: Duplex) => void): this;
[7m   [0m [91m                                             ~~~~~~~~[0m
[96mnode_modules/@types/node/https.d.ts[0m:[93m208[0m:[93m54[0m - [91merror[0m[90m TS1005: [0m',' expected.

[7m208[0m         prependListener(event: "connection", listener: (socket: Duplex) => void): this;
[7m   [0m [91m                                                     ~[0m
[96mnode_modules/@types/node/https.d.ts[0m:[93m208[0m:[93m80[0m - [91merror[0m[90m TS1109: [0mExpression expected.

[7m208[0m         prependListener(event: "connection", listener: (socket: Duplex) => void): this;
[7m   [0m [91m                                                                               ~[0m
[96mnode_modules/@types/node/https.d.ts[0m:[93m208[0m:[93m81[0m - [91merror[0m[90m TS1005: [0m';' expected.

[7m208[0m         prependListener(event: "connection", listener: (socket: Duplex) => void): this;
[7m   [0m [91m                                                                                ~[0m
[96mnode_modules/@types/node/https.d.ts[0m:[93m208[0m:[93m83[0m - [91merror[0m[90m TS2331: [0m'this' cannot be referenced in a module or namespace body.

[7m208[0m         prependListener(event: "connection", listener: (socket: Duplex) => void): this;
[7m   [0m [91m                                                                                  ~~~~[0m
[96mnode_modules/@types/node/https.d.ts[0m:[93m209[0m:[93m9[0m - [91merror[0m[90m TS2304: [0mCannot find name 'prependListener'.

[7m209[0m         prependListener(event: "error", listener: (err: Error) => void): this;
[7m   [0m [91m        ~~~~~~~~~~~~~~~[0m
[96mnode_modules/@types/node/https.d.ts[0m:[93m209[0m:[93m30[0m - [91merror[0m[90m TS1005: [0m',' expected.

[7m209[0m         prependListener(event: "error", listener: (err: Error) => void): this;
[7m   [0m [91m                             ~[0m
[96mnode_modules/@types/node/https.d.ts[0m:[93m209[0m:[93m41[0m - [91merror[0m[90m TS2304: [0mCannot find name 'listener'.

[7m209[0m         prependListener(event: "error", listener: (err: Error) => void): this;
[7m   [0m [91m                                        ~~~~~~~~[0m
[96mnode_modules/@types/node/https.d.ts[0m:[93m209[0m:[93m49[0m - [91merror[0m[90m TS1005: [0m',' expected.

[7m209[0m         prependListener(event: "error", listener: (err: Error) => void): this;
[7m   [0m [91m                                                ~[0m
[96mnode_modules/@types/node/https.d.ts[0m:[93m209[0m:[93m71[0m - [91merror[0m[90m TS1109: [0mExpression expected.

[7m209[0m         prependListener(event: "error", listener: (err: Error) => void): this;
[7m   [0m [91m                                                                      ~[0m
[96mnode_modules/@types/node/https.d.ts[0m:[93m209[0m:[93m72[0m - [91merror[0m[90m TS1005: [0m';' expected.

[7m209[0m         prependListener(event: "error", listener: (err: Error) => void): this;
[7m   [0m [91m                                                                       ~[0m
[96mnode_modules/@types/node/https.d.ts[0m:[93m209[0m:[93m74[0m - [91merror[0m[90m TS2331: [0m'this' cannot be referenced in a module or namespace body.

[7m209[0m         prependListener(event: "error", listener: (err: Error) => void): this;
[7m   [0m [91m                                                                         ~~~~[0m
[96mnode_modules/@types/node/https.d.ts[0m:[93m210[0m:[93m9[0m - [91merror[0m[90m TS2304: [0mCannot find name 'prependListener'.

[7m210[0m         prependListener(event: "listening", listener: () => void): this;
[7m   [0m [91m        ~~~~~~~~~~~~~~~[0m
[96mnode_modules/@types/node/https.d.ts[0m:[93m210[0m:[93m30[0m - [91merror[0m[90m TS1005: [0m',' expected.

[7m210[0m         prependListener(event: "listening", listener: () => void): this;
[7m   [0m [91m                             ~[0m
[96mnode_modules/@types/node/https.d.ts[0m:[93m210[0m:[93m45[0m - [91merror[0m[90m TS2304: [0mCannot find name 'listener'.

[7m210[0m         prependListener(event: "listening", listener: () => void): this;
[7m   [0m [91m                                            ~~~~~~~~[0m
[96mnode_modules/@types/node/https.d.ts[0m:[93m210[0m:[93m53[0m - [91merror[0m[90m TS1005: [0m',' expected.

[7m210[0m         prependListener(event: "listening", listener: () => void): this;
[7m   [0m [91m                                                    ~[0m
[96mnode_modules/@types/node/https.d.ts[0m:[93m210[0m:[93m65[0m - [91merror[0m[90m TS1109: [0mExpression expected.

[7m210[0m         prependListener(event: "listening", listener: () => void): this;
[7m   [0m [91m                                                                ~[0m
[96mnode_modules/@types/node/https.d.ts[0m:[93m210[0m:[93m66[0m - [91merror[0m[90m TS1005: [0m';' expected.

[7m210[0m         prependListener(event: "listening", listener: () => void): this;
[7m   [0m [91m                                                                 ~[0m
[96mnode_modules/@types/node/https.d.ts[0m:[93m210[0m:[93m68[0m - [91merror[0m[90m TS2331: [0m'this' cannot be referenced in a module or namespace body.

[7m210[0m         prependListener(event: "listening", listener: () => void): this;
[7m   [0m [91m                                                                   ~~~~[0m
[96mnode_modules/@types/node/https.d.ts[0m:[93m211[0m:[93m9[0m - [91merror[0m[90m TS2304: [0mCannot find name 'prependListener'.

[7m211[0m         prependListener(event: "checkContinue", listener: http.RequestListener<Request, Response>): this;
[7m   [0m [91m        ~~~~~~~~~~~~~~~[0m
[96mnode_modules/@types/node/https.d.ts[0m:[93m211[0m:[93m30[0m - [91merror[0m[90m TS1005: [0m',' expected.

[7m211[0m         prependListener(event: "checkContinue", listener: http.RequestListener<Request, Response>): this;
[7m   [0m [91m                             ~[0m
[96mnode_modules/@types/node/https.d.ts[0m:[93m211[0m:[93m49[0m - [91merror[0m[90m TS2304: [0mCannot find name 'listener'.

[7m211[0m         prependListener(event: "checkContinue", listener: http.RequestListener<Request, Response>): this;
[7m   [0m [91m                                                ~~~~~~~~[0m
[96mnode_modules/@types/node/https.d.ts[0m:[93m211[0m:[93m57[0m - [91merror[0m[90m TS1005: [0m',' expected.

[7m211[0m         prependListener(event: "checkContinue", listener: http.RequestListener<Request, Response>): this;
[7m   [0m [91m                                                        ~[0m
[96mnode_modules/@types/node/https.d.ts[0m:[93m211[0m:[93m64[0m - [91merror[0m[90m TS2339: [0mProperty 'RequestListener' does not exist on type 'typeof import("node:http")'.

[7m211[0m         prependListener(event: "checkContinue", listener: http.RequestListener<Request, Response>): this;
[7m   [0m [91m                                                               ~~~~~~~~~~~~~~~[0m
[96mnode_modules/@types/node/https.d.ts[0m:[93m211[0m:[93m98[0m - [91merror[0m[90m TS1005: [0m'(' expected.

[7m211[0m         prependListener(event: "checkContinue", listener: http.RequestListener<Request, Response>): this;
[7m   [0m [91m                                                                                                 ~[0m
[96mnode_modules/@types/node/https.d.ts[0m:[93m211[0m:[93m99[0m - [91merror[0m[90m TS1005: [0m',' expected.

[7m211[0m         prependListener(event: "checkContinue", listener: http.RequestListener<Request, Response>): this;
[7m   [0m [91m                                                                                                  ~[0m
[96mnode_modules/@types/node/https.d.ts[0m:[93m211[0m:[93m101[0m - [91merror[0m[90m TS2331: [0m'this' cannot be referenced in a module or namespace body.

[7m211[0m         prependListener(event: "checkContinue", listener: http.RequestListener<Request, Response>): this;
[7m   [0m [91m                                                                                                    ~~~~[0m
[96mnode_modules/@types/node/https.d.ts[0m:[93m211[0m:[93m105[0m - [91merror[0m[90m TS1005: [0m')' expected.

[7m211[0m         prependListener(event: "checkContinue", listener: http.RequestListener<Request, Response>): this;
[7m   [0m [91m                                                                                                        ~[0m
[96mnode_modules/@types/node/https.d.ts[0m:[93m212[0m:[93m9[0m - [91merror[0m[90m TS2304: [0mCannot find name 'prependListener'.

[7m212[0m         prependListener(event: "checkExpectation", listener: http.RequestListener<Request, Response>): this;
[7m   [0m [91m        ~~~~~~~~~~~~~~~[0m
[96mnode_modules/@types/node/https.d.ts[0m:[93m212[0m:[93m30[0m - [91merror[0m[90m TS1005: [0m',' expected.

[7m212[0m         prependListener(event: "checkExpectation", listener: http.RequestListener<Request, Response>): this;
[7m   [0m [91m                             ~[0m
[96mnode_modules/@types/node/https.d.ts[0m:[93m212[0m:[93m52[0m - [91merror[0m[90m TS2304: [0mCannot find name 'listener'.

[7m212[0m         prependListener(event: "checkExpectation", listener: http.RequestListener<Request, Response>): this;
[7m   [0m [91m                                                   ~~~~~~~~[0m
[96mnode_modules/@types/node/https.d.ts[0m:[93m212[0m:[93m60[0m - [91merror[0m[90m TS1005: [0m',' expected.

[7m212[0m         prependListener(event: "checkExpectation", listener: http.RequestListener<Request, Response>): this;
[7m   [0m [91m                                                           ~[0m
[96mnode_modules/@types/node/https.d.ts[0m:[93m212[0m:[93m67[0m - [91merror[0m[90m TS2339: [0mProperty 'RequestListener' does not exist on type 'typeof import("node:http")'.

[7m212[0m         prependListener(event: "checkExpectation", listener: http.RequestListener<Request, Response>): this;
[7m   [0m [91m                                                                  ~~~~~~~~~~~~~~~[0m
[96mnode_modules/@types/node/https.d.ts[0m:[93m212[0m:[93m101[0m - [91merror[0m[90m TS1005: [0m'(' expected.

[7m212[0m         prependListener(event: "checkExpectation", listener: http.RequestListener<Request, Response>): this;
[7m   [0m [91m                                                                                                    ~[0m
[96mnode_modules/@types/node/https.d.ts[0m:[93m212[0m:[93m102[0m - [91merror[0m[90m TS1005: [0m',' expected.

[7m212[0m         prependListener(event: "checkExpectation", listener: http.RequestListener<Request, Response>): this;
[7m   [0m [91m                                                                                                     ~[0m
[96mnode_modules/@types/node/https.d.ts[0m:[93m212[0m:[93m104[0m - [91merror[0m[90m TS2331: [0m'this' cannot be referenced in a module or namespace body.

[7m212[0m         prependListener(event: "checkExpectation", listener: http.RequestListener<Request, Response>): this;
[7m   [0m [91m                                                                                                       ~~~~[0m
[96mnode_modules/@types/node/https.d.ts[0m:[93m212[0m:[93m108[0m - [91merror[0m[90m TS1005: [0m')' expected.

[7m212[0m         prependListener(event: "checkExpectation", listener: http.RequestListener<Request, Response>): this;
[7m   [0m [91m                                                                                                           ~[0m
[96mnode_modules/@types/node/https.d.ts[0m:[93m213[0m:[93m9[0m - [91merror[0m[90m TS2304: [0mCannot find name 'prependListener'.

[7m213[0m         prependListener(event: "clientError", listener: (err: Error, socket: Duplex) => void): this;
[7m   [0m [91m        ~~~~~~~~~~~~~~~[0m
[96mnode_modules/@types/node/https.d.ts[0m:[93m213[0m:[93m30[0m - [91merror[0m[90m TS1005: [0m',' expected.

[7m213[0m         prependListener(event: "clientError", listener: (err: Error, socket: Duplex) => void): this;
[7m   [0m [91m                             ~[0m
[96mnode_modules/@types/node/https.d.ts[0m:[93m213[0m:[93m47[0m - [91merror[0m[90m TS2304: [0mCannot find name 'listener'.

[7m213[0m         prependListener(event: "clientError", listener: (err: Error, socket: Duplex) => void): this;
[7m   [0m [91m                                              ~~~~~~~~[0m
[96mnode_modules/@types/node/https.d.ts[0m:[93m213[0m:[93m55[0m - [91merror[0m[90m TS1005: [0m',' expected.

[7m213[0m         prependListener(event: "clientError", listener: (err: Error, socket: Duplex) => void): this;
[7m   [0m [91m                                                      ~[0m
[96mnode_modules/@types/node/https.d.ts[0m:[93m213[0m:[93m93[0m - [91merror[0m[90m TS1109: [0mExpression expected.

[7m213[0m         prependListener(event: "clientError", listener: (err: Error, socket: Duplex) => void): this;
[7m   [0m [91m                                                                                            ~[0m
[96mnode_modules/@types/node/https.d.ts[0m:[93m213[0m:[93m94[0m - [91merror[0m[90m TS1005: [0m';' expected.

[7m213[0m         prependListener(event: "clientError", listener: (err: Error, socket: Duplex) => void): this;
[7m   [0m [91m                                                                                             ~[0m
[96mnode_modules/@types/node/https.d.ts[0m:[93m213[0m:[93m96[0m - [91merror[0m[90m TS2331: [0m'this' cannot be referenced in a module or namespace body.

[7m213[0m         prependListener(event: "clientError", listener: (err: Error, socket: Duplex) => void): this;
[7m   [0m [91m                                                                                               ~~~~[0m
[96mnode_modules/@types/node/https.d.ts[0m:[93m214[0m:[93m9[0m - [91merror[0m[90m TS2304: [0mCannot find name 'prependListener'.

[7m214[0m         prependListener(
[7m   [0m [91m        ~~~~~~~~~~~~~~~[0m
[96mnode_modules/@types/node/https.d.ts[0m:[93m215[0m:[93m18[0m - [91merror[0m[90m TS1005: [0m',' expected.

[7m215[0m             event: "connect",
[7m   [0m [91m                 ~[0m
[96mnode_modules/@types/node/https.d.ts[0m:[93m216[0m:[93m13[0m - [91merror[0m[90m TS2304: [0mCannot find name 'listener'.

[7m216[0m             listener: (req: InstanceType<Request>, socket: Duplex, head: Buffer) => void,
[7m   [0m [91m            ~~~~~~~~[0m
[96mnode_modules/@types/node/https.d.ts[0m:[93m216[0m:[93m21[0m - [91merror[0m[90m TS1005: [0m',' expected.

[7m216[0m             listener: (req: InstanceType<Request>, socket: Duplex, head: Buffer) => void,
[7m   [0m [91m                    ~[0m
[96mnode_modules/@types/node/https.d.ts[0m:[93m216[0m:[93m42[0m - [91merror[0m[90m TS2344: [0mType 'Request' does not satisfy the constraint 'new (...args: any) => any'.

[7m216[0m             listener: (req: InstanceType<Request>, socket: Duplex, head: Buffer) => void,
[7m   [0m [91m                                         ~~~~~~~[0m
[96mnode_modules/@types/node/https.d.ts[0m:[93m216[0m:[93m89[0m - [91merror[0m[90m TS1109: [0mExpression expected.

[7m216[0m             listener: (req: InstanceType<Request>, socket: Duplex, head: Buffer) => void,
[7m   [0m [91m                                                                                        ~[0m
[96mnode_modules/@types/node/https.d.ts[0m:[93m217[0m:[93m10[0m - [91merror[0m[90m TS1005: [0m';' expected.

[7m217[0m         ): this;
[7m   [0m [91m         ~[0m
[96mnode_modules/@types/node/https.d.ts[0m:[93m217[0m:[93m12[0m - [91merror[0m[90m TS2331: [0m'this' cannot be referenced in a module or namespace body.

[7m217[0m         ): this;
[7m   [0m [91m           ~~~~[0m
[96mnode_modules/@types/node/https.d.ts[0m:[93m218[0m:[93m9[0m - [91merror[0m[90m TS2304: [0mCannot find name 'prependListener'.

[7m218[0m         prependListener(event: "request", listener: http.RequestListener<Request, Response>): this;
[7m   [0m [91m        ~~~~~~~~~~~~~~~[0m
[96mnode_modules/@types/node/https.d.ts[0m:[93m218[0m:[93m30[0m - [91merror[0m[90m TS1005: [0m',' expected.

[7m218[0m         prependListener(event: "request", listener: http.RequestListener<Request, Response>): this;
[7m   [0m [91m                             ~[0m
[96mnode_modules/@types/node/https.d.ts[0m:[93m218[0m:[93m43[0m - [91merror[0m[90m TS2304: [0mCannot find name 'listener'.

[7m218[0m         prependListener(event: "request", listener: http.RequestListener<Request, Response>): this;
[7m   [0m [91m                                          ~~~~~~~~[0m
[96mnode_modules/@types/node/https.d.ts[0m:[93m218[0m:[93m51[0m - [91merror[0m[90m TS1005: [0m',' expected.

[7m218[0m         prependListener(event: "request", listener: http.RequestListener<Request, Response>): this;
[7m   [0m [91m                                                  ~[0m
[96mnode_modules/@types/node/https.d.ts[0m:[93m218[0m:[93m58[0m - [91merror[0m[90m TS2339: [0mProperty 'RequestListener' does not exist on type 'typeof import("node:http")'.

[7m218[0m         prependListener(event: "request", listener: http.RequestListener<Request, Response>): this;
[7m   [0m [91m                                                         ~~~~~~~~~~~~~~~[0m
[96mnode_modules/@types/node/https.d.ts[0m:[93m218[0m:[93m92[0m - [91merror[0m[90m TS1005: [0m'(' expected.

[7m218[0m         prependListener(event: "request", listener: http.RequestListener<Request, Response>): this;
[7m   [0m [91m                                                                                           ~[0m
[96mnode_modules/@types/node/https.d.ts[0m:[93m218[0m:[93m93[0m - [91merror[0m[90m TS1005: [0m',' expected.

[7m218[0m         prependListener(event: "request", listener: http.RequestListener<Request, Response>): this;
[7m   [0m [91m                                                                                            ~[0m
[96mnode_modules/@types/node/https.d.ts[0m:[93m218[0m:[93m95[0m - [91merror[0m[90m TS2331: [0m'this' cannot be referenced in a module or namespace body.

[7m218[0m         prependListener(event: "request", listener: http.RequestListener<Request, Response>): this;
[7m   [0m [91m                                                                                              ~~~~[0m
[96mnode_modules/@types/node/https.d.ts[0m:[93m218[0m:[93m99[0m - [91merror[0m[90m TS1005: [0m')' expected.

[7m218[0m         prependListener(event: "request", listener: http.RequestListener<Request, Response>): this;
[7m   [0m [91m                                                                                                  ~[0m
[96mnode_modules/@types/node/https.d.ts[0m:[93m219[0m:[93m9[0m - [91merror[0m[90m TS2304: [0mCannot find name 'prependListener'.

[7m219[0m         prependListener(
[7m   [0m [91m        ~~~~~~~~~~~~~~~[0m
[96mnode_modules/@types/node/https.d.ts[0m:[93m220[0m:[93m18[0m - [91merror[0m[90m TS1005: [0m',' expected.

[7m220[0m             event: "upgrade",
[7m   [0m [91m                 ~[0m
[96mnode_modules/@types/node/https.d.ts[0m:[93m221[0m:[93m13[0m - [91merror[0m[90m TS2304: [0mCannot find name 'listener'.

[7m221[0m             listener: (req: InstanceType<Request>, socket: Duplex, head: Buffer) => void,
[7m   [0m [91m            ~~~~~~~~[0m
[96mnode_modules/@types/node/https.d.ts[0m:[93m221[0m:[93m21[0m - [91merror[0m[90m TS1005: [0m',' expected.

[7m221[0m             listener: (req: InstanceType<Request>, socket: Duplex, head: Buffer) => void,
[7m   [0m [91m                    ~[0m
[96mnode_modules/@types/node/https.d.ts[0m:[93m221[0m:[93m42[0m - [91merror[0m[90m TS2344: [0mType 'Request' does not satisfy the constraint 'new (...args: any) => any'.

[7m221[0m             listener: (req: InstanceType<Request>, socket: Duplex, head: Buffer) => void,
[7m   [0m [91m                                         ~~~~~~~[0m
[96mnode_modules/@types/node/https.d.ts[0m:[93m221[0m:[93m89[0m - [91merror[0m[90m TS1109: [0mExpression expected.

[7m221[0m             listener: (req: InstanceType<Request>, socket: Duplex, head: Buffer) => void,
[7m   [0m [91m                                                                                        ~[0m
[96mnode_modules/@types/node/https.d.ts[0m:[93m222[0m:[93m10[0m - [91merror[0m[90m TS1005: [0m';' expected.

[7m222[0m         ): this;
[7m   [0m [91m         ~[0m
[96mnode_modules/@types/node/https.d.ts[0m:[93m222[0m:[93m12[0m - [91merror[0m[90m TS2331: [0m'this' cannot be referenced in a module or namespace body.

[7m222[0m         ): this;
[7m   [0m [91m           ~~~~[0m
[96mnode_modules/@types/node/https.d.ts[0m:[93m223[0m:[93m9[0m - [91merror[0m[90m TS2304: [0mCannot find name 'prependOnceListener'.

[7m223[0m         prependOnceListener(event: string, listener: (...args: any[]) => void): this;
[7m   [0m [91m        ~~~~~~~~~~~~~~~~~~~[0m
[96mnode_modules/@types/node/https.d.ts[0m:[93m223[0m:[93m34[0m - [91merror[0m[90m TS1005: [0m',' expected.

[7m223[0m         prependOnceListener(event: string, listener: (...args: any[]) => void): this;
[7m   [0m [91m                                 ~[0m
[96mnode_modules/@types/node/https.d.ts[0m:[93m223[0m:[93m36[0m - [91merror[0m[90m TS2693: [0m'string' only refers to a type, but is being used as a value here.

[7m223[0m         prependOnceListener(event: string, listener: (...args: any[]) => void): this;
[7m   [0m [91m                                   ~~~~~~[0m
[96mnode_modules/@types/node/https.d.ts[0m:[93m223[0m:[93m44[0m - [91merror[0m[90m TS2304: [0mCannot find name 'listener'.

[7m223[0m         prependOnceListener(event: string, listener: (...args: any[]) => void): this;
[7m   [0m [91m                                           ~~~~~~~~[0m
[96mnode_modules/@types/node/https.d.ts[0m:[93m223[0m:[93m52[0m - [91merror[0m[90m TS1005: [0m',' expected.

[7m223[0m         prependOnceListener(event: string, listener: (...args: any[]) => void): this;
[7m   [0m [91m                                                   ~[0m
[96mnode_modules/@types/node/https.d.ts[0m:[93m223[0m:[93m78[0m - [91merror[0m[90m TS1109: [0mExpression expected.

[7m223[0m         prependOnceListener(event: string, listener: (...args: any[]) => void): this;
[7m   [0m [91m                                                                             ~[0m
[96mnode_modules/@types/node/https.d.ts[0m:[93m223[0m:[93m79[0m - [91merror[0m[90m TS1005: [0m';' expected.

[7m223[0m         prependOnceListener(event: string, listener: (...args: any[]) => void): this;
[7m   [0m [91m                                                                              ~[0m
[96mnode_modules/@types/node/https.d.ts[0m:[93m223[0m:[93m81[0m - [91merror[0m[90m TS2331: [0m'this' cannot be referenced in a module or namespace body.

[7m223[0m         prependOnceListener(event: string, listener: (...args: any[]) => void): this;
[7m   [0m [91m                                                                                ~~~~[0m
[96mnode_modules/@types/node/https.d.ts[0m:[93m224[0m:[93m9[0m - [91merror[0m[90m TS2304: [0mCannot find name 'prependOnceListener'.

[7m224[0m         prependOnceListener(event: "keylog", listener: (line: Buffer, tlsSocket: tls.TLSSocket) => void): this;
[7m   [0m [91m        ~~~~~~~~~~~~~~~~~~~[0m
[96mnode_modules/@types/node/https.d.ts[0m:[93m224[0m:[93m34[0m - [91merror[0m[90m TS1005: [0m',' expected.

[7m224[0m         prependOnceListener(event: "keylog", listener: (line: Buffer, tlsSocket: tls.TLSSocket) => void): this;
[7m   [0m [91m                                 ~[0m
[96mnode_modules/@types/node/https.d.ts[0m:[93m224[0m:[93m46[0m - [91merror[0m[90m TS2304: [0mCannot find name 'listener'.

[7m224[0m         prependOnceListener(event: "keylog", listener: (line: Buffer, tlsSocket: tls.TLSSocket) => void): this;
[7m   [0m [91m                                             ~~~~~~~~[0m
[96mnode_modules/@types/node/https.d.ts[0m:[93m224[0m:[93m54[0m - [91merror[0m[90m TS1005: [0m',' expected.

[7m224[0m         prependOnceListener(event: "keylog", listener: (line: Buffer, tlsSocket: tls.TLSSocket) => void): this;
[7m   [0m [91m                                                     ~[0m
[96mnode_modules/@types/node/https.d.ts[0m:[93m224[0m:[93m104[0m - [91merror[0m[90m TS1109: [0mExpression expected.

[7m224[0m         prependOnceListener(event: "keylog", listener: (line: Buffer, tlsSocket: tls.TLSSocket) => void): this;
[7m   [0m [91m                                                                                                       ~[0m
[96mnode_modules/@types/node/https.d.ts[0m:[93m224[0m:[93m105[0m - [91merror[0m[90m TS1005: [0m';' expected.

[7m224[0m         prependOnceListener(event: "keylog", listener: (line: Buffer, tlsSocket: tls.TLSSocket) => void): this;
[7m   [0m [91m                                                                                                        ~[0m
[96mnode_modules/@types/node/https.d.ts[0m:[93m224[0m:[93m107[0m - [91merror[0m[90m TS2331: [0m'this' cannot be referenced in a module or namespace body.

[7m224[0m         prependOnceListener(event: "keylog", listener: (line: Buffer, tlsSocket: tls.TLSSocket) => void): this;
[7m   [0m [91m                                                                                                          ~~~~[0m
[96mnode_modules/@types/node/https.d.ts[0m:[93m225[0m:[93m9[0m - [91merror[0m[90m TS2304: [0mCannot find name 'prependOnceListener'.

[7m225[0m         prependOnceListener(
[7m   [0m [91m        ~~~~~~~~~~~~~~~~~~~[0m
[96mnode_modules/@types/node/https.d.ts[0m:[93m226[0m:[93m18[0m - [91merror[0m[90m TS1005: [0m',' expected.

[7m226[0m             event: "newSession",
[7m   [0m [91m                 ~[0m
[96mnode_modules/@types/node/https.d.ts[0m:[93m227[0m:[93m13[0m - [91merror[0m[90m TS2304: [0mCannot find name 'listener'.

[7m227[0m             listener: (sessionId: Buffer, sessionData: Buffer, callback: (err: Error, resp: Buffer) => void) => void,
[7m   [0m [91m            ~~~~~~~~[0m
[96mnode_modules/@types/node/https.d.ts[0m:[93m227[0m:[93m21[0m - [91merror[0m[90m TS1005: [0m',' expected.

[7m227[0m             listener: (sessionId: Buffer, sessionData: Buffer, callback: (err: Error, resp: Buffer) => void) => void,
[7m   [0m [91m                    ~[0m
[96mnode_modules/@types/node/https.d.ts[0m:[93m227[0m:[93m117[0m - [91merror[0m[90m TS1109: [0mExpression expected.

[7m227[0m             listener: (sessionId: Buffer, sessionData: Buffer, callback: (err: Error, resp: Buffer) => void) => void,
[7m   [0m [91m                                                                                                                    ~[0m
[96mnode_modules/@types/node/https.d.ts[0m:[93m228[0m:[93m10[0m - [91merror[0m[90m TS1005: [0m';' expected.

[7m228[0m         ): this;
[7m   [0m [91m         ~[0m
[96mnode_modules/@types/node/https.d.ts[0m:[93m228[0m:[93m12[0m - [91merror[0m[90m TS2331: [0m'this' cannot be referenced in a module or namespace body.

[7m228[0m         ): this;
[7m   [0m [91m           ~~~~[0m
[96mnode_modules/@types/node/https.d.ts[0m:[93m229[0m:[93m9[0m - [91merror[0m[90m TS2304: [0mCannot find name 'prependOnceListener'.

[7m229[0m         prependOnceListener(
[7m   [0m [91m        ~~~~~~~~~~~~~~~~~~~[0m
[96mnode_modules/@types/node/https.d.ts[0m:[93m230[0m:[93m18[0m - [91merror[0m[90m TS1005: [0m',' expected.

[7m230[0m             event: "OCSPRequest",
[7m   [0m [91m                 ~[0m
[96mnode_modules/@types/node/https.d.ts[0m:[93m231[0m:[93m13[0m - [91merror[0m[90m TS2304: [0mCannot find name 'listener'.

[7m231[0m             listener: (
[7m   [0m [91m            ~~~~~~~~[0m
[96mnode_modules/@types/node/https.d.ts[0m:[93m231[0m:[93m21[0m - [91merror[0m[90m TS1005: [0m',' expected.

[7m231[0m             listener: (
[7m   [0m [91m                    ~[0m
[96mnode_modules/@types/node/https.d.ts[0m:[93m235[0m:[93m22[0m - [91merror[0m[90m TS1109: [0mExpression expected.

[7m235[0m             ) => void,
[7m   [0m [91m                     ~[0m
[96mnode_modules/@types/node/https.d.ts[0m:[93m236[0m:[93m10[0m - [91merror[0m[90m TS1005: [0m';' expected.

[7m236[0m         ): this;
[7m   [0m [91m         ~[0m
[96mnode_modules/@types/node/https.d.ts[0m:[93m236[0m:[93m12[0m - [91merror[0m[90m TS2331: [0m'this' cannot be referenced in a module or namespace body.

[7m236[0m         ): this;
[7m   [0m [91m           ~~~~[0m
[96mnode_modules/@types/node/https.d.ts[0m:[93m237[0m:[93m9[0m - [91merror[0m[90m TS2304: [0mCannot find name 'prependOnceListener'.

[7m237[0m         prependOnceListener(
[7m   [0m [91m        ~~~~~~~~~~~~~~~~~~~[0m
[96mnode_modules/@types/node/https.d.ts[0m:[93m238[0m:[93m18[0m - [91merror[0m[90m TS1005: [0m',' expected.

[7m238[0m             event: "resumeSession",
[7m   [0m [91m                 ~[0m
[96mnode_modules/@types/node/https.d.ts[0m:[93m239[0m:[93m13[0m - [91merror[0m[90m TS2304: [0mCannot find name 'listener'.

[7m239[0m             listener: (sessionId: Buffer, callback: (err: Error, sessionData: Buffer) => void) => void,
[7m   [0m [91m            ~~~~~~~~[0m
[96mnode_modules/@types/node/https.d.ts[0m:[93m239[0m:[93m21[0m - [91merror[0m[90m TS1005: [0m',' expected.

[7m239[0m             listener: (sessionId: Buffer, callback: (err: Error, sessionData: Buffer) => void) => void,
[7m   [0m [91m                    ~[0m
[96mnode_modules/@types/node/https.d.ts[0m:[93m239[0m:[93m103[0m - [91merror[0m[90m TS1109: [0mExpression expected.

[7m239[0m             listener: (sessionId: Buffer, callback: (err: Error, sessionData: Buffer) => void) => void,
[7m   [0m [91m                                                                                                      ~[0m
[96mnode_modules/@types/node/https.d.ts[0m:[93m240[0m:[93m10[0m - [91merror[0m[90m TS1005: [0m';' expected.

[7m240[0m         ): this;
[7m   [0m [91m         ~[0m
[96mnode_modules/@types/node/https.d.ts[0m:[93m240[0m:[93m12[0m - [91merror[0m[90m TS2331: [0m'this' cannot be referenced in a module or namespace body.

[7m240[0m         ): this;
[7m   [0m [91m           ~~~~[0m
[96mnode_modules/@types/node/https.d.ts[0m:[93m241[0m:[93m9[0m - [91merror[0m[90m TS2304: [0mCannot find name 'prependOnceListener'.

[7m241[0m         prependOnceListener(event: "secureConnection", listener: (tlsSocket: tls.TLSSocket) => void): this;
[7m   [0m [91m        ~~~~~~~~~~~~~~~~~~~[0m
[96mnode_modules/@types/node/https.d.ts[0m:[93m241[0m:[93m34[0m - [91merror[0m[90m TS1005: [0m',' expected.

[7m241[0m         prependOnceListener(event: "secureConnection", listener: (tlsSocket: tls.TLSSocket) => void): this;
[7m   [0m [91m                                 ~[0m
[96mnode_modules/@types/node/https.d.ts[0m:[93m241[0m:[93m56[0m - [91merror[0m[90m TS2304: [0mCannot find name 'listener'.

[7m241[0m         prependOnceListener(event: "secureConnection", listener: (tlsSocket: tls.TLSSocket) => void): this;
[7m   [0m [91m                                                       ~~~~~~~~[0m
[96mnode_modules/@types/node/https.d.ts[0m:[93m241[0m:[93m64[0m - [91merror[0m[90m TS1005: [0m',' expected.

[7m241[0m         prependOnceListener(event: "secureConnection", listener: (tlsSocket: tls.TLSSocket) => void): this;
[7m   [0m [91m                                                               ~[0m
[96mnode_modules/@types/node/https.d.ts[0m:[93m241[0m:[93m100[0m - [91merror[0m[90m TS1109: [0mExpression expected.

[7m241[0m         prependOnceListener(event: "secureConnection", listener: (tlsSocket: tls.TLSSocket) => void): this;
[7m   [0m [91m                                                                                                   ~[0m
[96mnode_modules/@types/node/https.d.ts[0m:[93m241[0m:[93m101[0m - [91merror[0m[90m TS1005: [0m';' expected.

[7m241[0m         prependOnceListener(event: "secureConnection", listener: (tlsSocket: tls.TLSSocket) => void): this;
[7m   [0m [91m                                                                                                    ~[0m
[96mnode_modules/@types/node/https.d.ts[0m:[93m241[0m:[93m103[0m - [91merror[0m[90m TS2331: [0m'this' cannot be referenced in a module or namespace body.

[7m241[0m         prependOnceListener(event: "secureConnection", listener: (tlsSocket: tls.TLSSocket) => void): this;
[7m   [0m [91m                                                                                                      ~~~~[0m
[96mnode_modules/@types/node/https.d.ts[0m:[93m242[0m:[93m9[0m - [91merror[0m[90m TS2304: [0mCannot find name 'prependOnceListener'.

[7m242[0m         prependOnceListener(event: "tlsClientError", listener: (err: Error, tlsSocket: tls.TLSSocket) => void): this;
[7m   [0m [91m        ~~~~~~~~~~~~~~~~~~~[0m
[96mnode_modules/@types/node/https.d.ts[0m:[93m242[0m:[93m34[0m - [91merror[0m[90m TS1005: [0m',' expected.

[7m242[0m         prependOnceListener(event: "tlsClientError", listener: (err: Error, tlsSocket: tls.TLSSocket) => void): this;
[7m   [0m [91m                                 ~[0m
[96mnode_modules/@types/node/https.d.ts[0m:[93m242[0m:[93m54[0m - [91merror[0m[90m TS2304: [0mCannot find name 'listener'.

[7m242[0m         prependOnceListener(event: "tlsClientError", listener: (err: Error, tlsSocket: tls.TLSSocket) => void): this;
[7m   [0m [91m                                                     ~~~~~~~~[0m
[96mnode_modules/@types/node/https.d.ts[0m:[93m242[0m:[93m62[0m - [91merror[0m[90m TS1005: [0m',' expected.

[7m242[0m         prependOnceListener(event: "tlsClientError", listener: (err: Error, tlsSocket: tls.TLSSocket) => void): this;
[7m   [0m [91m                                                             ~[0m
[96mnode_modules/@types/node/https.d.ts[0m:[93m242[0m:[93m110[0m - [91merror[0m[90m TS1109: [0mExpression expected.

[7m242[0m         prependOnceListener(event: "tlsClientError", listener: (err: Error, tlsSocket: tls.TLSSocket) => void): this;
[7m   [0m [91m                                                                                                             ~[0m
[96mnode_modules/@types/node/https.d.ts[0m:[93m242[0m:[93m111[0m - [91merror[0m[90m TS1005: [0m';' expected.

[7m242[0m         prependOnceListener(event: "tlsClientError", listener: (err: Error, tlsSocket: tls.TLSSocket) => void): this;
[7m   [0m [91m                                                                                                              ~[0m
[96mnode_modules/@types/node/https.d.ts[0m:[93m242[0m:[93m113[0m - [91merror[0m[90m TS2331: [0m'this' cannot be referenced in a module or namespace body.

[7m242[0m         prependOnceListener(event: "tlsClientError", listener: (err: Error, tlsSocket: tls.TLSSocket) => void): this;
[7m   [0m [91m                                                                                                                ~~~~[0m
[96mnode_modules/@types/node/https.d.ts[0m:[93m243[0m:[93m9[0m - [91merror[0m[90m TS2304: [0mCannot find name 'prependOnceListener'.

[7m243[0m         prependOnceListener(event: "close", listener: () => void): this;
[7m   [0m [91m        ~~~~~~~~~~~~~~~~~~~[0m
[96mnode_modules/@types/node/https.d.ts[0m:[93m243[0m:[93m34[0m - [91merror[0m[90m TS1005: [0m',' expected.

[7m243[0m         prependOnceListener(event: "close", listener: () => void): this;
[7m   [0m [91m                                 ~[0m
[96mnode_modules/@types/node/https.d.ts[0m:[93m243[0m:[93m45[0m - [91merror[0m[90m TS2304: [0mCannot find name 'listener'.

[7m243[0m         prependOnceListener(event: "close", listener: () => void): this;
[7m   [0m [91m                                            ~~~~~~~~[0m
[96mnode_modules/@types/node/https.d.ts[0m:[93m243[0m:[93m53[0m - [91merror[0m[90m TS1005: [0m',' expected.

[7m243[0m         prependOnceListener(event: "close", listener: () => void): this;
[7m   [0m [91m                                                    ~[0m
[96mnode_modules/@types/node/https.d.ts[0m:[93m243[0m:[93m65[0m - [91merror[0m[90m TS1109: [0mExpression expected.

[7m243[0m         prependOnceListener(event: "close", listener: () => void): this;
[7m   [0m [91m                                                                ~[0m
[96mnode_modules/@types/node/https.d.ts[0m:[93m243[0m:[93m66[0m - [91merror[0m[90m TS1005: [0m';' expected.

[7m243[0m         prependOnceListener(event: "close", listener: () => void): this;
[7m   [0m [91m                                                                 ~[0m
[96mnode_modules/@types/node/https.d.ts[0m:[93m243[0m:[93m68[0m - [91merror[0m[90m TS2331: [0m'this' cannot be referenced in a module or namespace body.

[7m243[0m         prependOnceListener(event: "close", listener: () => void): this;
[7m   [0m [91m                                                                   ~~~~[0m
[96mnode_modules/@types/node/https.d.ts[0m:[93m244[0m:[93m9[0m - [91merror[0m[90m TS2304: [0mCannot find name 'prependOnceListener'.

[7m244[0m         prependOnceListener(event: "connection", listener: (socket: Duplex) => void): this;
[7m   [0m [91m        ~~~~~~~~~~~~~~~~~~~[0m
[96mnode_modules/@types/node/https.d.ts[0m:[93m244[0m:[93m34[0m - [91merror[0m[90m TS1005: [0m',' expected.

[7m244[0m         prependOnceListener(event: "connection", listener: (socket: Duplex) => void): this;
[7m   [0m [91m                                 ~[0m
[96mnode_modules/@types/node/https.d.ts[0m:[93m244[0m:[93m50[0m - [91merror[0m[90m TS2304: [0mCannot find name 'listener'.

[7m244[0m         prependOnceListener(event: "connection", listener: (socket: Duplex) => void): this;
[7m   [0m [91m                                                 ~~~~~~~~[0m
[96mnode_modules/@types/node/https.d.ts[0m:[93m244[0m:[93m58[0m - [91merror[0m[90m TS1005: [0m',' expected.

[7m244[0m         prependOnceListener(event: "connection", listener: (socket: Duplex) => void): this;
[7m   [0m [91m                                                         ~[0m
[96mnode_modules/@types/node/https.d.ts[0m:[93m244[0m:[93m84[0m - [91merror[0m[90m TS1109: [0mExpression expected.

[7m244[0m         prependOnceListener(event: "connection", listener: (socket: Duplex) => void): this;
[7m   [0m [91m                                                                                   ~[0m
[96mnode_modules/@types/node/https.d.ts[0m:[93m244[0m:[93m85[0m - [91merror[0m[90m TS1005: [0m';' expected.

[7m244[0m         prependOnceListener(event: "connection", listener: (socket: Duplex) => void): this;
[7m   [0m [91m                                                                                    ~[0m
[96mnode_modules/@types/node/https.d.ts[0m:[93m244[0m:[93m87[0m - [91merror[0m[90m TS2331: [0m'this' cannot be referenced in a module or namespace body.

[7m244[0m         prependOnceListener(event: "connection", listener: (socket: Duplex) => void): this;
[7m   [0m [91m                                                                                      ~~~~[0m
[96mnode_modules/@types/node/https.d.ts[0m:[93m245[0m:[93m9[0m - [91merror[0m[90m TS2304: [0mCannot find name 'prependOnceListener'.

[7m245[0m         prependOnceListener(event: "error", listener: (err: Error) => void): this;
[7m   [0m [91m        ~~~~~~~~~~~~~~~~~~~[0m
[96mnode_modules/@types/node/https.d.ts[0m:[93m245[0m:[93m34[0m - [91merror[0m[90m TS1005: [0m',' expected.

[7m245[0m         prependOnceListener(event: "error", listener: (err: Error) => void): this;
[7m   [0m [91m                                 ~[0m
[96mnode_modules/@types/node/https.d.ts[0m:[93m245[0m:[93m45[0m - [91merror[0m[90m TS2304: [0mCannot find name 'listener'.

[7m245[0m         prependOnceListener(event: "error", listener: (err: Error) => void): this;
[7m   [0m [91m                                            ~~~~~~~~[0m
[96mnode_modules/@types/node/https.d.ts[0m:[93m245[0m:[93m53[0m - [91merror[0m[90m TS1005: [0m',' expected.

[7m245[0m         prependOnceListener(event: "error", listener: (err: Error) => void): this;
[7m   [0m [91m                                                    ~[0m
[96mnode_modules/@types/node/https.d.ts[0m:[93m245[0m:[93m75[0m - [91merror[0m[90m TS1109: [0mExpression expected.

[7m245[0m         prependOnceListener(event: "error", listener: (err: Error) => void): this;
[7m   [0m [91m                                                                          ~[0m
[96mnode_modules/@types/node/https.d.ts[0m:[93m245[0m:[93m76[0m - [91merror[0m[90m TS1005: [0m';' expected.

[7m245[0m         prependOnceListener(event: "error", listener: (err: Error) => void): this;
[7m   [0m [91m                                                                           ~[0m
[96mnode_modules/@types/node/https.d.ts[0m:[93m245[0m:[93m78[0m - [91merror[0m[90m TS2331: [0m'this' cannot be referenced in a module or namespace body.

[7m245[0m         prependOnceListener(event: "error", listener: (err: Error) => void): this;
[7m   [0m [91m                                                                             ~~~~[0m
[96mnode_modules/@types/node/https.d.ts[0m:[93m246[0m:[93m9[0m - [91merror[0m[90m TS2304: [0mCannot find name 'prependOnceListener'.

[7m246[0m         prependOnceListener(event: "listening", listener: () => void): this;
[7m   [0m [91m        ~~~~~~~~~~~~~~~~~~~[0m
[96mnode_modules/@types/node/https.d.ts[0m:[93m246[0m:[93m34[0m - [91merror[0m[90m TS1005: [0m',' expected.

[7m246[0m         prependOnceListener(event: "listening", listener: () => void): this;
[7m   [0m [91m                                 ~[0m
[96mnode_modules/@types/node/https.d.ts[0m:[93m246[0m:[93m49[0m - [91merror[0m[90m TS2304: [0mCannot find name 'listener'.

[7m246[0m         prependOnceListener(event: "listening", listener: () => void): this;
[7m   [0m [91m                                                ~~~~~~~~[0m
[96mnode_modules/@types/node/https.d.ts[0m:[93m246[0m:[93m57[0m - [91merror[0m[90m TS1005: [0m',' expected.

[7m246[0m         prependOnceListener(event: "listening", listener: () => void): this;
[7m   [0m [91m                                                        ~[0m
[96mnode_modules/@types/node/https.d.ts[0m:[93m246[0m:[93m69[0m - [91merror[0m[90m TS1109: [0mExpression expected.

[7m246[0m         prependOnceListener(event: "listening", listener: () => void): this;
[7m   [0m [91m                                                                    ~[0m
[96mnode_modules/@types/node/https.d.ts[0m:[93m246[0m:[93m70[0m - [91merror[0m[90m TS1005: [0m';' expected.

[7m246[0m         prependOnceListener(event: "listening", listener: () => void): this;
[7m   [0m [91m                                                                     ~[0m
[96mnode_modules/@types/node/https.d.ts[0m:[93m246[0m:[93m72[0m - [91merror[0m[90m TS2331: [0m'this' cannot be referenced in a module or namespace body.

[7m246[0m         prependOnceListener(event: "listening", listener: () => void): this;
[7m   [0m [91m                                                                       ~~~~[0m
[96mnode_modules/@types/node/https.d.ts[0m:[93m247[0m:[93m9[0m - [91merror[0m[90m TS2304: [0mCannot find name 'prependOnceListener'.

[7m247[0m         prependOnceListener(event: "checkContinue", listener: http.RequestListener<Request, Response>): this;
[7m   [0m [91m        ~~~~~~~~~~~~~~~~~~~[0m
[96mnode_modules/@types/node/https.d.ts[0m:[93m247[0m:[93m34[0m - [91merror[0m[90m TS1005: [0m',' expected.

[7m247[0m         prependOnceListener(event: "checkContinue", listener: http.RequestListener<Request, Response>): this;
[7m   [0m [91m                                 ~[0m
[96mnode_modules/@types/node/https.d.ts[0m:[93m247[0m:[93m53[0m - [91merror[0m[90m TS2304: [0mCannot find name 'listener'.

[7m247[0m         prependOnceListener(event: "checkContinue", listener: http.RequestListener<Request, Response>): this;
[7m   [0m [91m                                                    ~~~~~~~~[0m
[96mnode_modules/@types/node/https.d.ts[0m:[93m247[0m:[93m61[0m - [91merror[0m[90m TS1005: [0m',' expected.

[7m247[0m         prependOnceListener(event: "checkContinue", listener: http.RequestListener<Request, Response>): this;
[7m   [0m [91m                                                            ~[0m
[96mnode_modules/@types/node/https.d.ts[0m:[93m247[0m:[93m68[0m - [91merror[0m[90m TS2339: [0mProperty 'RequestListener' does not exist on type 'typeof import("node:http")'.

[7m247[0m         prependOnceListener(event: "checkContinue", listener: http.RequestListener<Request, Response>): this;
[7m   [0m [91m                                                                   ~~~~~~~~~~~~~~~[0m
[96mnode_modules/@types/node/https.d.ts[0m:[93m247[0m:[93m102[0m - [91merror[0m[90m TS1005: [0m'(' expected.

[7m247[0m         prependOnceListener(event: "checkContinue", listener: http.RequestListener<Request, Response>): this;
[7m   [0m [91m                                                                                                     ~[0m
[96mnode_modules/@types/node/https.d.ts[0m:[93m247[0m:[93m103[0m - [91merror[0m[90m TS1005: [0m',' expected.

[7m247[0m         prependOnceListener(event: "checkContinue", listener: http.RequestListener<Request, Response>): this;
[7m   [0m [91m                                                                                                      ~[0m
[96mnode_modules/@types/node/https.d.ts[0m:[93m247[0m:[93m105[0m - [91merror[0m[90m TS2331: [0m'this' cannot be referenced in a module or namespace body.

[7m247[0m         prependOnceListener(event: "checkContinue", listener: http.RequestListener<Request, Response>): this;
[7m   [0m [91m                                                                                                        ~~~~[0m
[96mnode_modules/@types/node/https.d.ts[0m:[93m247[0m:[93m109[0m - [91merror[0m[90m TS1005: [0m')' expected.

[7m247[0m         prependOnceListener(event: "checkContinue", listener: http.RequestListener<Request, Response>): this;
[7m   [0m [91m                                                                                                            ~[0m
[96mnode_modules/@types/node/https.d.ts[0m:[93m248[0m:[93m9[0m - [91merror[0m[90m TS2304: [0mCannot find name 'prependOnceListener'.

[7m248[0m         prependOnceListener(event: "checkExpectation", listener: http.RequestListener<Request, Response>): this;
[7m   [0m [91m        ~~~~~~~~~~~~~~~~~~~[0m
[96mnode_modules/@types/node/https.d.ts[0m:[93m248[0m:[93m34[0m - [91merror[0m[90m TS1005: [0m',' expected.

[7m248[0m         prependOnceListener(event: "checkExpectation", listener: http.RequestListener<Request, Response>): this;
[7m   [0m [91m                                 ~[0m
[96mnode_modules/@types/node/https.d.ts[0m:[93m248[0m:[93m56[0m - [91merror[0m[90m TS2304: [0mCannot find name 'listener'.

[7m248[0m         prependOnceListener(event: "checkExpectation", listener: http.RequestListener<Request, Response>): this;
[7m   [0m [91m                                                       ~~~~~~~~[0m
[96mnode_modules/@types/node/https.d.ts[0m:[93m248[0m:[93m64[0m - [91merror[0m[90m TS1005: [0m',' expected.

[7m248[0m         prependOnceListener(event: "checkExpectation", listener: http.RequestListener<Request, Response>): this;
[7m   [0m [91m                                                               ~[0m
[96mnode_modules/@types/node/https.d.ts[0m:[93m248[0m:[93m71[0m - [91merror[0m[90m TS2339: [0mProperty 'RequestListener' does not exist on type 'typeof import("node:http")'.

[7m248[0m         prependOnceListener(event: "checkExpectation", listener: http.RequestListener<Request, Response>): this;
[7m   [0m [91m                                                                      ~~~~~~~~~~~~~~~[0m
[96mnode_modules/@types/node/https.d.ts[0m:[93m248[0m:[93m105[0m - [91merror[0m[90m TS1005: [0m'(' expected.

[7m248[0m         prependOnceListener(event: "checkExpectation", listener: http.RequestListener<Request, Response>): this;
[7m   [0m [91m                                                                                                        ~[0m
[96mnode_modules/@types/node/https.d.ts[0m:[93m248[0m:[93m106[0m - [91merror[0m[90m TS1005: [0m',' expected.

[7m248[0m         prependOnceListener(event: "checkExpectation", listener: http.RequestListener<Request, Response>): this;
[7m   [0m [91m                                                                                                         ~[0m
[96mnode_modules/@types/node/https.d.ts[0m:[93m248[0m:[93m108[0m - [91merror[0m[90m TS2331: [0m'this' cannot be referenced in a module or namespace body.

[7m248[0m         prependOnceListener(event: "checkExpectation", listener: http.RequestListener<Request, Response>): this;
[7m   [0m [91m                                                                                                           ~~~~[0m
[96mnode_modules/@types/node/https.d.ts[0m:[93m248[0m:[93m112[0m - [91merror[0m[90m TS1005: [0m')' expected.

[7m248[0m         prependOnceListener(event: "checkExpectation", listener: http.RequestListener<Request, Response>): this;
[7m   [0m [91m                                                                                                               ~[0m
[96mnode_modules/@types/node/https.d.ts[0m:[93m249[0m:[93m9[0m - [91merror[0m[90m TS2304: [0mCannot find name 'prependOnceListener'.

[7m249[0m         prependOnceListener(event: "clientError", listener: (err: Error, socket: Duplex) => void): this;
[7m   [0m [91m        ~~~~~~~~~~~~~~~~~~~[0m
[96mnode_modules/@types/node/https.d.ts[0m:[93m249[0m:[93m34[0m - [91merror[0m[90m TS1005: [0m',' expected.

[7m249[0m         prependOnceListener(event: "clientError", listener: (err: Error, socket: Duplex) => void): this;
[7m   [0m [91m                                 ~[0m
[96mnode_modules/@types/node/https.d.ts[0m:[93m249[0m:[93m51[0m - [91merror[0m[90m TS2304: [0mCannot find name 'listener'.

[7m249[0m         prependOnceListener(event: "clientError", listener: (err: Error, socket: Duplex) => void): this;
[7m   [0m [91m                                                  ~~~~~~~~[0m
[96mnode_modules/@types/node/https.d.ts[0m:[93m249[0m:[93m59[0m - [91merror[0m[90m TS1005: [0m',' expected.

[7m249[0m         prependOnceListener(event: "clientError", listener: (err: Error, socket: Duplex) => void): this;
[7m   [0m [91m                                                          ~[0m
[96mnode_modules/@types/node/https.d.ts[0m:[93m249[0m:[93m97[0m - [91merror[0m[90m TS1109: [0mExpression expected.

[7m249[0m         prependOnceListener(event: "clientError", listener: (err: Error, socket: Duplex) => void): this;
[7m   [0m [91m                                                                                                ~[0m
[96mnode_modules/@types/node/https.d.ts[0m:[93m249[0m:[93m98[0m - [91merror[0m[90m TS1005: [0m';' expected.

[7m249[0m         prependOnceListener(event: "clientError", listener: (err: Error, socket: Duplex) => void): this;
[7m   [0m [91m                                                                                                 ~[0m
[96mnode_modules/@types/node/https.d.ts[0m:[93m249[0m:[93m100[0m - [91merror[0m[90m TS2331: [0m'this' cannot be referenced in a module or namespace body.

[7m249[0m         prependOnceListener(event: "clientError", listener: (err: Error, socket: Duplex) => void): this;
[7m   [0m [91m                                                                                                   ~~~~[0m
[96mnode_modules/@types/node/https.d.ts[0m:[93m250[0m:[93m9[0m - [91merror[0m[90m TS2304: [0mCannot find name 'prependOnceListener'.

[7m250[0m         prependOnceListener(
[7m   [0m [91m        ~~~~~~~~~~~~~~~~~~~[0m
[96mnode_modules/@types/node/https.d.ts[0m:[93m251[0m:[93m18[0m - [91merror[0m[90m TS1005: [0m',' expected.

[7m251[0m             event: "connect",
[7m   [0m [91m                 ~[0m
[96mnode_modules/@types/node/https.d.ts[0m:[93m252[0m:[93m13[0m - [91merror[0m[90m TS2304: [0mCannot find name 'listener'.

[7m252[0m             listener: (req: InstanceType<Request>, socket: Duplex, head: Buffer) => void,
[7m   [0m [91m            ~~~~~~~~[0m
[96mnode_modules/@types/node/https.d.ts[0m:[93m252[0m:[93m21[0m - [91merror[0m[90m TS1005: [0m',' expected.

[7m252[0m             listener: (req: InstanceType<Request>, socket: Duplex, head: Buffer) => void,
[7m   [0m [91m                    ~[0m
[96mnode_modules/@types/node/https.d.ts[0m:[93m252[0m:[93m42[0m - [91merror[0m[90m TS2344: [0mType 'Request' does not satisfy the constraint 'new (...args: any) => any'.

[7m252[0m             listener: (req: InstanceType<Request>, socket: Duplex, head: Buffer) => void,
[7m   [0m [91m                                         ~~~~~~~[0m
[96mnode_modules/@types/node/https.d.ts[0m:[93m252[0m:[93m89[0m - [91merror[0m[90m TS1109: [0mExpression expected.

[7m252[0m             listener: (req: InstanceType<Request>, socket: Duplex, head: Buffer) => void,
[7m   [0m [91m                                                                                        ~[0m
[96mnode_modules/@types/node/https.d.ts[0m:[93m253[0m:[93m10[0m - [91merror[0m[90m TS1005: [0m';' expected.

[7m253[0m         ): this;
[7m   [0m [91m         ~[0m
[96mnode_modules/@types/node/https.d.ts[0m:[93m253[0m:[93m12[0m - [91merror[0m[90m TS2331: [0m'this' cannot be referenced in a module or namespace body.

[7m253[0m         ): this;
[7m   [0m [91m           ~~~~[0m
[96mnode_modules/@types/node/https.d.ts[0m:[93m254[0m:[93m9[0m - [91merror[0m[90m TS2304: [0mCannot find name 'prependOnceListener'.

[7m254[0m         prependOnceListener(event: "request", listener: http.RequestListener<Request, Response>): this;
[7m   [0m [91m        ~~~~~~~~~~~~~~~~~~~[0m
[96mnode_modules/@types/node/https.d.ts[0m:[93m254[0m:[93m34[0m - [91merror[0m[90m TS1005: [0m',' expected.

[7m254[0m         prependOnceListener(event: "request", listener: http.RequestListener<Request, Response>): this;
[7m   [0m [91m                                 ~[0m
[96mnode_modules/@types/node/https.d.ts[0m:[93m254[0m:[93m47[0m - [91merror[0m[90m TS2304: [0mCannot find name 'listener'.

[7m254[0m         prependOnceListener(event: "request", listener: http.RequestListener<Request, Response>): this;
[7m   [0m [91m                                              ~~~~~~~~[0m
[96mnode_modules/@types/node/https.d.ts[0m:[93m254[0m:[93m55[0m - [91merror[0m[90m TS1005: [0m',' expected.

[7m254[0m         prependOnceListener(event: "request", listener: http.RequestListener<Request, Response>): this;
[7m   [0m [91m                                                      ~[0m
[96mnode_modules/@types/node/https.d.ts[0m:[93m254[0m:[93m62[0m - [91merror[0m[90m TS2339: [0mProperty 'RequestListener' does not exist on type 'typeof import("node:http")'.

[7m254[0m         prependOnceListener(event: "request", listener: http.RequestListener<Request, Response>): this;
[7m   [0m [91m                                                             ~~~~~~~~~~~~~~~[0m
[96mnode_modules/@types/node/https.d.ts[0m:[93m254[0m:[93m96[0m - [91merror[0m[90m TS1005: [0m'(' expected.

[7m254[0m         prependOnceListener(event: "request", listener: http.RequestListener<Request, Response>): this;
[7m   [0m [91m                                                                                               ~[0m
[96mnode_modules/@types/node/https.d.ts[0m:[93m254[0m:[93m97[0m - [91merror[0m[90m TS1005: [0m',' expected.

[7m254[0m         prependOnceListener(event: "request", listener: http.RequestListener<Request, Response>): this;
[7m   [0m [91m                                                                                                ~[0m
[96mnode_modules/@types/node/https.d.ts[0m:[93m254[0m:[93m99[0m - [91merror[0m[90m TS2331: [0m'this' cannot be referenced in a module or namespace body.

[7m254[0m         prependOnceListener(event: "request", listener: http.RequestListener<Request, Response>): this;
[7m   [0m [91m                                                                                                  ~~~~[0m
[96mnode_modules/@types/node/https.d.ts[0m:[93m254[0m:[93m103[0m - [91merror[0m[90m TS1005: [0m')' expected.

[7m254[0m         prependOnceListener(event: "request", listener: http.RequestListener<Request, Response>): this;
[7m   [0m [91m                                                                                                      ~[0m
[96mnode_modules/@types/node/https.d.ts[0m:[93m255[0m:[93m9[0m - [91merror[0m[90m TS2304: [0mCannot find name 'prependOnceListener'.

[7m255[0m         prependOnceListener(
[7m   [0m [91m        ~~~~~~~~~~~~~~~~~~~[0m
[96mnode_modules/@types/node/https.d.ts[0m:[93m256[0m:[93m18[0m - [91merror[0m[90m TS1005: [0m',' expected.

[7m256[0m             event: "upgrade",
[7m   [0m [91m                 ~[0m
[96mnode_modules/@types/node/https.d.ts[0m:[93m257[0m:[93m13[0m - [91merror[0m[90m TS2304: [0mCannot find name 'listener'.

[7m257[0m             listener: (req: InstanceType<Request>, socket: Duplex, head: Buffer) => void,
[7m   [0m [91m            ~~~~~~~~[0m
[96mnode_modules/@types/node/https.d.ts[0m:[93m257[0m:[93m21[0m - [91merror[0m[90m TS1005: [0m',' expected.

[7m257[0m             listener: (req: InstanceType<Request>, socket: Duplex, head: Buffer) => void,
[7m   [0m [91m                    ~[0m
[96mnode_modules/@types/node/https.d.ts[0m:[93m257[0m:[93m42[0m - [91merror[0m[90m TS2344: [0mType 'Request' does not satisfy the constraint 'new (...args: any) => any'.

[7m257[0m             listener: (req: InstanceType<Request>, socket: Duplex, head: Buffer) => void,
[7m   [0m [91m                                         ~~~~~~~[0m
[96mnode_modules/@types/node/https.d.ts[0m:[93m257[0m:[93m89[0m - [91merror[0m[90m TS1109: [0mExpression expected.

[7m257[0m             listener: (req: InstanceType<Request>, socket: Duplex, head: Buffer) => void,
[7m   [0m [91m                                                                                        ~[0m
[96mnode_modules/@types/node/https.d.ts[0m:[93m258[0m:[93m10[0m - [91merror[0m[90m TS1005: [0m';' expected.

[7m258[0m         ): this;
[7m   [0m [91m         ~[0m
[96mnode_modules/@types/node/https.d.ts[0m:[93m258[0m:[93m12[0m - [91merror[0m[90m TS2331: [0m'this' cannot be referenced in a module or namespace body.

[7m258[0m         ): this;
[7m   [0m [91m           ~~~~[0m
[96mnode_modules/@types/node/https.d.ts[0m:[93m299[0m:[93m9[0m - [91merror[0m[90m TS2706: [0mRequired type parameters may not follow optional type parameters.

[7m299[0m         Response extends typeof http.ServerResponse<InstanceType<Request>> = typeof http.ServerResponse,
[7m   [0m [91m        ~~~~~~~~~~~~~~~~~~~~~~~~~~~~~~~~~~~~~~~~~~~[0m
[96mnode_modules/@types/node/https.d.ts[0m:[93m299[0m:[93m52[0m - [91merror[0m[90m TS1005: [0m',' expected.

[7m299[0m         Response extends typeof http.ServerResponse<InstanceType<Request>> = typeof http.ServerResponse,
[7m   [0m [91m                                                   ~[0m
[96mnode_modules/@types/node/https.d.ts[0m:[93m299[0m:[93m66[0m - [91merror[0m[90m TS2344: [0mType 'Request' does not satisfy the constraint 'new (...args: any) => any'.

[7m299[0m         Response extends typeof http.ServerResponse<InstanceType<Request>> = typeof http.ServerResponse,
[7m   [0m [91m                                                                 ~~~~~~~[0m
[96mnode_modules/@types/node/https.d.ts[0m:[93m299[0m:[93m76[0m - [91merror[0m[90m TS1109: [0mExpression expected.

[7m299[0m         Response extends typeof http.ServerResponse<InstanceType<Request>> = typeof http.ServerResponse,
[7m   [0m [91m                                                                           ~[0m
[96mnode_modules/@types/node/https.d.ts[0m:[93m299[0m:[93m78[0m - [91merror[0m[90m TS2695: [0mLeft side of comma operator is unused and has no side effects.

[7m299[0m         Response extends typeof http.ServerResponse<InstanceType<Request>> = typeof http.ServerResponse,
[7m   [0m [91m                                                                             ~~~~~~~~~~~~~~~~~~~~~~~~~~[0m
[96mnode_modules/@types/node/https.d.ts[0m:[93m300[0m:[93m5[0m - [91merror[0m[90m TS1109: [0mExpression expected.

[7m300[0m     >(requestListener?: http.RequestListener<Request, Response>): Server<Request, Response>;
[7m   [0m [91m    ~[0m
[96mnode_modules/@types/node/https.d.ts[0m:[93m300[0m:[93m7[0m - [91merror[0m[90m TS2304: [0mCannot find name 'requestListener'.

[7m300[0m     >(requestListener?: http.RequestListener<Request, Response>): Server<Request, Response>;
[7m   [0m [91m      ~~~~~~~~~~~~~~~[0m
[96mnode_modules/@types/node/https.d.ts[0m:[93m300[0m:[93m23[0m - [91merror[0m[90m TS1109: [0mExpression expected.

[7m300[0m     >(requestListener?: http.RequestListener<Request, Response>): Server<Request, Response>;
[7m   [0m [91m                      ~[0m
[96mnode_modules/@types/node/https.d.ts[0m:[93m300[0m:[93m30[0m - [91merror[0m[90m TS2339: [0mProperty 'RequestListener' does not exist on type 'typeof import("node:http")'.

[7m300[0m     >(requestListener?: http.RequestListener<Request, Response>): Server<Request, Response>;
[7m   [0m [91m                             ~~~~~~~~~~~~~~~[0m
[96mnode_modules/@types/node/https.d.ts[0m:[93m300[0m:[93m64[0m - [91merror[0m[90m TS1005: [0m'(' expected.

[7m300[0m     >(requestListener?: http.RequestListener<Request, Response>): Server<Request, Response>;
[7m   [0m [91m                                                               ~[0m
[96mnode_modules/@types/node/https.d.ts[0m:[93m300[0m:[93m65[0m - [91merror[0m[90m TS1005: [0m')' expected.

[7m300[0m     >(requestListener?: http.RequestListener<Request, Response>): Server<Request, Response>;
[7m   [0m [91m                                                                ~[0m
[96mnode_modules/@types/node/https.d.ts[0m:[93m300[0m:[93m67[0m - [91merror[0m[90m TS2348: [0mValue of type 'typeof Server' is not callable. Did you mean to include 'new'?

[7m300[0m     >(requestListener?: http.RequestListener<Request, Response>): Server<Request, Response>;
[7m   [0m [91m                                                                  ~~~~~~~~~~~~~~~~~~~~~~~~~[0m
[96mnode_modules/@types/node/https.d.ts[0m:[93m300[0m:[93m92[0m - [91merror[0m[90m TS1005: [0m'(' expected.

[7m300[0m     >(requestListener?: http.RequestListener<Request, Response>): Server<Request, Response>;
[7m   [0m [91m                                                                                           ~[0m
[96mnode_modules/@types/node/https.d.ts[0m:[93m303[0m:[93m9[0m - [91merror[0m[90m TS2706: [0mRequired type parameters may not follow optional type parameters.

[7m303[0m         Response extends typeof http.ServerResponse<InstanceType<Request>> = typeof http.ServerResponse,
[7m   [0m [91m        ~~~~~~~~~~~~~~~~~~~~~~~~~~~~~~~~~~~~~~~~~~~[0m
[96mnode_modules/@types/node/https.d.ts[0m:[93m303[0m:[93m52[0m - [91merror[0m[90m TS1005: [0m',' expected.

[7m303[0m         Response extends typeof http.ServerResponse<InstanceType<Request>> = typeof http.ServerResponse,
[7m   [0m [91m                                                   ~[0m
[96mnode_modules/@types/node/https.d.ts[0m:[93m303[0m:[93m66[0m - [91merror[0m[90m TS2344: [0mType 'Request' does not satisfy the constraint 'new (...args: any) => any'.

[7m303[0m         Response extends typeof http.ServerResponse<InstanceType<Request>> = typeof http.ServerResponse,
[7m   [0m [91m                                                                 ~~~~~~~[0m
[96mnode_modules/@types/node/https.d.ts[0m:[93m303[0m:[93m76[0m - [91merror[0m[90m TS1109: [0mExpression expected.

[7m303[0m         Response extends typeof http.ServerResponse<InstanceType<Request>> = typeof http.ServerResponse,
[7m   [0m [91m                                                                           ~[0m
[96mnode_modules/@types/node/https.d.ts[0m:[93m303[0m:[93m78[0m - [91merror[0m[90m TS2695: [0mLeft side of comma operator is unused and has no side effects.

[7m303[0m         Response extends typeof http.ServerResponse<InstanceType<Request>> = typeof http.ServerResponse,
[7m   [0m [91m                                                                             ~~~~~~~~~~~~~~~~~~~~~~~~~~[0m
[96mnode_modules/@types/node/https.d.ts[0m:[93m304[0m:[93m5[0m - [91merror[0m[90m TS1109: [0mExpression expected.

[7m304[0m     >(
[7m   [0m [91m    ~[0m
[96mnode_modules/@types/node/https.d.ts[0m:[93m305[0m:[93m9[0m - [91merror[0m[90m TS2304: [0mCannot find name 'options'.

[7m305[0m         options: ServerOptions<Request, Response>,
[7m   [0m [91m        ~~~~~~~[0m
[96mnode_modules/@types/node/https.d.ts[0m:[93m305[0m:[93m16[0m - [91merror[0m[90m TS1005: [0m')' expected.

[7m305[0m         options: ServerOptions<Request, Response>,
[7m   [0m [91m               ~[0m
[96mnode_modules/@types/node/https.d.ts[0m:[93m305[0m:[93m18[0m - [91merror[0m[90m TS2693: [0m'ServerOptions' only refers to a type, but is being used as a value here.

[7m305[0m         options: ServerOptions<Request, Response>,
[7m   [0m [91m                 ~~~~~~~~~~~~~[0m
[96mnode_modules/@types/node/https.d.ts[0m:[93m305[0m:[93m18[0m - [91merror[0m[90m TS2695: [0mLeft side of comma operator is unused and has no side effects.

[7m305[0m         options: ServerOptions<Request, Response>,
[7m   [0m [91m                 ~~~~~~~~~~~~~~~~~~~~~[0m
[96mnode_modules/@types/node/https.d.ts[0m:[93m305[0m:[93m18[0m - [91merror[0m[90m TS2695: [0mLeft side of comma operator is unused and has no side effects.

[7m305[0m         options: ServerOptions<Request, Response>,
[7m   [0m [91m                 ~~~~~~~~~~~~~~~~~~~~~~~~~~~~~~~~[0m
[96mnode_modules/@types/node/https.d.ts[0m:[93m305[0m:[93m50[0m - [91merror[0m[90m TS1109: [0mExpression expected.

[7m305[0m         options: ServerOptions<Request, Response>,
[7m   [0m [91m                                                 ~[0m
[96mnode_modules/@types/node/https.d.ts[0m:[93m306[0m:[93m9[0m - [91merror[0m[90m TS2304: [0mCannot find name 'requestListener'.

[7m306[0m         requestListener?: http.RequestListener<Request, Response>,
[7m   [0m [91m        ~~~~~~~~~~~~~~~[0m
[96mnode_modules/@types/node/https.d.ts[0m:[93m306[0m:[93m25[0m - [91merror[0m[90m TS1109: [0mExpression expected.

[7m306[0m         requestListener?: http.RequestListener<Request, Response>,
[7m   [0m [91m                        ~[0m
[96mnode_modules/@types/node/https.d.ts[0m:[93m306[0m:[93m32[0m - [91merror[0m[90m TS2339: [0mProperty 'RequestListener' does not exist on type 'typeof import("node:http")'.

[7m306[0m         requestListener?: http.RequestListener<Request, Response>,
[7m   [0m [91m                               ~~~~~~~~~~~~~~~[0m
[96mnode_modules/@types/node/https.d.ts[0m:[93m306[0m:[93m66[0m - [91merror[0m[90m TS1109: [0mExpression expected.

[7m306[0m         requestListener?: http.RequestListener<Request, Response>,
[7m   [0m [91m                                                                 ~[0m
[96mnode_modules/@types/node/https.d.ts[0m:[93m307[0m:[93m5[0m - [91merror[0m[90m TS1109: [0mExpression expected.

[7m307[0m     ): Server<Request, Response>;
[7m   [0m [91m    ~[0m
[96mnode_modules/@types/node/https.d.ts[0m:[93m307[0m:[93m6[0m - [91merror[0m[90m TS1128: [0mDeclaration or statement expected.

[7m307[0m     ): Server<Request, Response>;
[7m   [0m [91m     ~[0m
[96mnode_modules/@types/node/https.d.ts[0m:[93m307[0m:[93m8[0m - [91merror[0m[90m TS2348: [0mValue of type 'typeof Server' is not callable. Did you mean to include 'new'?

[7m307[0m     ): Server<Request, Response>;
[7m   [0m [91m       ~~~~~~~~~~~~~~~~~~~~~~~~~[0m
[96mnode_modules/@types/node/https.d.ts[0m:[93m307[0m:[93m33[0m - [91merror[0m[90m TS1005: [0m'(' expected.

[7m307[0m     ): Server<Request, Response>;
[7m   [0m [91m                                ~[0m
[96mnode_modules/@types/socket.io/index.d.ts[0m:[93m36[0m:[93m11[0m - [91merror[0m[90m TS2314: [0mGeneric type 'Server<Request, Response>' requires 2 type argument(s).

[7m36[0m     (srv: HttpServer | HttpsServer, opts?: SocketIO.ServerOptions): SocketIO.Server;
[7m  [0m [91m          ~~~~~~~~~~[0m
[96mnode_modules/@types/socket.io/index.d.ts[0m:[93m36[0m:[93m24[0m - [91merror[0m[90m TS2314: [0mGeneric type 'Server<Request, Response>' requires 2 type argument(s).

[7m36[0m     (srv: HttpServer | HttpsServer, opts?: SocketIO.ServerOptions): SocketIO.Server;
[7m  [0m [91m                       ~~~~~~~~~~~[0m
[96mnode_modules/@types/socket.io/index.d.ts[0m:[93m61[0m:[93m15[0m - [91merror[0m[90m TS2314: [0mGeneric type 'Server<Request, Response>' requires 2 type argument(s).

[7m61[0m     new (srv: HttpServer | HttpsServer, opts?: SocketIO.ServerOptions): SocketIO.Server;
[7m  [0m [91m              ~~~~~~~~~~[0m
[96mnode_modules/@types/socket.io/index.d.ts[0m:[93m61[0m:[93m28[0m - [91merror[0m[90m TS2314: [0mGeneric type 'Server<Request, Response>' requires 2 type argument(s).

[7m61[0m     new (srv: HttpServer | HttpsServer, opts?: SocketIO.ServerOptions): SocketIO.Server;
[7m  [0m [91m                           ~~~~~~~~~~~[0m
[96mnode_modules/@types/socket.io/index.d.ts[0m:[93m194[0m:[93m21[0m - [91merror[0m[90m TS2314: [0mGeneric type 'Server<Request, Response>' requires 2 type argument(s).

[7m194[0m         attach(srv: HttpServer | HttpsServer, opts?: ServerOptions): Server;
[7m   [0m [91m                    ~~~~~~~~~~[0m
[96mnode_modules/@types/socket.io/index.d.ts[0m:[93m194[0m:[93m34[0m - [91merror[0m[90m TS2314: [0mGeneric type 'Server<Request, Response>' requires 2 type argument(s).

[7m194[0m         attach(srv: HttpServer | HttpsServer, opts?: ServerOptions): Server;
[7m   [0m [91m                                 ~~~~~~~~~~~[0m
[96mnode_modules/@types/socket.io/index.d.ts[0m:[93m207[0m:[93m21[0m - [91merror[0m[90m TS2314: [0mGeneric type 'Server<Request, Response>' requires 2 type argument(s).

[7m207[0m         listen(srv: HttpServer | HttpsServer, opts?: ServerOptions): Server;
[7m   [0m [91m                    ~~~~~~~~~~[0m
[96mnode_modules/@types/socket.io/index.d.ts[0m:[93m207[0m:[93m34[0m - [91merror[0m[90m TS2314: [0mGeneric type 'Server<Request, Response>' requires 2 type argument(s).

[7m207[0m         listen(srv: HttpServer | HttpsServer, opts?: ServerOptions): Server;
[7m   [0m [91m                                 ~~~~~~~~~~~[0m
[96msrc/html-reports/html-reports.controller.ts[0m:[93m29[0m:[93m11[0m - [91merror[0m[90m TS2339: [0mProperty 'set' does not exist on type 'Response<any, Record<string, any>>'.

[7m29[0m       res.set({
[7m  [0m [91m          ~~~[0m
[96msrc/html-reports/html-reports.controller.ts[0m:[93m33[0m:[93m11[0m - [91merror[0m[90m TS2339: [0mProperty 'status' does not exist on type 'Response<any, Record<string, any>>'.

[7m33[0m       res.status(HttpStatus.CREATED).send(pdf);
[7m  [0m [91m          ~~~~~~[0m
[96msrc/html-reports/html-reports.controller.ts[0m:[93m40[0m:[93m11[0m - [91merror[0m[90m TS2339: [0mProperty 'set' does not exist on type 'Response<any, Record<string, any>>'.

[7m40[0m       res.set({
[7m  [0m [91m          ~~~[0m
[96msrc/html-reports/html-reports.controller.ts[0m:[93m44[0m:[93m11[0m - [91merror[0m[90m TS2339: [0mProperty 'status' does not exist on type 'Response<any, Record<string, any>>'.

[7m44[0m       res.status(HttpStatus.CREATED).send(pdf);
[7m  [0m [91m          ~~~~~~[0m
[96msrc/html-reports/html-reports.controller.ts[0m:[93m60[0m:[93m15[0m - [91merror[0m[90m TS2339: [0mProperty 'status' does not exist on type 'Response<any, Record<string, any>>'.

[7m60[0m           res.status(HttpStatus.CREATED).send(result);
[7m  [0m [91m              ~~~~~~[0m
[96msrc/html-reports/html-reports.controller.ts[0m:[93m64[0m:[93m19[0m - [91merror[0m[90m TS2339: [0mProperty 'status' does not exist on type 'Response<any, Record<string, any>>'.

[7m64[0m               res.status(HttpStatus.CREATED).send(html);
[7m  [0m [91m                  ~~~~~~[0m
[96msrc/html-reports/html-reports.controller.ts[0m:[93m69[0m:[93m17[0m - [91merror[0m[90m TS2339: [0mProperty 'set' does not exist on type 'Response<any, Record<string, any>>'.

[7m69[0m             res.set({
[7m  [0m [91m                ~~~[0m
[96msrc/html-reports/html-reports.controller.ts[0m:[93m73[0m:[93m17[0m - [91merror[0m[90m TS2339: [0mProperty 'status' does not exist on type 'Response<any, Record<string, any>>'.

[7m73[0m             res.status(HttpStatus.CREATED).send(pdf);
[7m  [0m [91m                ~~~~~~[0m
[96msrc/html-reports/html-reports.controller.ts[0m:[93m89[0m:[93m15[0m - [91merror[0m[90m TS2339: [0mProperty 'status' does not exist on type 'Response<any, Record<string, any>>'.

[7m89[0m           res.status(HttpStatus.CREATED).send(result);
[7m  [0m [91m              ~~~~~~[0m
[96msrc/html-reports/html-reports.controller.ts[0m:[93m102[0m:[93m21[0m - [91merror[0m[90m TS2339: [0mProperty 'status' does not exist on type 'Response<any, Record<string, any>>'.

[7m102[0m                 res.status(HttpStatus.CREATED).send(html);
[7m   [0m [91m                    ~~~~~~[0m
[96msrc/html-reports/html-reports.controller.ts[0m:[93m109[0m:[93m21[0m - [91merror[0m[90m TS2339: [0mProperty 'set' does not exist on type 'Response<any, Record<string, any>>'.

[7m109[0m                 res.set({
[7m   [0m [91m                    ~~~[0m
[96msrc/html-reports/html-reports.controller.ts[0m:[93m113[0m:[93m21[0m - [91merror[0m[90m TS2339: [0mProperty 'status' does not exist on type 'Response<any, Record<string, any>>'.

[7m113[0m                 res.status(HttpStatus.CREATED).send(pdf);
[7m   [0m [91m                    ~~~~~~[0m
[96msrc/html-reports/html-reports.controller.ts[0m:[93m132[0m:[93m13[0m - [91merror[0m[90m TS2339: [0mProperty 'set' does not exist on type 'Response<any, Record<string, any>>'.

[7m132[0m         res.set({
[7m   [0m [91m            ~~~[0m
[96msrc/html-reports/html-reports.controller.ts[0m:[93m136[0m:[93m13[0m - [91merror[0m[90m TS2339: [0mProperty 'status' does not exist on type 'Response<any, Record<string, any>>'.

[7m136[0m         res.status(HttpStatus.CREATED).send(pdf);
[7m   [0m [91m            ~~~~~~[0m
[96msrc/html-reports/html-reports.controller.ts[0m:[93m153[0m:[93m15[0m - [91merror[0m[90m TS2339: [0mProperty 'status' does not exist on type 'Response<any, Record<string, any>>'.

[7m153[0m           res.status(HttpStatus.CREATED).send(result);
[7m   [0m [91m              ~~~~~~[0m
[96msrc/html-reports/html-reports.controller.ts[0m:[93m165[0m:[93m21[0m - [91merror[0m[90m TS2339: [0mProperty 'status' does not exist on type 'Response<any, Record<string, any>>'.

[7m165[0m                 res.status(HttpStatus.CREATED).send(html);
[7m   [0m [91m                    ~~~~~~[0m
[96msrc/html-reports/html-reports.controller.ts[0m:[93m171[0m:[93m21[0m - [91merror[0m[90m TS2339: [0mProperty 'set' does not exist on type 'Response<any, Record<string, any>>'.

[7m171[0m                 res.set({
[7m   [0m [91m                    ~~~[0m
[96msrc/html-reports/html-reports.controller.ts[0m:[93m175[0m:[93m21[0m - [91merror[0m[90m TS2339: [0mProperty 'status' does not exist on type 'Response<any, Record<string, any>>'.

[7m175[0m                 res.status(HttpStatus.CREATED).send(pdf);
[7m   [0m [91m                    ~~~~~~[0m
[96msrc/html-reports/html-reports.controller.ts[0m:[93m194[0m:[93m15[0m - [91merror[0m[90m TS2339: [0mProperty 'status' does not exist on type 'Response<any, Record<string, any>>'.

[7m194[0m           res.status(HttpStatus.CREATED).send(result);
[7m   [0m [91m              ~~~~~~[0m
[96msrc/html-reports/html-reports.controller.ts[0m:[93m200[0m:[93m21[0m - [91merror[0m[90m TS2339: [0mProperty 'status' does not exist on type 'Response<any, Record<string, any>>'.

[7m200[0m                 res.status(HttpStatus.CREATED).send(html);
[7m   [0m [91m                    ~~~~~~[0m
[96msrc/html-reports/html-reports.controller.ts[0m:[93m207[0m:[93m21[0m - [91merror[0m[90m TS2339: [0mProperty 'set' does not exist on type 'Response<any, Record<string, any>>'.

[7m207[0m                 res.set({
[7m   [0m [91m                    ~~~[0m
[96msrc/html-reports/html-reports.controller.ts[0m:[93m211[0m:[93m21[0m - [91merror[0m[90m TS2339: [0mProperty 'status' does not exist on type 'Response<any, Record<string, any>>'.

[7m211[0m                 res.status(HttpStatus.CREATED).send(pdf);
[7m   [0m [91m                    ~~~~~~[0m
[96msrc/html-reports/html-reports.controller.ts[0m:[93m233[0m:[93m15[0m - [91merror[0m[90m TS2339: [0mProperty 'status' does not exist on type 'Response<any, Record<string, any>>'.

[7m233[0m           res.status(HttpStatus.CREATED).send(result);
[7m   [0m [91m              ~~~~~~[0m
[96msrc/html-reports/html-reports.controller.ts[0m:[93m246[0m:[93m21[0m - [91merror[0m[90m TS2339: [0mProperty 'status' does not exist on type 'Response<any, Record<string, any>>'.

[7m246[0m                 res.status(HttpStatus.CREATED).send(html);
[7m   [0m [91m                    ~~~~~~[0m
[96msrc/html-reports/html-reports.controller.ts[0m:[93m253[0m:[93m21[0m - [91merror[0m[90m TS2339: [0mProperty 'set' does not exist on type 'Response<any, Record<string, any>>'.

[7m253[0m                 res.set({
[7m   [0m [91m                    ~~~[0m
[96msrc/html-reports/html-reports.controller.ts[0m:[93m257[0m:[93m21[0m - [91merror[0m[90m TS2339: [0mProperty 'status' does not exist on type 'Response<any, Record<string, any>>'.

[7m257[0m                 res.status(HttpStatus.CREATED).send(pdf);
[7m   [0m [91m                    ~~~~~~[0m
[96msrc/html-reports/html-reports.controller.ts[0m:[93m278[0m:[93m15[0m - [91merror[0m[90m TS2339: [0mProperty 'status' does not exist on type 'Response<any, Record<string, any>>'.

[7m278[0m           res.status(HttpStatus.CREATED).send(result);
[7m   [0m [91m              ~~~~~~[0m
[96msrc/html-reports/html-reports.controller.ts[0m:[93m291[0m:[93m21[0m - [91merror[0m[90m TS2339: [0mProperty 'status' does not exist on type 'Response<any, Record<string, any>>'.

[7m291[0m                 res.status(HttpStatus.CREATED).send(html);
[7m   [0m [91m                    ~~~~~~[0m
[96msrc/html-reports/html-reports.controller.ts[0m:[93m298[0m:[93m21[0m - [91merror[0m[90m TS2339: [0mProperty 'set' does not exist on type 'Response<any, Record<string, any>>'.

[7m298[0m                 res.set({
[7m   [0m [91m                    ~~~[0m
[96msrc/html-reports/html-reports.controller.ts[0m:[93m302[0m:[93m21[0m - [91merror[0m[90m TS2339: [0mProperty 'status' does not exist on type 'Response<any, Record<string, any>>'.

[7m302[0m                 res.status(HttpStatus.CREATED).send(pdf);
[7m   [0m [91m                    ~~~~~~[0m
[96msrc/html-reports/html-reports.controller.ts[0m:[93m323[0m:[93m15[0m - [91merror[0m[90m TS2339: [0mProperty 'status' does not exist on type 'Response<any, Record<string, any>>'.

[7m323[0m           res.status(HttpStatus.CREATED).send(result);
[7m   [0m [91m              ~~~~~~[0m
[96msrc/html-reports/html-reports.controller.ts[0m:[93m336[0m:[93m21[0m - [91merror[0m[90m TS2339: [0mProperty 'status' does not exist on type 'Response<any, Record<string, any>>'.

[7m336[0m                 res.status(HttpStatus.CREATED).send(html);
[7m   [0m [91m                    ~~~~~~[0m
[96msrc/html-reports/html-reports.controller.ts[0m:[93m343[0m:[93m21[0m - [91merror[0m[90m TS2339: [0mProperty 'set' does not exist on type 'Response<any, Record<string, any>>'.

[7m343[0m                 res.set({
[7m   [0m [91m                    ~~~[0m
[96msrc/html-reports/html-reports.controller.ts[0m:[93m347[0m:[93m21[0m - [91merror[0m[90m TS2339: [0mProperty 'status' does not exist on type 'Response<any, Record<string, any>>'.

[7m347[0m                 res.status(HttpStatus.CREATED).send(pdf);
[7m   [0m [91m                    ~~~~~~[0m
[96msrc/html-reports/html-reports.controller.ts[0m:[93m390[0m:[93m15[0m - [91merror[0m[90m TS2339: [0mProperty 'status' does not exist on type 'Response<any, Record<string, any>>'.

[7m390[0m           res.status(HttpStatus.CREATED).send(result);
[7m   [0m [91m              ~~~~~~[0m
[96msrc/html-reports/html-reports.controller.ts[0m:[93m403[0m:[93m21[0m - [91merror[0m[90m TS2339: [0mProperty 'status' does not exist on type 'Response<any, Record<string, any>>'.

[7m403[0m                 res.status(HttpStatus.CREATED).send(html);
[7m   [0m [91m                    ~~~~~~[0m
[96msrc/html-reports/html-reports.controller.ts[0m:[93m410[0m:[93m21[0m - [91merror[0m[90m TS2339: [0mProperty 'set' does not exist on type 'Response<any, Record<string, any>>'.

[7m410[0m                 res.set({
[7m   [0m [91m                    ~~~[0m
[96msrc/html-reports/html-reports.controller.ts[0m:[93m414[0m:[93m21[0m - [91merror[0m[90m TS2339: [0mProperty 'status' does not exist on type 'Response<any, Record<string, any>>'.

[7m414[0m                 res.status(HttpStatus.CREATED).send(pdf);
[7m   [0m [91m                    ~~~~~~[0m
[96msrc/html-reports/html-reports.controller.ts[0m:[93m448[0m:[93m15[0m - [91merror[0m[90m TS2339: [0mProperty 'status' does not exist on type 'Response<any, Record<string, any>>'.

[7m448[0m           res.status(HttpStatus.CREATED).send(result);
[7m   [0m [91m              ~~~~~~[0m
[96msrc/html-reports/html-reports.controller.ts[0m:[93m461[0m:[93m21[0m - [91merror[0m[90m TS2339: [0mProperty 'status' does not exist on type 'Response<any, Record<string, any>>'.

[7m461[0m                 res.status(HttpStatus.CREATED).send(html);
[7m   [0m [91m                    ~~~~~~[0m
[96msrc/html-reports/html-reports.controller.ts[0m:[93m468[0m:[93m21[0m - [91merror[0m[90m TS2339: [0mProperty 'set' does not exist on type 'Response<any, Record<string, any>>'.

[7m468[0m                 res.set({
[7m   [0m [91m                    ~~~[0m
[96msrc/html-reports/html-reports.controller.ts[0m:[93m472[0m:[93m21[0m - [91merror[0m[90m TS2339: [0mProperty 'status' does not exist on type 'Response<any, Record<string, any>>'.

[7m472[0m                 res.status(HttpStatus.CREATED).send(pdf);
[7m   [0m [91m                    ~~~~~~[0m
[96msrc/html-reports/html-reports.controller.ts[0m:[93m489[0m:[93m13[0m - [91merror[0m[90m TS2339: [0mProperty 'status' does not exist on type 'Response<any, Record<string, any>>'.

[7m489[0m         res.status(HttpStatus.CREATED).send(result);
[7m   [0m [91m            ~~~~~~[0m
[96msrc/html-reports/html-reports.controller.ts[0m:[93m502[0m:[93m19[0m - [91merror[0m[90m TS2339: [0mProperty 'status' does not exist on type 'Response<any, Record<string, any>>'.

[7m502[0m               res.status(HttpStatus.CREATED).send(html);
[7m   [0m [91m                  ~~~~~~[0m
[96msrc/html-reports/html-reports.controller.ts[0m:[93m509[0m:[93m19[0m - [91merror[0m[90m TS2339: [0mProperty 'set' does not exist on type 'Response<any, Record<string, any>>'.

[7m509[0m               res.set({
[7m   [0m [91m                  ~~~[0m
[96msrc/html-reports/html-reports.controller.ts[0m:[93m513[0m:[93m19[0m - [91merror[0m[90m TS2339: [0mProperty 'status' does not exist on type 'Response<any, Record<string, any>>'.

[7m513[0m               res.status(HttpStatus.CREATED).send(pdf);
[7m   [0m [91m                  ~~~~~~[0m
[96msrc/html-reports/html-reports.controller.ts[0m:[93m531[0m:[93m13[0m - [91merror[0m[90m TS2339: [0mProperty 'status' does not exist on type 'Response<any, Record<string, any>>'.

[7m531[0m         res.status(HttpStatus.CREATED).send(result);
[7m   [0m [91m            ~~~~~~[0m
[96msrc/html-reports/html-reports.controller.ts[0m:[93m544[0m:[93m19[0m - [91merror[0m[90m TS2339: [0mProperty 'status' does not exist on type 'Response<any, Record<string, any>>'.

[7m544[0m               res.status(HttpStatus.CREATED).send(html);
[7m   [0m [91m                  ~~~~~~[0m
[96msrc/html-reports/html-reports.controller.ts[0m:[93m551[0m:[93m19[0m - [91merror[0m[90m TS2339: [0mProperty 'set' does not exist on type 'Response<any, Record<string, any>>'.

[7m551[0m               res.set({
[7m   [0m [91m                  ~~~[0m
[96msrc/html-reports/html-reports.controller.ts[0m:[93m555[0m:[93m19[0m - [91merror[0m[90m TS2339: [0mProperty 'status' does not exist on type 'Response<any, Record<string, any>>'.

[7m555[0m               res.status(HttpStatus.CREATED).send(pdf);
[7m   [0m [91m                  ~~~~~~[0m
[96msrc/html-reports/html-reports.controller.ts[0m:[93m589[0m:[93m15[0m - [91merror[0m[90m TS2339: [0mProperty 'status' does not exist on type 'Response<any, Record<string, any>>'.

[7m589[0m           res.status(HttpStatus.CREATED).send(result);
[7m   [0m [91m              ~~~~~~[0m
[96msrc/html-reports/html-reports.controller.ts[0m:[93m602[0m:[93m21[0m - [91merror[0m[90m TS2339: [0mProperty 'status' does not exist on type 'Response<any, Record<string, any>>'.

[7m602[0m                 res.status(HttpStatus.CREATED).send(html);
[7m   [0m [91m                    ~~~~~~[0m
[96msrc/html-reports/html-reports.controller.ts[0m:[93m609[0m:[93m21[0m - [91merror[0m[90m TS2339: [0mProperty 'set' does not exist on type 'Response<any, Record<string, any>>'.

[7m609[0m                 res.set({
[7m   [0m [91m                    ~~~[0m
[96msrc/html-reports/html-reports.controller.ts[0m:[93m613[0m:[93m21[0m - [91merror[0m[90m TS2339: [0mProperty 'status' does not exist on type 'Response<any, Record<string, any>>'.

[7m613[0m                 res.status(HttpStatus.CREATED).send(pdf);
[7m   [0m [91m                    ~~~~~~[0m
[96msrc/html-reports/html-reports.controller.ts[0m:[93m647[0m:[93m15[0m - [91merror[0m[90m TS2339: [0mProperty 'status' does not exist on type 'Response<any, Record<string, any>>'.

[7m647[0m           res.status(HttpStatus.CREATED).send(result);
[7m   [0m [91m              ~~~~~~[0m
[96msrc/html-reports/html-reports.controller.ts[0m:[93m660[0m:[93m21[0m - [91merror[0m[90m TS2339: [0mProperty 'status' does not exist on type 'Response<any, Record<string, any>>'.

[7m660[0m                 res.status(HttpStatus.CREATED).send(html);
[7m   [0m [91m                    ~~~~~~[0m
[96msrc/html-reports/html-reports.controller.ts[0m:[93m667[0m:[93m21[0m - [91merror[0m[90m TS2339: [0mProperty 'set' does not exist on type 'Response<any, Record<string, any>>'.

[7m667[0m                 res.set({
[7m   [0m [91m                    ~~~[0m
[96msrc/html-reports/html-reports.controller.ts[0m:[93m671[0m:[93m21[0m - [91merror[0m[90m TS2339: [0mProperty 'status' does not exist on type 'Response<any, Record<string, any>>'.

[7m671[0m                 res.status(HttpStatus.CREATED).send(pdf);
[7m   [0m [91m                    ~~~~~~[0m
[96msrc/html-reports/html-reports.controller.ts[0m:[93m690[0m:[93m15[0m - [91merror[0m[90m TS2339: [0mProperty 'status' does not exist on type 'Response<any, Record<string, any>>'.

[7m690[0m           res.status(HttpStatus.CREATED).send(result);
[7m   [0m [91m              ~~~~~~[0m
[96msrc/html-reports/html-reports.controller.ts[0m:[93m703[0m:[93m21[0m - [91merror[0m[90m TS2339: [0mProperty 'status' does not exist on type 'Response<any, Record<string, any>>'.

[7m703[0m                 res.status(HttpStatus.CREATED).send(html);
[7m   [0m [91m                    ~~~~~~[0m
[96msrc/html-reports/html-reports.controller.ts[0m:[93m710[0m:[93m21[0m - [91merror[0m[90m TS2339: [0mProperty 'set' does not exist on type 'Response<any, Record<string, any>>'.

[7m710[0m                 res.set({
[7m   [0m [91m                    ~~~[0m
[96msrc/html-reports/html-reports.controller.ts[0m:[93m714[0m:[93m21[0m - [91merror[0m[90m TS2339: [0mProperty 'status' does not exist on type 'Response<any, Record<string, any>>'.

[7m714[0m                 res.status(HttpStatus.CREATED).send(pdf);
[7m   [0m [91m                    ~~~~~~[0m
[96msrc/html-reports/html-reports.controller.ts[0m:[93m748[0m:[93m15[0m - [91merror[0m[90m TS2339: [0mProperty 'status' does not exist on type 'Response<any, Record<string, any>>'.

[7m748[0m           res.status(HttpStatus.CREATED).send(result);
[7m   [0m [91m              ~~~~~~[0m
[96msrc/html-reports/html-reports.controller.ts[0m:[93m761[0m:[93m21[0m - [91merror[0m[90m TS2339: [0mProperty 'status' does not exist on type 'Response<any, Record<string, any>>'.

[7m761[0m                 res.status(HttpStatus.CREATED).send(html);
[7m   [0m [91m                    ~~~~~~[0m
[96msrc/html-reports/html-reports.controller.ts[0m:[93m768[0m:[93m21[0m - [91merror[0m[90m TS2339: [0mProperty 'set' does not exist on type 'Response<any, Record<string, any>>'.

[7m768[0m                 res.set({
[7m   [0m [91m                    ~~~[0m
[96msrc/html-reports/html-reports.controller.ts[0m:[93m772[0m:[93m21[0m - [91merror[0m[90m TS2339: [0mProperty 'status' does not exist on type 'Response<any, Record<string, any>>'.

[7m772[0m                 res.status(HttpStatus.CREATED).send(pdf);
[7m   [0m [91m                    ~~~~~~[0m
[96msrc/html-reports/html-reports.controller.ts[0m:[93m791[0m:[93m15[0m - [91merror[0m[90m TS2339: [0mProperty 'status' does not exist on type 'Response<any, Record<string, any>>'.

[7m791[0m           res.status(HttpStatus.CREATED).send(result);
[7m   [0m [91m              ~~~~~~[0m
[96msrc/html-reports/html-reports.controller.ts[0m:[93m804[0m:[93m21[0m - [91merror[0m[90m TS2339: [0mProperty 'status' does not exist on type 'Response<any, Record<string, any>>'.

[7m804[0m                 res.status(HttpStatus.CREATED).send(html);
[7m   [0m [91m                    ~~~~~~[0m
[96msrc/html-reports/html-reports.controller.ts[0m:[93m811[0m:[93m21[0m - [91merror[0m[90m TS2339: [0mProperty 'set' does not exist on type 'Response<any, Record<string, any>>'.

[7m811[0m                 res.set({
[7m   [0m [91m                    ~~~[0m
[96msrc/html-reports/html-reports.controller.ts[0m:[93m815[0m:[93m21[0m - [91merror[0m[90m TS2339: [0mProperty 'status' does not exist on type 'Response<any, Record<string, any>>'.

[7m815[0m                 res.status(HttpStatus.CREATED).send(pdf);
[7m   [0m [91m                    ~~~~~~[0m
[96msrc/html-reports/html-reports.controller.ts[0m:[93m849[0m:[93m15[0m - [91merror[0m[90m TS2339: [0mProperty 'status' does not exist on type 'Response<any, Record<string, any>>'.

[7m849[0m           res.status(HttpStatus.CREATED).send(result);
[7m   [0m [91m              ~~~~~~[0m
[96msrc/html-reports/html-reports.controller.ts[0m:[93m862[0m:[93m21[0m - [91merror[0m[90m TS2339: [0mProperty 'status' does not exist on type 'Response<any, Record<string, any>>'.

[7m862[0m                 res.status(HttpStatus.CREATED).send(html);
[7m   [0m [91m                    ~~~~~~[0m
[96msrc/html-reports/html-reports.controller.ts[0m:[93m869[0m:[93m21[0m - [91merror[0m[90m TS2339: [0mProperty 'set' does not exist on type 'Response<any, Record<string, any>>'.

[7m869[0m                 res.set({
[7m   [0m [91m                    ~~~[0m
[96msrc/html-reports/html-reports.controller.ts[0m:[93m873[0m:[93m21[0m - [91merror[0m[90m TS2339: [0mProperty 'status' does not exist on type 'Response<any, Record<string, any>>'.

[7m873[0m                 res.status(HttpStatus.CREATED).send(pdf);
[7m   [0m [91m                    ~~~~~~[0m
[96msrc/html-reports/html-reports.controller.ts[0m:[93m894[0m:[93m15[0m - [91merror[0m[90m TS2339: [0mProperty 'status' does not exist on type 'Response<any, Record<string, any>>'.

[7m894[0m           res.status(HttpStatus.CREATED).send(result);
[7m   [0m [91m              ~~~~~~[0m
[96msrc/html-reports/html-reports.controller.ts[0m:[93m907[0m:[93m21[0m - [91merror[0m[90m TS2339: [0mProperty 'status' does not exist on type 'Response<any, Record<string, any>>'.

[7m907[0m                 res.status(HttpStatus.CREATED).send(html);
[7m   [0m [91m                    ~~~~~~[0m
[96msrc/html-reports/html-reports.controller.ts[0m:[93m914[0m:[93m21[0m - [91merror[0m[90m TS2339: [0mProperty 'set' does not exist on type 'Response<any, Record<string, any>>'.

[7m914[0m                 res.set({
[7m   [0m [91m                    ~~~[0m
[96msrc/html-reports/html-reports.controller.ts[0m:[93m918[0m:[93m21[0m - [91merror[0m[90m TS2339: [0mProperty 'status' does not exist on type 'Response<any, Record<string, any>>'.

[7m918[0m                 res.status(HttpStatus.CREATED).send(pdf);
[7m   [0m [91m                    ~~~~~~[0m
[96msrc/html-reports/html-reports.controller.ts[0m:[93m936[0m:[93m13[0m - [91merror[0m[90m TS2339: [0mProperty 'status' does not exist on type 'Response<any, Record<string, any>>'.

[7m936[0m         res.status(HttpStatus.CREATED).send(result);
[7m   [0m [91m            ~~~~~~[0m
[96msrc/html-reports/html-reports.controller.ts[0m:[93m948[0m:[93m19[0m - [91merror[0m[90m TS2339: [0mProperty 'status' does not exist on type 'Response<any, Record<string, any>>'.

[7m948[0m               res.status(HttpStatus.CREATED).send(html);
[7m   [0m [91m                  ~~~~~~[0m
[96msrc/html-reports/html-reports.controller.ts[0m:[93m954[0m:[93m19[0m - [91merror[0m[90m TS2339: [0mProperty 'set' does not exist on type 'Response<any, Record<string, any>>'.

[7m954[0m               res.set({
[7m   [0m [91m                  ~~~[0m
[96msrc/html-reports/html-reports.controller.ts[0m:[93m958[0m:[93m19[0m - [91merror[0m[90m TS2339: [0mProperty 'status' does not exist on type 'Response<any, Record<string, any>>'.

[7m958[0m               res.status(HttpStatus.CREATED).send(pdf);
[7m   [0m [91m                  ~~~~~~[0m
[96msrc/html-reports/html-reports.controller.ts[0m:[93m975[0m:[93m13[0m - [91merror[0m[90m TS2339: [0mProperty 'status' does not exist on type 'Response<any, Record<string, any>>'.

[7m975[0m         res.status(HttpStatus.CREATED).send(result);
[7m   [0m [91m            ~~~~~~[0m
[96msrc/html-reports/html-reports.controller.ts[0m:[93m988[0m:[93m19[0m - [91merror[0m[90m TS2339: [0mProperty 'status' does not exist on type 'Response<any, Record<string, any>>'.

[7m988[0m               res.status(HttpStatus.CREATED).send(html);
[7m   [0m [91m                  ~~~~~~[0m
[96msrc/html-reports/html-reports.controller.ts[0m:[93m995[0m:[93m19[0m - [91merror[0m[90m TS2339: [0mProperty 'set' does not exist on type 'Response<any, Record<string, any>>'.

[7m995[0m               res.set({
[7m   [0m [91m                  ~~~[0m
[96msrc/html-reports/html-reports.controller.ts[0m:[93m999[0m:[93m19[0m - [91merror[0m[90m TS2339: [0mProperty 'status' does not exist on type 'Response<any, Record<string, any>>'.

[7m999[0m               res.status(HttpStatus.CREATED).send(pdf);
[7m   [0m [91m                  ~~~~~~[0m
[96msrc/html-reports/html-reports.controller.ts[0m:[93m1033[0m:[93m15[0m - [91merror[0m[90m TS2339: [0mProperty 'status' does not exist on type 'Response<any, Record<string, any>>'.

[7m1033[0m           res.status(HttpStatus.CREATED).send(result);
[7m    [0m [91m              ~~~~~~[0m
[96msrc/html-reports/html-reports.controller.ts[0m:[93m1046[0m:[93m21[0m - [91merror[0m[90m TS2339: [0mProperty 'status' does not exist on type 'Response<any, Record<string, any>>'.

[7m1046[0m                 res.status(HttpStatus.CREATED).send(html);
[7m    [0m [91m                    ~~~~~~[0m
[96msrc/html-reports/html-reports.controller.ts[0m:[93m1053[0m:[93m21[0m - [91merror[0m[90m TS2339: [0mProperty 'set' does not exist on type 'Response<any, Record<string, any>>'.

[7m1053[0m                 res.set({
[7m    [0m [91m                    ~~~[0m
[96msrc/html-reports/html-reports.controller.ts[0m:[93m1057[0m:[93m21[0m - [91merror[0m[90m TS2339: [0mProperty 'status' does not exist on type 'Response<any, Record<string, any>>'.

[7m1057[0m                 res.status(HttpStatus.CREATED).send(pdf);
[7m    [0m [91m                    ~~~~~~[0m
[96msrc/html-reports/html-reports.controller.ts[0m:[93m1077[0m:[93m15[0m - [91merror[0m[90m TS2339: [0mProperty 'status' does not exist on type 'Response<any, Record<string, any>>'.

[7m1077[0m           res.status(HttpStatus.CREATED).send(result);
[7m    [0m [91m              ~~~~~~[0m
[96msrc/html-reports/html-reports.controller.ts[0m:[93m1090[0m:[93m21[0m - [91merror[0m[90m TS2339: [0mProperty 'status' does not exist on type 'Response<any, Record<string, any>>'.

[7m1090[0m                 res.status(HttpStatus.CREATED).send(html);
[7m    [0m [91m                    ~~~~~~[0m
[96msrc/html-reports/html-reports.controller.ts[0m:[93m1097[0m:[93m21[0m - [91merror[0m[90m TS2339: [0mProperty 'set' does not exist on type 'Response<any, Record<string, any>>'.

[7m1097[0m                 res.set({
[7m    [0m [91m                    ~~~[0m
[96msrc/html-reports/html-reports.controller.ts[0m:[93m1101[0m:[93m21[0m - [91merror[0m[90m TS2339: [0mProperty 'status' does not exist on type 'Response<any, Record<string, any>>'.

[7m1101[0m                 res.status(HttpStatus.CREATED).send(pdf);
[7m    [0m [91m                    ~~~~~~[0m
[96msrc/html-reports/html-reports.controller.ts[0m:[93m1122[0m:[93m15[0m - [91merror[0m[90m TS2339: [0mProperty 'status' does not exist on type 'Response<any, Record<string, any>>'.

[7m1122[0m           res.status(HttpStatus.CREATED).send(result);
[7m    [0m [91m              ~~~~~~[0m
[96msrc/html-reports/html-reports.controller.ts[0m:[93m1135[0m:[93m21[0m - [91merror[0m[90m TS2339: [0mProperty 'status' does not exist on type 'Response<any, Record<string, any>>'.

[7m1135[0m                 res.status(HttpStatus.CREATED).send(html);
[7m    [0m [91m                    ~~~~~~[0m
[96msrc/html-reports/html-reports.controller.ts[0m:[93m1142[0m:[93m21[0m - [91merror[0m[90m TS2339: [0mProperty 'set' does not exist on type 'Response<any, Record<string, any>>'.

[7m1142[0m                 res.set({
[7m    [0m [91m                    ~~~[0m
[96msrc/html-reports/html-reports.controller.ts[0m:[93m1146[0m:[93m21[0m - [91merror[0m[90m TS2339: [0mProperty 'status' does not exist on type 'Response<any, Record<string, any>>'.

[7m1146[0m                 res.status(HttpStatus.CREATED).send(pdf);
[7m    [0m [91m                    ~~~~~~[0m
[96msrc/html-reports/html-reports.controller.ts[0m:[93m1166[0m:[93m15[0m - [91merror[0m[90m TS2339: [0mProperty 'status' does not exist on type 'Response<any, Record<string, any>>'.

[7m1166[0m           res.status(HttpStatus.CREATED).send(result);
[7m    [0m [91m              ~~~~~~[0m
[96msrc/html-reports/html-reports.controller.ts[0m:[93m1179[0m:[93m21[0m - [91merror[0m[90m TS2339: [0mProperty 'status' does not exist on type 'Response<any, Record<string, any>>'.

[7m1179[0m                 res.status(HttpStatus.CREATED).send(html);
[7m    [0m [91m                    ~~~~~~[0m
[96msrc/html-reports/html-reports.controller.ts[0m:[93m1186[0m:[93m21[0m - [91merror[0m[90m TS2339: [0mProperty 'set' does not exist on type 'Response<any, Record<string, any>>'.

[7m1186[0m                 res.set({
[7m    [0m [91m                    ~~~[0m
[96msrc/html-reports/html-reports.controller.ts[0m:[93m1190[0m:[93m21[0m - [91merror[0m[90m TS2339: [0mProperty 'status' does not exist on type 'Response<any, Record<string, any>>'.

[7m1190[0m                 res.status(HttpStatus.CREATED).send(pdf);
[7m    [0m [91m                    ~~~~~~[0m
[96msrc/html-reports/html-reports.controller.ts[0m:[93m1224[0m:[93m15[0m - [91merror[0m[90m TS2339: [0mProperty 'status' does not exist on type 'Response<any, Record<string, any>>'.

[7m1224[0m           res.status(HttpStatus.CREATED).send(result);
[7m    [0m [91m              ~~~~~~[0m
[96msrc/html-reports/html-reports.controller.ts[0m:[93m1237[0m:[93m21[0m - [91merror[0m[90m TS2339: [0mProperty 'status' does not exist on type 'Response<any, Record<string, any>>'.

[7m1237[0m                 res.status(HttpStatus.CREATED).send(html);
[7m    [0m [91m                    ~~~~~~[0m
[96msrc/html-reports/html-reports.controller.ts[0m:[93m1244[0m:[93m21[0m - [91merror[0m[90m TS2339: [0mProperty 'set' does not exist on type 'Response<any, Record<string, any>>'.

[7m1244[0m                 res.set({
[7m    [0m [91m                    ~~~[0m
[96msrc/html-reports/html-reports.controller.ts[0m:[93m1248[0m:[93m21[0m - [91merror[0m[90m TS2339: [0mProperty 'status' does not exist on type 'Response<any, Record<string, any>>'.

[7m1248[0m                 res.status(HttpStatus.CREATED).send(pdf);
[7m    [0m [91m                    ~~~~~~[0m
[96msrc/html-reports/html-reports.controller.ts[0m:[93m1275[0m:[93m15[0m - [91merror[0m[90m TS2339: [0mProperty 'status' does not exist on type 'Response<any, Record<string, any>>'.

[7m1275[0m           res.status(HttpStatus.CREATED).send(result);
[7m    [0m [91m              ~~~~~~[0m
[96msrc/html-reports/html-reports.controller.ts[0m:[93m1288[0m:[93m21[0m - [91merror[0m[90m TS2339: [0mProperty 'status' does not exist on type 'Response<any, Record<string, any>>'.

[7m1288[0m                 res.status(HttpStatus.CREATED).send(html);
[7m    [0m [91m                    ~~~~~~[0m
[96msrc/html-reports/html-reports.controller.ts[0m:[93m1295[0m:[93m21[0m - [91merror[0m[90m TS2339: [0mProperty 'set' does not exist on type 'Response<any, Record<string, any>>'.

[7m1295[0m                 res.set({
[7m    [0m [91m                    ~~~[0m
[96msrc/html-reports/html-reports.controller.ts[0m:[93m1299[0m:[93m21[0m - [91merror[0m[90m TS2339: [0mProperty 'status' does not exist on type 'Response<any, Record<string, any>>'.

[7m1299[0m                 res.status(HttpStatus.CREATED).send(pdf);
[7m    [0m [91m                    ~~~~~~[0m
[96msrc/html-reports/html-reports.controller.ts[0m:[93m1331[0m:[93m15[0m - [91merror[0m[90m TS2339: [0mProperty 'status' does not exist on type 'Response<any, Record<string, any>>'.

[7m1331[0m           res.status(HttpStatus.CREATED).send(result);
[7m    [0m [91m              ~~~~~~[0m
[96msrc/html-reports/html-reports.controller.ts[0m:[93m1344[0m:[93m21[0m - [91merror[0m[90m TS2339: [0mProperty 'status' does not exist on type 'Response<any, Record<string, any>>'.

[7m1344[0m                 res.status(HttpStatus.CREATED).send(html);
[7m    [0m [91m                    ~~~~~~[0m
[96msrc/html-reports/html-reports.controller.ts[0m:[93m1351[0m:[93m21[0m - [91merror[0m[90m TS2339: [0mProperty 'set' does not exist on type 'Response<any, Record<string, any>>'.

[7m1351[0m                 res.set({
[7m    [0m [91m                    ~~~[0m
[96msrc/html-reports/html-reports.controller.ts[0m:[93m1355[0m:[93m21[0m - [91merror[0m[90m TS2339: [0mProperty 'status' does not exist on type 'Response<any, Record<string, any>>'.

[7m1355[0m                 res.status(HttpStatus.CREATED).send(pdf);
[7m    [0m [91m                    ~~~~~~[0m
[96msrc/html-reports/html-reports.controller.ts[0m:[93m1387[0m:[93m15[0m - [91merror[0m[90m TS2339: [0mProperty 'status' does not exist on type 'Response<any, Record<string, any>>'.

[7m1387[0m           res.status(HttpStatus.CREATED).send(result);
[7m    [0m [91m              ~~~~~~[0m
[96msrc/html-reports/html-reports.controller.ts[0m:[93m1400[0m:[93m21[0m - [91merror[0m[90m TS2339: [0mProperty 'status' does not exist on type 'Response<any, Record<string, any>>'.

[7m1400[0m                 res.status(HttpStatus.CREATED).send(html);
[7m    [0m [91m                    ~~~~~~[0m
[96msrc/html-reports/html-reports.controller.ts[0m:[93m1407[0m:[93m21[0m - [91merror[0m[90m TS2339: [0mProperty 'set' does not exist on type 'Response<any, Record<string, any>>'.

[7m1407[0m                 res.set({
[7m    [0m [91m                    ~~~[0m
[96msrc/html-reports/html-reports.controller.ts[0m:[93m1411[0m:[93m21[0m - [91merror[0m[90m TS2339: [0mProperty 'status' does not exist on type 'Response<any, Record<string, any>>'.

[7m1411[0m                 res.status(HttpStatus.CREATED).send(pdf);
[7m    [0m [91m                    ~~~~~~[0m
[96msrc/html-reports/html-reports.controller.ts[0m:[93m1441[0m:[93m15[0m - [91merror[0m[90m TS2339: [0mProperty 'status' does not exist on type 'Response<any, Record<string, any>>'.

[7m1441[0m           res.status(HttpStatus.CREATED).send(result);
[7m    [0m [91m              ~~~~~~[0m
[96msrc/html-reports/html-reports.controller.ts[0m:[93m1454[0m:[93m21[0m - [91merror[0m[90m TS2339: [0mProperty 'status' does not exist on type 'Response<any, Record<string, any>>'.

[7m1454[0m                 res.status(HttpStatus.CREATED).send(html);
[7m    [0m [91m                    ~~~~~~[0m
[96msrc/html-reports/html-reports.controller.ts[0m:[93m1461[0m:[93m21[0m - [91merror[0m[90m TS2339: [0mProperty 'set' does not exist on type 'Response<any, Record<string, any>>'.

[7m1461[0m                 res.set({
[7m    [0m [91m                    ~~~[0m
[96msrc/html-reports/html-reports.controller.ts[0m:[93m1465[0m:[93m21[0m - [91merror[0m[90m TS2339: [0mProperty 'status' does not exist on type 'Response<any, Record<string, any>>'.

[7m1465[0m                 res.status(HttpStatus.CREATED).send(pdf);
[7m    [0m [91m                    ~~~~~~[0m
[96msrc/html-reports/html-reports.controller.ts[0m:[93m1495[0m:[93m15[0m - [91merror[0m[90m TS2339: [0mProperty 'status' does not exist on type 'Response<any, Record<string, any>>'.

[7m1495[0m           res.status(HttpStatus.CREATED).send(result);
[7m    [0m [91m              ~~~~~~[0m
[96msrc/html-reports/html-reports.controller.ts[0m:[93m1508[0m:[93m21[0m - [91merror[0m[90m TS2339: [0mProperty 'status' does not exist on type 'Response<any, Record<string, any>>'.

[7m1508[0m                 res.status(HttpStatus.CREATED).send(html);
[7m    [0m [91m                    ~~~~~~[0m
[96msrc/html-reports/html-reports.controller.ts[0m:[93m1515[0m:[93m21[0m - [91merror[0m[90m TS2339: [0mProperty 'set' does not exist on type 'Response<any, Record<string, any>>'.

[7m1515[0m                 res.set({
[7m    [0m [91m                    ~~~[0m
[96msrc/html-reports/html-reports.controller.ts[0m:[93m1519[0m:[93m21[0m - [91merror[0m[90m TS2339: [0mProperty 'status' does not exist on type 'Response<any, Record<string, any>>'.

[7m1519[0m                 res.status(HttpStatus.CREATED).send(pdf);
[7m    [0m [91m                    ~~~~~~[0m
[96msrc/html-reports/html-reports.controller.ts[0m:[93m1537[0m:[93m13[0m - [91merror[0m[90m TS2339: [0mProperty 'status' does not exist on type 'Response<any, Record<string, any>>'.

[7m1537[0m         res.status(HttpStatus.CREATED).send(result);
[7m    [0m [91m            ~~~~~~[0m
[96msrc/html-reports/html-reports.controller.ts[0m:[93m1549[0m:[93m19[0m - [91merror[0m[90m TS2339: [0mProperty 'status' does not exist on type 'Response<any, Record<string, any>>'.

[7m1549[0m               res.status(HttpStatus.CREATED).send(html);
[7m    [0m [91m                  ~~~~~~[0m
[96msrc/html-reports/html-reports.controller.ts[0m:[93m1555[0m:[93m19[0m - [91merror[0m[90m TS2339: [0mProperty 'set' does not exist on type 'Response<any, Record<string, any>>'.

[7m1555[0m               res.set({
[7m    [0m [91m                  ~~~[0m
[96msrc/html-reports/html-reports.controller.ts[0m:[93m1559[0m:[93m19[0m - [91merror[0m[90m TS2339: [0mProperty 'status' does not exist on type 'Response<any, Record<string, any>>'.

[7m1559[0m               res.status(HttpStatus.CREATED).send(pdf);
[7m    [0m [91m                  ~~~~~~[0m
[96msrc/html-reports/html-reports.controller.ts[0m:[93m1591[0m:[93m15[0m - [91merror[0m[90m TS2339: [0mProperty 'status' does not exist on type 'Response<any, Record<string, any>>'.

[7m1591[0m           res.status(HttpStatus.CREATED).send(result);
[7m    [0m [91m              ~~~~~~[0m
[96msrc/html-reports/html-reports.controller.ts[0m:[93m1604[0m:[93m21[0m - [91merror[0m[90m TS2339: [0mProperty 'status' does not exist on type 'Response<any, Record<string, any>>'.

[7m1604[0m                 res.status(HttpStatus.CREATED).send(html);
[7m    [0m [91m                    ~~~~~~[0m
[96msrc/html-reports/html-reports.controller.ts[0m:[93m1611[0m:[93m21[0m - [91merror[0m[90m TS2339: [0mProperty 'set' does not exist on type 'Response<any, Record<string, any>>'.

[7m1611[0m                 res.set({
[7m    [0m [91m                    ~~~[0m
[96msrc/html-reports/html-reports.controller.ts[0m:[93m1615[0m:[93m21[0m - [91merror[0m[90m TS2339: [0mProperty 'status' does not exist on type 'Response<any, Record<string, any>>'.

[7m1615[0m                 res.status(HttpStatus.CREATED).send(pdf);
[7m    [0m [91m                    ~~~~~~[0m
[96msrc/html-reports/html-reports.controller.ts[0m:[93m1650[0m:[93m15[0m - [91merror[0m[90m TS2339: [0mProperty 'status' does not exist on type 'Response<any, Record<string, any>>'.

[7m1650[0m           res.status(HttpStatus.CREATED).send(result);
[7m    [0m [91m              ~~~~~~[0m
[96msrc/html-reports/html-reports.controller.ts[0m:[93m1663[0m:[93m21[0m - [91merror[0m[90m TS2339: [0mProperty 'status' does not exist on type 'Response<any, Record<string, any>>'.

[7m1663[0m                 res.status(HttpStatus.CREATED).send(html);
[7m    [0m [91m                    ~~~~~~[0m
[96msrc/html-reports/html-reports.controller.ts[0m:[93m1670[0m:[93m21[0m - [91merror[0m[90m TS2339: [0mProperty 'set' does not exist on type 'Response<any, Record<string, any>>'.

[7m1670[0m                 res.set({
[7m    [0m [91m                    ~~~[0m
[96msrc/html-reports/html-reports.controller.ts[0m:[93m1674[0m:[93m21[0m - [91merror[0m[90m TS2339: [0mProperty 'status' does not exist on type 'Response<any, Record<string, any>>'.

[7m1674[0m                 res.status(HttpStatus.CREATED).send(pdf);
[7m    [0m [91m                    ~~~~~~[0m
[96msrc/html-reports/html-reports.controller.ts[0m:[93m1695[0m:[93m15[0m - [91merror[0m[90m TS2339: [0mProperty 'status' does not exist on type 'Response<any, Record<string, any>>'.

[7m1695[0m           res.status(HttpStatus.CREATED).send(result);
[7m    [0m [91m              ~~~~~~[0m
[96msrc/html-reports/html-reports.controller.ts[0m:[93m1709[0m:[93m21[0m - [91merror[0m[90m TS2339: [0mProperty 'status' does not exist on type 'Response<any, Record<string, any>>'.

[7m1709[0m                 res.status(HttpStatus.CREATED).send(html);
[7m    [0m [91m                    ~~~~~~[0m
[96msrc/html-reports/html-reports.controller.ts[0m:[93m1716[0m:[93m21[0m - [91merror[0m[90m TS2339: [0mProperty 'set' does not exist on type 'Response<any, Record<string, any>>'.

[7m1716[0m                 res.set({
[7m    [0m [91m                    ~~~[0m
[96msrc/html-reports/html-reports.controller.ts[0m:[93m1720[0m:[93m21[0m - [91merror[0m[90m TS2339: [0mProperty 'status' does not exist on type 'Response<any, Record<string, any>>'.

[7m1720[0m                 res.status(HttpStatus.CREATED).send(pdf);
[7m    [0m [91m                    ~~~~~~[0m
[96msrc/html-reports/html-reports.controller.ts[0m:[93m1739[0m:[93m15[0m - [91merror[0m[90m TS2339: [0mProperty 'status' does not exist on type 'Response<any, Record<string, any>>'.

[7m1739[0m           res.status(HttpStatus.CREATED).send(result);
[7m    [0m [91m              ~~~~~~[0m
[96msrc/html-reports/html-reports.controller.ts[0m:[93m1752[0m:[93m21[0m - [91merror[0m[90m TS2339: [0mProperty 'status' does not exist on type 'Response<any, Record<string, any>>'.

[7m1752[0m                 res.status(HttpStatus.CREATED).send(html);
[7m    [0m [91m                    ~~~~~~[0m
[96msrc/html-reports/html-reports.controller.ts[0m:[93m1759[0m:[93m21[0m - [91merror[0m[90m TS2339: [0mProperty 'set' does not exist on type 'Response<any, Record<string, any>>'.

[7m1759[0m                 res.set({
[7m    [0m [91m                    ~~~[0m
[96msrc/html-reports/html-reports.controller.ts[0m:[93m1763[0m:[93m21[0m - [91merror[0m[90m TS2339: [0mProperty 'status' does not exist on type 'Response<any, Record<string, any>>'.

[7m1763[0m                 res.status(HttpStatus.CREATED).send(pdf);
[7m    [0m [91m                    ~~~~~~[0m
[96msrc/html-reports/html-reports.controller.ts[0m:[93m1785[0m:[93m15[0m - [91merror[0m[90m TS2339: [0mProperty 'status' does not exist on type 'Response<any, Record<string, any>>'.

[7m1785[0m           res.status(HttpStatus.CREATED).send(result);
[7m    [0m [91m              ~~~~~~[0m
[96msrc/html-reports/html-reports.controller.ts[0m:[93m1798[0m:[93m21[0m - [91merror[0m[90m TS2339: [0mProperty 'status' does not exist on type 'Response<any, Record<string, any>>'.

[7m1798[0m                 res.status(HttpStatus.CREATED).send(html);
[7m    [0m [91m                    ~~~~~~[0m
[96msrc/html-reports/html-reports.controller.ts[0m:[93m1805[0m:[93m21[0m - [91merror[0m[90m TS2339: [0mProperty 'set' does not exist on type 'Response<any, Record<string, any>>'.

[7m1805[0m                 res.set({
[7m    [0m [91m                    ~~~[0m
[96msrc/html-reports/html-reports.controller.ts[0m:[93m1809[0m:[93m21[0m - [91merror[0m[90m TS2339: [0mProperty 'status' does not exist on type 'Response<any, Record<string, any>>'.

[7m1809[0m                 res.status(HttpStatus.CREATED).send(pdf);
[7m    [0m [91m                    ~~~~~~[0m

Found 4539 error(s).

error Command failed with exit code 1.
info Visit https://yarnpkg.com/en/docs/cli/run for documentation about this command.
